==============================================================
T13 live, step 02: deploy through party.deploy, restart the world, prove the scripts loaded -- 18:36:46 CEST -- yulon-ubuntu
==============================================================

---- the deploy, through the app's own seam -- 18:36:46 CEST ----
2026-09-10 18:36:47 INFO [yulon.party] deployed 5 bridge scripts to /home/pk/wowserver/env/dist/etc/modules/lua_scripts (changed=True)
lua_root  = /home/pk/t13-live/pylauncher/lua
dest_dir  = /home/pk/wowserver/env/dist/etc/modules/lua_scripts
deploy -> changed=True names=('dml_addclass.lua', 'dml_bridge_ping.lua', 'dml_login.lua', 'dml_uninvite.lua', 'dml_whisper.lua')

---- the deployed bytes are now the ticket's bytes -- 18:36:47 CEST ----
8e0d6a0cb68c935ae256343f08c69d38  /home/pk/wowserver/env/dist/etc/modules/lua_scripts/dml_addclass.lua
c1cc8dfc75558d1dd4d15253aa1b99c1  /home/pk/wowserver/env/dist/etc/modules/lua_scripts/dml_bridge_ping.lua
29d64c674c1a0f9e85def3aba9c79499  /home/pk/wowserver/env/dist/etc/modules/lua_scripts/dml_login.lua
3a8dcdb503b023be4e9a526fb70fe499  /home/pk/wowserver/env/dist/etc/modules/lua_scripts/dml_uninvite.lua
2cf5d7163336b5efd48611868974ccb0  /home/pk/wowserver/env/dist/etc/modules/lua_scripts/dml_whisper.lua
8e0d6a0cb68c935ae256343f08c69d38  /home/pk/t13-live/pylauncher/lua/party/dml_addclass.lua
c1cc8dfc75558d1dd4d15253aa1b99c1  /home/pk/t13-live/pylauncher/lua/party/dml_bridge_ping.lua
29d64c674c1a0f9e85def3aba9c79499  /home/pk/t13-live/pylauncher/lua/party/dml_login.lua
3a8dcdb503b023be4e9a526fb70fe499  /home/pk/t13-live/pylauncher/lua/party/dml_uninvite.lua
2cf5d7163336b5efd48611868974ccb0  /home/pk/t13-live/pylauncher/lua/party/dml_whisper.lua

---- the restart window opens here -- 18:36:47 CEST ----
SINCE=2026-09-10T16:36:47Z   (UTC with the Z docker needs: a zone-less stamp is read in
 the CLIENT's local zone, which on this +02:00 box opens the window two
 hours early -- the T3 trap of 2026-09-09)
-- the window BEFORE the restart, which must be empty of a load line --
0
(the number above is how many dml_uninvite lines the window holds before the restart)

---- restarting ac-worldserver -- 18:36:47 CEST ----
ac-worldserver

---- waiting for the world to answer the bridge again -- 18:37:03 CEST ----
18:37:14 CEST try 1: text='could not reach http://127.0.0.1:7878/: [Errno 104] Connection reset by peer'
18:37:25 CEST try 2: text='could not reach http://127.0.0.1:7878/: [Errno 104] Connection reset by peer'
18:37:35 CEST try 3: text='DML-BRIDGE-READY dml_bridge_ping\r\n'

---- the world's own log for this restart window -- 18:37:35 CEST ----
[dml_addclass] loaded -- addclass relay ready
[dml_bridge_ping] loaded -- DML-BRIDGE-READY on request
[dml_login] loaded -- bring-online relay ready
[dml_uninvite] loaded -- group-remove relay ready
[dml_whisper] loaded

---- the line this ticket needs, verbatim -- 18:37:36 CEST ----
[dml_uninvite] loaded -- group-remove relay ready

---- liveness + preconditions after the restart -- 18:37:36 CEST ----
worldserver running started=2026-09-10T16:37:03.465380812Z restarts=0
facts: Facts(server_installed=True, world_running=True, engine_cloned=True, engine_in_binary=True, conf_present=True, engine_enabled=True, script_path='/azerothcore/env/dist/etc/modules/lua_scripts', deployed=('LootPet2.lua', 'dml_addclass.lua', 'dml_bridge_ping.lua', 'dml_login.lua', 'dml_uninvite.lua', 'dml_whisper.lua'), bridge_answered=True)
ready: True  blocker: None
marker: Marker(prefix='rndbot', source='default') 

---- done -- 18:37:38 CEST ----
