==============================================================
T13 live, step 03: why a harness, then the two parties -- 18:42:32 CEST -- yulon-ubuntu
==============================================================

---- route 1: the core's own group commands, as this SOAP caller sees them -- 18:42:32 CEST ----
worldserver running started=2026-09-10T16:37:03.465380812Z restarts=0
COMMAND: .help group
outcome=yes reason=''
text='### USAGE: .group ...\r\nPossible subcommands:\r\n|- group list\r\n'
-- and what happens when the filtered-out subcommand is called anyway --
worldserver running started=2026-09-10T16:37:03.465380812Z restarts=0
COMMAND: .group join Jurnaar Dalio
outcome=no reason=''
text='### USAGE: .group ...\r\nPossible subcommands:\r\n|- group list\r\n'
-- the account this channel holds is gm level 3, so this is not a rights problem --
worldserver running started=2026-09-10T16:37:03.465380812Z restarts=0
101	3	-1
102	3	-1
103	3	-1

---- route 2: the app's own dml_addclass, with a bot as the master -- 18:42:35 CEST ----
worldserver running started=2026-09-10T16:37:03.465380812Z restarts=0
1001
worldserver running started=2026-09-10T16:37:03.465380812Z restarts=0
COMMAND: dml_addclass Jurnaar mage
outcome=yes reason=''
text=''
worldserver running started=2026-09-10T16:37:03.465380812Z restarts=0
1001
-- the world log for that command --
[0m[dml_addclass] Jurnaar ran: .playerbots bot addclass mage
-- and the group table is still empty --
worldserver running started=2026-09-10T16:37:03.465380812Z restarts=0
0
(addclass ran as Jurnaar and made nothing: every online character on this
 install is a random bot, and the module's addclass will not serve one.)

---- installing the staging harness beside the deployed bridge -- 18:42:49 CEST ----
04f36462486ab7dd0a495aed59a2ae60  /home/pk/t13-live/pyplan/gates/8.6-uninvite-contract-yulon-ubuntu2-2026-09-10/t13_stage.lua
04f36462486ab7dd0a495aed59a2ae60  /home/pk/wowserver/env/dist/etc/modules/lua_scripts/t13_stage.lua
total 104
-rw-rw-r-- 1 pk pk  3167 Sep  8 20:53 dml_addclass.lua
-rw-rw-r-- 1 pk pk  2379 Sep  8 20:53 dml_bridge_ping.lua
-rw-rw-r-- 1 pk pk  1276 Sep  8 20:53 dml_login.lua
-rw-r--r-- 1 pk pk  5926 Sep 10 18:31 dml_uninvite.lua
-rw-rw-r-- 1 pk pk  1737 Sep  8 20:53 dml_whisper.lua
-rw-r--r-- 1 pk pk 37294 Sep  9 02:06 LootPet2.lua
-rw-r--r-- 1 pk pk 31216 Sep  8 23:04 LootPet.lua.bak-20260909-002427
-rw-r--r-- 1 pk pk  5174 Sep 10 18:42 t13_stage.lua

---- restarting the world so the harness loads (the second restart of this run) -- 18:42:49 CEST ----
SINCE=2026-09-10T16:42:49Z
ac-worldserver
18:43:17 CEST try 1: text='could not reach http://127.0.0.1:7878/: [Errno 104] Connection reset by peer'
18:43:28 CEST try 2: text='could not reach http://127.0.0.1:7878/: [Errno 104] Connection reset by peer'
18:43:39 CEST try 3: text='DML-BRIDGE-READY dml_bridge_ping\r\n'
-- what loaded this time --
[dml_addclass] loaded -- addclass relay ready
[dml_bridge_ping] loaded -- DML-BRIDGE-READY on request
[dml_login] loaded -- bring-online relay ready
[dml_uninvite] loaded -- group-remove relay ready
[dml_whisper] loaded
[t13_stage] loaded -- T13 live-half staging harness (not part of the app)

---- waiting for the bots to be back in the world -- 18:43:39 CEST ----
18:43:40 CEST online=86
18:43:51 CEST online=330
18:44:02 CEST online=500
worldserver running started=2026-09-10T16:43:06.466373366Z restarts=0
Jurnaar	1	80	1
Dalio	4	24	1
Grirmirn	11	69	1
Zarraden	12	78	1

---- party A: Grirmirn (the SECOND master) with Zarraden -- 18:44:03 CEST ----
worldserver running started=2026-09-10T16:43:06.466373366Z restarts=0
COMMAND: dml_t13_stage group Grirmirn Zarraden
outcome=yes reason=''
text='stage group Grirmirn + Zarraden -> ok=true err=nil\r\n'
worldserver running started=2026-09-10T16:43:06.466373366Z restarts=0
COMMAND: dml_t13_stage show Grirmirn Zarraden
outcome=yes reason=''
text='stage show: Grirmirn is grouped; members=2 leaderGUID=11 Grirmirn-is-leader=true; IsMember(Zarraden)=true\r\n'

---- party B: Jurnaar (the master who will ask) with Dalio -- 18:44:06 CEST ----
worldserver running started=2026-09-10T16:43:06.466373366Z restarts=0
COMMAND: dml_t13_stage group Jurnaar Dalio
outcome=yes reason=''
text='stage group Jurnaar + Dalio -> ok=true err=nil\r\n'
worldserver running started=2026-09-10T16:43:06.466373366Z restarts=0
COMMAND: dml_t13_stage show Jurnaar Dalio
outcome=yes reason=''
text='stage show: Jurnaar is grouped; members=2 leaderGUID=1 Jurnaar-is-leader=true; IsMember(Dalio)=true\r\n'

---- the group table now holds two parties and nothing else -- 18:44:10 CEST ----
worldserver running started=2026-09-10T16:43:06.466373366Z restarts=0
1	11	Grirmirn	0	0	0
1	12	Zarraden	0	0	0
2	1	Jurnaar	0	0	0
2	4	Dalio	0	0	0
worldserver running started=2026-09-10T16:43:06.466373366Z restarts=0
seam.members('Jurnaar') -> (Member(name='Dalio', guid=4, klass=4, level=24), Member(name='Jurnaar', guid=1, klass=1, level=80))
worldserver running started=2026-09-10T16:43:06.466373366Z restarts=0
seam.members('Grirmirn') -> (Member(name='Grirmirn', guid=11, klass=1, level=69), Member(name='Zarraden', guid=12, klass=2, level=78))

---- and neither master's group counts the other master's bot -- 18:44:13 CEST ----
worldserver running started=2026-09-10T16:43:06.466373366Z restarts=0
COMMAND: dml_t13_stage show Jurnaar Zarraden
outcome=yes reason=''
text='stage show: Jurnaar is grouped; members=2 leaderGUID=1 Jurnaar-is-leader=true; IsMember(Zarraden)=false\r\n'
worldserver running started=2026-09-10T16:43:06.466373366Z restarts=0
COMMAND: dml_t13_stage show Grirmirn Dalio
outcome=yes reason=''
text='stage show: Grirmirn is grouped; members=2 leaderGUID=11 Grirmirn-is-leader=true; IsMember(Dalio)=false\r\n'

---- done -- 18:44:15 CEST ----
