==============================================================
T13 live, step 04: the negative case -- a bot in the SECOND master's party -- 18:44:50 CEST -- yulon-ubuntu
==============================================================

---- the group table BEFORE, written to a file so 'unchanged' can be proved by bytes -- 18:44:50 CEST ----
1	11	Grirmirn	0	0	0
1	12	Zarraden	0	0	0
2	1	Jurnaar	0	0	0
2	4	Dalio	0	0	0
cb56b55dd9f57dbae17429fdcfce85cd  /home/pk/t13-out/04-grouprows-before.txt
worldserver running started=2026-09-10T16:43:06.466373366Z restarts=0
seam.members('Grirmirn') -> (Member(name='Grirmirn', guid=11, klass=1, level=69), Member(name='Zarraden', guid=12, klass=2, level=78))
worldserver running started=2026-09-10T16:43:06.466373366Z restarts=0
seam.members('Jurnaar') -> (Member(name='Dalio', guid=4, klass=4, level=24), Member(name='Jurnaar', guid=1, klass=1, level=80))

---- the log window opens here, and is proved empty BEFORE the whisper -- 18:44:53 CEST ----
SINCE=2026-09-10T16:44:53Z  (UTC, with the Z docker needs -- a zone-less stamp would be
 read in this +02:00 box's local time and open the window two hours early)
-- every [dml_uninvite] line in the window, before the whisper: --
-- exit 1 from that grep: 1 means the window holds none, which is the point --
0

---- the whisper, over the same SOAP channel party.py's dismiss() uses -- 18:44:53 CEST ----
(the command string is built by party.uninvite_command(), not typed here)
worldserver running started=2026-09-10T16:43:06.466373366Z restarts=0
COMMAND: dml_uninvite Jurnaar Zarraden
outcome=yes reason=''
text="Zarraden is not in Jurnaar's party now (Zarraden is grouped with someone else)\r\n"

---- the world's own log for that window, verbatim -- 18:44:54 CEST ----
[dml_uninvite] Zarraden is not in Jurnaar's party now (Zarraden is grouped with someone else)

---- the group table AFTER -- 18:44:54 CEST ----
1	11	Grirmirn	0	0	0
1	12	Zarraden	0	0	0
2	1	Jurnaar	0	0	0
2	4	Dalio	0	0	0
cb56b55dd9f57dbae17429fdcfce85cd  /home/pk/t13-out/04-grouprows-before.txt
cb56b55dd9f57dbae17429fdcfce85cd  /home/pk/t13-out/04-grouprows-after.txt
-- diff before/after (no output = byte-identical) --
IDENTICAL

---- and the seam's own reads agree -- 18:44:55 CEST ----
worldserver running started=2026-09-10T16:43:06.466373366Z restarts=0
seam.members('Grirmirn') -> (Member(name='Grirmirn', guid=11, klass=1, level=69), Member(name='Zarraden', guid=12, klass=2, level=78))
worldserver running started=2026-09-10T16:43:06.466373366Z restarts=0
seam.members('Jurnaar') -> (Member(name='Dalio', guid=4, klass=4, level=24), Member(name='Jurnaar', guid=1, klass=1, level=80))
worldserver running started=2026-09-10T16:43:06.466373366Z restarts=0
COMMAND: dml_t13_stage show Grirmirn Zarraden
outcome=yes reason=''
text='stage show: Grirmirn is grouped; members=2 leaderGUID=11 Grirmirn-is-leader=true; IsMember(Zarraden)=true\r\n'

---- done -- 18:44:58 CEST ----
