==============================================================
T13 live, step 05: the honest case -- a bot in the asking master's own party -- 18:45:58 CEST -- yulon-ubuntu
==============================================================

---- the group table BEFORE -- 18:45:58 CEST ----
1	11	Grirmirn	0	0	0
1	12	Zarraden	0	0	0
2	1	Jurnaar	0	0	0
2	4	Dalio	0	0	0
worldserver running started=2026-09-10T16:43:06.466373366Z restarts=0
seam.members('Jurnaar') -> (Member(name='Dalio', guid=4, klass=4, level=24), Member(name='Jurnaar', guid=1, klass=1, level=80))
worldserver running started=2026-09-10T16:43:06.466373366Z restarts=0
COMMAND: dml_t13_stage show Jurnaar Dalio
outcome=yes reason=''
text='stage show: Jurnaar is grouped; members=2 leaderGUID=1 Jurnaar-is-leader=true; IsMember(Dalio)=true\r\n'

---- the log window opens here, and is proved empty BEFORE the whisper -- 18:46:01 CEST ----
SINCE=2026-09-10T16:46:01Z  (UTC, with the Z docker needs)
-- every [dml_uninvite] line in the window, before the whisper: --
-- exit 1 from that grep: 1 means the window holds none --
0

---- the whisper, over the same SOAP channel party.py's dismiss() uses -- 18:46:01 CEST ----
worldserver running started=2026-09-10T16:43:06.466373366Z restarts=0
COMMAND: dml_uninvite Jurnaar Dalio
outcome=yes reason=''
text=''
(an empty <result> is the SUCCESS shape here: the removing branch answers
 only in the world's log -- the reply party.py's dismiss() already parses)

---- the world's own log for that window, verbatim -- 18:46:02 CEST ----
[dml_uninvite] removed Dalio from group

---- the group table AFTER -- 18:46:02 CEST ----
1	11	Grirmirn	0	0	0
1	12	Zarraden	0	0	0
-- diff before/after: the two rows of Jurnaar's group are gone --
3,4d2
< 2	1	Jurnaar	0	0	0
< 2	4	Dalio	0	0	0
-- (a two-player group whose second member leaves is disbanded by the core,
    so the leader's own row goes with it) --

---- and the seam's own reads agree -- 18:46:03 CEST ----
worldserver running started=2026-09-10T16:43:06.466373366Z restarts=0
seam.members('Jurnaar') -> ()
worldserver running started=2026-09-10T16:43:06.466373366Z restarts=0
COMMAND: dml_t13_stage show Jurnaar Dalio
outcome=yes reason=''
text='stage show: Jurnaar is in no group\r\n'
worldserver running started=2026-09-10T16:43:06.466373366Z restarts=0
2

---- the SECOND master's party is untouched by this -- 18:46:06 CEST ----
worldserver running started=2026-09-10T16:43:06.466373366Z restarts=0
seam.members('Grirmirn') -> (Member(name='Grirmirn', guid=11, klass=1, level=69), Member(name='Zarraden', guid=12, klass=2, level=78))

---- done -- 18:46:07 CEST ----
