==============================================================
T13 live, step 06: dml_uninvite <master> <master> -- 18:46:35 CEST -- yulon-ubuntu
==============================================================

---- re-staging Jurnaar's party, three members this time -- 18:46:35 CEST ----
worldserver running started=2026-09-10T16:43:06.466373366Z restarts=0
COMMAND: dml_t13_stage group Jurnaar Dalio
outcome=yes reason=''
text='stage group Jurnaar + Dalio -> ok=true err=nil\r\n'
worldserver running started=2026-09-10T16:43:06.466373366Z restarts=0
COMMAND: dml_t13_stage add Jurnaar Nore
outcome=yes reason=''
text="stage add Nore -> Jurnaar's group ok=true err=nil\r\n"
worldserver running started=2026-09-10T16:43:06.466373366Z restarts=0
COMMAND: dml_t13_stage show Jurnaar Jurnaar
outcome=yes reason=''
text='stage show: Jurnaar is grouped; members=3 leaderGUID=1 Jurnaar-is-leader=true; IsMember(Jurnaar)=true\r\n'

---- the group table BEFORE -- 18:46:41 CEST ----
1	11	Grirmirn	0	0	0
1	12	Zarraden	0	0	0
3	1	Jurnaar	0	0	0
3	2	Nore	0	0	0
3	4	Dalio	0	0	0
worldserver running started=2026-09-10T16:43:06.466373366Z restarts=0
seam.members('Jurnaar') -> (Member(name='Dalio', guid=4, klass=4, level=24), Member(name='Jurnaar', guid=1, klass=1, level=80), Member(name='Nore', guid=2, klass=2, level=74))

---- the log window opens here, and is proved empty BEFORE the whisper -- 18:46:43 CEST ----
SINCE=2026-09-10T16:46:43Z  (UTC, with the Z docker needs)
-- every [dml_uninvite] line in the window, before the whisper: --
-- exit 1 from that grep: 1 means the window holds none --
0

---- the whisper: the master named as his own bot -- 18:46:43 CEST ----
worldserver running started=2026-09-10T16:43:06.466373366Z restarts=0
COMMAND: dml_uninvite Jurnaar Jurnaar
outcome=yes reason=''
text="Jurnaar is not in Jurnaar's party now (Jurnaar is the master, not a bot in the party)\r\n"

---- the world's own log for that window, verbatim -- 18:46:44 CEST ----
[dml_uninvite] Jurnaar is not in Jurnaar's party now (Jurnaar is the master, not a bot in the party)

---- the group table AFTER -- the master is still in his own party -- 18:46:44 CEST ----
1	11	Grirmirn	0	0	0
1	12	Zarraden	0	0	0
3	1	Jurnaar	0	0	0
3	2	Nore	0	0	0
3	4	Dalio	0	0	0
eb721f0dc43e82d8c1a8cb8fdd053829  /home/pk/t13-out/06-grouprows-before.txt
eb721f0dc43e82d8c1a8cb8fdd053829  /home/pk/t13-out/06-grouprows-after.txt
IDENTICAL
worldserver running started=2026-09-10T16:43:06.466373366Z restarts=0
seam.members('Jurnaar') -> (Member(name='Dalio', guid=4, klass=4, level=24), Member(name='Jurnaar', guid=1, klass=1, level=80), Member(name='Nore', guid=2, klass=2, level=74))
worldserver running started=2026-09-10T16:43:06.466373366Z restarts=0
COMMAND: dml_t13_stage show Jurnaar Jurnaar
outcome=yes reason=''
text='stage show: Jurnaar is grouped; members=3 leaderGUID=1 Jurnaar-is-leader=true; IsMember(Jurnaar)=true\r\n'

---- done -- 18:46:47 CEST ----
