==============================================================
T13 live, step 07: the asking master is a MEMBER, not the LEADER -- 18:47:25 CEST -- yulon-ubuntu
==============================================================

---- before the hand-off -- 18:47:25 CEST ----
worldserver running started=2026-09-10T16:43:06.466373366Z restarts=0
COMMAND: dml_t13_stage show Jurnaar Jurnaar
outcome=yes reason=''
text='stage show: Jurnaar is grouped; members=3 leaderGUID=1 Jurnaar-is-leader=true; IsMember(Jurnaar)=true\r\n'
worldserver running started=2026-09-10T16:43:06.466373366Z restarts=0
1	11	Grirmirn
3	1	Jurnaar

---- handing leadership to Dalio -- 18:47:27 CEST ----
worldserver running started=2026-09-10T16:43:06.466373366Z restarts=0
COMMAND: dml_t13_stage leader Dalio
outcome=yes reason=''
text='stage leader -> Dalio ok=true err=nil\r\n'
-- Jurnaar is now a member of a group he does not lead --
worldserver running started=2026-09-10T16:43:06.466373366Z restarts=0
COMMAND: dml_t13_stage show Dalio Jurnaar
outcome=yes reason=''
text='stage show: Dalio is grouped; members=3 leaderGUID=4 Dalio-is-leader=true; IsMember(Jurnaar)=true\r\n'
worldserver running started=2026-09-10T16:43:06.466373366Z restarts=0
COMMAND: dml_t13_stage show Jurnaar Jurnaar
outcome=yes reason=''
text='stage show: Jurnaar is grouped; members=3 leaderGUID=4 Jurnaar-is-leader=false; IsMember(Jurnaar)=true\r\n'
worldserver running started=2026-09-10T16:43:06.466373366Z restarts=0
1	11	Grirmirn
3	4	Dalio

---- the group table BEFORE -- 18:47:32 CEST ----
1	11	Grirmirn	0	0	0
1	12	Zarraden	0	0	0
3	1	Jurnaar	0	0	0
3	2	Nore	0	0	0
3	4	Dalio	0	0	0

---- the log window opens here, and is proved empty BEFORE the press -- 18:47:33 CEST ----
SINCE=2026-09-10T16:47:33Z  (UTC, with the Z docker needs)
-- exit 1 from that grep: 1 means the window holds none --

---- the honest case, pressed through InstallParty.remove -- master is NOT the leader -- 18:47:33 CEST ----
worldserver running started=2026-09-10T16:43:06.466373366Z restarts=0
BEFORE: (Member(name='Dalio', guid=4, klass=4, level=24), Member(name='Jurnaar', guid=1, klass=1, level=80), Member(name='Nore', guid=2, klass=2, level=74))
RESULT: Dismissal(removed=True, logged_out=True, sentence='Nore left the party.', bot='Nore', unreadable=False)
AFTER : (Member(name='Dalio', guid=4, klass=4, level=24), Member(name='Jurnaar', guid=1, klass=1, level=80))

---- the world's own log for that press, verbatim -- 18:47:34 CEST ----
[dml_uninvite] removed Nore from group
[dml_whisper] Jurnaar -> Nore: logout

---- the group table AFTER the honest press -- 18:47:35 CEST ----
1	11	Grirmirn	0	0	0
1	12	Zarraden	0	0	0
3	1	Jurnaar	0	0	0
3	4	Dalio	0	0	0
4d3
< 3	2	Nore	0	0	0
-- (Nore's row is the only one gone; Jurnaar is still in the group he does not lead) --

---- now the negative case through the same seam: Jurnaar asks for Grirmirn's bot -- 18:47:36 CEST ----
SINCE2=2026-09-10T16:47:36Z
-- exit 1 from that grep: 1 means this second window holds none either --
worldserver running started=2026-09-10T16:43:06.466373366Z restarts=0
BEFORE: (Member(name='Dalio', guid=4, klass=4, level=24), Member(name='Jurnaar', guid=1, klass=1, level=80))
RESULT: Dismissal(removed=False, logged_out=False, sentence="Zarraden was not removed: the server says Zarraden is not in Jurnaar's party now (Zarraden is grouped with someone else)", bot='Zarraden', unreadable=False)
AFTER : (Member(name='Dalio', guid=4, klass=4, level=24), Member(name='Jurnaar', guid=1, klass=1, level=80))

---- the world's own log for that press, verbatim -- 18:47:37 CEST ----
[dml_uninvite] Zarraden is not in Jurnaar's party now (Zarraden is grouped with someone else)
-- there is no [dml_whisper] line above: a bot the bridge refused to remove
   is not then told to log out. That is dismiss()'s own behaviour, live. --

---- the group table AFTER the refused press -- 18:47:37 CEST ----
1	11	Grirmirn	0	0	0
1	12	Zarraden	0	0	0
3	1	Jurnaar	0	0	0
3	4	Dalio	0	0	0
87b06086035fcd4b57d087b64fa3e06a  /home/pk/t13-out/07-grouprows-after-honest.txt
87b06086035fcd4b57d087b64fa3e06a  /home/pk/t13-out/07-grouprows-after-refused.txt
IDENTICAL
worldserver running started=2026-09-10T16:43:06.466373366Z restarts=0
seam.members('Grirmirn') -> (Member(name='Grirmirn', guid=11, klass=1, level=69), Member(name='Zarraden', guid=12, klass=2, level=78))

---- done -- 18:47:39 CEST ----
