==============================================================
T13 live, step 08: teardown -- 18:48:23 CEST -- yulon-ubuntu
==============================================================

---- disbanding the two staged parties -- 18:48:23 CEST ----
1	11	Grirmirn	0	0	0
1	12	Zarraden	0	0	0
3	1	Jurnaar	0	0	0
3	4	Dalio	0	0	0
worldserver running started=2026-09-10T16:43:06.466373366Z restarts=0
COMMAND: dml_t13_stage disband Jurnaar
outcome=yes reason=''
text="stage disband Jurnaar's group ok=true err=nil\r\n"
worldserver running started=2026-09-10T16:43:06.466373366Z restarts=0
COMMAND: dml_t13_stage disband Grirmirn
outcome=yes reason=''
text="stage disband Grirmirn's group ok=true err=nil\r\n"
worldserver running started=2026-09-10T16:43:06.466373366Z restarts=0

(no rows above = the group table is empty again)
worldserver running started=2026-09-10T16:43:06.466373366Z restarts=0
0
worldserver running started=2026-09-10T16:43:06.466373366Z restarts=0
0

---- removing the staging harness from the server -- 18:48:32 CEST ----
total 96
-rw-rw-r-- 1 pk pk  3167 Sep  8 20:53 dml_addclass.lua
-rw-rw-r-- 1 pk pk  2379 Sep  8 20:53 dml_bridge_ping.lua
-rw-rw-r-- 1 pk pk  1276 Sep  8 20:53 dml_login.lua
-rw-r--r-- 1 pk pk  5926 Sep 10 18:31 dml_uninvite.lua
-rw-rw-r-- 1 pk pk  1737 Sep  8 20:53 dml_whisper.lua
-rw-r--r-- 1 pk pk 37294 Sep  9 02:06 LootPet2.lua
-rw-r--r-- 1 pk pk 31216 Sep  8 23:04 LootPet.lua.bak-20260909-002427
-- the five the app ships are still deployed, and are this ticket's bytes --
8e0d6a0cb68c935ae256343f08c69d38  /home/pk/wowserver/env/dist/etc/modules/lua_scripts/dml_addclass.lua
c1cc8dfc75558d1dd4d15253aa1b99c1  /home/pk/wowserver/env/dist/etc/modules/lua_scripts/dml_bridge_ping.lua
29d64c674c1a0f9e85def3aba9c79499  /home/pk/wowserver/env/dist/etc/modules/lua_scripts/dml_login.lua
3a8dcdb503b023be4e9a526fb70fe499  /home/pk/wowserver/env/dist/etc/modules/lua_scripts/dml_uninvite.lua
2cf5d7163336b5efd48611868974ccb0  /home/pk/wowserver/env/dist/etc/modules/lua_scripts/dml_whisper.lua
8e0d6a0cb68c935ae256343f08c69d38  /home/pk/t13-live/pylauncher/lua/party/dml_addclass.lua
c1cc8dfc75558d1dd4d15253aa1b99c1  /home/pk/t13-live/pylauncher/lua/party/dml_bridge_ping.lua
29d64c674c1a0f9e85def3aba9c79499  /home/pk/t13-live/pylauncher/lua/party/dml_login.lua
3a8dcdb503b023be4e9a526fb70fe499  /home/pk/t13-live/pylauncher/lua/party/dml_uninvite.lua
2cf5d7163336b5efd48611868974ccb0  /home/pk/t13-live/pylauncher/lua/party/dml_whisper.lua

---- restarting the world without the harness (the third and last restart of this run) -- 18:48:32 CEST ----
SINCE=2026-09-10T16:48:32Z
ac-worldserver
18:48:59 CEST try 1: text='could not reach http://127.0.0.1:7878/: [Errno 104] Connection reset by peer'
18:49:10 CEST try 2: text='could not reach http://127.0.0.1:7878/: [Errno 104] Connection reset by peer'
18:49:21 CEST try 3: text='DML-BRIDGE-READY dml_bridge_ping\r\n'
-- what loads now: the five, and no t13_stage --
[dml_addclass] loaded -- addclass relay ready
[dml_bridge_ping] loaded -- DML-BRIDGE-READY on request
[dml_login] loaded -- bring-online relay ready
[dml_uninvite] loaded -- group-remove relay ready
[dml_whisper] loaded
-- and the harness command is gone from the world --
worldserver running started=2026-09-10T16:48:48.793295165Z restarts=0
COMMAND: dml_t13_stage show Jurnaar Jurnaar
outcome=no reason=''
text="Command 'dml_t13_stage show Jurnaar Jurnaar' does not exist\r\n"

---- the bots this run touched are back in the world -- 18:49:22 CEST ----
18:49:23 CEST online=75
18:49:34 CEST online=322
18:49:45 CEST online=500
worldserver running started=2026-09-10T16:48:48.793295165Z restarts=0
Jurnaar	1	80	1
Nore	2	74	1
Dalio	4	24	1
Grirmirn	11	69	1
Zarraden	12	78	1
worldserver running started=2026-09-10T16:48:48.793295165Z restarts=0
0

---- containers, after -- 18:49:47 CEST ----
ac-worldserver	Up 58 seconds	yulon.local/ac-wotlk-worldserver:native-243c46e3
ac-authserver	Up 6 hours	yulon.local/ac-wotlk-authserver:native-243c46e3
ac-database	Up 6 hours (healthy)	mysql:8.4
/ac-authserver running started=2026-09-10T10:48:01.8042228Z restarts=5
/ac-worldserver running started=2026-09-10T16:48:48.793295165Z restarts=0
/ac-database running started=2026-09-10T10:47:55.6428276Z restarts=0

---- the realm row, after (never edited by this lane, so no authserver restart was owed) -- 18:49:47 CEST ----
worldserver running started=2026-09-10T16:48:48.793295165Z restarts=0
1	Yulon ubuntu2	100.99.204.5	100.99.204.5	255.255.255.0	8085	0

---- the accounts, after -- no account was created, deleted or changed by this lane -- 18:49:48 CEST ----
worldserver running started=2026-09-10T16:48:48.793295165Z restarts=0
103	YULONADMIN	NULL
102	PERZI	2026-09-08 23:24:16
101	YULON_243C46E3	NULL
100	RNDBOT99	NULL
99	RNDBOT98	NULL
worldserver running started=2026-09-10T16:48:48.793295165Z restarts=0
103
worldserver running started=2026-09-10T16:48:48.793295165Z restarts=0
101	3	-1
102	3	-1
103	3	-1

---- the owner's things, after -- 18:49:50 CEST ----
worldserver running started=2026-09-10T16:48:48.793295165Z restarts=0
102	PERZI	2026-09-08 23:24:16
worldserver running started=2026-09-10T16:48:48.793295165Z restarts=0
1001	Pakka	6	0
-rw-r--r-- 1 pk pk 37294 Sep  9 02:06 /home/pk/wowserver/env/dist/etc/modules/lua_scripts/LootPet2.lua
706:Logger.ALE=4,Console Server
worldserver running started=2026-09-10T16:48:48.793295165Z restarts=0
1001

---- done -- 18:49:53 CEST ----
