Warning: Permanently added 'yulon-ubuntu2' (ED25519) to the list of known hosts.
==============================================================
T13 live, step 09: the lane's own files off the box -- 18:56:50 CEST -- yulon-ubuntu
==============================================================

---- what is there before -- 18:56:50 CEST ----
12M	/home/pk/t13-live
676M	/home/pk/t13-venv
92K	/home/pk/t13-out

---- removing them -- 18:56:50 CEST ----
ls: cannot access '/home/pk/t13-live': No such file or directory
ls: cannot access '/home/pk/t13-venv': No such file or directory
ls: cannot access '/home/pk/t13-out': No such file or directory
(three 'No such file or directory' lines above is the point)

---- the box's own clone was never touched -- 18:56:50 CEST ----
182fc92a checklist: 7.10 carries its 2026-09-08/09 re-run and the clause-35 correction
 M pylauncher/yulon/party.py

---- the server, last look -- 18:56:50 CEST ----
ac-worldserver	Up 8 minutes
ac-authserver	Up 6 hours
ac-database	Up 6 hours (healthy)
total 96
-rw-rw-r-- 1 pk pk  3167 Sep  8 20:53 dml_addclass.lua
-rw-rw-r-- 1 pk pk  2379 Sep  8 20:53 dml_bridge_ping.lua
-rw-rw-r-- 1 pk pk  1276 Sep  8 20:53 dml_login.lua
-rw-r--r-- 1 pk pk  5926 Sep 10 18:31 dml_uninvite.lua
-rw-rw-r-- 1 pk pk  1737 Sep  8 20:53 dml_whisper.lua
-rw-r--r-- 1 pk pk 37294 Sep  9 02:06 LootPet2.lua
-rw-r--r-- 1 pk pk 31216 Sep  8 23:04 LootPet.lua.bak-20260909-002427
20
(the number above is how many t13_stage lines the last half hour of the world's log holds)

---- done -- 18:56:51 CEST ----
