=== press never-chosen: /home/pk/p7/venv/bin/python -m yulon.install_wiring wow-wotlk --server-dir /home/pk/wowserver
started (box local): 2026-09-06T05:00:15+02:00
---
Installing WoW WotLK into /home/pk/wowserver
You can stop this at any time. What an install writes outside the folder below is named here rather than denied: the images this build produces and the volumes holding the database and the server data, which live in Docker's own storage — that is why the checks below look at the space on Docker's disk too; Docker itself, when no daemon answers yet (on Linux: system packages, a service, and the group you are asked about first); and this app's own settings and log, in its config folder. Starting the install again continues from where it stopped: source this app has finished cloning is never fetched, reset or moved, and the build is not run a second time once Docker confirms its images are there. Everything cheap runs again on every attempt — the compose files this app writes are put back the way the catalog says, the server-data download resumes and re-checks itself, and the database and server are started and waited for.
Checking Docker.
[pass] Docker: the daemon answered
[pass] memory: Docker's VM has 19.5 GB
[warn] compiler jobs vs memory: this build compiles with 16 parallel jobs at about 2 GB each, and 19.5 GB affords about 9 Docker Engine has no CPU setting to lower — the build sees every CPU on this machine — so more memory, or swap it can fall back on, is the lever here. A build this far ahead of its memory has finished before, so this is a caution.
[warn] free space on Docker's disk and the server folder: 49 GB free; 75 GB is the comfortable figure (the server folder and Docker's disk share one drive, so both needs add up)
[pass] the server folder: /home/pk/wowserver looks usable
[pass] sharing the folder with Docker: a container can read /home/pk/wowserver
[pass] SELinux: not enforcing
[warn] the server's ports: something on this machine is already listening on 3724, 8085 If the server cannot start, that is the first thing to look at.
Using /home/pk/wowserver (resuming)
Already finished: clone-core, clone-modules, generate-compose, build, client-data, import
Step 1 of 9 (11%): clone-core
--- clone-core
mod-playerbots/azerothcore-wotlk is already cloned in /home/pk/wowserver; leaving it exactly as it is.
Step 2 of 9 (22%): clone-modules
--- clone-modules
mod-playerbots/mod-playerbots is already in modules/mod-playerbots; leaving it exactly as it is.
Modules are in place.
Step 3 of 9 (33%): generate-compose
--- generate-compose
The compose files are already exactly what this install needs.
Step 4 of 9 (44%): build
--- build
Stopping now leaves Docker finishing the build step it is already on, in the background. That is deliberate: the work it has done is kept, and starting this install again picks up from there instead of compiling it all a second time.
The server is already built; skipping the compile.
Step 5 of 9 (55%): client-data
--- client-data
The part of the download that finished is kept: the fetch resumes from where it stopped.
Fetching server data (ac-client-data-init). The download resumes if it is interrupted.
Attaching to ac-client-data-init
ac-client-data-init  | yulon: client data v20.0 already installed

[Kac-client-data-init exited with code 0
Server data is in place.
Step 6 of 9 (66%): start-db
--- start-db
Starting the database, which the import writes into.
The database is up.
Step 7 of 9 (77%): import
--- import
Databases left half-written are detected and cleared before the import is run again, so nothing here has to be undone by hand.
The databases read as populated: 102 rows in acore_auth.account, 1000 rows in acore_characters.characters
They are already imported; leaving them alone.
Step 8 of 9 (88%): up
--- up
Starting the server.
Step 9 of 9 (100%): ready
--- ready
Waiting for the database.
Waiting for the world server. A first boot loads the whole world and can take many minutes; this waits as long as the server keeps printing, and calls it stuck after 30 minutes with nothing new.
The server is up.
The realm now advertises 172.30.55.119, so players on other machines can reach this server: 172.30.55.119 is the address they set in their client's realmlist. The server was already running when this was set, so if a client is still sent to the old address, stop and start it again on the Server tab.
WoW WotLK is installed and running in /home/pk/wowserver
--- exit code: 0   elapsed: 10s   finished 2026-09-06T05:00:25+02:00
