=== 7.10 re-run, install half, started 2026-09-05T22:23:55+02:00 ===
code under test : /home/pk/p7/checkout at cfb4c04f367536375abf6382694a1f800c468b8a
interpreter     : /home/pk/p7/venv/bin/python  (Python 3.12.3)
throwaway folder: /home/pk/p7-cancel-install
df before       : /dev/sda2        97G   42G   51G  45% /
2026-09-05T22:24:36+02:00 stopstart.py stop exit 0
2026-09-05T22:24:39+02:00 widget_cancel_driver.py exit 1  3s
2026-09-05T22:24:51+02:00 stopstart.py start exit 0
=== 7.10 re-run, install half, finished 2026-09-05T22:26:52+02:00 ===
=== 7.10 re-run, install half, attempt 2 (wow-tbc), started 2026-09-05T22:31:15+02:00 ===
code under test : /home/pk/p7/checkout at cfb4c04f367536375abf6382694a1f800c468b8a
throwaway folder: /home/pk/p7-cancel-install-tbc
df before       : /dev/sda2        97G   42G   51G  45% /
images before   : yulon.local/ac-wotlk-db-import:native-243c46e3 yulon.local/ac-wotlk-worldserver:native-243c46e3 yulon.local/ac-wotlk-authserver:native-243c46e3 yulon.local/ac-wotlk-client-data:native-243c46e3 mysql:8.4 alpine/git:<none> 
2026-09-05T22:31:59+02:00 stopstart.py stop exit 0
2026-09-05T22:32:02+02:00 widget_cancel_driver_tbc.py exit 1  3s
2026-09-05T22:33:29+02:00 copy_shapes_driver.py exit 0  86s
2026-09-05T22:33:39+02:00 stopstart.py start exit 0
=== 7.10 re-run, install half, attempt 2 finished 2026-09-05T22:36:09+02:00 ===
=== 7.10 re-run, install half, attempt 3 (wow-tbc + stand-in client), started 2026-09-05T22:44:58+02:00 ===
df before    : /dev/sda2        97G   42G   51G  45% /
images before: yulon.local/ac-wotlk-db-import:native-243c46e3 yulon.local/ac-wotlk-worldserver:native-243c46e3 yulon.local/ac-wotlk-authserver:native-243c46e3 yulon.local/ac-wotlk-client-data:native-243c46e3 mysql:8.4 alpine/git:<none> 
2026-09-05T22:45:37+02:00 stopstart.py stop exit 0
2026-09-05T22:46:13+02:00 widget_cancel_driver_tbc.py (attempt 3) exit 0  36s
2026-09-05T22:47:55+02:00 copy_shapes_driver.py exit 0  101s
2026-09-05T22:48:04+02:00 stopstart.py start exit 0
=== 7.10 re-run, install half, attempt 3 finished 2026-09-05T22:50:34+02:00 ===
