=== copy_shapes_driver.py ===
started (local): 2026-09-05T22:46:14+02:00
---
[OK]   the 2026-09-05 modal read out of the committed log matches the transcription in this driver -- 1042 chars from /home/pk/p7/checkout/pyplan/gates/7.2-ubuntu-2026-09-05/widget-cancel.log
==============================================================================
build the folder a cancelled wow-wotlk clone leaves, then ask the copy about it
==============================================================================
       git clone --depth 1 https://github.com/mod-playerbots/azerothcore-wotlk /home/pk/p7-wotlk-cancel-shape
       (quiet)

-- the folder, field by field, against 7.2-ubuntu-2026-09-05/widget-cancel-folder-after.txt
       .yulon-install.json    : False
       .git                   : True
       docker-compose.yml     : True
       git ls-files it        : 'docker-compose.yml'
       git status --porcelain : ''
       generated_compose_files: ()
       compose_file()         : /home/pk/p7-wotlk-cancel-shape/docker-compose.yml
[OK]   no .yulon-install.json -- the record clone-core removes and never puts back
[OK]   a .git at the server dir root
[OK]   upstream's docker-compose.yml is there, git-tracked and unmodified
[OK]   this app wrote no compose file here
[OK]   and `compose_file()` -- what `attach_existing()` gates on -- still answers -- /home/pk/p7-wotlk-cancel-shape/docker-compose.yml

-- what the copy said on 2026-09-05 (widget-cancel.log:44), for the same shape
         Stop was pressed, so WoW WotLK has NOT been remembered as an install and the app will not show a tab for it. Stopping undoes nothing and tidies nothing away — look in /home/pk/gate72-cancel-install to see what the installer had got to (a download it was in the middle of may have removed its own leftovers; anything already finished stays). If the build had started, Docker keeps finishing the step it was on in the background — that is deliberate, and the finished pieces are what make a second attempt much faster, so do not clear Docker's build cache to tidy up. The source is there. If the build had already finished, the server may be built and even running: press "Use existing…", choose /home/pk/gate72-cancel-install, and the app will manage it from a tab — nothing is lost. If it had not, press Install again and choose /home/pk/gate72-cancel-install: the installer carries on from the last stage recorded in /home/pk/gate72-cancel-install/.yulon-install.json, and a stage is only skipped after what it left on disk has been checked.

-- what the copy on cfb4c04f says for this folder
         Stop was pressed, so WoW WotLK has NOT been remembered as an install and the app will not show a tab for it. Stopping undoes nothing and tidies nothing away — look in /home/pk/p7-wotlk-cancel-shape to see what the installer had got to (a download it was in the middle of may have removed its own leftovers; anything already finished stays). If the build had started, Docker keeps finishing the step it was on in the background — that is deliberate, and the finished pieces are what make a second attempt much faster, so do not clear Docker's build cache to tidy up. There is a compose file in /home/pk/p7-wotlk-cancel-shape that this app did not write (docker-compose.yml). If it was already there before this attempt — a server installed by an older version of this app, or one you set up by hand — press "Use existing…", choose /home/pk/p7-wotlk-cancel-shape, and the app will manage it from a tab. If this attempt was downloading into an empty folder, that file came down with the server's source and there is no server behind it. Do not press Install again on this folder — the app will refuse it. There is no .yulon-install.json in /home/pk/p7-wotlk-cancel-shape, it holds a git checkout: with no record here of an install this app made, the app cannot tell its own half-finished download from a checkout you made yourself, so it stops rather than run `git fetch` and `git reset --hard` over your work. If there is no server in it after all, delete /home/pk/p7-wotlk-cancel-shape and press Install again to start over.

-- finding 1: the compose-file reading fired on upstream's own file
[OK]   2026-09-05 said 'nothing is lost' about that folder
[OK]   2026-09-05 offered adoption ('Use existing…')
[OK]   cfb4c04f does NOT say 'nothing is lost' about it
[OK]   cfb4c04f does not claim the file came down with the source as if it knew
[OK]   cfb4c04f puts BOTH readings of that file to the user

-- finding 2: the resume promised over a folder with no record
[OK]   2026-09-05 promised the resume
[OK]   cfb4c04f does not promise it
[OK]   cfb4c04f warns the next press will be REFUSED, which is what the engine did (7.2-ubuntu-2026-09-05/cycle2-pressA2-refused-existing-checkout.log:31)
[OK]   and it names the refusal the engine actually raises on a checkout, not the not-empty one

-- the same function on the wow-tbc folder the widget run cancelled, for contrast
         Stop was pressed, so WoW TBC has NOT been remembered as an install and the app will not show a tab for it. Stopping undoes nothing and tidies nothing away — look in /home/pk/p7-cancel-install-tbc to see what the installer had got to (a download it was in the middle of may have removed its own leftovers; anything already finished stays). If the build had started, Docker keeps finishing the step it was on in the background — that is deliberate, and the finished pieces are what make a second attempt much faster, so do not clear Docker's build cache to tidy up. Press Install again and choose /home/pk/p7-cancel-install-tbc: the installer carries on from the last stage recorded in /home/pk/p7-cancel-install-tbc/.yulon-install.json, and a stage is only skipped after what it left on disk has been checked.
[OK]   the throwaway shape folder was removed

==============================================================================
RESULT: 16 OK, 0 FAIL
==============================================================================
--- exit code: 0   elapsed: 101s   finished: 2026-09-05T22:47:55+02:00
