=== sweep_driver2.py ===
started (local): 2026-09-05T22:11:06+02:00
command: /home/pk/p7/venv/bin/python /home/pk/p7/drivers/sweep_driver2.py
---
2026-09-05 22:11:09 INFO [yulon.update] update check: current=0.6.59 latest=v0.6.59Public newer=False
2026-09-05 22:11:09 INFO [yulon.controller_wow_wotlk.console] console → ac-worldserver: ['server', 'info']

==================== Modules: ManifestStore + Applier (GUI 'Modules' tab wiring) ====================
store: <yulon.manifest_store.ManifestStore object at 0x73590e879400> applier: <yulon.apply.Applier object at 0x73590e8793a0>
  kind='module': index loaded, 21 items
  kind='ale': index loaded, 7 items
  kind='mod': index loaded, 11 items
  kind='keg': index loaded, 2 items
[OK] ManifestStore.load_index() callable for all 4 manifest kinds (module/ale/mod/keg)

==================== Networking: plan(lan) / plan(internet) ====================
mode=lan: ready=True warnings=("Yu'lon opened the game ports in ufw's rule list but did NOT run `ufw enable`: turning a firewall on can only take reachability away, it is no part of making a server reachable, and on a machine you reach over SSH it takes away your own way in — which is exactly what it did to the box that found this (bug-checklist §39). ufw is left as you had it. To turn it on yourself, allow your SSH port FIRST: `sudo ufw allow <your ssh port>/tcp`, then `sudo ufw enable`.",)
[OK] network_plan('lan') -> ready=True
mode=internet: ready=True warnings=("Yu'lon opened the game ports in ufw's rule list but did NOT run `ufw enable`: turning a firewall on can only take reachability away, it is no part of making a server reachable, and on a machine you reach over SSH it takes away your own way in — which is exactly what it did to the box that found this (bug-checklist §39). ufw is left as you had it. To turn it on yourself, allow your SSH port FIRST: `sudo ufw allow <your ssh port>/tcp`, then `sudo ufw enable`.",)
[OK] network_plan('internet') -> ready=True

==================== Maintenance: repair_import() refusal on a populated DB ====================
current import_state: ImportState(state='populated', detail='102 rows in acore_auth.account, 1000 rows in acore_characters.characters', complete=True)
repair_import() correctly refused: ac-worldserver, ac-authserver are running. The import rewrites the databases underneath them, and a running worldserver holds characters in memory and saves them back over whatever it finds. Press Stop first, then try again.
[OK] repair_import() refused on populated DB: ac-worldserver, ac-authserver are running. The import rewrites the databases underneath them, and a running worldserver holds characters in memory and saves them back over whatever it finds. Press Stop first, then try again.

==================== Self-update check ====================
check_for_update(): UpdateCheck(current='0.6.59', latest='v0.6.59Public', available=False, url='https://github.com/DadsMmoLab/dads-mmo-lab/releases/tag/v0.6.59Public', error=None)
[OK] check_for_update() -> current=0.6.59 latest=v0.6.59Public available=False error=None

==================== Console: send_console('server info') ====================
console reply: ConsoleReply(command='server info', lines=(), prompted=False)
[OK] send_console('server info') -> ConsoleReply(command='server info', lines=(), prompted=False)

==================== Log panel streaming: logs_source() sample ====================
sample lines: ['\x1b[0m> Config: Missing property AiPlayerbot.AltMaintenanceMounts in config file /azerothcore/env/dist/etc/worldserver.conf, add "AiPlayerbot.AltMaintenanceMounts = 1" to this file or define \'AC_AI_PLAYERBOT_ALT_MAINTENANCE_MOUNTS\' as an environment variable.', '\x1b[33m> Config: Missing property AiPlayerbot.AltMaintenanceMounts in config file /azerothcore/env/dist/etc/worldserver.conf, add "AiPlayerbot.AltMaintenanceMounts = 1" to this file or define \'AC_AI_PLAYERBOT_ALT_MAINTENANCE_MOUNTS\' as an environment variable.', '\x1b[0m> Config: Missing property AiPlayerbot.AltMaintenanceGlyphs in config file /azerothcore/env/dist/etc/worldserver.conf, add "AiPlayerbot.AltMaintenanceGlyphs = 1" to this file or define \'AC_AI_PLAYERBOT_ALT_MAINTENANCE_GLYPHS\' as an environment variable.', '\x1b[33m> Config: Missing property AiPlayerbot.AltMaintenanceGlyphs in config file /azerothcore/env/dist/etc/worldserver.conf, add "AiPlayerbot.AltMaintenanceGlyphs = 1" to this file or define \'AC_AI_PLAYERBOT_ALT_MAINTENANCE_GLYPHS\' as an environment variable.', '\x1b[0m> Config: Missing property AiPlayerbot.AltMaintenanceKeyring in config file /azerothcore/env/dist/etc/worldserver.conf, add "AiPlayerbot.AltMaintenanceKeyring = 1" to this file or define \'AC_AI_PLAYERBOT_ALT_MAINTENANCE_KEYRING\' as an environment variable.']
[OK] logs_source() yielded 5 live line(s)


=== SUMMARY (phase 2) ===
OK ManifestStore.load_index() callable for all 4 manifest kinds (module/ale/mod/keg)
OK network_plan('lan') -> ready=True
OK network_plan('internet') -> ready=True
OK repair_import() refused on populated DB: ac-worldserver, ac-authserver are running. The import rewrites the databases underneath them, and a running worldserver holds characters in memory and saves them back over whatever it finds. Press Stop first, then try again.
OK check_for_update() -> current=0.6.59 latest=v0.6.59Public available=False error=None
OK send_console('server info') -> ConsoleReply(command='server info', lines=(), prompted=False)
OK logs_source() yielded 5 live line(s)
--- exit code: 0   elapsed: 6s   finished: 2026-09-05T22:11:12+02:00
