=== sweep_driver.py ===
started (local): 2026-09-05T22:11:05+02:00
command: /home/pk/p7/venv/bin/python /home/pk/p7/drivers/sweep_driver.py
---

==================== Loading catalog entry + building ControllerServices.for_wotlk (real GUI wiring) ====================
entry: wow-wotlk WoW WotLK
services built OK: ControllerServices(controller=<yulon.controller.Controller object at 0x787b64bb3bf0>, logs_source=<function _assemble.<locals>.<lambda> at 0x787b64a8dbc0>, send_console=<function _for_wotlk.<locals>.<lambda> at 0x787b64a8d8a0>, store=<yulon.manifest_store.ManifestStore object at 0x787b64bb3a70>, applier=<yulon.apply.Applier object at 0x787b64bb3a40>, network_plan=<function _assemble.<locals>.<lambda> at 0x787b64a8dc60>, network_apply=<function _assemble.<locals>.<lambda> at 0x787b64a8dd00>, create_account=<function _for_wotlk.<locals>.<lambda> at 0x787b64a8d940>, backup=<function _for_wotlk.<locals>.<lambda> at 0x787b64a8d9e0>, backups_dir=<function _assemble.<locals>.<lambda> at 0x787b64a8dda0>, plan_restore=<function _for_wotlk.<locals>.<lambda> at 0x787b64a8da80>, restore=<function _for_wotlk.<locals>.<lambda> at 0x787b64a8db20>, interrupted_restore=<function _assemble.<locals>.<lambda> at 0x787b64a8de40>, forget_interrupted=<function _assemble.<locals>.<lambda> at 0x787b64a8dee0>)

==================== Controller status() ====================
status: InstallStatus(db=True, auth=True, world=True)
[OK] status() -> db=True auth=True world=True

==================== Controller import_state() ====================
import_state: ImportState(state='populated', detail='102 rows in acore_auth.account, 1000 rows in acore_characters.characters', complete=True)
[OK] import_state() -> ImportState(state='populated', detail='102 rows in acore_auth.account, 1000 rows in acore_characters.characters', complete=True)

==================== Controller port_conflicts() ====================
port_conflicts: []
[OK] port_conflicts() -> []


=== SUMMARY SO FAR ===
OK status() -> db=True auth=True world=True
OK import_state() -> ImportState(state='populated', detail='102 rows in acore_auth.account, 1000 rows in acore_characters.characters', complete=True)
OK port_conflicts() -> []
--- exit code: 0   elapsed: 1s   finished: 2026-09-05T22:11:06+02:00
