=== widget_cancel_driver_tbc.py (attempt 3) ===
started (local): 2026-09-05T22:45:37+02:00
command: /home/pk/p7/venv/bin/python /home/pk/p7/drivers/widget_cancel_driver_tbc.py
---
2026-09-05T22:45:38+02:00 ==============================================================================
2026-09-05T22:45:38+02:00 7.10 widget cancel: a real install, started by the tile's Install, stopped by the panel's Stop
2026-09-05T22:45:38+02:00 ==============================================================================
2026-09-05T22:45:38+02:00        checkout /home/pk/p7/checkout/pylauncher; folder /home/pk/p7-cancel-install-tbc
2026-09-05T22:45:38+02:00        id -Gn -> docker adm cdrom sudo dip plugdev users lpadmin pk
2026-09-05T22:45:38+02:00        docker images before -> 'yulon.local/ac-wotlk-db-import:native-243c46e3\nyulon.local/ac-wotlk-worldserver:native-243c46e3\nyulon.local/ac-wotlk-authserver:native-243c46e3\nyulon.local/ac-wotlk-client-data:native-243c46e3\nmysql:8.4\nalpine/git:<none>'
2026-09-05T22:45:38+02:00        folder before the click: 0 entries: []
2026-09-05T22:45:38+02:00        stand-in client folder: /home/pk/p7-fake-tbc-client -> '/home/pk/p7-fake-tbc-client\n/home/pk/p7-fake-tbc-client/Data\n/home/pk/p7-fake-tbc-client/Data/expansion.MPQ'
This plugin does not support propagateSizeHints()
2026-09-05T22:45:38+02:00 [OK]   the WotLK tile's Install is a real, enabled QPushButton -- text='Install'
2026-09-05T22:45:38+02:00 [OK]   the panel's Stop exists and is dead while idle
2026-09-05T22:45:38+02:00 
-- click Install
2026-09-05T22:45:38+02:00 [OK]   the click reached the folder picker and started a job -- picked=[PosixPath('/home/pk/p7-cancel-install-tbc'), PosixPath('/home/pk/p7-fake-tbc-client')] started=['wow-tbc']
2026-09-05T22:45:38+02:00 [OK]   Stop went live once the install was running
2026-09-05T22:45:38+02:00 
-- wait for the engine own clone line in the panel
2026-09-05 22:45:40 INFO [yulon.platform] holding this machine awake for the build: systemd-inhibit --what=idle:sleep --who=Yu'lon --why=installing a server sleep infinity
2026-09-05 22:45:40 INFO [yulon.git] containerized git: `run --rm -v /home/pk/p7-cancel-install-tbc/src/mangos-tbc:/git -w /git --user 1000:124 alpine/git@sha256:c0280cf9572316299b08544065d3bf35db65043d5e3963982ec50647d2746e26 -c core.autocrlf=false -c core.eol=lf -c http.version=HTTP/1.1 clone --config core.autocrlf=false --config core.eol=lf --config http.version=HTTP/1.1 --depth 1 https://github.com/cmangos/mangos-tbc.git .` into /home/pk/p7-cancel-install-tbc/src/mangos-tbc
2026-09-05T22:45:40+02:00 [OK]   the engine reached the clone stage (its transcript says so) -- 2.4s after the click
2026-09-05T22:45:40+02:00        panel so far:
2026-09-05T22:45:40+02:00          | [22:45:40] [warn] the client's locale: no locale folder holding archives under /home/pk/p7-fake-tbc-client/Data (enUS, deDE, ...), and this expansion keeps its DBC data in one Reinstall the client fro
2026-09-05T22:45:40+02:00          | [22:45:40] [pass] the client's origin: no realmlist.wtf at the root of /home/pk/p7-fake-tbc-client
2026-09-05T22:45:40+02:00          | [22:45:40] [pass] free space next to the client: 51 GB free on the drive holding the client
2026-09-05T22:45:40+02:00          | [22:45:40] [pass] sharing the client with Docker: a container can read the client folder
2026-09-05T22:45:40+02:00          | [22:45:40] Using /home/pk/p7-cancel-install-tbc (a fresh install)
2026-09-05T22:45:40+02:00          | [22:45:40] Step 1 of 13 (7%): clone-sources
2026-09-05T22:45:40+02:00          | [22:45:40] --- clone-sources
2026-09-05T22:45:40+02:00          | [22:45:40] Cloning cmangos/mangos-tbc into src/mangos-tbc
2026-09-05T22:45:40+02:00 
-- let the clone run 20s, then click Stop
2026-09-05 22:45:51 INFO [yulon.git] containerized git: `run --rm -v /home/pk/p7-cancel-install-tbc/src/mangos-tbc:/git -w /git --user 1000:124 alpine/git@sha256:c0280cf9572316299b08544065d3bf35db65043d5e3963982ec50647d2746e26 -c core.autocrlf=false -c core.eol=lf -c http.version=HTTP/1.1 fetch --depth=1 origin f82e7d679c283b66bc2adc1b751aa1275e655673` into /home/pk/p7-cancel-install-tbc/src/mangos-tbc
2026-09-05 22:45:55 INFO [yulon.git] containerized git: `run --rm -v /home/pk/p7-cancel-install-tbc/src/mangos-tbc:/git -w /git --user 1000:124 alpine/git@sha256:c0280cf9572316299b08544065d3bf35db65043d5e3963982ec50647d2746e26 -c core.autocrlf=false -c core.eol=lf -c http.version=HTTP/1.1 checkout --detach f82e7d679c283b66bc2adc1b751aa1275e655673` into /home/pk/p7-cancel-install-tbc/src/mangos-tbc
2026-09-05 22:45:56 INFO [yulon.git] containerized git: `run --rm -v /home/pk/p7-cancel-install-tbc/src/mangos-tbc/src/modules/Bots:/git -w /git --user 1000:124 alpine/git@sha256:c0280cf9572316299b08544065d3bf35db65043d5e3963982ec50647d2746e26 -c core.autocrlf=false -c core.eol=lf -c http.version=HTTP/1.1 clone --config core.autocrlf=false --config core.eol=lf --config http.version=HTTP/1.1 --depth 1 https://github.com/cmangos/playerbots.git .` into /home/pk/p7-cancel-install-tbc/src/mangos-tbc/src/modules/Bots
2026-09-05T22:46:00+02:00        (timed out after 20.0s waiting for nothing (a deliberate pause))
2026-09-05T22:46:00+02:00        folder at Stop: 2 entries: ['.yulon-install.json', 'src']
2026-09-05T22:46:00+02:00        docker ps at Stop: 'infallible_davinci c0280cf95723 Up 3 seconds'
2026-09-05T22:46:00+02:00 [OK]   Stop is enabled at the moment of the click
2026-09-05T22:46:00+02:00        CLICK Stop at 2026-09-05T22:46:00+02:00
2026-09-05T22:46:00+02:00        panel.cancelled right after the click: True; status: 'Installing WoW TBC'
2026-09-05T22:46:06+02:00        (timed out after 5s waiting for 5 s after Stop)
2026-09-05T22:46:06+02:00        docker ps 5 s after Stop: 'infallible_davinci c0280cf95723 Up 8 seconds'
2026-09-05T22:46:06+02:00 
-- wait for install_finished (the clone cannot be interrupted; the spine raises after it)
2026-09-05 22:46:09 INFO [yulon.git] containerized git: `run --rm -v /home/pk/p7-cancel-install-tbc/src/mangos-tbc/src/modules/Bots:/git -w /git --user 1000:124 alpine/git@sha256:c0280cf9572316299b08544065d3bf35db65043d5e3963982ec50647d2746e26 -c core.autocrlf=false -c core.eol=lf -c http.version=HTTP/1.1 fetch --depth=1 origin 993f18091e67565986cf55c4d9b8e6eae11223f9` into /home/pk/p7-cancel-install-tbc/src/mangos-tbc/src/modules/Bots
2026-09-05 22:46:11 INFO [yulon.git] containerized git: `run --rm -v /home/pk/p7-cancel-install-tbc/src/mangos-tbc/src/modules/Bots:/git -w /git --user 1000:124 alpine/git@sha256:c0280cf9572316299b08544065d3bf35db65043d5e3963982ec50647d2746e26 -c core.autocrlf=false -c core.eol=lf -c http.version=HTTP/1.1 checkout --detach 993f18091e67565986cf55c4d9b8e6eae11223f9` into /home/pk/p7-cancel-install-tbc/src/mangos-tbc/src/modules/Bots
2026-09-05 22:46:13 INFO [yulon.ui.catalog_view] install of wow-tbc was cancelled; nothing remembered
This plugin does not support propagateSizeHints()
2026-09-05T22:46:13+02:00        [modal] title='Install cancelled'
2026-09-05T22:46:13+02:00        [modal] Stop was pressed, so WoW TBC has NOT been remembered as an install and the app will not show a tab for it. Stopping undoes nothing and tidies nothing away — look in /home/pk/p7-cancel-install-tbc to see what the installer had got to (a download it was in the middle of may have removed its own leftovers; anything already finished stays). If the build had started, Docker keeps finishing the step it was on in the background — that is deliberate, and the finished pieces are what make a second attempt much faster, so do not clear Docker's build cache to tidy up. Press Install again and choose /home/pk/p7-cancel-install-tbc: the installer carries on from the last stage recorded in /home/pk/p7-cancel-install-tbc/.yulon-install.json, and a stage is only skipped after what it left on disk has been checked.
2026-09-05T22:46:13+02:00        [modal] clicking 'OK'
2026-09-05T22:46:13+02:00 [OK]   install_finished arrived -- 12.2s after Stop
2026-09-05T22:46:13+02:00        docker ps after finish: 'ac-worldserver yulon.local/ac-wotlk-worldserver:native-243c46e3 Exited (0) 39 seconds ago\nac-authserver yulon.local/ac-wotlk-authserver:native-243c46e3 Exited (0) About a minute ago\nac-database mysql:8.4 Exited (0) 36 seconds ago'
2026-09-05T22:46:13+02:00        panel tail:
2026-09-05T22:46:13+02:00          | [22:45:40] [pass] the client folder: /home/pk/p7-fake-tbc-client has a Data directory
2026-09-05T22:46:13+02:00          | [22:45:40] [pass] the client's expansion data: Data/expansion.MPQ is there
2026-09-05T22:46:13+02:00          | [22:45:40] [warn] the client's archives: 1 MPQ archives anywhere under /home/pk/p7-fake-tbc-client/Data; a complete client has at least 6 Finish or repeat the client download — if extraction reports t
2026-09-05T22:46:13+02:00          | [22:45:40] [warn] the client's locale: no locale folder holding archives under /home/pk/p7-fake-tbc-client/Data (enUS, deDE, ...), and this expansion keeps its DBC data in one Reinstall the client fro
2026-09-05T22:46:13+02:00          | [22:45:40] [pass] the client's origin: no realmlist.wtf at the root of /home/pk/p7-fake-tbc-client
2026-09-05T22:46:13+02:00          | [22:45:40] [pass] free space next to the client: 51 GB free on the drive holding the client
2026-09-05T22:46:13+02:00          | [22:45:40] [pass] sharing the client with Docker: a container can read the client folder
2026-09-05T22:46:13+02:00          | [22:45:40] Using /home/pk/p7-cancel-install-tbc (a fresh install)
2026-09-05T22:46:13+02:00          | [22:45:40] Step 1 of 13 (7%): clone-sources
2026-09-05T22:46:13+02:00          | [22:45:40] --- clone-sources
2026-09-05T22:46:13+02:00          | [22:45:40] Cloning cmangos/mangos-tbc into src/mangos-tbc
2026-09-05T22:46:13+02:00          | [22:45:56] Cloning cmangos/playerbots into src/mangos-tbc/src/modules/Bots
2026-09-05T22:46:13+02:00        panel.running=False panel.cancelled=True status='cancelled'
2026-09-05T22:46:13+02:00 [OK]   the panel reports the job as CANCELLED
2026-09-05T22:46:13+02:00        install_finished -> game='wow-tbc' ok=False
2026-09-05T22:46:13+02:00        message carried by the signal:
2026-09-05T22:46:13+02:00          Stop was pressed, so WoW TBC has NOT been remembered as an install and the app will not show a tab for it. Stopping undoes nothing and tidies nothing away — look in /home/pk/p7-cancel-install-tbc to see what the installer had got to (a download it was in the middle of may have removed its own leftovers; anything already finished stays). If the build had started, Docker keeps finishing the step it was on in the background — that is deliberate, and the finished pieces are what make a second attempt much faster, so do not clear Docker's build cache to tidy up. Press Install again and choose /home/pk/p7-cancel-install-tbc: the installer carries on from the last stage recorded in /home/pk/p7-cancel-install-tbc/.yulon-install.json, and a stage is only skipped after what it left on disk has been checked.
2026-09-05T22:46:13+02:00 [OK]   the signal says NOT installed (ok=False)
2026-09-05T22:46:13+02:00        folder after: 2 entries: ['.yulon-install.json', 'src']
2026-09-05T22:46:13+02:00        compose file there: None
2026-09-05T22:46:13+02:00        cancelled_install_message() for the folder AS IT IS NOW:
2026-09-05T22:46:13+02:00          Stop was pressed, so WoW TBC has NOT been remembered as an install and the app will not show a tab for it. Stopping undoes nothing and tidies nothing away — look in /home/pk/p7-cancel-install-tbc to see what the installer had got to (a download it was in the middle of may have removed its own leftovers; anything already finished stays). If the build had started, Docker keeps finishing the step it was on in the background — that is deliberate, and the finished pieces are what make a second attempt much faster, so do not clear Docker's build cache to tidy up. Press Install again and choose /home/pk/p7-cancel-install-tbc: the installer carries on from the last stage recorded in /home/pk/p7-cancel-install-tbc/.yulon-install.json, and a stage is only skipped after what it left on disk has been checked.
2026-09-05T22:46:13+02:00 [OK]   the message the widget emitted IS cancelled_install_message() for this folder state
2026-09-05T22:46:13+02:00 [OK]   a modal titled 'Install cancelled' was shown to the user -- modal titles seen: ['Install cancelled']
2026-09-05T22:46:13+02:00 [OK]   the modal's text is that same copy
2026-09-05T22:46:13+02:00 [OK]   the tile still reads Install (nothing remembered) -- reads 'Install'
2026-09-05T22:46:13+02:00 [OK]   the copy names the folder
2026-09-05T22:46:13+02:00 [OK]   the copy says Stop undid nothing
2026-09-05T22:46:13+02:00        .yulon-install.json present: True
2026-09-05T22:46:13+02:00        .yulon-install.json says: '{\n  "version": 1,\n  "game_id": "wow-tbc",\n  "family": "cmangos",\n  "install_id": "6bc04447",\n  "completed": [],\n  "last_error": "",\n  "updated_unix": 1788641140\n}'
2026-09-05T22:46:13+02:00        .git present at the server dir root: False
2026-09-05T22:46:13+02:00        generated_compose_files(): ()
2026-09-05T22:46:13+02:00        compose_file(): None
2026-09-05T22:46:13+02:00        src/ present: True
2026-09-05T22:46:13+02:00 [OK]   a CMaNGOS cancel KEEPS this attempt's record -- the input the copy's resume promise is gated on -- record=True
2026-09-05T22:46:13+02:00 [OK]   nothing this attempt downloaded landed in the server dir itself (wow-tbc clones into src/), so there is no compose file at the root -- compose_file=None
2026-09-05T22:46:13+02:00 [OK]   with the record on disk the copy DOES promise the resume, and that promise is the true one for this folder
2026-09-05T22:46:13+02:00 [OK]   and it does not also warn that the next press will be refused
2026-09-05T22:46:13+02:00 [OK]   nothing here is offered adoption: no compose file was written or downloaded

2026-09-05T22:46:13+02:00 ==============================================================================
2026-09-05T22:46:13+02:00 RESULT: 20 OK, 0 FAIL   (click->clone 2.4s, Stop->finished 12.2s)
2026-09-05T22:46:13+02:00 ==============================================================================
--- exit code: 0   elapsed: 36s   finished: 2026-09-05T22:46:13+02:00
