=== widget_driver.py ===
started (local): 2026-09-05T22:15:15+02:00
command: /home/pk/p7/venv/bin/python /home/pk/p7/drivers/widget_driver.py
---
==============================================================================
PART 1 -- ControllerView: six real buttons, pressed with QTest.mouseClick
==============================================================================
This plugin does not support propagateSizeHints()
[OK]   the 5 s status poll is OFF, so only a click can fill status_label -- before any click: 'status: unknown'

-- Server tab, Refresh
[OK]   Refresh is a real QPushButton with the text a user reads
       status_label -> 'status: db up, auth up, world up'
[OK]   the click filled the Server tab's status label from the live daemon -- status: db up, auth up, world up
[OK]   what the widget says agrees with `docker ps` read separately -- docker ps -> ['ac-authserver', 'ac-database', 'ac-worldserver']

-- Console tab, Send
[OK]   Send is enabled on Linux (a pty exists here)
[OK]   the typed command reached the QLineEdit -- 'server info'
2026-09-05 22:15:17 INFO [yulon.controller_wow_wotlk.console] console → ac-worldserver: ['server', 'info']
       console reply, as the widget holds it:
         [22:15:20] Minimum account security level to log in: 0.
         [22:15:20] Server uptime: 3 minute(s) 5 second(s)
         [22:15:20] Update time diff: 2ms. Last 500 diffs summary:
         [22:15:20] |- Mean: 33ms
         [22:15:20] |- Median: 4ms
         [22:15:20] |- Percentiles (95, 99, max): 122ms, 137ms, 390ms
[OK]   the console round-trip came back through the widget -- reply contains the core revision
[OK]   the QLineEdit was cleared after Send (send_console_command's own contract)

-- Accounts tab, Create
[OK]   the account does not exist before the click -- count=0
[OK]   the GM spin box was driven to 2 by two Up keys -- value=2
2026-09-05 22:15:21 INFO [yulon.controller_wow_wotlk.accounts] creating account WIDGET0905R
2026-09-05 22:15:22 INFO [yulon.controller_wow_wotlk.accounts] granting GM level 2 to account 103
       account_report -> 'WIDGET0905R: created (id 103), GM level 2.'
       the row, read by docker exec mysql: '103\tWIDGET0905R\t32\t32\t2'
[OK]   the click wrote a real SRP6 account row (salt 32, verifier 32) -- 103	WIDGET0905R	32	32	2
[OK]   the GM level the spin box showed is the GM level the DB got -- spin box 2, DB 2

-- Networking tab, Show plan (Apply is asserted dead and never clicked)
[OK]   Apply is DISABLED before any plan is shown -- the ufw lockout's button
[OK]   LAN is the default mode
       plan, as the widget renders it:
         Mode: lan   LAN IP: 172.30.55.119   public IP: -
         Ports: 3724, 8085   firewall: ufw
         Players set realmlist to: 172.30.55.119
         Firewall commands:
           ufw allow 3724/tcp
           ufw allow 8085/tcp
         Realmlist: UPDATE acore_auth.realmlist SET address='172.30.55.119', localAddress='172.30.55.119' WHERE id=1;
         Warnings:
           ⚠ Yu'lon opened the game ports in ufw's rule list but did NOT run `ufw enable`: turning a firewall on can only take reachability away, it is no part of making a server reachable, and on a machine you reach over SSH it takes away your own way in — which is exactly what it did to the box that found this (bug-checklist §39). ufw is left as you had it. To turn it on yourself, allow your SSH port FIRST: `sudo ufw allow <your ssh port>/tcp`, then `sudo ufw enable`.
       realmlist.address, read by docker exec mysql: '172.30.55.119'
[OK]   the plan the widget shows names the realm address the server advertises -- 172.30.55.119 present
[OK]   the plan the widget shows names both ports
[OK]   Apply became enabled once a plan existed (and is still not clicked)

-- Maintenance tab, Refresh backups
[OK]   the backup Refresh is a real button
       backup list rows: 5
[OK]   the backup list came back without an error paragraph -- problem_label=''

==============================================================================
PART 2 -- the INSTALL half, through CatalogView's own Install button
==============================================================================
This plugin does not support propagateSizeHints()
[OK]   the WotLK tile's Install is a real, enabled QPushButton -- text='Install'
       free space on /home/pk before the click: 54.5 GB
2026-09-05 22:15:25 WARNING [yulon.ui.widgets.log_panel] log panel job failed: InstallerError: This machine cannot install the server yet:
the server's ports: ac-worldserver, ac-authserver already publish the ports this server needs Stop that server first (or remove its containers), then try again.
This plugin does not support propagateSizeHints()
       [modal] title='Install failed'
       [modal] InstallerError: This machine cannot install the server yet:
       [modal] the server's ports: ac-worldserver, ac-authserver already publish the ports this server needs Stop that server first (or remove its containers), then try again.
       [modal] clicking 'OK'
[OK]   the Install click reached the folder picker -- picked=[PosixPath('/home/pk/p7-doomed-install')]
       install_finished message:
         InstallerError: This machine cannot install the server yet:
         the server's ports: ac-worldserver, ac-authserver already publish the ports this server needs Stop that server first (or remove its containers), then try again.
[OK]   the preflight REFUSED rather than warned, and nothing was installed -- ok=False
[OK]   the refusal names the server's ports, which is the floor this box is under -- InstallerError: This machine cannot install the server yet:
[OK]   the refusal reached the user as a modal dialog, not only a log line -- modals seen: ['Install failed']
[OK]   nothing was written into the chosen folder -- contents=[]
[OK]   no compose file, so nothing could be remembered as installed -- button still reads 'Install'

-- LogPanel Stop: a real cancel, driven by the real button
[OK]   the panel's Stop button exists and is dead while idle
[OK]   Stop went live once a job was running
[OK]   the follow stopped after the click -- 11 lines had arrived first
[OK]   the panel reports it as CANCELLED, not as finished
       panel.cancelled=True  panel.running=False

-- the honest cancel copy (catalog_view.py:753 composes this on a cancelled install)
       -- a folder with nothing in it: /home/pk/p7-empty
         Stop was pressed, so WoW WotLK has NOT been remembered as an install and the app will not show a tab for it. Stopping undoes nothing and tidies nothing away — look in /home/pk/p7-empty to see what the installer had got to (a download it was in the middle of may have removed its own leftovers; anything already finished stays). If the build had started, Docker keeps finishing the step it was on in the background — that is deliberate, and the finished pieces are what make a second attempt much faster, so do not clear Docker's build cache to tidy up. There is nothing in /home/pk/p7-empty to carry on from. Press Install again and choose it to start over.
[OK]   the copy for a folder with nothing in it names that folder
       -- the folder holding the real, complete install: /home/pk/wowserver
         Stop was pressed, so WoW WotLK has NOT been remembered as an install and the app will not show a tab for it. Stopping undoes nothing and tidies nothing away — look in /home/pk/wowserver to see what the installer had got to (a download it was in the middle of may have removed its own leftovers; anything already finished stays). If the build had started, Docker keeps finishing the step it was on in the background — that is deliberate, and the finished pieces are what make a second attempt much faster, so do not clear Docker's build cache to tidy up. The compose files this app writes are there (docker-compose.yml, docker-compose.override.yml, docker-compose.build.yml), so if the build had already finished the server may be built and even running: press "Use existing…", choose /home/pk/wowserver, and the app will manage it from a tab — nothing is lost. If it had not, press Install again and choose /home/pk/wowserver: the installer carries on from the last stage recorded in /home/pk/wowserver/.yulon-install.json, and a stage is only skipped after what it left on disk has been checked.
[OK]   the copy for the folder holding the real, complete install names that folder
       NOTE: the 09-04 run could not drive this copy THROUGH a cancelled install,
       because that box refused every install at preflight. The re-run drives it in a
       second driver (widget_cancel_driver.py) with the live containers stopped, so
       ports are free and the install starts. Here it is only rendered.

==============================================================================
RESULT: 32 OK, 0 FAIL
==============================================================================
--- exit code: 0   elapsed: 11s   finished: 2026-09-05T22:15:26+02:00
