=== widget_cancel_driver.py ===
started (local): 2026-09-05T22:24:36+02:00
command: /home/pk/p7/venv/bin/python /home/pk/p7/drivers/widget_cancel_driver.py
---
2026-09-05T22:24:37+02:00 ==============================================================================
2026-09-05T22:24:37+02:00 7.10 widget cancel: a real install, started by the tile's Install, stopped by the panel's Stop
2026-09-05T22:24:37+02:00 ==============================================================================
2026-09-05T22:24:37+02:00        checkout /home/pk/p7/checkout/pylauncher; folder /home/pk/p7-cancel-install
2026-09-05T22:24:37+02:00        id -Gn -> docker adm cdrom sudo dip plugdev users lpadmin pk
2026-09-05T22:24:37+02:00        docker images before -> 'yulon.local/ac-wotlk-db-import:native-243c46e3\nyulon.local/ac-wotlk-worldserver:native-243c46e3\nyulon.local/ac-wotlk-authserver:native-243c46e3\nyulon.local/ac-wotlk-client-data:native-243c46e3\nmysql:8.4\nalpine/git:<none>'
2026-09-05T22:24:37+02:00        folder before the click: 0 entries: []
This plugin does not support propagateSizeHints()
2026-09-05T22:24:37+02:00 [OK]   the WotLK tile's Install is a real, enabled QPushButton -- text='Install'
2026-09-05T22:24:37+02:00 [OK]   the panel's Stop exists and is dead while idle
2026-09-05T22:24:37+02:00 
-- click Install
2026-09-05T22:24:37+02:00 [OK]   the click reached the folder picker and started a job -- picked=[PosixPath('/home/pk/p7-cancel-install')] started=['wow-wotlk']
2026-09-05T22:24:37+02:00 [OK]   Stop went live once the install was running
2026-09-05T22:24:37+02:00 
-- wait for the engine's own clone-core line in the panel
2026-09-05 22:24:38 WARNING [yulon.ui.widgets.log_panel] log panel job failed: InstallerError: A container called ac-database already exists and belongs to another install (yulon-wow-wotlk-243c46e3). Two servers cannot share that name. Remove the other install's containers from its own tab first, then try again.
This plugin does not support propagateSizeHints()
2026-09-05T22:24:38+02:00        [modal] title='Install failed'
2026-09-05T22:24:38+02:00        [modal] InstallerError: A container called ac-database already exists and belongs to another install (yulon-wow-wotlk-243c46e3). Two servers cannot share that name. Remove the other install's containers from its own tab first, then try again.
2026-09-05T22:24:38+02:00        [modal] clicking 'OK'
2026-09-05T22:24:38+02:00 [FAIL] the engine reached clone-core (its transcript says so) -- 1.3s after the click
2026-09-05T22:24:38+02:00        panel so far:
2026-09-05T22:24:38+02:00          | [22:24:38] [pass] Docker: the daemon answered
2026-09-05T22:24:38+02:00          | [22:24:38] [pass] memory: Docker's VM has 19.5 GB
2026-09-05T22:24:38+02:00          | [22:24:38] [warn] compiler jobs vs memory: this build compiles with 16 parallel jobs at about 2 GB each, and 19.5 GB affords about 9 Docker Engine has no CPU setting to lower — the build sees every CP
2026-09-05T22:24:38+02:00          | [22:24:38] [warn] free space on Docker's disk and the server folder: 51 GB free; 75 GB is the comfortable figure (the server folder and Docker's disk share one drive, so both needs add up)
2026-09-05T22:24:38+02:00          | [22:24:38] [pass] the server folder: /home/pk/p7-cancel-install looks usable
2026-09-05T22:24:38+02:00          | [22:24:38] [pass] sharing the folder with Docker: a container can read /home/pk/p7-cancel-install
2026-09-05T22:24:38+02:00          | [22:24:38] [pass] SELinux: not enforcing
2026-09-05T22:24:38+02:00          | [22:24:38] [pass] the server's ports: nothing else is using them
2026-09-05T22:24:38+02:00 
-- let the clone run 20s, then click Stop
2026-09-05T22:24:38+02:00        folder at Stop: 0 entries: []
2026-09-05T22:24:38+02:00        docker ps at Stop: ''
2026-09-05T22:24:38+02:00 [FAIL] Stop is enabled at the moment of the click
2026-09-05T22:24:38+02:00        CLICK Stop at 2026-09-05T22:24:38+02:00
2026-09-05T22:24:38+02:00        panel.cancelled right after the click: False; status: "FAILED: InstallerError: A container called ac-database already exists and belongs to another install (yulon-wow-wotlk-243c46e3). Two servers cannot share that name. Remove the other install's containers from its own tab first, then try again."
2026-09-05T22:24:38+02:00        docker ps 5 s after Stop: ''
2026-09-05T22:24:38+02:00 
-- wait for install_finished (the clone cannot be interrupted; the spine raises after it)
2026-09-05T22:24:38+02:00 [OK]   install_finished arrived -- 0.0s after Stop
2026-09-05T22:24:38+02:00        docker ps after finish: 'ac-worldserver yulon.local/ac-wotlk-worldserver:native-243c46e3 Exited (0) 5 seconds ago\nac-authserver yulon.local/ac-wotlk-authserver:native-243c46e3 Exited (0) 41 seconds ago\nac-database mysql:8.4 Exited (0) 2 seconds ago'
2026-09-05T22:24:38+02:00        panel tail:
2026-09-05T22:24:38+02:00          | [22:24:37] Installing WoW WotLK into /home/pk/p7-cancel-install
2026-09-05T22:24:38+02:00          | [22:24:37] You can stop this at any time. What an install writes outside the folder below is named here rather than denied: the images this build produces and the volumes holding the database and the 
2026-09-05T22:24:38+02:00          | [22:24:37] Checking Docker.
2026-09-05T22:24:38+02:00          | [22:24:38] [pass] Docker: the daemon answered
2026-09-05T22:24:38+02:00          | [22:24:38] [pass] memory: Docker's VM has 19.5 GB
2026-09-05T22:24:38+02:00          | [22:24:38] [warn] compiler jobs vs memory: this build compiles with 16 parallel jobs at about 2 GB each, and 19.5 GB affords about 9 Docker Engine has no CPU setting to lower — the build sees every CP
2026-09-05T22:24:38+02:00          | [22:24:38] [warn] free space on Docker's disk and the server folder: 51 GB free; 75 GB is the comfortable figure (the server folder and Docker's disk share one drive, so both needs add up)
2026-09-05T22:24:38+02:00          | [22:24:38] [pass] the server folder: /home/pk/p7-cancel-install looks usable
2026-09-05T22:24:38+02:00          | [22:24:38] [pass] sharing the folder with Docker: a container can read /home/pk/p7-cancel-install
2026-09-05T22:24:38+02:00          | [22:24:38] [pass] SELinux: not enforcing
2026-09-05T22:24:38+02:00          | [22:24:38] [pass] the server's ports: nothing else is using them
2026-09-05T22:24:38+02:00        panel.running=False panel.cancelled=False status="FAILED: InstallerError: A container called ac-database already exists and belongs to another install (yulon-wow-wotlk-243c46e3). Two servers cannot share that name. Remove the other install's containers from its own tab first, then try again."
2026-09-05T22:24:38+02:00 [FAIL] the panel reports the job as CANCELLED
2026-09-05T22:24:38+02:00        install_finished -> game='wow-wotlk' ok=False
2026-09-05T22:24:38+02:00        message carried by the signal:
2026-09-05T22:24:38+02:00          InstallerError: A container called ac-database already exists and belongs to another install (yulon-wow-wotlk-243c46e3). Two servers cannot share that name. Remove the other install's containers from its own tab first, then try again.
2026-09-05T22:24:38+02:00 [OK]   the signal says NOT installed (ok=False)
2026-09-05T22:24:38+02:00        folder after: 0 entries: []
2026-09-05T22:24:38+02:00        compose file there: None
2026-09-05T22:24:38+02:00        cancelled_install_message() for the folder AS IT IS NOW:
2026-09-05T22:24:38+02:00          Stop was pressed, so WoW WotLK has NOT been remembered as an install and the app will not show a tab for it. Stopping undoes nothing and tidies nothing away — look in /home/pk/p7-cancel-install to see what the installer had got to (a download it was in the middle of may have removed its own leftovers; anything already finished stays). If the build had started, Docker keeps finishing the step it was on in the background — that is deliberate, and the finished pieces are what make a second attempt much faster, so do not clear Docker's build cache to tidy up. There is nothing in /home/pk/p7-cancel-install to carry on from. Press Install again and choose it to start over.
2026-09-05T22:24:38+02:00 [FAIL] the message the widget emitted IS cancelled_install_message() for this folder state
2026-09-05T22:24:38+02:00 [FAIL] a modal titled 'Install cancelled' was shown to the user -- modal titles seen: ['Install failed']
2026-09-05T22:24:38+02:00 [OK]   the tile still reads Install (nothing remembered) -- reads 'Install'
2026-09-05T22:24:38+02:00 [FAIL] the copy names the folder
2026-09-05T22:24:38+02:00 [FAIL] the copy says Stop undid nothing
2026-09-05T22:24:38+02:00        .yulon-install.json present: False
2026-09-05T22:24:38+02:00        .git present: False
2026-09-05T22:24:38+02:00        generated_compose_files(): ()
2026-09-05T22:24:38+02:00        git status of docker-compose.yml: 'fatal: not a git repository (or any of the parent directories): .git'
2026-09-05T22:24:38+02:00 [OK]   finding 1 fixed: the engine wrote no compose file, so the copy must not promise a built server -- 'nothing is lost' is absent -- ours=()
2026-09-05T22:24:38+02:00 [OK]   finding 2 fixed: with no record on disk the copy does not promise a resume -- record=False
2026-09-05T22:24:38+02:00 [FAIL] finding 2 fixed: the copy warns the next press will be refused
2026-09-05T22:24:38+02:00 [FAIL] the refusal named is the one the engine actually raises on a checkout

2026-09-05T22:24:38+02:00 ==============================================================================
2026-09-05T22:24:38+02:00 RESULT: 9 OK, 9 FAIL   (click->clone 1.3s, Stop->finished 0.0s)
2026-09-05T22:24:38+02:00 ==============================================================================
--- exit code: 1   elapsed: 3s   finished: 2026-09-05T22:24:39+02:00
