2026-09-11T11:50:15+00:00
[11:50:15Z] source tortoise-wow/tortoise-wow branch=bot-helpers rev=9980181ce9aa5940b6125a5991cc754148ed9b82 -> src/tortoise-wow
[11:50:15Z] source Sagiroth/TortoiseBots branch=main rev=fd7ec9ec7659035cfc3ea75d542c8683005525de -> src/tortoise-wow/modules/TortoiseBots
[11:50:15Z] channel=attach
[11:50:15Z] server_dir=/home/pk/tortoise-penqle client_dir=/home/pk/clients/TurtleWoW (exists=True)
[11:50:15Z] Installing WoW Tortoise into /home/pk/tortoise-penqle
[11:50:15Z] You can stop this at any time. What an install writes outside the folder below is named here rather than denied: the images this build produces and the volumes holding the database and the server data, which live in Docker's own storage — that is why the checks below look at the space on Docker's disk too; Docker itself, when no daemon answers yet (on Linux: system packages, a service, and the group you are asked about first); and this app's own settings and log, in its config folder. Starting the install again continues from where it stopped: source this app has finished cloning is never fetched, reset or moved, and the build is not run a second time once Docker confirms its images are there. Everything cheap runs again on every attempt — the compose files this app writes are put back the way the catalog says, the server-data download resumes and re-checks itself, and the database and server are started and waited for.
[11:50:15Z] Checking Docker.
[11:50:17Z] [pass] Docker: the daemon answered
[11:50:17Z] [pass] memory: Docker's VM has 19.5 GB
[11:50:17Z] [pass] compiler jobs vs memory: 2 parallel jobs against about 9 the memory affords
[11:50:17Z] [warn] free space on Docker's disk and the server folder: 58 GB free; 60 GB is the comfortable figure (the server folder and Docker's disk share one drive, so both needs add up)
[11:50:17Z] [pass] the server folder: /home/pk/tortoise-penqle looks usable
[11:50:17Z] [pass] sharing the folder with Docker: a container can read /home/pk/tortoise-penqle
[11:50:17Z] [pass] SELinux: not enforcing
[11:50:17Z] [pass] the server's ports: nothing else is using them
[11:50:17Z] [pass] the client folder: /home/pk/clients/TurtleWoW has a Data directory
[11:50:17Z] [pass] the client's archives: 21 MPQ archives in /home/pk/clients/TurtleWoW/Data, up to 2 folders deep
[11:50:17Z] [warn] the client's origin: realmlist.wtf sits at the root of /home/pk/clients/TurtleWoW and there is no locale folder, which is how a repack looks Use a clean client of this expansion if extraction comes up short — repacks have rearranged archives and often extract incompletely.
[11:50:17Z] [pass] free space next to the client: 58 GB free on the drive holding the client
[11:50:17Z] [pass] sharing the client with Docker: a container can read the client folder
[11:50:17Z] INSTALL FAILED: A container called tortoise-db already exists and belongs to another install (yulon-wow-tortoise-54fa64f0). Two servers cannot share that name. Remove the other install's containers from its own tab first, then try again.
