==> syncing hand-t30 (3cbf5562) to m910q
bringing up nodes...
bringing up nodes...

........................................................................ [  1%]
........................................................................ [  3%]
........................................................................ [  5%]
........................................................................ [  6%]
........................................................................ [  8%]
........................................................................ [ 10%]
........................................................................ [ 12%]
........................................................................ [ 13%]
........................................................................ [ 15%]
........................................................................ [ 17%]
........................................................................ [ 18%]
........................................................................ [ 20%]
........................................................................ [ 22%]
........................................................................ [ 24%]
........................................................................ [ 25%]
........................................................................ [ 27%]
........................................................................ [ 29%]
........................................................................ [ 30%]
........................................................................ [ 32%]
........................................................................ [ 34%]
........................................................................ [ 36%]
........................................................................ [ 37%]
.................................................s...................... [ 39%]
........................................................................ [ 41%]
........................................................................ [ 42%]
........................................................................ [ 44%]
........................................................................ [ 46%]
........................................................................ [ 48%]
........................................................................ [ 49%]
........................................................................ [ 51%]
........................................................................ [ 53%]
........................................................................ [ 54%]
........................................................................ [ 56%]
........................................................................ [ 58%]
................................................................s....... [ 60%]
........................................................................ [ 61%]
........................................................................ [ 63%]
........................................................................ [ 65%]
........................................................................ [ 66%]
........................................................................ [ 68%]
........................................................................ [ 70%]
........................................................................ [ 72%]
........................................................................ [ 73%]
........................................................................ [ 75%]
...............................................................s........ [ 77%]
.................................s...................................... [ 78%]
........................................................................ [ 80%]
........................................................................ [ 82%]
........................................................................ [ 84%]
........................................................................ [ 85%]
........................................................................ [ 87%]
..........................................s............................. [ 89%]
.......................s................................................ [ 90%]
........................................................................ [ 92%]
........................................................................ [ 94%]
........................................................................ [ 96%]
........................................................................ [ 97%]
........................................................................ [ 99%]
.....................                                                    [100%]
=============================== warnings summary ===============================
tests/test_log.py::test_the_suite_starts_child_processes_only_through_the_guarded_seam
  <unknown>:776: DeprecationWarning: invalid escape sequence '\S'

-- Docs: https://docs.pytest.org/en/stable/how-to/capture-warnings.html
4191 passed, 6 skipped, 1 warning in 28.50s
--- mypy (this platform) ---
Success: no issues found in 95 source files
--- mypy (as Windows) ---
Success: no issues found in 95 source files
--- mypy (as macOS) ---
Success: no issues found in 95 source files
--- ruff ---
All checks passed!
--- black ---
All done! ✨ 🍰 ✨
199 files would be left unchanged.
=== --checks: ALL GREEN ===
