2026-09-09 13:42:14 DEBUG [yulon.platform] config_dir() resolving for platform='linux'
2026-09-09 13:42:14 DEBUG [yulon.platform] config_dir() resolving for platform='linux'
2026-09-09 13:42:14 DEBUG [yulon.platform] config_dir() resolving for platform='linux'
2026-09-09 13:42:14 DEBUG [yulon.platform] config_dir() resolving for platform='linux'
2026-09-09 13:42:14 DEBUG [yulon.platform] config_dir() resolving for platform='linux'
--- the seams on the applier the app built (read, never assigned) ---
  yulon package under test: /home/pk/t7/pylauncher/yulon/__init__.py
  applier._world_running   = <function _for_wotlk.<locals>.<lambda> at 0x761ab25c3c40>
  applier._start_database  = <function _for_wotlk.<locals>.<lambda> at 0x761ab25c3ce0>
2026-09-09 13:42:14 DEBUG [yulon.runner] run() called: command=['docker', 'inspect', 'ac-worldserver', '--format', '{{.State.Status}}\t{{.State.StartedAt}}\t{{.RestartCount}}'] cwd=None
  applier._world_running() answers True right now
=== the three-valued seam, read for real ===
2026-09-09 13:42:14 DEBUG [yulon.runner] run() called: command=['docker', 'inspect', 'ac-worldserver', '--format', '{{.State.Status}}\t{{.State.StartedAt}}\t{{.RestartCount}}'] cwd=None
  container_state('ac-worldserver').status = 'running'
2026-09-09 13:42:14 DEBUG [yulon.runner] run() called: command=['docker', 'inspect', 'ac-worldserver', '--format', '{{.State.Status}}\t{{.State.StartedAt}}\t{{.RestartCount}}'] cwd=None
  docker.world_running('ac-worldserver')    = True
2026-09-09 13:42:14 DEBUG [yulon.runner] run() called: command=['docker', 'inspect', 'no-such-container-8f2a', '--format', '{{.State.Status}}\t{{.State.StartedAt}}\t{{.RestartCount}}'] cwd=None
2026-09-09 13:42:14 WARNING [yulon.docker] could not read the state of no-such-container-8f2a: error: no such object: no-such-container-8f2a
  container_state('no-such-container-8f2a').status = ''
2026-09-09 13:42:14 DEBUG [yulon.runner] run() called: command=['docker', 'inspect', 'no-such-container-8f2a', '--format', '{{.State.Status}}\t{{.State.StartedAt}}\t{{.RestartCount}}'] cwd=None
2026-09-09 13:42:14 WARNING [yulon.docker] could not read the state of no-such-container-8f2a: error: no such object: no-such-container-8f2a
  docker.world_running('no-such-container-8f2a')    = None
  and a daemon that cannot be reached (DOCKER_HOST at a dead port):
2026-09-09 13:42:14 DEBUG [yulon.runner] run() called: command=['docker', 'inspect', 'ac-worldserver', '--format', '{{.State.Status}}\t{{.State.StartedAt}}\t{{.RestartCount}}'] cwd=None
2026-09-09 13:42:14 WARNING [yulon.docker] could not read the state of ac-worldserver: Cannot connect to the Docker daemon at tcp://127.0.0.1:1. Is the docker daemon running?
    container_state('ac-worldserver').status = ''
    container_state(...).settled       = False   <- FAIL-OPEN if used
2026-09-09 13:42:14 DEBUG [yulon.runner] run() called: command=['docker', 'inspect', 'ac-worldserver', '--format', '{{.State.Status}}\t{{.State.StartedAt}}\t{{.RestartCount}}'] cwd=None
2026-09-09 13:42:14 WARNING [yulon.docker] could not read the state of ac-worldserver: Cannot connect to the Docker daemon at tcp://127.0.0.1:1. Is the docker daemon running?
    docker.world_running('ac-worldserver')   = None
  DOCKER_HOST restored to None
--- state at the end of the seam reading ---
  containers up: ac-authserver Up About an hour, ac-database Up 4 hours (healthy), ac-worldserver Up 4 hours
  world:    running pid=409560 restarts=0 started=2026-09-09T08:08:24.962353715Z
  database: running pid=403938 restarts=0 started=2026-09-09T08:05:42.732676577Z
  auth:     running pid=499893 restarts=0 started=2026-09-09T10:20:01.190288432Z
  ac-worldserver last 3 log line(s):
    | [0m[36m    Accepted: 1108, Rewarded: 116, Dropped: 200
    | [0m[36mBots engine:
    | [0m[36m    Non-combat: 436, Combat: 57, Dead: 7
