2026-09-09 13:42:28 DEBUG [yulon.platform] config_dir() resolving for platform='linux'
2026-09-09 13:42:28 DEBUG [yulon.platform] config_dir() resolving for platform='linux'
2026-09-09 13:42:28 DEBUG [yulon.platform] config_dir() resolving for platform='linux'
2026-09-09 13:42:28 DEBUG [yulon.platform] config_dir() resolving for platform='linux'
2026-09-09 13:42:28 DEBUG [yulon.platform] config_dir() resolving for platform='linux'
--- the seams on the applier the app built (read, never assigned) ---
  yulon package under test: /home/pk/t7/pylauncher/yulon/__init__.py
  applier._world_running   = <function _for_wotlk.<locals>.<lambda> at 0x78a61c9b3c40>
  applier._start_database  = <function _for_wotlk.<locals>.<lambda> at 0x78a61c9b3ce0>
2026-09-09 13:42:28 DEBUG [yulon.runner] run() called: command=['docker', 'inspect', 'ac-worldserver', '--format', '{{.State.Status}}\t{{.State.StartedAt}}\t{{.RestartCount}}'] cwd=None
  applier._world_running() answers True right now
=== a FRESH restorable copy of the six tables, before anything writes ===
argv (password is in the environment, not here): ['docker', 'exec', '-i', '-e', 'MYSQL_PWD', 'ac-database', 'mysqldump', '-uroot', '--single-transaction', '--skip-lock-tables', '--no-tablespaces', 'acore_world', 'playercreateinfo', 'playercreateinfo_action', 'playercreateinfo_skills', 'playercreateinfo_spell_custom', 'player_totem_model', 'quest_template']
wrote /home/pk/t7-gate-out/world-six-tables-before.sql  bytes=7038460
CREATE TABLE lines in it: 6
--- state at the end of the dump ---
  containers up: ac-authserver Up About an hour, ac-database Up 4 hours (healthy), ac-worldserver Up 4 hours
  world:    running pid=409560 restarts=0 started=2026-09-09T08:08:24.962353715Z
  database: running pid=403938 restarts=0 started=2026-09-09T08:05:42.732676577Z
  auth:     running pid=499893 restarts=0 started=2026-09-09T10:20:01.190288432Z
  ac-worldserver last 3 log line(s):
    | [0m[36m    Accepted: 1108, Rewarded: 116, Dropped: 200
    | [0m[36mBots engine:
    | [0m[36m    Non-combat: 436, Combat: 57, Dead: 7
