=== THE GROUND, read before anything is written ===
2026-09-09 13:42:26 DEBUG [yulon.platform] config_dir() resolving for platform='linux'
2026-09-09 13:42:26 DEBUG [yulon.platform] config_dir() resolving for platform='linux'
2026-09-09 13:42:26 DEBUG [yulon.platform] config_dir() resolving for platform='linux'
2026-09-09 13:42:26 DEBUG [yulon.platform] config_dir() resolving for platform='linux'
2026-09-09 13:42:26 DEBUG [yulon.platform] config_dir() resolving for platform='linux'
--- the seams on the applier the app built (read, never assigned) ---
  yulon package under test: /home/pk/t7/pylauncher/yulon/__init__.py
  applier._world_running   = <function _for_wotlk.<locals>.<lambda> at 0x7b0742bc7c40>
  applier._start_database  = <function _for_wotlk.<locals>.<lambda> at 0x7b0742bc7ce0>
2026-09-09 13:42:26 DEBUG [yulon.runner] run() called: command=['docker', 'inspect', 'ac-worldserver', '--format', '{{.State.Status}}\t{{.State.StartedAt}}\t{{.RestartCount}}'] cwd=None
  applier._world_running() answers True right now
--- state at the ground ---
  containers up: ac-authserver Up About an hour, ac-database Up 4 hours (healthy), ac-worldserver Up 4 hours
  world:    running pid=409560 restarts=0 started=2026-09-09T08:08:24.962353715Z
  database: running pid=403938 restarts=0 started=2026-09-09T08:05:42.732676577Z
  auth:     running pid=499893 restarts=0 started=2026-09-09T10:20:01.190288432Z
  ac-worldserver last 3 log line(s):
    | [0m[36m    Accepted: 1108, Rewarded: 116, Dropped: 200
    | [0m[36mBots engine:
    | [0m[36m    Non-combat: 436, Combat: 57, Dead: 7
--- mod-arac on disk: the ground ---
  modules/mod-arac is a dir                    False
  files in it                                  []
  marker .arac_sql_applied                     False
  mod_arac conf under env/dist/etc/modules     []
  modules/ on disk                             ['.gitkeep', 'CMakeLists.txt', 'ModulesLoader.cpp.in.cmake', 'ModulesPCH.h', 'ModulesScriptLoader.h', 'create_module.sh', 'how_to_make_a_module.md', 'mod-ale', 'mod-playerbots']
2026-09-09 13:42:26 DEBUG [yulon.docker] status() called
2026-09-09 13:42:26 DEBUG [yulon.runner] run() called: command=['docker', 'ps', '--format', '{{.Names}}'] cwd=None
controller.status() = InstallStatus(db=True, auth=True, world=True)
--- counts: GROUND ---
  rows playercreateinfo                      62
  rows playercreateinfo_action               283
  rows playercreateinfo_skills               77
  rows playercreateinfo_spell_custom         0
  rows player_totem_model                    20
  rows quest_template                        9464
  checksum playercreateinfo                  1375550933
  checksum playercreateinfo_action           1810990106
  checksum playercreateinfo_skills           1381324222
  checksum playercreateinfo_spell_custom     0
  checksum player_totem_model                58188735
  checksum quest_template                    4127409649
  skills_still_to_change                     5
  quests_still_to_change                     635
  quests_at_1791                             12
  totem_rows_for_arac_races                  0
saved /home/pk/t7-gate-out/counts-ground.json
