2026-09-09 13:46:20 DEBUG [yulon.platform] config_dir() resolving for platform='linux'
2026-09-09 13:46:20 DEBUG [yulon.platform] config_dir() resolving for platform='linux'
2026-09-09 13:46:20 DEBUG [yulon.platform] config_dir() resolving for platform='linux'
2026-09-09 13:46:20 DEBUG [yulon.platform] config_dir() resolving for platform='linux'
2026-09-09 13:46:20 DEBUG [yulon.platform] config_dir() resolving for platform='linux'
--- the seams on the applier the app built (read, never assigned) ---
  yulon package under test: /home/pk/t7/pylauncher/yulon/__init__.py
  applier._world_running   = <function _for_wotlk.<locals>.<lambda> at 0x78b91b7b7c40>
  applier._start_database  = <function _for_wotlk.<locals>.<lambda> at 0x78b91b7b7ce0>
2026-09-09 13:46:20 DEBUG [yulon.runner] run() called: command=['docker', 'inspect', 'ac-worldserver', '--format', '{{.State.Status}}\t{{.State.StartedAt}}\t{{.RestartCount}}'] cwd=None
  applier._world_running() answers True right now
=== readiness, asked against the realm's own address 100.99.204.5:8085 ===
2026-09-09 13:46:20 DEBUG [yulon.docker] wait_ready() called: auth_container=ac-authserver world_container=ac-worldserver spec=ReadySpec(world='ready\\.\\.\\.', auth='100\\.99\\.204\\.5:8085', fatal=None, timeout=480.0, interval=2.0, restart_loop=4)
2026-09-09 13:46:20 DEBUG [yulon.docker] status() called
2026-09-09 13:46:20 DEBUG [yulon.runner] run() called: command=['docker', 'ps', '--format', '{{.Names}}'] cwd=None
2026-09-09 13:46:20 DEBUG [yulon.runner] run() called: command=['docker', 'inspect', 'ac-worldserver', '--format', '{{.State.Status}}\t{{.State.StartedAt}}\t{{.RestartCount}}'] cwd=None
2026-09-09 13:46:20 DEBUG [yulon.runner] run() called: command=['docker', 'logs', '--since', '2026-09-09T11:45:44.364192855Z', 'ac-worldserver'] cwd=None
2026-09-09 13:46:20 DEBUG [yulon.runner] run() called: command=['docker', 'inspect', 'ac-authserver', '--format', '{{.State.Status}}\t{{.State.StartedAt}}\t{{.RestartCount}}'] cwd=None
2026-09-09 13:46:20 DEBUG [yulon.runner] run() called: command=['docker', 'logs', '--since', '2026-09-09T11:45:44.361019208Z', 'ac-authserver'] cwd=None
[11:46:20Z] ready = True after 0.2s
--- state at after the readiness wait ---
  containers up: ac-authserver Up 36 seconds, ac-database Up About a minute (healthy), ac-worldserver Up 36 seconds
  world:    running pid=538052 restarts=0 started=2026-09-09T11:45:44.364192855Z
  database: running pid=534365 restarts=0 started=2026-09-09T11:44:34.971259927Z
  auth:     running pid=538055 restarts=0 started=2026-09-09T11:45:44.361019208Z
  ac-worldserver last 3 log line(s):
    | [0m[36m118/500 Bot Zolanni logged in
    | [0m[36m119/500 Bot Hildyklin logged in
    | [0m[36m120/500 Bot Mimilio logged in
