2026-09-09 13:48:28 DEBUG [yulon.platform] config_dir() resolving for platform='linux'
2026-09-09 13:48:28 DEBUG [yulon.platform] config_dir() resolving for platform='linux'
2026-09-09 13:48:28 DEBUG [yulon.platform] config_dir() resolving for platform='linux'
2026-09-09 13:48:28 DEBUG [yulon.platform] config_dir() resolving for platform='linux'
2026-09-09 13:48:28 DEBUG [yulon.platform] config_dir() resolving for platform='linux'
--- the seams on the applier the app built (read, never assigned) ---
  yulon package under test: /home/pk/t7/pylauncher/yulon/__init__.py
  applier._world_running   = <function _for_wotlk.<locals>.<lambda> at 0x704ec3aebc40>
  applier._start_database  = <function _for_wotlk.<locals>.<lambda> at 0x704ec3aebce0>
2026-09-09 13:48:28 DEBUG [yulon.runner] run() called: command=['docker', 'inspect', 'ac-worldserver', '--format', '{{.State.Status}}\t{{.State.StartedAt}}\t{{.RestartCount}}'] cwd=None
  applier._world_running() answers True right now
=== the realm row (read; only written if a column is wrong) ===
1	Yulon ubuntu2	100.99.204.5	100.99.204.5	255.255.255.0	8085
needs a write: False
=== the accounts on this box (ids and names only) ===
104	1	109
101	YULON_243C46E3	NULL
102	PERZI	2026-09-08 23:24:16
103	YULONADMIN	NULL
109	YULONPANEL	2026-09-09 03:52:36
=== orphaned account_access rows (must be none) ===
0
=== the owner's things (read only) ===
  /home/pk/LootPet.lua 31216 bytes mtime=2026-09-08 22:17:42.286251327 +0200
  stat: cannot statx '/home/pk/LootPet2.lua': No such file or directory
  account PERZI (no password read, written or reset -- lengths only):
102	PERZI	2026-09-08 23:24:16	2026-09-08 20:28:14	32	32
  character Pakka:
1001	Pakka	6	2	1	0
=== /home/pk/wowserver/env/dist/etc/worldserver.conf ===
  /home/pk/wowserver/env/dist/etc/worldserver.conf mtime=2026-09-08 23:11:29.263623695 +0200
  Logger.ALE: '706:Logger.ALE=4,Console Server'
--- mod-arac on disk: the box as handed back ---
  modules/mod-arac is a dir                    False
  files in it                                  []
  marker .arac_sql_applied                     False
  mod_arac conf under env/dist/etc/modules     []
  modules/ on disk                             ['.gitkeep', 'CMakeLists.txt', 'ModulesLoader.cpp.in.cmake', 'ModulesPCH.h', 'ModulesScriptLoader.h', 'create_module.sh', 'how_to_make_a_module.md', 'mod-ale', 'mod-playerbots']
--- state at the box as handed back ---
  containers up: ac-authserver Up 2 minutes, ac-database Up 3 minutes (healthy), ac-worldserver Up 2 minutes
  world:    running pid=538052 restarts=0 started=2026-09-09T11:45:44.364192855Z
  database: running pid=534365 restarts=0 started=2026-09-09T11:44:34.971259927Z
  auth:     running pid=538055 restarts=0 started=2026-09-09T11:45:44.361019208Z
  ac-worldserver last 3 log line(s):
    | [0m[36m498/500 Bot Feerae logged in
    | [0m[36m499/500 Bot Corneteon logged in
    | [0m[36m500/500 Bot Khadramas logged in
