=== PRESS 1: install mod-arac through the app's own applier, WORLD UP ===
2026-09-09 13:42:42 DEBUG [yulon.platform] config_dir() resolving for platform='linux'
2026-09-09 13:42:42 DEBUG [yulon.platform] config_dir() resolving for platform='linux'
2026-09-09 13:42:42 DEBUG [yulon.platform] config_dir() resolving for platform='linux'
2026-09-09 13:42:42 DEBUG [yulon.platform] config_dir() resolving for platform='linux'
2026-09-09 13:42:42 DEBUG [yulon.platform] config_dir() resolving for platform='linux'
--- the seams on the applier the app built (read, never assigned) ---
  yulon package under test: /home/pk/t7/pylauncher/yulon/__init__.py
  applier._world_running   = <function _for_wotlk.<locals>.<lambda> at 0x797c465b3c40>
  applier._start_database  = <function _for_wotlk.<locals>.<lambda> at 0x797c465b3ce0>
2026-09-09 13:42:42 DEBUG [yulon.runner] run() called: command=['docker', 'inspect', 'ac-worldserver', '--format', '{{.State.Status}}\t{{.State.StartedAt}}\t{{.RestartCount}}'] cwd=None
  applier._world_running() answers True right now
--- state at the ground of press 1 ---
  containers up: ac-authserver Up About an hour, ac-database Up 4 hours (healthy), ac-worldserver Up 4 hours
  world:    running pid=409560 restarts=0 started=2026-09-09T08:08:24.962353715Z
  database: running pid=403938 restarts=0 started=2026-09-09T08:05:42.732676577Z
  auth:     running pid=499893 restarts=0 started=2026-09-09T10:20:01.190288432Z
  ac-worldserver last 3 log line(s):
    | [0m[36m    Accepted: 1108, Rewarded: 116, Dropped: 200
    | [0m[36mBots engine:
    | [0m[36m    Non-combat: 436, Combat: 57, Dead: 7
--- mod-arac on disk: before press 1 ---
  modules/mod-arac is a dir                    False
  files in it                                  []
  marker .arac_sql_applied                     False
  mod_arac conf under env/dist/etc/modules     []
  modules/ on disk                             ['.gitkeep', 'CMakeLists.txt', 'ModulesLoader.cpp.in.cmake', 'ModulesPCH.h', 'ModulesScriptLoader.h', 'create_module.sh', 'how_to_make_a_module.md', 'mod-ale', 'mod-playerbots']
--- counts: before press 1 ---
  rows playercreateinfo                      62
  rows playercreateinfo_action               283
  rows playercreateinfo_skills               77
  rows playercreateinfo_spell_custom         0
  rows player_totem_model                    20
  rows quest_template                        9464
  checksum playercreateinfo                  1375550933
  checksum playercreateinfo_action           1810990106
  checksum playercreateinfo_skills           1381324222
  checksum playercreateinfo_spell_custom     0
  checksum player_totem_model                58188735
  checksum quest_template                    4127409649
  skills_still_to_change                     5
  quests_still_to_change                     635
  quests_at_1791                             12
  totem_rows_for_arac_races                  0
drift from the ground reading: none
2026-09-09 13:42:44 DEBUG [yulon.runner] run() called: command=['docker', 'inspect', 'ac-worldserver', '--format', '{{.State.Status}}\t{{.State.StartedAt}}\t{{.RestartCount}}'] cwd=None
[11:42:44Z] --- the press ---
2026-09-09 13:42:44 DEBUG [yulon.runner] run() called: command=['git', '-c', 'core.autocrlf=false', '-c', 'core.eol=lf', '-c', 'http.version=HTTP/1.1', 'clone', '--config', 'core.autocrlf=false', '--config', 'core.eol=lf', '--config', 'http.version=HTTP/1.1', '--depth', '1', 'https://github.com/heyitsbench/mod-arac.git', '/home/pk/wowserver/modules/mod-arac'] cwd=None
2026-09-09 13:42:45 DEBUG [yulon.runner] run() called: command=['docker', 'inspect', 'ac-worldserver', '--format', '{{.State.Status}}\t{{.State.StartedAt}}\t{{.RestartCount}}'] cwd=None
ApplyError: mod-arac: the world server is running, and it holds world in memory and writes back over whatever it finds there. No SQL was run and no rows were written: sql data/sql/db-world/arac.sql → world. Press Stop, then install again — the steps this run already took repeat, and the SQL follows them.
names the step: True
says no rows were written: True
[11:42:45Z] OUTCOME: REFUSED
--- mod-arac on disk: after press 1 ---
  modules/mod-arac is a dir                    True
  files in it                                  ['.git', '.github', '.yulon-clone.json', 'LICENSE', 'Patch-A.MPQ', 'README.md', 'data', 'icon.png', 'icons.png', 'images', 'include.sh', 'patch-contents']
  marker .arac_sql_applied                     False
  mod_arac conf under env/dist/etc/modules     []
  modules/ on disk                             ['.gitkeep', 'CMakeLists.txt', 'ModulesLoader.cpp.in.cmake', 'ModulesPCH.h', 'ModulesScriptLoader.h', 'create_module.sh', 'how_to_make_a_module.md', 'mod-ale', 'mod-arac', 'mod-playerbots']
--- counts: after press 1 ---
  rows playercreateinfo                      62
  rows playercreateinfo_action               283
  rows playercreateinfo_skills               77
  rows playercreateinfo_spell_custom         0
  rows player_totem_model                    20
  rows quest_template                        9464
  checksum playercreateinfo                  1375550933
  checksum playercreateinfo_action           1810990106
  checksum playercreateinfo_skills           1381324222
  checksum playercreateinfo_spell_custom     0
  checksum player_totem_model                58188735
  checksum quest_template                    4127409649
  skills_still_to_change                     5
  quests_still_to_change                     635
  quests_at_1791                             12
  totem_rows_for_arac_races                  0
saved /home/pk/t7-gate-out/counts-after-refusal.json
COUNTS CHANGED BY THE REFUSED PRESS: nothing -- identical, every reading
--- state at the end of press 1 ---
  containers up: ac-authserver Up About an hour, ac-database Up 4 hours (healthy), ac-worldserver Up 4 hours
  world:    running pid=409560 restarts=0 started=2026-09-09T08:08:24.962353715Z
  database: running pid=403938 restarts=0 started=2026-09-09T08:05:42.732676577Z
  auth:     running pid=499893 restarts=0 started=2026-09-09T10:20:01.190288432Z
  ac-worldserver last 3 log line(s):
    | [0m[36m    Accepted: 1108, Rewarded: 116, Dropped: 200
    | [0m[36mBots engine:
    | [0m[36m    Non-combat: 436, Combat: 57, Dead: 7
