=== STOP, through the app's own control (Controller.stop) ===
2026-09-09 13:42:58 DEBUG [yulon.platform] config_dir() resolving for platform='linux'
2026-09-09 13:42:58 DEBUG [yulon.platform] config_dir() resolving for platform='linux'
2026-09-09 13:42:58 DEBUG [yulon.platform] config_dir() resolving for platform='linux'
2026-09-09 13:42:58 DEBUG [yulon.platform] config_dir() resolving for platform='linux'
2026-09-09 13:42:58 DEBUG [yulon.platform] config_dir() resolving for platform='linux'
--- the seams on the applier the app built (read, never assigned) ---
  yulon package under test: /home/pk/t7/pylauncher/yulon/__init__.py
  applier._world_running   = <function _for_wotlk.<locals>.<lambda> at 0x7739889c7c40>
  applier._start_database  = <function _for_wotlk.<locals>.<lambda> at 0x7739889c7ce0>
2026-09-09 13:42:58 DEBUG [yulon.runner] run() called: command=['docker', 'inspect', 'ac-worldserver', '--format', '{{.State.Status}}\t{{.State.StartedAt}}\t{{.RestartCount}}'] cwd=None
  applier._world_running() answers True right now
--- state at before the stop ---
  containers up: ac-authserver Up About an hour, ac-database Up 4 hours (healthy), ac-worldserver Up 4 hours
  world:    running pid=409560 restarts=0 started=2026-09-09T08:08:24.962353715Z
  database: running pid=403938 restarts=0 started=2026-09-09T08:05:42.732676577Z
  auth:     running pid=499893 restarts=0 started=2026-09-09T10:20:01.190288432Z
  ac-worldserver last 3 log line(s):
    | [0m[36m    Accepted: 1108, Rewarded: 116, Dropped: 200
    | [0m[36mBots engine:
    | [0m[36m    Non-combat: 436, Combat: 57, Dead: 7
2026-09-09 13:42:58 DEBUG [yulon.docker] status() called
2026-09-09 13:42:58 DEBUG [yulon.runner] run() called: command=['docker', 'ps', '--format', '{{.Names}}'] cwd=None
before: controller.status() = InstallStatus(db=True, auth=True, world=True)
[11:42:58Z] --- svc.controller.stop() ---
2026-09-09 13:42:58 DEBUG [yulon.runner] run() called: command=['docker', 'compose', 'ps', '-a', '-q', 'ac-worldserver'] cwd=/home/pk/wowserver
2026-09-09 13:42:58 DEBUG [yulon.runner] run() called: command=['docker', 'logs', '--tail', '2000', 'cd68db8cd6b71d63f2eff6a2ad642dc06dc4ed93e4ae13348ff718b61832f07c'] cwd=None
2026-09-09 13:42:58 INFO [yulon.logsnap] saved ac-worldserver's log to /home/pk/.local/share/yulon/logs/wow-wotlk-243c46e3-20260909T114258Z.log
2026-09-09 13:42:58 DEBUG [yulon.docker] stop_staged() called: server_dir=/home/pk/wowserver
2026-09-09 13:42:58 DEBUG [yulon.runner] run() called: command=['docker', 'compose', 'config', '--format', 'json'] cwd=/home/pk/wowserver
2026-09-09 13:42:59 DEBUG [yulon.docker] status() called
2026-09-09 13:42:59 DEBUG [yulon.runner] run() called: command=['docker', 'ps', '--format', '{{.Names}}'] cwd=None
2026-09-09 13:42:59 DEBUG [yulon.runner] run() called: command=['docker', 'inspect', 'ac-worldserver', '--format', '{{index .Config.Labels "com.docker.compose.project"}}'] cwd=None
2026-09-09 13:42:59 DEBUG [yulon.runner] run() called: command=['docker', 'inspect', 'ac-authserver', '--format', '{{index .Config.Labels "com.docker.compose.project"}}'] cwd=None
2026-09-09 13:42:59 DEBUG [yulon.runner] run() called: command=['docker', 'inspect', 'ac-database', '--format', '{{index .Config.Labels "com.docker.compose.project"}}'] cwd=None
2026-09-09 13:42:59 DEBUG [yulon.runner] run() called: command=['docker', 'compose', 'stop', '-t', '300'] cwd=/home/pk/wowserver
2026-09-09 13:43:19 DEBUG [yulon.docker] status() called
2026-09-09 13:43:19 DEBUG [yulon.runner] run() called: command=['docker', 'ps', '--format', '{{.Names}}'] cwd=None
2026-09-09 13:43:19 INFO [yulon.docker] stop_staged(): stopped; containers kept for a fast restart
[11:43:19Z] stop() returned True in 20.9s
--- state at after the stop ---
  containers up: 
  world:    exited pid=0 restarts=0 started=2026-09-09T08:08:24.962353715Z
  database: exited pid=0 restarts=0 started=2026-09-09T08:05:42.732676577Z
  auth:     exited pid=0 restarts=0 started=2026-09-09T10:20:01.190288432Z
  ac-worldserver last 3 log line(s):
    | [0m[36mAll connections on DatabasePool 'acore_playerbots' closed.
    | [0m[36mClearing 500 queued operations
    | [0m
2026-09-09 13:43:19 DEBUG [yulon.docker] status() called
2026-09-09 13:43:19 DEBUG [yulon.runner] run() called: command=['docker', 'ps', '--format', '{{.Names}}'] cwd=None
after: controller.status() = InstallStatus(db=False, auth=False, world=False)
2026-09-09 13:43:19 DEBUG [yulon.runner] run() called: command=['docker', 'inspect', 'ac-worldserver', '--format', '{{.State.Status}}\t{{.State.StartedAt}}\t{{.RestartCount}}'] cwd=None
after: the applier's own seam answers False
NOTE: `compose stop` KEEPS the containers -- they are `exited`, not removed.
