=== PRESS 2: install with the world DOWN, and Start pressed during the wait ===
2026-09-09 13:43:40 DEBUG [yulon.platform] config_dir() resolving for platform='linux'
2026-09-09 13:43:40 DEBUG [yulon.platform] config_dir() resolving for platform='linux'
2026-09-09 13:43:40 DEBUG [yulon.platform] config_dir() resolving for platform='linux'
2026-09-09 13:43:40 DEBUG [yulon.platform] config_dir() resolving for platform='linux'
2026-09-09 13:43:40 DEBUG [yulon.platform] config_dir() resolving for platform='linux'
--- the seams on the applier the app built (read, never assigned) ---
  yulon package under test: /home/pk/t7/pylauncher/yulon/__init__.py
  applier._world_running   = <function _for_wotlk.<locals>.<lambda> at 0x72db881b7c40>
  applier._start_database  = <function _for_wotlk.<locals>.<lambda> at 0x72db881b7ce0>
2026-09-09 13:43:40 DEBUG [yulon.runner] run() called: command=['docker', 'inspect', 'ac-worldserver', '--format', '{{.State.Status}}\t{{.State.StartedAt}}\t{{.RestartCount}}'] cwd=None
  applier._world_running() answers False right now
--- state at the ground of press 2 ---
  containers up: 
  world:    exited pid=0 restarts=0 started=2026-09-09T08:08:24.962353715Z
  database: exited pid=0 restarts=0 started=2026-09-09T08:05:42.732676577Z
  auth:     exited pid=0 restarts=0 started=2026-09-09T10:20:01.190288432Z
  ac-worldserver last 3 log line(s):
    | [0m[36mAll connections on DatabasePool 'acore_playerbots' closed.
    | [0m[36mClearing 500 queued operations
    | [0m
--- counts: before press 2 ---
  rows playercreateinfo                      UNREADABLE (SQL failed (query → acore_world): Error response from daemon: container 3c922e8e7c78d62c2ab93177595b2cd99d168cd738e392ca1b1e80d6e83e1b5f is not running)
  rows playercreateinfo_action               UNREADABLE (SQL failed (query → acore_world): Error response from daemon: container 3c922e8e7c78d62c2ab93177595b2cd99d168cd738e392ca1b1e80d6e83e1b5f is not running)
  rows playercreateinfo_skills               UNREADABLE (SQL failed (query → acore_world): Error response from daemon: container 3c922e8e7c78d62c2ab93177595b2cd99d168cd738e392ca1b1e80d6e83e1b5f is not running)
  rows playercreateinfo_spell_custom         UNREADABLE (SQL failed (query → acore_world): Error response from daemon: container 3c922e8e7c78d62c2ab93177595b2cd99d168cd738e392ca1b1e80d6e83e1b5f is not running)
  rows player_totem_model                    UNREADABLE (SQL failed (query → acore_world): Error response from daemon: container 3c922e8e7c78d62c2ab93177595b2cd99d168cd738e392ca1b1e80d6e83e1b5f is not running)
  rows quest_template                        UNREADABLE (SQL failed (query → acore_world): Error response from daemon: container 3c922e8e7c78d62c2ab93177595b2cd99d168cd738e392ca1b1e80d6e83e1b5f is not running)
  checksum playercreateinfo                  UNREADABLE (SQL failed (query → acore_world): Error response from daemon: container 3c922e8e7c78d62c2ab93177595b2cd99d168cd738e392ca1b1e80d6e83e1b5f is not running)
  checksum playercreateinfo_action           UNREADABLE (SQL failed (query → acore_world): Error response from daemon: container 3c922e8e7c78d62c2ab93177595b2cd99d168cd738e392ca1b1e80d6e83e1b5f is not running)
  checksum playercreateinfo_skills           UNREADABLE (SQL failed (query → acore_world): Error response from daemon: container 3c922e8e7c78d62c2ab93177595b2cd99d168cd738e392ca1b1e80d6e83e1b5f is not running)
  checksum playercreateinfo_spell_custom     UNREADABLE (SQL failed (query → acore_world): Error response from daemon: container 3c922e8e7c78d62c2ab93177595b2cd99d168cd738e392ca1b1e80d6e83e1b5f is not running)
  checksum player_totem_model                UNREADABLE (SQL failed (query → acore_world): Error response from daemon: container 3c922e8e7c78d62c2ab93177595b2cd99d168cd738e392ca1b1e80d6e83e1b5f is not running)
  checksum quest_template                    UNREADABLE (SQL failed (query → acore_world): Error response from daemon: container 3c922e8e7c78d62c2ab93177595b2cd99d168cd738e392ca1b1e80d6e83e1b5f is not running)
  skills_still_to_change                     UNREADABLE (SQL failed (query → acore_world): Error response from daemon: container 3c922e8e7c78d62c2ab93177595b2cd99d168cd738e392ca1b1e80d6e83e1b5f is not running)
  quests_still_to_change                     UNREADABLE (SQL failed (query → acore_world): Error response from daemon: container 3c922e8e7c78d62c2ab93177595b2cd99d168cd738e392ca1b1e80d6e83e1b5f is not running)
  quests_at_1791                             UNREADABLE (SQL failed (query → acore_world): Error response from daemon: container 3c922e8e7c78d62c2ab93177595b2cd99d168cd738e392ca1b1e80d6e83e1b5f is not running)
  totem_rows_for_arac_races                  UNREADABLE (SQL failed (query → acore_world): Error response from daemon: container 3c922e8e7c78d62c2ab93177595b2cd99d168cd738e392ca1b1e80d6e83e1b5f is not running)
2026-09-09 13:43:40 DEBUG [yulon.runner] run() called: command=['docker', 'inspect', 'ac-worldserver', '--format', '{{.State.Status}}\t{{.State.StartedAt}}\t{{.RestartCount}}'] cwd=None
2026-09-09 13:43:41 DEBUG [yulon.runner] run() called: command=['docker', 'inspect', 'ac-worldserver', '--format', '{{.State.Status}}\t{{.State.StartedAt}}\t{{.RestartCount}}'] cwd=None
ground: the seam answers False (False -- the guard permits)
[11:43:41Z] --- the press (Start will be pressed 2.0s in) ---
2026-09-09 13:43:41 DEBUG [yulon.runner] run() called: command=['git', '-c', 'core.autocrlf=false', '-c', 'core.eol=lf', '-c', 'http.version=HTTP/1.1', 'fetch', 'origin', 'HEAD'] cwd=/home/pk/wowserver/modules/mod-arac
2026-09-09 13:43:41 DEBUG [yulon.runner] run() called: command=['git', '-c', 'core.autocrlf=false', '-c', 'core.eol=lf', 'reset', '--hard', 'FETCH_HEAD'] cwd=/home/pk/wowserver/modules/mod-arac
2026-09-09 13:43:41 DEBUG [yulon.runner] run() called: command=['docker', 'inspect', 'ac-worldserver', '--format', '{{.State.Status}}\t{{.State.StartedAt}}\t{{.RestartCount}}'] cwd=None
2026-09-09 13:43:41 DEBUG [yulon.docker] status() called
2026-09-09 13:43:41 DEBUG [yulon.runner] run() called: command=['docker', 'ps', '--format', '{{.Names}}'] cwd=None
2026-09-09 13:43:41 INFO [yulon.docker] start_database(): starting ac-database alone
2026-09-09 13:43:41 DEBUG [yulon.runner] run() called: command=['docker', 'compose', 'up', '-d', '--no-deps', 'ac-database'] cwd=/home/pk/wowserver
2026-09-09 13:43:42 DEBUG [yulon.docker] wait_db_healthy() called: db_container=ac-database timeout=180.0
2026-09-09 13:43:42 DEBUG [yulon.docker] health() called: container=ac-database
2026-09-09 13:43:42 DEBUG [yulon.runner] run() called: command=['docker', 'inspect', 'ac-database', '--format', '{{.State.Health.Status}}'] cwd=None
[11:43:43Z] >>> RACING PRESS: svc.controller.start() (the Server tab's Start)
2026-09-09 13:43:43 DEBUG [yulon.docker] port_conflicts() called: ports=(3724, 8085)
2026-09-09 13:43:43 DEBUG [yulon.runner] run() called: command=['docker', 'ps', '--format', '{{.Names}}\t{{.Ports}}'] cwd=None
2026-09-09 13:43:43 INFO [yulon.docker] start_staged(): `compose up -d --no-deps ac-database ac-authserver ac-worldserver` in /home/pk/wowserver
2026-09-09 13:43:43 DEBUG [yulon.runner] run() called: command=['docker', 'compose', 'up', '-d', '--no-deps', 'ac-database', 'ac-authserver', 'ac-worldserver'] cwd=/home/pk/wowserver
2026-09-09 13:43:44 DEBUG [yulon.docker] health() called: container=ac-database
2026-09-09 13:43:44 DEBUG [yulon.runner] run() called: command=['docker', 'inspect', 'ac-database', '--format', '{{.State.Health.Status}}'] cwd=None
2026-09-09 13:43:46 DEBUG [yulon.docker] health() called: container=ac-database
2026-09-09 13:43:46 DEBUG [yulon.runner] run() called: command=['docker', 'inspect', 'ac-database', '--format', '{{.State.Health.Status}}'] cwd=None
2026-09-09 13:43:47 DEBUG [yulon.docker] status() called
2026-09-09 13:43:47 DEBUG [yulon.runner] run() called: command=['docker', 'ps', '--format', '{{.Names}}'] cwd=None
>>> controller.start() returned None
2026-09-09 13:43:48 DEBUG [yulon.docker] health() called: container=ac-database
2026-09-09 13:43:48 DEBUG [yulon.runner] run() called: command=['docker', 'inspect', 'ac-database', '--format', '{{.State.Health.Status}}'] cwd=None
2026-09-09 13:43:48 DEBUG [yulon.runner] run() called: command=['docker', 'inspect', 'ac-worldserver', '--format', '{{.State.Status}}\t{{.State.StartedAt}}\t{{.RestartCount}}'] cwd=None
ApplyError: mod-arac: the world server is running, and it holds world in memory and writes back over whatever it finds there. No SQL was run and no rows were written: sql data/sql/db-world/arac.sql → world. Press Stop, then install again — the steps this run already took repeat, and the SQL follows them.
[11:43:48Z] OUTCOME: REFUSED
the racing Start was pressed at ['11:43:43Z']
--- state at the end of press 2 ---
  containers up: ac-authserver Up Less than a second, ac-database Up 6 seconds (healthy), ac-worldserver Up Less than a second
  world:    running pid=532359 restarts=0 started=2026-09-09T11:43:47.437921109Z
  database: running pid=532011 restarts=0 started=2026-09-09T11:43:41.996332509Z
  auth:     running pid=532366 restarts=0 started=2026-09-09T11:43:47.440618749Z
  ac-worldserver last 3 log line(s):
    | [0m[36m> RealmID:              1
    | [0m[36m> Version DB world:     ACDB 335.17-dev
    | [0m[36mInitialize ALE Lua Engine...
--- counts: after press 2 ---
  rows playercreateinfo                      62
  rows playercreateinfo_action               283
  rows playercreateinfo_skills               77
  rows playercreateinfo_spell_custom         0
  rows player_totem_model                    20
  rows quest_template                        9464
  checksum playercreateinfo                  1375550933
  checksum playercreateinfo_action           1810990106
  checksum playercreateinfo_skills           1381324222
  checksum playercreateinfo_spell_custom     0
  checksum player_totem_model                58188735
  checksum quest_template                    4127409649
  skills_still_to_change                     5
  quests_still_to_change                     635
  quests_at_1791                             12
  totem_rows_for_arac_races                  0
saved /home/pk/t7-gate-out/counts-after-race.json
COUNTS CHANGED BY THE RACED PRESS: ['rows playercreateinfo: UNREADABLE (SQL failed (query → acore_world): Error response from daemon: container 3c922e8e7c78d62c2ab93177595b2cd99d168cd738e392ca1b1e80d6e83e1b5f is not running) -> 62', 'rows playercreateinfo_action: UNREADABLE (SQL failed (query → acore_world): Error response from daemon: container 3c922e8e7c78d62c2ab93177595b2cd99d168cd738e392ca1b1e80d6e83e1b5f is not running) -> 283', 'rows playercreateinfo_skills: UNREADABLE (SQL failed (query → acore_world): Error response from daemon: container 3c922e8e7c78d62c2ab93177595b2cd99d168cd738e392ca1b1e80d6e83e1b5f is not running) -> 77', 'rows playercreateinfo_spell_custom: UNREADABLE (SQL failed (query → acore_world): Error response from daemon: container 3c922e8e7c78d62c2ab93177595b2cd99d168cd738e392ca1b1e80d6e83e1b5f is not running) -> 0', 'rows player_totem_model: UNREADABLE (SQL failed (query → acore_world): Error response from daemon: container 3c922e8e7c78d62c2ab93177595b2cd99d168cd738e392ca1b1e80d6e83e1b5f is not running) -> 20', 'rows quest_template: UNREADABLE (SQL failed (query → acore_world): Error response from daemon: container 3c922e8e7c78d62c2ab93177595b2cd99d168cd738e392ca1b1e80d6e83e1b5f is not running) -> 9464', 'checksum playercreateinfo: UNREADABLE (SQL failed (query → acore_world): Error response from daemon: container 3c922e8e7c78d62c2ab93177595b2cd99d168cd738e392ca1b1e80d6e83e1b5f is not running) -> 1375550933', 'checksum playercreateinfo_action: UNREADABLE (SQL failed (query → acore_world): Error response from daemon: container 3c922e8e7c78d62c2ab93177595b2cd99d168cd738e392ca1b1e80d6e83e1b5f is not running) -> 1810990106', 'checksum playercreateinfo_skills: UNREADABLE (SQL failed (query → acore_world): Error response from daemon: container 3c922e8e7c78d62c2ab93177595b2cd99d168cd738e392ca1b1e80d6e83e1b5f is not running) -> 1381324222', 'checksum playercreateinfo_spell_custom: UNREADABLE (SQL failed (query → acore_world): Error response from daemon: container 3c922e8e7c78d62c2ab93177595b2cd99d168cd738e392ca1b1e80d6e83e1b5f is not running) -> 0', 'checksum player_totem_model: UNREADABLE (SQL failed (query → acore_world): Error response from daemon: container 3c922e8e7c78d62c2ab93177595b2cd99d168cd738e392ca1b1e80d6e83e1b5f is not running) -> 58188735', 'checksum quest_template: UNREADABLE (SQL failed (query → acore_world): Error response from daemon: container 3c922e8e7c78d62c2ab93177595b2cd99d168cd738e392ca1b1e80d6e83e1b5f is not running) -> 4127409649', 'skills_still_to_change: UNREADABLE (SQL failed (query → acore_world): Error response from daemon: container 3c922e8e7c78d62c2ab93177595b2cd99d168cd738e392ca1b1e80d6e83e1b5f is not running) -> 5', 'quests_still_to_change: UNREADABLE (SQL failed (query → acore_world): Error response from daemon: container 3c922e8e7c78d62c2ab93177595b2cd99d168cd738e392ca1b1e80d6e83e1b5f is not running) -> 635', 'quests_at_1791: UNREADABLE (SQL failed (query → acore_world): Error response from daemon: container 3c922e8e7c78d62c2ab93177595b2cd99d168cd738e392ca1b1e80d6e83e1b5f is not running) -> 12', 'totem_rows_for_arac_races: UNREADABLE (SQL failed (query → acore_world): Error response from daemon: container 3c922e8e7c78d62c2ab93177595b2cd99d168cd738e392ca1b1e80d6e83e1b5f is not running) -> 0']
