=== PRESS 3: the same step again, WORLD STOPPED, DATABASE DOWN ===
2026-09-09 13:44:33 DEBUG [yulon.platform] config_dir() resolving for platform='linux'
2026-09-09 13:44:33 DEBUG [yulon.platform] config_dir() resolving for platform='linux'
2026-09-09 13:44:33 DEBUG [yulon.platform] config_dir() resolving for platform='linux'
2026-09-09 13:44:33 DEBUG [yulon.platform] config_dir() resolving for platform='linux'
2026-09-09 13:44:33 DEBUG [yulon.platform] config_dir() resolving for platform='linux'
--- the seams on the applier the app built (read, never assigned) ---
  yulon package under test: /home/pk/t7/pylauncher/yulon/__init__.py
  applier._world_running   = <function _for_wotlk.<locals>.<lambda> at 0x70a954adbc40>
  applier._start_database  = <function _for_wotlk.<locals>.<lambda> at 0x70a954adbce0>
2026-09-09 13:44:33 DEBUG [yulon.runner] run() called: command=['docker', 'inspect', 'ac-worldserver', '--format', '{{.State.Status}}\t{{.State.StartedAt}}\t{{.RestartCount}}'] cwd=None
  applier._world_running() answers False right now
--- state at the ground of press 3 ---
  containers up: 
  world:    exited pid=0 restarts=0 started=2026-09-09T11:43:47.437921109Z
  database: exited pid=0 restarts=0 started=2026-09-09T11:43:41.996332509Z
  auth:     exited pid=0 restarts=0 started=2026-09-09T11:43:47.440618749Z
  ac-worldserver last 3 log line(s):
    | [0m[36mAsynchronous connections on DatabasePool 'acore_playerbots' terminated. Proceeding with synchronous connections.
    | [0m[36mAll connections on DatabasePool 'acore_playerbots' closed.
    | [0m
2026-09-09 13:44:33 DEBUG [yulon.docker] status() called
2026-09-09 13:44:33 DEBUG [yulon.runner] run() called: command=['docker', 'ps', '--format', '{{.Names}}'] cwd=None
ground: controller.status() = InstallStatus(db=False, auth=False, world=False)
--- mod-arac on disk: before press 3 ---
  modules/mod-arac is a dir                    True
  files in it                                  ['.git', '.github', '.yulon-clone.json', 'LICENSE', 'Patch-A.MPQ', 'README.md', 'data', 'icon.png', 'icons.png', 'images', 'include.sh', 'patch-contents']
  marker .arac_sql_applied                     False
  mod_arac conf under env/dist/etc/modules     []
  modules/ on disk                             ['.gitkeep', 'CMakeLists.txt', 'ModulesLoader.cpp.in.cmake', 'ModulesPCH.h', 'ModulesScriptLoader.h', 'create_module.sh', 'how_to_make_a_module.md', 'mod-ale', 'mod-arac', 'mod-playerbots']
2026-09-09 13:44:33 DEBUG [yulon.runner] run() called: command=['docker', 'inspect', 'ac-worldserver', '--format', '{{.State.Status}}\t{{.State.StartedAt}}\t{{.RestartCount}}'] cwd=None
2026-09-09 13:44:33 DEBUG [yulon.runner] run() called: command=['docker', 'inspect', 'ac-worldserver', '--format', '{{.State.Status}}\t{{.State.StartedAt}}\t{{.RestartCount}}'] cwd=None
ground: the seam answers False
ground: the database is exited pid=0 restarts=0 started=2026-09-09T11:43:41.996332509Z
--- counts: before press 3 (read through the applier's own runner) ---
  rows playercreateinfo                      UNREADABLE (SQL failed (query → acore_world): Error response from daemon: container 3c922e8e7c78d62c2ab93177595b2cd99d168cd738e392ca1b1e80d6e83e1b5f is not running)
  rows playercreateinfo_action               UNREADABLE (SQL failed (query → acore_world): Error response from daemon: container 3c922e8e7c78d62c2ab93177595b2cd99d168cd738e392ca1b1e80d6e83e1b5f is not running)
  rows playercreateinfo_skills               UNREADABLE (SQL failed (query → acore_world): Error response from daemon: container 3c922e8e7c78d62c2ab93177595b2cd99d168cd738e392ca1b1e80d6e83e1b5f is not running)
  rows playercreateinfo_spell_custom         UNREADABLE (SQL failed (query → acore_world): Error response from daemon: container 3c922e8e7c78d62c2ab93177595b2cd99d168cd738e392ca1b1e80d6e83e1b5f is not running)
  rows player_totem_model                    UNREADABLE (SQL failed (query → acore_world): Error response from daemon: container 3c922e8e7c78d62c2ab93177595b2cd99d168cd738e392ca1b1e80d6e83e1b5f is not running)
  rows quest_template                        UNREADABLE (SQL failed (query → acore_world): Error response from daemon: container 3c922e8e7c78d62c2ab93177595b2cd99d168cd738e392ca1b1e80d6e83e1b5f is not running)
  checksum playercreateinfo                  UNREADABLE (SQL failed (query → acore_world): Error response from daemon: container 3c922e8e7c78d62c2ab93177595b2cd99d168cd738e392ca1b1e80d6e83e1b5f is not running)
  checksum playercreateinfo_action           UNREADABLE (SQL failed (query → acore_world): Error response from daemon: container 3c922e8e7c78d62c2ab93177595b2cd99d168cd738e392ca1b1e80d6e83e1b5f is not running)
  checksum playercreateinfo_skills           UNREADABLE (SQL failed (query → acore_world): Error response from daemon: container 3c922e8e7c78d62c2ab93177595b2cd99d168cd738e392ca1b1e80d6e83e1b5f is not running)
  checksum playercreateinfo_spell_custom     UNREADABLE (SQL failed (query → acore_world): Error response from daemon: container 3c922e8e7c78d62c2ab93177595b2cd99d168cd738e392ca1b1e80d6e83e1b5f is not running)
  checksum player_totem_model                UNREADABLE (SQL failed (query → acore_world): Error response from daemon: container 3c922e8e7c78d62c2ab93177595b2cd99d168cd738e392ca1b1e80d6e83e1b5f is not running)
  checksum quest_template                    UNREADABLE (SQL failed (query → acore_world): Error response from daemon: container 3c922e8e7c78d62c2ab93177595b2cd99d168cd738e392ca1b1e80d6e83e1b5f is not running)
  skills_still_to_change                     UNREADABLE (SQL failed (query → acore_world): Error response from daemon: container 3c922e8e7c78d62c2ab93177595b2cd99d168cd738e392ca1b1e80d6e83e1b5f is not running)
  quests_still_to_change                     UNREADABLE (SQL failed (query → acore_world): Error response from daemon: container 3c922e8e7c78d62c2ab93177595b2cd99d168cd738e392ca1b1e80d6e83e1b5f is not running)
  quests_at_1791                             UNREADABLE (SQL failed (query → acore_world): Error response from daemon: container 3c922e8e7c78d62c2ab93177595b2cd99d168cd738e392ca1b1e80d6e83e1b5f is not running)
  totem_rows_for_arac_races                  UNREADABLE (SQL failed (query → acore_world): Error response from daemon: container 3c922e8e7c78d62c2ab93177595b2cd99d168cd738e392ca1b1e80d6e83e1b5f is not running)
[11:44:34Z] --- the press ---
2026-09-09 13:44:34 DEBUG [yulon.runner] run() called: command=['git', '-c', 'core.autocrlf=false', '-c', 'core.eol=lf', '-c', 'http.version=HTTP/1.1', 'fetch', 'origin', 'HEAD'] cwd=/home/pk/wowserver/modules/mod-arac
2026-09-09 13:44:34 DEBUG [yulon.runner] run() called: command=['git', '-c', 'core.autocrlf=false', '-c', 'core.eol=lf', 'reset', '--hard', 'FETCH_HEAD'] cwd=/home/pk/wowserver/modules/mod-arac
2026-09-09 13:44:34 DEBUG [yulon.runner] run() called: command=['docker', 'inspect', 'ac-worldserver', '--format', '{{.State.Status}}\t{{.State.StartedAt}}\t{{.RestartCount}}'] cwd=None
2026-09-09 13:44:34 DEBUG [yulon.docker] status() called
2026-09-09 13:44:34 DEBUG [yulon.runner] run() called: command=['docker', 'ps', '--format', '{{.Names}}'] cwd=None
2026-09-09 13:44:34 INFO [yulon.docker] start_database(): starting ac-database alone
2026-09-09 13:44:34 DEBUG [yulon.runner] run() called: command=['docker', 'compose', 'up', '-d', '--no-deps', 'ac-database'] cwd=/home/pk/wowserver
2026-09-09 13:44:35 DEBUG [yulon.docker] wait_db_healthy() called: db_container=ac-database timeout=180.0
2026-09-09 13:44:35 DEBUG [yulon.docker] health() called: container=ac-database
2026-09-09 13:44:35 DEBUG [yulon.runner] run() called: command=['docker', 'inspect', 'ac-database', '--format', '{{.State.Health.Status}}'] cwd=None
2026-09-09 13:44:37 DEBUG [yulon.docker] health() called: container=ac-database
2026-09-09 13:44:37 DEBUG [yulon.runner] run() called: command=['docker', 'inspect', 'ac-database', '--format', '{{.State.Health.Status}}'] cwd=None
2026-09-09 13:44:39 DEBUG [yulon.docker] health() called: container=ac-database
2026-09-09 13:44:39 DEBUG [yulon.runner] run() called: command=['docker', 'inspect', 'ac-database', '--format', '{{.State.Health.Status}}'] cwd=None
2026-09-09 13:44:41 DEBUG [yulon.docker] health() called: container=ac-database
2026-09-09 13:44:41 DEBUG [yulon.runner] run() called: command=['docker', 'inspect', 'ac-database', '--format', '{{.State.Health.Status}}'] cwd=None
2026-09-09 13:44:41 DEBUG [yulon.runner] run() called: command=['docker', 'inspect', 'ac-worldserver', '--format', '{{.State.Status}}\t{{.State.StartedAt}}\t{{.RestartCount}}'] cwd=None
2026-09-09 13:44:42 INFO [yulon.apply] install mod-arac: 3 step(s), 2 skipped, 0 left unapplied, rebuild=False
[11:44:42Z] install() returned after 8.8s
saved the tab's own rendering to /home/pk/t7-gate-out/success-report.txt
ApplyReport action=install item=mod-arac
done:
  clone https://github.com/heyitsbench/mod-arac.git → modules/mod-arac
  started the database alone; the world server was left stopped
  sql data/sql/db-world/arac.sql → world
skipped:
  client Patch-A.MPQ: no client dir configured
  server_dbc patch-contents/DBFilesContent: no DBC copier configured
pending_sql:
rebuild_required=False  restart_recommended=True
the report carries 'started the database alone; the world server was left stopped': True
[11:44:42Z] OUTCOME: APPLIED
--- state at the end of press 3 -- the world must still be exited ---
  containers up: ac-database Up 7 seconds (healthy)
  world:    exited pid=0 restarts=0 started=2026-09-09T11:43:47.437921109Z
  database: running pid=534365 restarts=0 started=2026-09-09T11:44:34.971259927Z
  auth:     exited pid=0 restarts=0 started=2026-09-09T11:43:47.440618749Z
  ac-worldserver last 3 log line(s):
    | [0m[36mAsynchronous connections on DatabasePool 'acore_playerbots' terminated. Proceeding with synchronous connections.
    | [0m[36mAll connections on DatabasePool 'acore_playerbots' closed.
    | [0m
--- mod-arac on disk: after press 3 ---
  modules/mod-arac is a dir                    True
  files in it                                  ['.git', '.github', '.yulon-clone.json', 'LICENSE', 'Patch-A.MPQ', 'README.md', 'data', 'icon.png', 'icons.png', 'images', 'include.sh', 'patch-contents']
  marker .arac_sql_applied                     False
  mod_arac conf under env/dist/etc/modules     []
  modules/ on disk                             ['.gitkeep', 'CMakeLists.txt', 'ModulesLoader.cpp.in.cmake', 'ModulesPCH.h', 'ModulesScriptLoader.h', 'create_module.sh', 'how_to_make_a_module.md', 'mod-ale', 'mod-arac', 'mod-playerbots']
--- counts: after press 3 ---
  rows playercreateinfo                      100
  rows playercreateinfo_action               488
  rows playercreateinfo_skills               77
  rows playercreateinfo_spell_custom         7219
  rows player_totem_model                    40
  rows quest_template                        9464
  checksum playercreateinfo                  773387713
  checksum playercreateinfo_action           3925301461
  checksum playercreateinfo_skills           4287417897
  checksum playercreateinfo_spell_custom     840767378
  checksum player_totem_model                3963586888
  checksum quest_template                    1875883529
  skills_still_to_change                     0
  quests_still_to_change                     0
  quests_at_1791                             647
  totem_rows_for_arac_races                  20
saved /home/pk/t7-gate-out/counts-after-success.json
WHAT MOVED:
  rows playercreateinfo: UNREADABLE (SQL failed (query → acore_world): Error response from daemon: container 3c922e8e7c78d62c2ab93177595b2cd99d168cd738e392ca1b1e80d6e83e1b5f is not running) -> 100
  rows playercreateinfo_action: UNREADABLE (SQL failed (query → acore_world): Error response from daemon: container 3c922e8e7c78d62c2ab93177595b2cd99d168cd738e392ca1b1e80d6e83e1b5f is not running) -> 488
  rows playercreateinfo_skills: UNREADABLE (SQL failed (query → acore_world): Error response from daemon: container 3c922e8e7c78d62c2ab93177595b2cd99d168cd738e392ca1b1e80d6e83e1b5f is not running) -> 77
  rows playercreateinfo_spell_custom: UNREADABLE (SQL failed (query → acore_world): Error response from daemon: container 3c922e8e7c78d62c2ab93177595b2cd99d168cd738e392ca1b1e80d6e83e1b5f is not running) -> 7219
  rows player_totem_model: UNREADABLE (SQL failed (query → acore_world): Error response from daemon: container 3c922e8e7c78d62c2ab93177595b2cd99d168cd738e392ca1b1e80d6e83e1b5f is not running) -> 40
  rows quest_template: UNREADABLE (SQL failed (query → acore_world): Error response from daemon: container 3c922e8e7c78d62c2ab93177595b2cd99d168cd738e392ca1b1e80d6e83e1b5f is not running) -> 9464
  checksum playercreateinfo: UNREADABLE (SQL failed (query → acore_world): Error response from daemon: container 3c922e8e7c78d62c2ab93177595b2cd99d168cd738e392ca1b1e80d6e83e1b5f is not running) -> 773387713
  checksum playercreateinfo_action: UNREADABLE (SQL failed (query → acore_world): Error response from daemon: container 3c922e8e7c78d62c2ab93177595b2cd99d168cd738e392ca1b1e80d6e83e1b5f is not running) -> 3925301461
  checksum playercreateinfo_skills: UNREADABLE (SQL failed (query → acore_world): Error response from daemon: container 3c922e8e7c78d62c2ab93177595b2cd99d168cd738e392ca1b1e80d6e83e1b5f is not running) -> 4287417897
  checksum playercreateinfo_spell_custom: UNREADABLE (SQL failed (query → acore_world): Error response from daemon: container 3c922e8e7c78d62c2ab93177595b2cd99d168cd738e392ca1b1e80d6e83e1b5f is not running) -> 840767378
  checksum player_totem_model: UNREADABLE (SQL failed (query → acore_world): Error response from daemon: container 3c922e8e7c78d62c2ab93177595b2cd99d168cd738e392ca1b1e80d6e83e1b5f is not running) -> 3963586888
  checksum quest_template: UNREADABLE (SQL failed (query → acore_world): Error response from daemon: container 3c922e8e7c78d62c2ab93177595b2cd99d168cd738e392ca1b1e80d6e83e1b5f is not running) -> 1875883529
  skills_still_to_change: UNREADABLE (SQL failed (query → acore_world): Error response from daemon: container 3c922e8e7c78d62c2ab93177595b2cd99d168cd738e392ca1b1e80d6e83e1b5f is not running) -> 0
  quests_still_to_change: UNREADABLE (SQL failed (query → acore_world): Error response from daemon: container 3c922e8e7c78d62c2ab93177595b2cd99d168cd738e392ca1b1e80d6e83e1b5f is not running) -> 0
  quests_at_1791: UNREADABLE (SQL failed (query → acore_world): Error response from daemon: container 3c922e8e7c78d62c2ab93177595b2cd99d168cd738e392ca1b1e80d6e83e1b5f is not running) -> 647
  totem_rows_for_arac_races: UNREADABLE (SQL failed (query → acore_world): Error response from daemon: container 3c922e8e7c78d62c2ab93177595b2cd99d168cd738e392ca1b1e80d6e83e1b5f is not running) -> 20
