=== REMOVE mod-arac through the app's applier ===
2026-09-09 13:45:11 DEBUG [yulon.platform] config_dir() resolving for platform='linux'
2026-09-09 13:45:11 DEBUG [yulon.platform] config_dir() resolving for platform='linux'
2026-09-09 13:45:11 DEBUG [yulon.platform] config_dir() resolving for platform='linux'
2026-09-09 13:45:11 DEBUG [yulon.platform] config_dir() resolving for platform='linux'
2026-09-09 13:45:11 DEBUG [yulon.platform] config_dir() resolving for platform='linux'
--- the seams on the applier the app built (read, never assigned) ---
  yulon package under test: /home/pk/t7/pylauncher/yulon/__init__.py
  applier._world_running   = <function _for_wotlk.<locals>.<lambda> at 0x781eb9bb7c40>
  applier._start_database  = <function _for_wotlk.<locals>.<lambda> at 0x781eb9bb7ce0>
2026-09-09 13:45:11 DEBUG [yulon.runner] run() called: command=['docker', 'inspect', 'ac-worldserver', '--format', '{{.State.Status}}\t{{.State.StartedAt}}\t{{.RestartCount}}'] cwd=None
  applier._world_running() answers False right now
--- state at the ground of the remove ---
  containers up: ac-database Up 36 seconds (healthy)
  world:    exited pid=0 restarts=0 started=2026-09-09T11:43:47.437921109Z
  database: running pid=534365 restarts=0 started=2026-09-09T11:44:34.971259927Z
  auth:     exited pid=0 restarts=0 started=2026-09-09T11:43:47.440618749Z
  ac-worldserver last 3 log line(s):
    | [0m[36mAsynchronous connections on DatabasePool 'acore_playerbots' terminated. Proceeding with synchronous connections.
    | [0m[36mAll connections on DatabasePool 'acore_playerbots' closed.
    | [0m
--- mod-arac on disk: before remove ---
  modules/mod-arac is a dir                    True
  files in it                                  ['.git', '.github', '.yulon-clone.json', 'LICENSE', 'Patch-A.MPQ', 'README.md', 'data', 'icon.png', 'icons.png', 'images', 'include.sh', 'patch-contents']
  marker .arac_sql_applied                     False
  mod_arac conf under env/dist/etc/modules     []
  modules/ on disk                             ['.gitkeep', 'CMakeLists.txt', 'ModulesLoader.cpp.in.cmake', 'ModulesPCH.h', 'ModulesScriptLoader.h', 'create_module.sh', 'how_to_make_a_module.md', 'mod-ale', 'mod-arac', 'mod-playerbots']
--- counts: before remove ---
  rows playercreateinfo                      100
  rows playercreateinfo_action               488
  rows playercreateinfo_skills               77
  rows playercreateinfo_spell_custom         7219
  rows player_totem_model                    40
  rows quest_template                        9464
  checksum playercreateinfo                  773387713
  checksum playercreateinfo_action           3925301461
  checksum playercreateinfo_skills           4287417897
  checksum playercreateinfo_spell_custom     840767378
  checksum player_totem_model                3963586888
  checksum quest_template                    1875883529
  skills_still_to_change                     0
  quests_still_to_change                     0
  quests_at_1791                             647
  totem_rows_for_arac_races                  20
[11:45:13Z] --- applier.remove(manifest) ---
2026-09-09 13:45:13 INFO [yulon.apply] remove mod-arac: 1 step(s), 0 skipped, 0 left unapplied, rebuild=False
saved the tab's own rendering to /home/pk/t7-gate-out/remove-report.txt
ApplyReport action=remove item=mod-arac
done:
  rm -r modules/mod-arac
skipped:
pending_sql:
rebuild_required=False  restart_recommended=True
--- mod-arac on disk: after remove ---
  modules/mod-arac is a dir                    False
  files in it                                  []
  marker .arac_sql_applied                     False
  mod_arac conf under env/dist/etc/modules     []
  modules/ on disk                             ['.gitkeep', 'CMakeLists.txt', 'ModulesLoader.cpp.in.cmake', 'ModulesPCH.h', 'ModulesScriptLoader.h', 'create_module.sh', 'how_to_make_a_module.md', 'mod-ale', 'mod-playerbots']
--- counts: after remove ---
  rows playercreateinfo                      100
  rows playercreateinfo_action               488
  rows playercreateinfo_skills               77
  rows playercreateinfo_spell_custom         7219
  rows player_totem_model                    40
  rows quest_template                        9464
  checksum playercreateinfo                  773387713
  checksum playercreateinfo_action           3925301461
  checksum playercreateinfo_skills           4287417897
  checksum playercreateinfo_spell_custom     840767378
  checksum player_totem_model                3963586888
  checksum quest_template                    1875883529
  skills_still_to_change                     0
  quests_still_to_change                     0
  quests_at_1791                             647
  totem_rows_for_arac_races                  20
saved /home/pk/t7-gate-out/counts-after-remove.json
STILL DIFFERENT FROM THE GROUND AFTER THE REMOVE:
  rows playercreateinfo: 62 -> 100
  rows playercreateinfo_action: 283 -> 488
  rows playercreateinfo_spell_custom: 0 -> 7219
  rows player_totem_model: 20 -> 40
  checksum playercreateinfo: 1375550933 -> 773387713
  checksum playercreateinfo_action: 1810990106 -> 3925301461
  checksum playercreateinfo_skills: 1381324222 -> 4287417897
  checksum playercreateinfo_spell_custom: 0 -> 840767378
  checksum player_totem_model: 58188735 -> 3963586888
  checksum quest_template: 4127409649 -> 1875883529
  skills_still_to_change: 5 -> 0
  quests_still_to_change: 635 -> 0
  quests_at_1791: 12 -> 647
  totem_rows_for_arac_races: 0 -> 20
--- state at the end of the remove ---
  containers up: ac-database Up 40 seconds (healthy)
  world:    exited pid=0 restarts=0 started=2026-09-09T11:43:47.437921109Z
  database: running pid=534365 restarts=0 started=2026-09-09T11:44:34.971259927Z
  auth:     exited pid=0 restarts=0 started=2026-09-09T11:43:47.440618749Z
  ac-worldserver last 3 log line(s):
    | [0m[36mAsynchronous connections on DatabasePool 'acore_playerbots' terminated. Proceeding with synchronous connections.
    | [0m[36mAll connections on DatabasePool 'acore_playerbots' closed.
    | [0m
