2026-09-09 13:45:26 DEBUG [yulon.platform] config_dir() resolving for platform='linux'
2026-09-09 13:45:26 DEBUG [yulon.platform] config_dir() resolving for platform='linux'
2026-09-09 13:45:26 DEBUG [yulon.platform] config_dir() resolving for platform='linux'
2026-09-09 13:45:26 DEBUG [yulon.platform] config_dir() resolving for platform='linux'
2026-09-09 13:45:26 DEBUG [yulon.platform] config_dir() resolving for platform='linux'
--- the seams on the applier the app built (read, never assigned) ---
  yulon package under test: /home/pk/t7/pylauncher/yulon/__init__.py
  applier._world_running   = <function _for_wotlk.<locals>.<lambda> at 0x72d6b60dbc40>
  applier._start_database  = <function _for_wotlk.<locals>.<lambda> at 0x72d6b60dbce0>
2026-09-09 13:45:26 DEBUG [yulon.runner] run() called: command=['docker', 'inspect', 'ac-worldserver', '--format', '{{.State.Status}}\t{{.State.StartedAt}}\t{{.RestartCount}}'] cwd=None
  applier._world_running() answers False right now
=== RESTORE the six tables from the pre-press dump ===
--- state at before the restore -- the world must NOT be running ---
  containers up: ac-database Up 51 seconds (healthy)
  world:    exited pid=0 restarts=0 started=2026-09-09T11:43:47.437921109Z
  database: running pid=534365 restarts=0 started=2026-09-09T11:44:34.971259927Z
  auth:     exited pid=0 restarts=0 started=2026-09-09T11:43:47.440618749Z
  ac-worldserver last 3 log line(s):
    | [0m[36mAsynchronous connections on DatabasePool 'acore_playerbots' terminated. Proceeding with synchronous connections.
    | [0m[36mAll connections on DatabasePool 'acore_playerbots' closed.
    | [0m
2026-09-09 13:45:26 DEBUG [yulon.runner] run() called: command=['docker', 'inspect', 'ac-worldserver', '--format', '{{.State.Status}}\t{{.State.StartedAt}}\t{{.RestartCount}}'] cwd=None
--- counts: before restore ---
  rows playercreateinfo                      100
  rows playercreateinfo_action               488
  rows playercreateinfo_skills               77
  rows playercreateinfo_spell_custom         7219
  rows player_totem_model                    40
  rows quest_template                        9464
  checksum playercreateinfo                  773387713
  checksum playercreateinfo_action           3925301461
  checksum playercreateinfo_skills           4287417897
  checksum playercreateinfo_spell_custom     840767378
  checksum player_totem_model                3963586888
  checksum quest_template                    1875883529
  skills_still_to_change                     0
  quests_still_to_change                     0
  quests_at_1791                             647
  totem_rows_for_arac_races                  20
argv: ['docker', 'exec', '-i', '-e', 'MYSQL_PWD', 'ac-database', 'mysql', '-uroot', 'acore_world']   from /home/pk/t7-gate-out/world-six-tables-before.sql (7038460 bytes)
rc=0 stderr=''
--- counts: after restore ---
  rows playercreateinfo                      62
  rows playercreateinfo_action               283
  rows playercreateinfo_skills               77
  rows playercreateinfo_spell_custom         0
  rows player_totem_model                    20
  rows quest_template                        9464
  checksum playercreateinfo                  1375550933
  checksum playercreateinfo_action           1810990106
  checksum playercreateinfo_skills           1381324222
  checksum playercreateinfo_spell_custom     0
  checksum player_totem_model                58188735
  checksum quest_template                    4127409649
  skills_still_to_change                     5
  quests_still_to_change                     635
  quests_at_1791                             12
  totem_rows_for_arac_races                  0
saved /home/pk/t7-gate-out/counts-after-restore.json
DIFFERENT FROM THE GROUND AFTER THE RESTORE:
    nothing -- every count and every checksum is the ground reading
--- state at the end of the restore ---
  containers up: ac-database Up 57 seconds (healthy)
  world:    exited pid=0 restarts=0 started=2026-09-09T11:43:47.437921109Z
  database: running pid=534365 restarts=0 started=2026-09-09T11:44:34.971259927Z
  auth:     exited pid=0 restarts=0 started=2026-09-09T11:43:47.440618749Z
  ac-worldserver last 3 log line(s):
    | [0m[36mAsynchronous connections on DatabasePool 'acore_playerbots' terminated. Proceeding with synchronous connections.
    | [0m[36mAll connections on DatabasePool 'acore_playerbots' closed.
    | [0m
