=== START, through the app's own control (Controller.start) ===
2026-09-09 13:45:43 DEBUG [yulon.platform] config_dir() resolving for platform='linux'
2026-09-09 13:45:43 DEBUG [yulon.platform] config_dir() resolving for platform='linux'
2026-09-09 13:45:43 DEBUG [yulon.platform] config_dir() resolving for platform='linux'
2026-09-09 13:45:43 DEBUG [yulon.platform] config_dir() resolving for platform='linux'
2026-09-09 13:45:43 DEBUG [yulon.platform] config_dir() resolving for platform='linux'
--- the seams on the applier the app built (read, never assigned) ---
  yulon package under test: /home/pk/t7/pylauncher/yulon/__init__.py
  applier._world_running   = <function _for_wotlk.<locals>.<lambda> at 0x7738125bbc40>
  applier._start_database  = <function _for_wotlk.<locals>.<lambda> at 0x7738125bbce0>
2026-09-09 13:45:43 DEBUG [yulon.runner] run() called: command=['docker', 'inspect', 'ac-worldserver', '--format', '{{.State.Status}}\t{{.State.StartedAt}}\t{{.RestartCount}}'] cwd=None
  applier._world_running() answers False right now
--- state at before the start ---
  containers up: ac-database Up About a minute (healthy)
  world:    exited pid=0 restarts=0 started=2026-09-09T11:43:47.437921109Z
  database: running pid=534365 restarts=0 started=2026-09-09T11:44:34.971259927Z
  auth:     exited pid=0 restarts=0 started=2026-09-09T11:43:47.440618749Z
  ac-worldserver last 3 log line(s):
    | [0m[36mAsynchronous connections on DatabasePool 'acore_playerbots' terminated. Proceeding with synchronous connections.
    | [0m[36mAll connections on DatabasePool 'acore_playerbots' closed.
    | [0m
[11:45:43Z] --- svc.controller.start() ---
2026-09-09 13:45:43 DEBUG [yulon.docker] port_conflicts() called: ports=(3724, 8085)
2026-09-09 13:45:43 DEBUG [yulon.runner] run() called: command=['docker', 'ps', '--format', '{{.Names}}\t{{.Ports}}'] cwd=None
2026-09-09 13:45:43 INFO [yulon.docker] start_staged(): `compose up -d --no-deps ac-database ac-authserver ac-worldserver` in /home/pk/wowserver
2026-09-09 13:45:43 DEBUG [yulon.runner] run() called: command=['docker', 'compose', 'up', '-d', '--no-deps', 'ac-database', 'ac-authserver', 'ac-worldserver'] cwd=/home/pk/wowserver
2026-09-09 13:45:44 DEBUG [yulon.docker] status() called
2026-09-09 13:45:44 DEBUG [yulon.runner] run() called: command=['docker', 'ps', '--format', '{{.Names}}'] cwd=None
[11:45:44Z] start() returned None in 1.2s
--- state at after the start ---
  containers up: ac-authserver Up Less than a second, ac-database Up About a minute (healthy), ac-worldserver Up Less than a second
  world:    running pid=538052 restarts=0 started=2026-09-09T11:45:44.364192855Z
  database: running pid=534365 restarts=0 started=2026-09-09T11:44:34.971259927Z
  auth:     running pid=538055 restarts=0 started=2026-09-09T11:45:44.361019208Z
  ac-worldserver last 3 log line(s):
    | [0m[36m
    | [0m[36m> Config: Found config value 'WorldDatabaseInfo' from environment variable 'AC_WORLD_DATABASE_INFO'.
    | [0m[36mOpening DatabasePool 'acore_world'. Asynchronous connections: 1, synchronous connections: 1.
2026-09-09 13:45:44 DEBUG [yulon.docker] status() called
2026-09-09 13:45:44 DEBUG [yulon.runner] run() called: command=['docker', 'ps', '--format', '{{.Names}}'] cwd=None
after: controller.status() = InstallStatus(db=True, auth=True, world=True)
2026-09-09 13:45:44 DEBUG [yulon.runner] run() called: command=['docker', 'inspect', 'ac-worldserver', '--format', '{{.State.Status}}\t{{.State.StartedAt}}\t{{.RestartCount}}'] cwd=None
after: the applier's own seam answers True
