==============================================================
T18 live, step 02: deploy, restart through the app, and the BEFORE reading -- 22:00:29 CEST -- yulon-ubuntu
==============================================================

---- the deploy, through the app's own seam (party.deploy -- 'Enable My Party') -- 22:00:29 CEST ----
2026-09-10 22:00:30 INFO [yulon.party] deployed 6 bridge scripts to /home/pk/wowserver/env/dist/etc/modules/lua_scripts (changed=True)
lua_root  = /home/pk/t18-live/pylauncher/lua
dest_dir  = /home/pk/wowserver/env/dist/etc/modules/lua_scripts
deploy -> changed=True names=('dml_addclass.lua', 'dml_botadd.lua', 'dml_bridge_ping.lua', 'dml_login.lua', 'dml_uninvite.lua', 'dml_whisper.lua')

---- the deployed bytes are now this ticket's bytes -- 22:00:30 CEST ----
8e0d6a0cb68c935ae256343f08c69d38  /home/pk/wowserver/env/dist/etc/modules/lua_scripts/dml_addclass.lua
958b0966ec795e655868178a1f643ba1  /home/pk/wowserver/env/dist/etc/modules/lua_scripts/dml_botadd.lua
c1cc8dfc75558d1dd4d15253aa1b99c1  /home/pk/wowserver/env/dist/etc/modules/lua_scripts/dml_bridge_ping.lua
29d64c674c1a0f9e85def3aba9c79499  /home/pk/wowserver/env/dist/etc/modules/lua_scripts/dml_login.lua
3a8dcdb503b023be4e9a526fb70fe499  /home/pk/wowserver/env/dist/etc/modules/lua_scripts/dml_uninvite.lua
2cf5d7163336b5efd48611868974ccb0  /home/pk/wowserver/env/dist/etc/modules/lua_scripts/dml_whisper.lua
8e0d6a0cb68c935ae256343f08c69d38  /home/pk/t18-live/pylauncher/lua/party/dml_addclass.lua
958b0966ec795e655868178a1f643ba1  /home/pk/t18-live/pylauncher/lua/party/dml_botadd.lua
c1cc8dfc75558d1dd4d15253aa1b99c1  /home/pk/t18-live/pylauncher/lua/party/dml_bridge_ping.lua
29d64c674c1a0f9e85def3aba9c79499  /home/pk/t18-live/pylauncher/lua/party/dml_login.lua
3a8dcdb503b023be4e9a526fb70fe499  /home/pk/t18-live/pylauncher/lua/party/dml_uninvite.lua
2cf5d7163336b5efd48611868974ccb0  /home/pk/t18-live/pylauncher/lua/party/dml_whisper.lua

---- this lane's staging harness, beside the bridge and not part of it -- 22:00:30 CEST ----
24b75799c91963a565de7ee3113dfabf  /home/pk/t18-live/pyplan/gates/8.6-spec-takes-effect-yulon-ubuntu2-2026-09-10/t18_stage.lua
24b75799c91963a565de7ee3113dfabf  /home/pk/wowserver/env/dist/etc/modules/lua_scripts/t18_stage.lua
total 112
-rw-rw-r-- 1 pk pk  3167 Sep  8 20:53 dml_addclass.lua
-rw-r--r-- 1 pk pk  5005 Sep 10 21:32 dml_botadd.lua
-rw-rw-r-- 1 pk pk  2379 Sep  8 20:53 dml_bridge_ping.lua
-rw-rw-r-- 1 pk pk  1276 Sep  8 20:53 dml_login.lua
-rw-r--r-- 1 pk pk  5926 Sep 10 18:31 dml_uninvite.lua
-rw-rw-r-- 1 pk pk  1737 Sep  8 20:53 dml_whisper.lua
-rw-r--r-- 1 pk pk 37294 Sep  9 02:06 LootPet2.lua
-rw-r--r-- 1 pk pk 31216 Sep  8 23:04 LootPet.lua.bak-20260909-002427
-rw-r--r-- 1 pk pk  7252 Sep 10 22:00 t18_stage.lua

---- the restart window opens here -- 22:00:30 CEST ----
SINCE=2026-09-10T20:00:30Z   (UTC with the trailing Z docker needs: a zone-less stamp
 is read in the CLIENT's local zone, which on this +02:00 box opens the
 window two hours early -- the T3 trap of 2026-09-09)
-- the window BEFORE the restart, which must hold no load line of ours --
0
(the number above is how many t18_stage/dml_botadd lines the window holds before the restart)

---- STOP, through the app's own Stop (docker.stop_staged) -- 22:00:30 CEST ----
2026-09-10 22:00:50 INFO [yulon.docker] stop_staged(): stopped; containers kept for a fast restart
stop_staged -> True
worldserver exited started=2026-09-10T16:48:48.793295165Z restarts=0

---- START, through the app's own Start (docker.start_staged) -- 22:00:50 CEST ----
2026-09-10 22:00:51 INFO [yulon.docker] start_staged(): `compose up -d --no-deps ac-database ac-authserver ac-worldserver` in /home/pk/wowserver
start_staged -> True
worldserver running started=2026-09-10T20:00:57.311443315Z restarts=0

---- waiting for the world to answer the bridge again -- 22:00:57 CEST ----
22:01:08 CEST try 1: text='could not reach http://127.0.0.1:7878/: [Errno 104] Connection reset by peer'
22:01:19 CEST try 2: text='could not reach http://127.0.0.1:7878/: [Errno 104] Connection reset by peer'
22:01:30 CEST try 3: text='DML-BRIDGE-READY dml_bridge_ping\r\n'

---- what loaded this time -- the world's own log for this restart window -- 22:01:30 CEST ----
[dml_addclass] loaded -- addclass relay ready
[dml_botadd] loaded -- named-character add relay ready
[dml_bridge_ping] loaded -- DML-BRIDGE-READY on request
[dml_login] loaded -- bring-online relay ready
[dml_uninvite] loaded -- group-remove relay ready
[dml_whisper] loaded
[t18_stage] loaded -- T18 live-half staging + chat-capture harness (not part of the app)

---- and the conf line, which must STILL say the file is not there -- 22:01:30 CEST ----
[31;1m> Config::LoadFile: Failed open file '/azerothcore/env/dist/etc/modules/playerbots.conf'
[0m[36mLoad Playerbots Config...
[0m[36m>> Loaded playerbots config in 14043 ms

---- the app's own preconditions after the deploy -- all six scripts now -- 22:01:30 CEST ----
worldserver running started=2026-09-10T20:00:57.311443315Z restarts=0
facts: Facts(server_installed=True, world_running=True, engine_cloned=True, engine_in_binary=True, conf_present=True, engine_enabled=True, script_path='/azerothcore/env/dist/etc/modules/lua_scripts', deployed=('LootPet2.lua', 'dml_addclass.lua', 'dml_botadd.lua', 'dml_bridge_ping.lua', 'dml_login.lua', 'dml_uninvite.lua', 'dml_whisper.lua', 't18_stage.lua'), bridge_answered=True)
ready: True  blocker: None
    ok server_installed
    ok world_running
    ok engine_cloned
    ok engine_in_binary
    ok conf_present
    ok engine_enabled
    ok script_path
    ok deployed
    ok bridge_answered
Jurnaar: online guid = 1
Jurnaar: seam.members -> ()

---- waiting for the random bots to be back in the world -- 22:01:34 CEST ----
22:01:35 CEST online=179
22:01:46 CEST online=341
22:01:57 CEST online=500

---- the two characters this lane will use -- 22:01:57 CEST ----
worldserver running started=2026-09-10T20:00:57.311443315Z restarts=0
1	1	Jurnaar	11	1	80	1
188	19	Lacosh	7	8	80	1
-- and Lacosh's talents BEFORE anything is pressed --
worldserver running started=2026-09-10T20:00:57.311443315Z restarts=0
26
worldserver running started=2026-09-10T20:00:57.311443315Z restarts=0
11080	1
12042	1
12043	1
12503	1
12577	1
12592	1
12598	1
12605	1
12606	1
12846	1
15060	1
16770	1
18464	1
31570	1
31572	1
31583	1
31588	1
35581	1
44379	1
44396	1
44399	1
44403	1
44425	1
54490	1
54646	1
54734	1

---- staging: the chat capture on, then a real group INVITE from Jurnaar to Lacosh -- 22:02:00 CEST ----
worldserver running started=2026-09-10T20:00:57.311443315Z restarts=0
COMMAND: dml_t18_stage watch Jurnaar Lacosh
outcome=yes reason=''
text='stage watch: Jurnaar Lacosh\r\n'
worldserver running started=2026-09-10T20:00:57.311443315Z restarts=0

worldserver running started=2026-09-10T20:00:57.311443315Z restarts=0
COMMAND: dml_t18_stage invite Jurnaar Lacosh
outcome=yes reason=''
text='stage invite Jurnaar -> Lacosh ok=true err=nil\r\n'
worldserver running started=2026-09-10T20:00:57.311443315Z restarts=0
COMMAND: dml_t18_stage show Jurnaar Lacosh
outcome=yes reason=''
text='stage show: Jurnaar is in no group\r\n'
worldserver running started=2026-09-10T20:00:57.311443315Z restarts=0
1	1	Jurnaar	0	0	0
1	188	Lacosh	0	0	0
worldserver running started=2026-09-10T20:00:57.311443315Z restarts=0
facts: Facts(server_installed=True, world_running=True, engine_cloned=True, engine_in_binary=True, conf_present=True, engine_enabled=True, script_path='/azerothcore/env/dist/etc/modules/lua_scripts', deployed=('LootPet2.lua', 'dml_addclass.lua', 'dml_botadd.lua', 'dml_bridge_ping.lua', 'dml_login.lua', 'dml_uninvite.lua', 'dml_whisper.lua', 't18_stage.lua'), bridge_answered=True)
ready: True  blocker: None
    ok server_installed
    ok world_running
    ok engine_cloned
    ok engine_in_binary
    ok conf_present
    ok engine_enabled
    ok script_path
    ok deployed
    ok bridge_answered
Jurnaar: online guid = 1
Jurnaar: seam.members -> (Member(name='Jurnaar', guid=1, klass=1, level=80), Member(name='Lacosh', guid=188, klass=8, level=80))
Lacosh: online guid = 188
Lacosh: seam.members -> (Member(name='Jurnaar', guid=1, klass=1, level=80), Member(name='Lacosh', guid=188, klass=8, level=80))

---- the debug strategy, so the module's replies are SAID rather than dropped -- 22:02:13 CEST ----
WIN=2026-09-10T20:02:13Z
worldserver running started=2026-09-10T20:00:57.311443315Z restarts=0
COMMAND: dml_whisper Jurnaar Lacosh nc +debug
outcome=yes reason=''
text=''
[t18_chat] WHISP Jurnaar -> Lacosh: nc +debug
[t18_chat] SAY   Lacosh: do: nc 1 (100) [nc]

---- THE BEFORE READING -- talents spec list, with no deployed playerbots.conf -- 22:02:22 CEST ----
WIN2=2026-09-10T20:02:22Z
-- the window before the whisper, which must hold no reply --
0
worldserver running started=2026-09-10T20:00:57.311443315Z restarts=0
COMMAND: dml_whisper Jurnaar Lacosh talents spec list
outcome=yes reason=''
text=''
[t18_chat] WHISP Jurnaar -> Lacosh: talents spec list
[t18_chat] SAY   Lacosh: Total 0 specs found
[t18_chat] SAY   Lacosh: do: talents 1 (100) [talents]

---- and what the module says its current spec is, before anything -- 22:02:33 CEST ----
worldserver running started=2026-09-10T20:00:57.311443315Z restarts=0
COMMAND: dml_whisper Jurnaar Lacosh talents
outcome=yes reason=''
text=''
[t18_chat] WHISP Jurnaar -> Lacosh: talents
[t18_chat] SAY   Lacosh: do: loot roll 0 (100) [often]
[t18_chat] SAY   Lacosh: My current talent spec is: |h|cffffffffarcane (|h|cff00ff0063|h|cffffffff/|h|cff00ff008|h|cffffffff/0|h|cffffffff)|r mage
[t18_chat] SAY   Lacosh: do: talents 1 (100) [talents]

---- done -- 22:02:42 CEST ----
