==============================================================
T18 live, step 03: the activation through the app -- 22:05:11 CEST -- yulon-ubuntu
==============================================================

---- the world is up while this is pressed, and that is the guard's own answer -- 22:05:11 CEST ----
worldserver running started=2026-09-10T20:00:57.311443315Z restarts=0

---- before: is there a deployed conf at all? -- 22:05:12 CEST ----
ls: cannot access '/home/pk/wowserver/env/dist/etc/modules/playerbots.conf': No such file or directory
party.PLAYERBOTS_CONF = env/dist/etc/modules/playerbots.conf
deployed conf         = /home/pk/wowserver/env/dist/etc/modules/playerbots.conf
exists                = False
template beside it    = /home/pk/wowserver/env/dist/etc/modules/playerbots.conf.dist  exists=True
read_spec_names -> 0 class ids with a contiguous run from 0
dbreads.resolve_marker -> Marker(prefix='rndbot', source='default') 

---- PRESS 1 -- the Modules tab's folder route, verbatim -- 22:05:13 CEST ----
(derive_folder(<the clone>) then install_custom(manifest, <that folder>),
 which is what the view does with the folder the user chose)
derive_folder(/home/pk/wowserver/modules/mod-playerbots) -> id='mod-playerbots' type='module'
    source=None
    origin=Origin(kind='folder', path='/home/pk/wowserver/modules/mod-playerbots', added='2026-09-10')
REFUSED ApplyError: modules/mod-playerbots is already a git checkout and there is no record here of one this app made. Continuing would run `git fetch` and `git reset --hard` over it, which throws away anything you have changed there, so nothing was touched. Move that folder aside — a module clone holds nothing but the module, so re-cloning it costs only the download — and then install mod-playerbots again.
exit=3

---- PRESS 2 -- the same seam, with no folder to copy -- 22:05:14 CEST ----
(install_custom(manifest, None): the bytes are already at modules/mod-playerbots,
 so there is nothing to copy in and the pass is clone -> complete -> conf)
2026-09-10 22:05:14 INFO [yulon.apply] install mod-playerbots: 1 step(s), 0 skipped, 1 left unapplied, rebuild=True
derive_folder(/home/pk/wowserver/modules/mod-playerbots) -> id='mod-playerbots' type='module'
    source=None
    origin=Origin(kind='folder', path='/home/pk/wowserver/modules/mod-playerbots', added='2026-09-10')
report.action  = 'install'
report.item    = 'mod-playerbots'
    done    : activate env/dist/etc/modules/playerbots.conf from conf/playerbots.conf.dist
    pending : PendingSql(db='playerbots', path='data/sql/playerbots/**/*.sql', files=('data/sql/playerbots/base/ai_playerbot_texts.sql', 'data/sql/playerbots/base/ai_playerbot_texts_chance.sql', 'data/sql/playerbots/base/playerbots_account_keys.sql', 'data/sql/playerbots/base/playerbots_account_links.sql', 'data/sql/playerbots/base/playerbots_account_type.sql', 'data/sql/playerbots/base/playerbots_custom_strategy.sql', 'data/sql/playerbots/base/playerbots_db_store.sql', 'data/sql/playerbots/base/playerbots_dungeon_suggestion_abbrevation.sql', 'data/sql/playerbots/base/playerbots_dungeon_suggestion_definition.sql', 'data/sql/playerbots/base/playerbots_dungeon_suggestion_strategy.sql', 'data/sql/playerbots/base/playerbots_enchants.sql', 'data/sql/playerbots/base/playerbots_equip_cache.sql', 'data/sql/playerbots/base/playerbots_guild_tasks.sql', 'data/sql/playerbots/base/playerbots_item_info_cache.sql', 'data/sql/playerbots/base/playerbots_preferred_mounts.sql', 'data/sql/playerbots/base/playerbots_random_bots.sql', 'data/sql/playerbots/base/playerbots_rarity_cache.sql', 'data/sql/playerbots/base/playerbots_rnditem_cache.sql', 'data/sql/playerbots/base/playerbots_speech.sql', 'data/sql/playerbots/base/playerbots_speech_probability.sql', 'data/sql/playerbots/base/playerbots_tele_cache.sql', 'data/sql/playerbots/base/playerbots_travelnode.sql', 'data/sql/playerbots/base/playerbots_travelnode_link.sql', 'data/sql/playerbots/base/playerbots_travelnode_path.sql', 'data/sql/playerbots/base/playerbots_weightscale_data.sql', 'data/sql/playerbots/base/playerbots_weightscales.sql', 'data/sql/playerbots/base/updates.sql', 'data/sql/playerbots/base/updates_include.sql', 'data/sql/playerbots/base/version_db_playerbots.sql', 'data/sql/playerbots/create/create_mysql.sql', 'data/sql/playerbots/create/drop_mysql.sql', 'data/sql/playerbots/create/drop_mysql_8.sql', 'data/sql/playerbots/updates/2024_08_07_00.sql', 'data/sql/playerbots/updates/2024_11_25_00.sql', 'data/sql/playerbots/updates/2025_02_24_00.sql', 'data/sql/playerbots/updates/2025_03_03_00.sql', 'data/sql/playerbots/updates/2025_04_26_00.sql', 'data/sql/playerbots/updates/2025_05_05_00_accountlinking.sql', 'data/sql/playerbots/updates/2025_05_09_00.sql', 'data/sql/playerbots/updates/2025_07_01_00_account_type.sql', 'data/sql/playerbots/updates/2025_09_16_00.sql', 'data/sql/playerbots/updates/2025_09_17_00_paladin_buff_reagent_texts.sql', 'data/sql/playerbots/updates/2025_09_18_00_ai_playerbot_french_texts.sql', 'data/sql/playerbots/updates/2025_09_28_00_netherspite_beam_blocker_texts.sql', 'data/sql/playerbots/updates/2025_10_09_00_ai_playerbot_texts_fix.sql', 'data/sql/playerbots/updates/2025_10_27_00_ai_playerbot_german_texts.sql', 'data/sql/playerbots/updates/2025_11_25_00_ai_playerbot_pet_action_texts.sql', 'data/sql/playerbots/updates/2025_12_27_ai_playerbot_fishing_text.sql', 'data/sql/playerbots/updates/2026_01_31_00_ai_playerbot_multi_pvp_text_variables.sql', 'data/sql/playerbots/updates/2026_02_13_00_ai_playerbot_texts.sql', 'data/sql/playerbots/updates/2026_03_14_00_ai_playerbot_wait_for_attack_texts.sql', 'data/sql/playerbots/updates/2026_03_26_ai_playerbot_logout_texts.sql', 'data/sql/playerbots/updates/2026_03_28_00_ai_playerbot_focus_heal_texts.sql', 'data/sql/playerbots/updates/2026_04_12_00_ai_playerbot_pull_texts.sql', 'data/sql/playerbots/updates/2026_04_28_00_playerbots_bis_gear.sql', 'data/sql/playerbots/updates/2026_04_28_01_ai_playerbot_bis_texts.sql', 'data/sql/playerbots/updates/2026_05_08_00_ai_playerbot_rpg_status_texts.sql', 'data/sql/playerbots/updates/2026_05_19_00_ai_playerbot_audit_texts.sql', 'data/sql/playerbots/updates/2026_05_22_00_ai_playerbot_send_mail_disabled_text.sql', 'data/sql/playerbots/updates/2026_06_13_00_ai_playerbot_missing_group_buff_reagent.sql', 'data/sql/playerbots/updates/2026_06_19_00_ai_playerbot_cache_cleanup.sql', 'data/sql/playerbots/updates/2026_07_05_00_ai_playerbot_korean_texts.sql', 'data/sql/playerbots/updates/2026_07_26_00_ai_playerbot_autogear_texts.sql'))
report.rebuild_required     = True
report.restart_recommended  = False
exit=0

---- what landed on disk -- 22:05:14 CEST ----
total 268
drwxrwxr-x 2 pk pk   4096 Sep 10 22:00 lua_scripts
-rw-rw-r-- 1 pk pk   6934 Sep  9 01:00 mod_ale.conf
-rw-rw-r-- 1 pk pk   6937 Sep  8 23:07 mod_ale.conf.before-logger-fix
-rw-r--r-- 1 pk pk   6906 Sep  8 22:39 mod_ale.conf.dist
-rw-r--r-- 1 pk pk 119723 Sep  8 21:42 playerbots.conf
-rw-r--r-- 1 pk pk 119723 Sep  8 22:11 playerbots.conf.dist
-- byte-identical to the module's own template? --
bd8d55ae591adfed443f174ed1311c61  /home/pk/wowserver/modules/mod-playerbots/conf/playerbots.conf.dist
bd8d55ae591adfed443f174ed1311c61  /home/pk/wowserver/env/dist/etc/modules/playerbots.conf
-- and the spec keys are in the deployed file, at their own line numbers --
63
2028:AiPlayerbot.PremadeSpecName.8.0 = arcane pve
2032:AiPlayerbot.PremadeSpecName.8.1 = fire pve
2036:AiPlayerbot.PremadeSpecName.8.2 = frost pve
2040:AiPlayerbot.PremadeSpecName.8.3 = frostfire pve
2044:AiPlayerbot.PremadeSpecName.8.4 = arcane pvp
2048:AiPlayerbot.PremadeSpecName.8.5 = fire pvp
2052:AiPlayerbot.PremadeSpecName.8.6 = frost pvp

---- what the container sees at the path sConfigMgr reads -- 22:05:14 CEST ----
-rw-r--r-- 1 acore acore 119723 Sep  8 19:42 /azerothcore/env/dist/etc/modules/playerbots.conf
bd8d55ae591adfed443f174ed1311c61  /azerothcore/env/dist/etc/modules/playerbots.conf

---- the app's own reading of the conf now -- still the RUNNING world's old config -- 22:05:14 CEST ----
party.PLAYERBOTS_CONF = env/dist/etc/modules/playerbots.conf
deployed conf         = /home/pk/wowserver/env/dist/etc/modules/playerbots.conf
exists                = True
template beside it    = /home/pk/wowserver/env/dist/etc/modules/playerbots.conf.dist  exists=True
read_spec_names -> 10 class ids with a contiguous run from 0
    class  1: ('arms pve', 'fury pve', 'prot pve', 'arms pvp', 'fury pvp', 'prot pvp')
    class  2: ('holy pve', 'prot pve', 'ret pve', 'holy pvp', 'prot pvp', 'ret pvp')
    class  3: ('bm pve', 'mm pve', 'surv pve', 'bm pvp', 'mm pvp', 'surv pvp')
    class  4: ('as pve', 'combat pve', 'subtlety pve', 'as pvp', 'combat pvp', 'subtlety pvp')
    class  5: ('disc pve', 'holy pve', 'shadow pve', 'disc pvp', 'holy pvp', 'shadow pvp')
    class  6: ('blood pve', 'frost pve', 'unholy pve', 'double aura blood pve', 'blood pvp', 'frost pvp', 'unholy pvp')
    class  7: ('ele pve', 'enh pve', 'resto pve', 'ele pvp', 'enh pvp', 'resto pvp')
    class  8: ('arcane pve', 'fire pve', 'frost pve', 'frostfire pve', 'arcane pvp', 'fire pvp', 'frost pvp')
    class  9: ('affli pve', 'demo pve', 'destro pve', 'affli pvp', 'demo pvp', 'destro pvp')
    class 11: ('balance pve', 'bear pve', 'resto pve', 'cat pve', 'balance pvp', 'cat pvp', 'resto pvp')
dbreads.resolve_marker -> Marker(prefix='rndbot', source='conf') 

---- and what the app's picker offers now, before the restart -- 22:05:15 CEST ----
worldserver running started=2026-09-10T20:00:57.311443315Z restarts=0
seam.specs('warrior') = ('arms pve', 'fury pve', 'prot pve', 'arms pvp', 'fury pvp', 'prot pvp')
seam.specs('paladin') = ('holy pve', 'prot pve', 'ret pve', 'holy pvp', 'prot pvp', 'ret pvp')
seam.specs('hunter') = ('bm pve', 'mm pve', 'surv pve', 'bm pvp', 'mm pvp', 'surv pvp')
seam.specs('rogue') = ('as pve', 'combat pve', 'subtlety pve', 'as pvp', 'combat pvp', 'subtlety pvp')
seam.specs('priest') = ('disc pve', 'holy pve', 'shadow pve', 'disc pvp', 'holy pvp', 'shadow pvp')
seam.specs('shaman') = ('ele pve', 'enh pve', 'resto pve', 'ele pvp', 'enh pvp', 'resto pvp')
seam.specs('mage') = ('arcane pve', 'fire pve', 'frost pve', 'frostfire pve', 'arcane pvp', 'fire pvp', 'frost pvp')
seam.specs('warlock') = ('affli pve', 'demo pve', 'destro pve', 'affli pvp', 'demo pvp', 'destro pvp')
seam.specs('druid') = ('balance pve', 'bear pve', 'resto pve', 'cat pve', 'balance pvp', 'cat pvp', 'resto pvp')
seam.specs('dk') = ('blood pve', 'frost pve', 'unholy pve', 'double aura blood pve', 'blood pvp', 'frost pvp', 'unholy pvp')
seam.max_level() = 80

---- the manifest the app derived and persisted -- 22:05:16 CEST ----
/home/pk/.local/share/yulon/manifests/user/wow-wotlk/modules/mod-playerbots.json
/home/pk/.local/share/yulon/manifests/user/wow-wotlk/modules.json
/home/pk/.local/share/yulon/manifests/user/wow-wotlk/modules/mod-playerbots.json

---- done -- 22:05:16 CEST ----
