==============================================================
T18 live, step 04: restart through the app, and the AFTER reading -- 22:06:03 CEST -- yulon-ubuntu
==============================================================

---- the restart window opens here -- 22:06:03 CEST ----
SINCE=2026-09-10T20:06:03Z
-- the window BEFORE the restart, which must hold no 'Loaded playerbots config' line --
0
(the number above is how many such lines the window holds before the restart)

---- STOP, through the app's own Stop -- 22:06:03 CEST ----
2026-09-10 22:06:25 INFO [yulon.docker] stop_staged(): stopped; containers kept for a fast restart
stop_staged -> True
worldserver exited started=2026-09-10T20:00:57.311443315Z restarts=0

---- START, through the app's own Start -- 22:06:25 CEST ----
2026-09-10 22:06:25 INFO [yulon.docker] start_staged(): `compose up -d --no-deps ac-database ac-authserver ac-worldserver` in /home/pk/wowserver
start_staged -> True
worldserver running started=2026-09-10T20:06:31.942804274Z restarts=0

---- waiting for the world to answer the bridge again -- 22:06:32 CEST ----
22:06:43 CEST try 1: text='could not reach http://127.0.0.1:7878/: [Errno 104] Connection reset by peer'
22:06:53 CEST try 2: text='could not reach http://127.0.0.1:7878/: [Errno 104] Connection reset by peer'
22:07:04 CEST try 3: text='DML-BRIDGE-READY dml_bridge_ping\r\n'

---- THE WORLD'S OWN LOG: what it says about the module conf this time -- 22:07:04 CEST ----
[0m[36m> playerbots.conf
[0m[36mLoad Playerbots Config...
[0m[36mLoading TalentSpecs...
[0m[36m>> Loaded playerbots config in 13699 ms
-- and the count of the line step 01 caught, which must now be zero --
0

---- the scripts that loaded with it -- 22:07:05 CEST ----
[dml_addclass] loaded -- addclass relay ready
[dml_botadd] loaded -- named-character add relay ready
[dml_bridge_ping] loaded -- DML-BRIDGE-READY on request
[dml_login] loaded -- bring-online relay ready
[dml_uninvite] loaded -- group-remove relay ready
[dml_whisper] loaded
[t18_stage] loaded -- T18 live-half staging + chat-capture harness (not part of the app)

---- the app's own reading now -- 22:07:05 CEST ----
worldserver running started=2026-09-10T20:06:31.942804274Z restarts=0
facts: Facts(server_installed=True, world_running=True, engine_cloned=True, engine_in_binary=True, conf_present=True, engine_enabled=True, script_path='/azerothcore/env/dist/etc/modules/lua_scripts', deployed=('LootPet2.lua', 'dml_addclass.lua', 'dml_botadd.lua', 'dml_bridge_ping.lua', 'dml_login.lua', 'dml_uninvite.lua', 'dml_whisper.lua', 't18_stage.lua'), bridge_answered=True)
ready: True  blocker: None
    ok server_installed
    ok world_running
    ok engine_cloned
    ok engine_in_binary
    ok conf_present
    ok engine_enabled
    ok script_path
    ok deployed
    ok bridge_answered
Jurnaar: online guid = None
Jurnaar: seam.members -> Jurnaar is not logged in. A bot is added to a live session — the server resolves the master by name in the world, so log the character in and press again.
party.PLAYERBOTS_CONF = env/dist/etc/modules/playerbots.conf
deployed conf         = /home/pk/wowserver/env/dist/etc/modules/playerbots.conf
exists                = True
template beside it    = /home/pk/wowserver/env/dist/etc/modules/playerbots.conf.dist  exists=True
read_spec_names -> 10 class ids with a contiguous run from 0
    class  1: ('arms pve', 'fury pve', 'prot pve', 'arms pvp', 'fury pvp', 'prot pvp')
    class  2: ('holy pve', 'prot pve', 'ret pve', 'holy pvp', 'prot pvp', 'ret pvp')
    class  3: ('bm pve', 'mm pve', 'surv pve', 'bm pvp', 'mm pvp', 'surv pvp')
    class  4: ('as pve', 'combat pve', 'subtlety pve', 'as pvp', 'combat pvp', 'subtlety pvp')
    class  5: ('disc pve', 'holy pve', 'shadow pve', 'disc pvp', 'holy pvp', 'shadow pvp')
    class  6: ('blood pve', 'frost pve', 'unholy pve', 'double aura blood pve', 'blood pvp', 'frost pvp', 'unholy pvp')
    class  7: ('ele pve', 'enh pve', 'resto pve', 'ele pvp', 'enh pvp', 'resto pvp')
    class  8: ('arcane pve', 'fire pve', 'frost pve', 'frostfire pve', 'arcane pvp', 'fire pvp', 'frost pvp')
    class  9: ('affli pve', 'demo pve', 'destro pve', 'affli pvp', 'demo pvp', 'destro pvp')
    class 11: ('balance pve', 'bear pve', 'resto pve', 'cat pve', 'balance pvp', 'cat pvp', 'resto pvp')
dbreads.resolve_marker -> Marker(prefix='rndbot', source='conf') 

---- waiting for the random bots to be back in the world -- 22:07:09 CEST ----
22:07:10 CEST online=180
22:07:21 CEST online=465
22:07:32 CEST online=500

---- re-staging: chat capture, then the invite the restart dissolved -- 22:07:32 CEST ----
worldserver running started=2026-09-10T20:06:31.942804274Z restarts=0

worldserver running started=2026-09-10T20:06:31.942804274Z restarts=0
COMMAND: dml_t18_stage watch Jurnaar Lacosh
outcome=yes reason=''
text='stage watch: Jurnaar Lacosh\r\n'
worldserver running started=2026-09-10T20:06:31.942804274Z restarts=0
1	Jurnaar	80	1
188	Lacosh	80	1
worldserver running started=2026-09-10T20:06:31.942804274Z restarts=0
COMMAND: dml_t18_stage invite Jurnaar Lacosh
outcome=yes reason=''
text='stage invite Jurnaar -> Lacosh ok=true err=nil\r\n'
worldserver running started=2026-09-10T20:06:31.942804274Z restarts=0
COMMAND: dml_t18_stage show Jurnaar Lacosh
outcome=yes reason=''
text='stage show: Jurnaar is grouped; members=2 leaderGUID=1; IsMember(Lacosh)=true\r\n'
worldserver running started=2026-09-10T20:06:31.942804274Z restarts=0
2	1	Jurnaar	0	0	0
2	188	Lacosh	0	0	0

---- the debug strategy again (it does not survive a relog) -- 22:07:42 CEST ----
WIN=2026-09-10T20:07:42Z
worldserver running started=2026-09-10T20:06:31.942804274Z restarts=0
COMMAND: dml_whisper Jurnaar Lacosh nc +debug
outcome=yes reason=''
text=''
[t18_chat] WHISP Jurnaar -> Lacosh: nc +debug
[t18_chat] SAY   Lacosh: do: nc 1 (100) [nc]

---- THE AFTER READING -- talents spec list, with the app's conf deployed -- 22:07:51 CEST ----
WIN2=2026-09-10T20:07:51Z
-- the window before the whisper, which must hold no reply --
0
worldserver running started=2026-09-10T20:06:31.942804274Z restarts=0
COMMAND: dml_whisper Jurnaar Lacosh talents spec list
outcome=yes reason=''
text=''
[t18_chat] SAY   Lacosh: do: nc 1 (100) [nc]
[t18_chat] WHISP Jurnaar -> Lacosh: talents spec list
[t18_chat] SAY   Lacosh: 1. arcane pve (56-3-12)
[t18_chat] SAY   Lacosh: 2. fire pve (18-53-0)
[t18_chat] SAY   Lacosh: 3. frost pve (18-0-53)
[t18_chat] SAY   Lacosh: 4. frostfire pve (0-57-14)
[t18_chat] SAY   Lacosh: 5. arcane pvp (52-7-12)
[t18_chat] SAY   Lacosh: 6. fire pvp (19-52-0)
[t18_chat] SAY   Lacosh: 7. frost pvp (20-0-51)
[t18_chat] SAY   Lacosh: Total 7 specs found
[t18_chat] SAY   Lacosh: do: talents 1 (100) [talents]

---- done -- 22:08:04 CEST ----
