==============================================================
T18 live, step 05: the picker -- 22:09:21 CEST -- yulon-ubuntu
==============================================================

---- what the seam offers, class by class -- the picker's own source -- 22:09:21 CEST ----
worldserver running started=2026-09-10T20:06:31.942804274Z restarts=0
seam.specs('warrior') = ('arms pve', 'fury pve', 'prot pve', 'arms pvp', 'fury pvp', 'prot pvp')
seam.specs('paladin') = ('holy pve', 'prot pve', 'ret pve', 'holy pvp', 'prot pvp', 'ret pvp')
seam.specs('hunter') = ('bm pve', 'mm pve', 'surv pve', 'bm pvp', 'mm pvp', 'surv pvp')
seam.specs('rogue') = ('as pve', 'combat pve', 'subtlety pve', 'as pvp', 'combat pvp', 'subtlety pvp')
seam.specs('priest') = ('disc pve', 'holy pve', 'shadow pve', 'disc pvp', 'holy pvp', 'shadow pvp')
seam.specs('shaman') = ('ele pve', 'enh pve', 'resto pve', 'ele pvp', 'enh pvp', 'resto pvp')
seam.specs('mage') = ('arcane pve', 'fire pve', 'frost pve', 'frostfire pve', 'arcane pvp', 'fire pvp', 'frost pvp')
seam.specs('warlock') = ('affli pve', 'demo pve', 'destro pve', 'affli pvp', 'demo pvp', 'destro pvp')
seam.specs('druid') = ('balance pve', 'bear pve', 'resto pve', 'cat pve', 'balance pvp', 'cat pvp', 'resto pvp')
seam.specs('dk') = ('blood pve', 'frost pve', 'unholy pve', 'double aura blood pve', 'blood pvp', 'frost pvp', 'unholy pvp')
seam.max_level() = 80

---- and the conf it read them out of -- 22:09:22 CEST ----
party.PLAYERBOTS_CONF = env/dist/etc/modules/playerbots.conf
deployed conf         = /home/pk/wowserver/env/dist/etc/modules/playerbots.conf
exists                = True
template beside it    = /home/pk/wowserver/env/dist/etc/modules/playerbots.conf.dist  exists=True
read_spec_names -> 10 class ids with a contiguous run from 0
    class  1: ('arms pve', 'fury pve', 'prot pve', 'arms pvp', 'fury pvp', 'prot pvp')
    class  2: ('holy pve', 'prot pve', 'ret pve', 'holy pvp', 'prot pvp', 'ret pvp')
    class  3: ('bm pve', 'mm pve', 'surv pve', 'bm pvp', 'mm pvp', 'surv pvp')
    class  4: ('as pve', 'combat pve', 'subtlety pve', 'as pvp', 'combat pvp', 'subtlety pvp')
    class  5: ('disc pve', 'holy pve', 'shadow pve', 'disc pvp', 'holy pvp', 'shadow pvp')
    class  6: ('blood pve', 'frost pve', 'unholy pve', 'double aura blood pve', 'blood pvp', 'frost pvp', 'unholy pvp')
    class  7: ('ele pve', 'enh pve', 'resto pve', 'ele pvp', 'enh pvp', 'resto pvp')
    class  8: ('arcane pve', 'fire pve', 'frost pve', 'frostfire pve', 'arcane pvp', 'fire pvp', 'frost pvp')
    class  9: ('affli pve', 'demo pve', 'destro pve', 'affli pvp', 'demo pvp', 'destro pvp')
    class 11: ('balance pve', 'bear pve', 'resto pve', 'cat pve', 'balance pvp', 'cat pvp', 'resto pvp')
dbreads.resolve_marker -> Marker(prefix='rndbot', source='conf') 

---- the shipped PartyPanel, offscreen, with the picker open on mage -- 22:09:22 CEST ----
This plugin does not support propagateSizeHints()
This plugin does not support propagateSizeHints()
This plugin does not support raise()
This plugin does not support grabbing the keyboard
character = 'Jurnaar'
class     = 'mage'
spec picker offers 8 rows: ['let the server pick', 'arcane pve', 'fire pve', 'frost pve', 'frostfire pve', 'arcane pvp', 'fire pvp', 'frost pvp']
spec currentText  = 'let the server pick'
level max         = 80
summary           = ''
popup rows=8 view size=144x208
list grab -> /home/pk/t18-live/pyplan/gates/8.6-spec-takes-effect-yulon-ubuntu2-2026-09-10/05-picker-frame-mage-list.png saved=True
grab -> /home/pk/t18-live/pyplan/gates/8.6-spec-takes-effect-yulon-ubuntu2-2026-09-10/05-picker-frame-mage.png saved=True

---- the same widget on warlock -- T5's class, the one it photographed refusing -- 22:09:30 CEST ----
This plugin does not support propagateSizeHints()
This plugin does not support propagateSizeHints()
This plugin does not support raise()
This plugin does not support grabbing the keyboard
character = 'Jurnaar'
class     = 'warlock'
spec picker offers 7 rows: ['let the server pick', 'affli pve', 'demo pve', 'destro pve', 'affli pvp', 'demo pvp', 'destro pvp']
spec currentText  = 'let the server pick'
level max         = 80
summary           = ''
popup rows=7 view size=144x183
list grab -> /home/pk/t18-live/pyplan/gates/8.6-spec-takes-effect-yulon-ubuntu2-2026-09-10/05-picker-frame-warlock-list.png saved=True
grab -> /home/pk/t18-live/pyplan/gates/8.6-spec-takes-effect-yulon-ubuntu2-2026-09-10/05-picker-frame-warlock.png saved=True

---- the frames -- 22:09:38 CEST ----
-rw-rw-r-- 1 pk pk  7609 Sep 10 22:09 /home/pk/t18-live/pyplan/gates/8.6-spec-takes-effect-yulon-ubuntu2-2026-09-10/05-picker-frame-mage-list.png
-rw-rw-r-- 1 pk pk 37537 Sep 10 22:09 /home/pk/t18-live/pyplan/gates/8.6-spec-takes-effect-yulon-ubuntu2-2026-09-10/05-picker-frame-mage.png
-rw-rw-r-- 1 pk pk  6716 Sep 10 22:09 /home/pk/t18-live/pyplan/gates/8.6-spec-takes-effect-yulon-ubuntu2-2026-09-10/05-picker-frame-warlock-list.png
-rw-rw-r-- 1 pk pk 37564 Sep 10 22:09 /home/pk/t18-live/pyplan/gates/8.6-spec-takes-effect-yulon-ubuntu2-2026-09-10/05-picker-frame-warlock.png

---- done -- 22:09:38 CEST ----
