==============================================================
T18 live, step 06: the spec press and its readback -- 22:10:03 CEST -- yulon-ubuntu
==============================================================

---- the picker offers this name for this class, and the app would refuse the other -- 22:10:03 CEST ----
worldserver running started=2026-09-10T20:06:31.942804274Z restarts=0
seam.specs('mage') = ('arcane pve', 'fire pve', 'frost pve', 'frostfire pve', 'arcane pvp', 'fire pvp', 'frost pvp')
seam.max_level() = 80
chosen  : frost pve
control : warglaive pvp  (not in the list above)

---- what the module says the bot's spec is BEFORE -- 22:10:04 CEST ----
WIN0=2026-09-10T20:10:04Z
worldserver running started=2026-09-10T20:06:31.942804274Z restarts=0
COMMAND: dml_whisper Jurnaar Lacosh talents
outcome=yes reason=''
text=''
[t18_chat] WHISP Jurnaar -> Lacosh: talents
[t18_chat] SAY   Lacosh: My current talent spec is: |h|cffffffffarcane (|h|cff00ff0063|h|cffffffff/|h|cff00ff008|h|cffffffff/0|h|cffffffff)|r mage
[t18_chat] SAY   Lacosh: do: talents 1 (100) [talents]

---- and what the database holds for Lacosh BEFORE (flushed with the server's own save) -- 22:10:13 CEST ----
worldserver running started=2026-09-10T20:06:31.942804274Z restarts=0
COMMAND: .saveall
outcome=yes reason=''
text='All players saved.\r\n'
worldserver running started=2026-09-10T20:06:31.942804274Z restarts=0
26
226 /home/pk/t18-out/06-talents-before.txt
worldserver running started=2026-09-10T20:06:31.942804274Z restarts=0
11080,12042,12043,12503,12577,12592,12598,12605,12606,12846,15060,16770,18464,31570,31572,31583,31588,35581,44379,44396,44399,44403,44425,54490,54646,54734


---- THE PRESS -- party.spec_command, over the seam's own channel -- 22:10:21 CEST ----
WIN=2026-09-10T20:10:21Z
-- the window before the press, which must hold no 'Picking' line --
0
worldserver running started=2026-09-10T20:06:31.942804274Z restarts=0
COMMAND: dml_whisper Jurnaar Lacosh talents spec frost pve
outcome=yes reason=''
text=''
-- the world's own log for that press --
[t18_chat] WHISP Jurnaar -> Lacosh: talents spec frost pve

---- the readback -- what the module says the bot's spec is NOW -- 22:10:34 CEST ----
WIN2=2026-09-10T20:10:34Z
worldserver running started=2026-09-10T20:06:31.942804274Z restarts=0
COMMAND: dml_whisper Jurnaar Lacosh talents
outcome=yes reason=''
text=''
[t18_chat] WHISP Jurnaar -> Lacosh: talents

---- and what the database holds now -- 22:10:45 CEST ----
worldserver running started=2026-09-10T20:06:31.942804274Z restarts=0
COMMAND: .saveall
outcome=yes reason=''
text='All players saved.\r\n'
worldserver running started=2026-09-10T20:06:31.942804274Z restarts=0
28
238 /home/pk/t18-out/06-talents-after.txt
worldserver running started=2026-09-10T20:06:31.942804274Z restarts=0
11426,11958,12469,12472,12488,12575,12592,12840,12953,12983,15047,16758,16766,28593,29440,29444,31678,31683,31687,44397,44545,44549,44561,44571,44572,54646,55094,55340

-- did the build change? --
DIFFERENT -- the talent rows changed
8adceea18f44c69a2e323dc237e9d090  /home/pk/t18-out/06-talents-before.txt
841788871ab02377d09e76926a4bef25  /home/pk/t18-out/06-talents-after.txt

---- the control -- a name the picker does NOT offer, sent by hand -- 22:10:54 CEST ----
WIN3=2026-09-10T20:10:54Z
worldserver running started=2026-09-10T20:06:31.942804274Z restarts=0
COMMAND: dml_whisper Jurnaar Lacosh talents spec warglaive pvp
outcome=yes reason=''
text=''
[t18_chat] WHISP Jurnaar -> Lacosh: talents spec warglaive pvp
(the app would never send this: party._spec_refusal refuses a name that is
 not in seam.specs(klass) before anything reaches the wire)

---- the app's own refusal for that name, from the app's own function -- 22:11:05 CEST ----
seam.specs('mage') = ('arcane pve', 'fire pve', 'frost pve', 'frostfire pve', 'arcane pvp', 'fire pvp', 'frost pvp')
refusal for warglaive pvp:
    'warglaive pvp' is not one of the premade specs this server has for mage: arcane pve, fire pve, frost pve, frostfire pve, arcane pvp, fire pvp, frost pvp. Nothing was sent.
refusal for frost pve:
    ''

---- done -- 22:11:05 CEST ----
