==============================================================
T18 live, step 06b: the readback, and the reply the module resets away -- 22:12:03 CEST -- yulon-ubuntu
==============================================================

---- the module's own source, on this box, for why step 06 heard nothing -- 22:12:03 CEST ----
            out << "Auto pick talents";
            botAI->ResetStrategies();
        }
        else if (param.find("spec list") != std::string::npos)
        {
            out << SpecList();
        }
        else if (param.find("spec ") != std::string::npos)
        {
            param = param.substr(5);
            out << SpecPick(param);
...

    botAI->TellMaster(out);

    return true;
-- and the strategy list ResetStrategies puts back --
1371:AiPlayerbot.RandomBotNonCombatStrategies = ""

---- the control from step 06 changed nothing -- the talents are still the pressed ones -- 22:12:03 CEST ----
worldserver running started=2026-09-10T20:06:31.942804274Z restarts=0
COMMAND: .saveall
outcome=yes reason=''
text='All players saved.\r\n'
IDENTICAL to 06-talents-after.txt -- 'warglaive pvp' moved nothing
841788871ab02377d09e76926a4bef25  /home/pk/t18-out/06-talents-after.txt
841788871ab02377d09e76926a4bef25  /home/pk/t18-out/06-talents-after-control.txt

---- re-arming the debug strategy -- 22:12:10 CEST ----
worldserver running started=2026-09-10T20:06:31.942804274Z restarts=0
COMMAND: dml_whisper Jurnaar Lacosh nc +debug
outcome=yes reason=''
text=''
[0m[t18_chat] WHISP Jurnaar -> Lacosh: nc +debug
[t18_chat] SAY   Lacosh: do: nc 1 (100) [nc]

---- THE READBACK -- what the module says the bot's spec is, after the press -- 22:12:19 CEST ----
WIN2=2026-09-10T20:12:19Z
worldserver running started=2026-09-10T20:06:31.942804274Z restarts=0
COMMAND: dml_whisper Jurnaar Lacosh talents
outcome=yes reason=''
text=''
[t18_chat] WHISP Jurnaar -> Lacosh: talents
[t18_chat] SAY   Lacosh: My current talent spec is: |h|cfffffffffrost (|h|cff00ff0018|h|cffffffff/0|h|cffffffff/|h|cff00ff0053|h|cffffffff)|r mage
[t18_chat] SAY   Lacosh: do: talents 1 (100) [talents]
(step 06 read 'arcane (63/8/0)' before the press; step 04's list gives
 'frost pve' as (18-0-53))

---- a SECOND chosen name, so one press is not the whole claim -- 22:12:30 CEST ----
worldserver running started=2026-09-10T20:06:31.942804274Z restarts=0
COMMAND: dml_whisper Jurnaar Lacosh talents spec fire pve
outcome=yes reason=''
text=''
worldserver running started=2026-09-10T20:06:31.942804274Z restarts=0
COMMAND: .saveall
outcome=yes reason=''
text='All players saved.\r\n'
DIFFERENT -- 'fire pve' moved the build again
worldserver running started=2026-09-10T20:06:31.942804274Z restarts=0
11129,11366,11368,12341,12350,12351,12353,12400,12469,12577,12592,12840,12848,12873,29076,31640,31658,31680,34296,44397,44448,44457,44472,54646,55340


---- and the readback for THAT one -- 22:12:51 CEST ----
worldserver running started=2026-09-10T20:06:31.942804274Z restarts=0
COMMAND: dml_whisper Jurnaar Lacosh nc +debug
outcome=yes reason=''
text=''
worldserver running started=2026-09-10T20:06:31.942804274Z restarts=0
COMMAND: dml_whisper Jurnaar Lacosh talents
outcome=yes reason=''
text=''
[t18_chat] WHISP Jurnaar -> Lacosh: talents
[t18_chat] SAY   Lacosh: My current talent spec is: |h|cfffffffffire (|h|cff00ff0018|h|cffffffff/|h|cff00ff0053|h|cffffffff/0|h|cffffffff)|r mage
[t18_chat] SAY   Lacosh: do: talents 1 (100) [talents]

---- done -- 22:13:09 CEST ----
