==============================================================
T18 live, step 07: teardown -- 22:13:48 CEST -- yulon-ubuntu
==============================================================

---- the bot's talents handed back to the module's own chooser -- 22:13:48 CEST ----
(talents autopick runs PlayerbotFactory::InitTalentsTree(true) -- the same
 randomiser that gave Lacosh the arcane 63/8/0 build step 06 read before the
 press. It does NOT restore that exact build, and nothing could: a random
 bot's talents are the module's to choose and it re-rolls them itself. This
 puts the choice back where it was, and says so rather than claiming a
 restore.)
worldserver running started=2026-09-10T20:06:31.942804274Z restarts=0
COMMAND: dml_whisper Jurnaar Lacosh talents autopick
outcome=yes reason=''
text=''
worldserver running started=2026-09-10T20:06:31.942804274Z restarts=0
COMMAND: .saveall
outcome=yes reason=''
text='All players saved.\r\n'
worldserver running started=2026-09-10T20:06:31.942804274Z restarts=0
25
worldserver running started=2026-09-10T20:06:31.942804274Z restarts=0
11129,11366,11368,12341,12350,12351,12353,12400,12469,12577,12592,12840,12848,12873,29076,31640,31658,31680,34296,44397,44448,44457,44472,54646,55340


---- the debug strategy off, and the party disbanded -- 22:14:05 CEST ----
worldserver running started=2026-09-10T20:06:31.942804274Z restarts=0
COMMAND: dml_whisper Jurnaar Lacosh nc -debug
outcome=yes reason=''
text=''
worldserver running started=2026-09-10T20:06:31.942804274Z restarts=0
2	1	Jurnaar	0	0	0
2	188	Lacosh	0	0	0
worldserver running started=2026-09-10T20:06:31.942804274Z restarts=0
COMMAND: dml_t18_stage disband Jurnaar
outcome=yes reason=''
text="stage disband Jurnaar's group ok=true err=nil\r\n"
worldserver running started=2026-09-10T20:06:31.942804274Z restarts=0
COMMAND: dml_t18_stage show Jurnaar
outcome=yes reason=''
text='stage show: Jurnaar is in no group\r\n'
worldserver running started=2026-09-10T20:06:31.942804274Z restarts=0
COMMAND: dml_t18_stage unwatch
outcome=yes reason=''
text='stage unwatch: chat capture off\r\n'
worldserver running started=2026-09-10T20:06:31.942804274Z restarts=0

[t18_chat] WHISP Jurnaar -> Lacosh: nc -debug
[t18_stage] stage disband Jurnaar's group ok=true err=nil
[t18_stage] stage show: Jurnaar is in no group
[t18_stage] stage unwatch: chat capture off

---- this lane's harness off the server -- 22:14:18 CEST ----
total 104
-rw-rw-r-- 1 pk pk  3167 Sep  8 20:53 dml_addclass.lua
-rw-r--r-- 1 pk pk  5005 Sep 10 21:32 dml_botadd.lua
-rw-rw-r-- 1 pk pk  2379 Sep  8 20:53 dml_bridge_ping.lua
-rw-rw-r-- 1 pk pk  1276 Sep  8 20:53 dml_login.lua
-rw-r--r-- 1 pk pk  5926 Sep 10 18:31 dml_uninvite.lua
-rw-rw-r-- 1 pk pk  1737 Sep  8 20:53 dml_whisper.lua
-rw-r--r-- 1 pk pk 37294 Sep  9 02:06 LootPet2.lua
-rw-r--r-- 1 pk pk 31216 Sep  8 23:04 LootPet.lua.bak-20260909-002427

---- the restart window opens here -- 22:14:18 CEST ----
SINCE=2026-09-10T20:14:18Z

---- STOP and START, through the app -- 22:14:18 CEST ----
2026-09-10 22:14:37 INFO [yulon.docker] stop_staged(): stopped; containers kept for a fast restart
stop_staged -> True
worldserver exited started=2026-09-10T20:06:31.942804274Z restarts=0
2026-09-10 22:14:38 INFO [yulon.docker] start_staged(): `compose up -d --no-deps ac-database ac-authserver ac-worldserver` in /home/pk/wowserver
start_staged -> True
worldserver running started=2026-09-10T20:14:44.512537973Z restarts=0
22:14:55 CEST try 1: text='could not reach http://127.0.0.1:7878/: [Errno 104] Connection reset by peer'
22:15:06 CEST try 2: text='could not reach http://127.0.0.1:7878/: [Errno 104] Connection reset by peer'
22:15:17 CEST try 3: text='DML-BRIDGE-READY dml_bridge_ping\r\n'

---- the world's own log: the six bridge scripts loaded and the harness did NOT -- 22:15:17 CEST ----
[dml_addclass] loaded -- addclass relay ready
[dml_botadd] loaded -- named-character add relay ready
[dml_bridge_ping] loaded -- DML-BRIDGE-READY on request
[dml_login] loaded -- bring-online relay ready
[dml_uninvite] loaded -- group-remove relay ready
[dml_whisper] loaded
-- count of t18_stage lines in this window, which must be 0 --
0

---- and the conf is still in force after the teardown restart -- 22:15:17 CEST ----
[0m[36m> playerbots.conf
[0m[36mLoad Playerbots Config...
[0m[36m>> Loaded playerbots config in 13976 ms
worldserver running started=2026-09-10T20:14:44.512537973Z restarts=0
seam.specs('mage') = ('arcane pve', 'fire pve', 'frost pve', 'frostfire pve', 'arcane pvp', 'fire pvp', 'frost pvp')
seam.specs('warlock') = ('affli pve', 'demo pve', 'destro pve', 'affli pvp', 'demo pvp', 'destro pvp')
seam.max_level() = 80

---- waiting for the random bots to be back in the world -- 22:15:18 CEST ----
22:15:19 CEST online=120
22:15:30 CEST online=326
22:15:41 CEST online=500

---- done -- 22:15:41 CEST ----
