==============================================================
T18 live, step 08: the box as left -- 22:17:28 CEST -- yulon-ubuntu
==============================================================

---- the three containers -- 22:17:28 CEST ----
ac-worldserver  Up 2 minutes
ac-authserver  Up 2 minutes
ac-database  Up 2 minutes (healthy)
worldserver running started=2026-09-10T20:14:44.512537973Z restarts=0

---- the owner's things -- compare with 01-ground.log -- 22:17:29 CEST ----
worldserver running started=2026-09-10T20:14:44.512537973Z restarts=0
YULON_243C46E3	NULL
PERZI	2026-09-08 23:24:16
YULONADMIN	NULL
worldserver running started=2026-09-10T20:14:44.512537973Z restarts=0
Pakka	6	0
worldserver running started=2026-09-10T20:14:44.512537973Z restarts=0
1	Yulon ubuntu2	100.99.204.5	100.99.204.5	255.255.255.0
-rw-r--r-- 1 pk pk 37294 Sep  9 02:06 /home/pk/wowserver/env/dist/etc/modules/lua_scripts/LootPet2.lua
706:Logger.ALE=4,Console Server

---- accounts -- this lane made none, and none was touched -- 22:17:32 CEST ----
worldserver running started=2026-09-10T20:14:44.512537973Z restarts=0
103
worldserver running started=2026-09-10T20:14:44.512537973Z restarts=0
101	3	-1
102	3	-1
103	3	-1
-- orphaned account_access rows (must be 0) --
worldserver running started=2026-09-10T20:14:44.512537973Z restarts=0
0

---- characters -- the count, and the two this lane used -- 22:17:35 CEST ----
worldserver running started=2026-09-10T20:14:44.512537973Z restarts=0
1001
worldserver running started=2026-09-10T20:14:44.512537973Z restarts=0
500
worldserver running started=2026-09-10T20:14:44.512537973Z restarts=0
1	1	Jurnaar	11	1	80	1
188	19	Lacosh	7	8	80	1

---- the group table -- empty again -- 22:17:37 CEST ----
worldserver running started=2026-09-10T20:14:44.512537973Z restarts=0

worldserver running started=2026-09-10T20:14:44.512537973Z restarts=0
0
worldserver running started=2026-09-10T20:14:44.512537973Z restarts=0
0

---- the module conf directory -- what this lane left -- 22:17:40 CEST ----
total 268
drwxrwxr-x 2 pk pk   4096 Sep 10 22:14 lua_scripts
-rw-rw-r-- 1 pk pk   6934 Sep  9 01:00 mod_ale.conf
-rw-rw-r-- 1 pk pk   6937 Sep  8 23:07 mod_ale.conf.before-logger-fix
-rw-r--r-- 1 pk pk   6906 Sep  8 22:39 mod_ale.conf.dist
-rw-r--r-- 1 pk pk 119723 Sep  8 21:42 playerbots.conf
-rw-r--r-- 1 pk pk 119723 Sep  8 22:11 playerbots.conf.dist
total 104
-rw-rw-r-- 1 pk pk  3167 Sep  8 20:53 dml_addclass.lua
-rw-r--r-- 1 pk pk  5005 Sep 10 21:32 dml_botadd.lua
-rw-rw-r-- 1 pk pk  2379 Sep  8 20:53 dml_bridge_ping.lua
-rw-rw-r-- 1 pk pk  1276 Sep  8 20:53 dml_login.lua
-rw-r--r-- 1 pk pk  5926 Sep 10 18:31 dml_uninvite.lua
-rw-rw-r-- 1 pk pk  1737 Sep  8 20:53 dml_whisper.lua
-rw-r--r-- 1 pk pk 37294 Sep  9 02:06 LootPet2.lua
-rw-r--r-- 1 pk pk 31216 Sep  8 23:04 LootPet.lua.bak-20260909-002427
-- the deployed conf is still byte-identical to the module's template --
bd8d55ae591adfed443f174ed1311c61  /home/pk/wowserver/modules/mod-playerbots/conf/playerbots.conf.dist
bd8d55ae591adfed443f174ed1311c61  /home/pk/wowserver/env/dist/etc/modules/playerbots.conf

---- the module clone -- untouched, still what step 01 read -- 22:17:40 CEST ----
HEAD b949b50bfcdd4fab937781bac2d7765e39330e4b
(no lines above = nothing modified)
ls: cannot access '/home/pk/wowserver/modules/mod-playerbots/.yulon-clone.json': No such file or directory

---- the app's own reading, last -- 22:17:40 CEST ----
worldserver running started=2026-09-10T20:14:44.512537973Z restarts=0
facts: Facts(server_installed=True, world_running=True, engine_cloned=True, engine_in_binary=True, conf_present=True, engine_enabled=True, script_path='/azerothcore/env/dist/etc/modules/lua_scripts', deployed=('LootPet2.lua', 'dml_addclass.lua', 'dml_botadd.lua', 'dml_bridge_ping.lua', 'dml_login.lua', 'dml_uninvite.lua', 'dml_whisper.lua'), bridge_answered=True)
ready: True  blocker: None
party.PLAYERBOTS_CONF = env/dist/etc/modules/playerbots.conf
deployed conf         = /home/pk/wowserver/env/dist/etc/modules/playerbots.conf
exists                = True
template beside it    = /home/pk/wowserver/env/dist/etc/modules/playerbots.conf.dist  exists=True
read_spec_names -> 10 class ids with a contiguous run from 0
    class  1: ('arms pve', 'fury pve', 'prot pve', 'arms pvp', 'fury pvp', 'prot pvp')
    class  2: ('holy pve', 'prot pve', 'ret pve', 'holy pvp', 'prot pvp', 'ret pvp')
    class  3: ('bm pve', 'mm pve', 'surv pve', 'bm pvp', 'mm pvp', 'surv pvp')
    class  4: ('as pve', 'combat pve', 'subtlety pve', 'as pvp', 'combat pvp', 'subtlety pvp')
    class  5: ('disc pve', 'holy pve', 'shadow pve', 'disc pvp', 'holy pvp', 'shadow pvp')
    class  6: ('blood pve', 'frost pve', 'unholy pve', 'double aura blood pve', 'blood pvp', 'frost pvp', 'unholy pvp')
    class  7: ('ele pve', 'enh pve', 'resto pve', 'ele pvp', 'enh pvp', 'resto pvp')
    class  8: ('arcane pve', 'fire pve', 'frost pve', 'frostfire pve', 'arcane pvp', 'fire pvp', 'frost pvp')
    class  9: ('affli pve', 'demo pve', 'destro pve', 'affli pvp', 'demo pvp', 'destro pvp')
    class 11: ('balance pve', 'bear pve', 'resto pve', 'cat pve', 'balance pvp', 'cat pvp', 'resto pvp')
dbreads.resolve_marker -> Marker(prefix='rndbot', source='conf') 

---- done -- 22:17:43 CEST ----
