==============================================================
T26 measure, step 01: ground -- 19:33:50 CEST -- yulon-ubuntu
==============================================================

---- containers (nothing here restarts any of them) -- 19:33:50 CEST ----
ac-worldserver	Up 45 minutes
ac-authserver	Up 16 minutes
ac-database	Up 7 hours (healthy)
worldserver started=2026-09-10T16:48:48.793295165Z restarts=0
authserver  started=2026-09-10T17:17:41.380860867Z restarts=0
database    started=2026-09-10T10:47:55.6428276Z restarts=0

---- the four counts this lane must leave unchanged -- 19:33:50 CEST ----
accounts    = 103
characters  = 1001
guilds      = 20
guild_member= 300
group_member= 0
groups      = 0
online      = 500

---- the non-bot accounts (id, username, gmlevel) -- PERZI and Pakka are read only to prove they were left alone -- 19:33:51 CEST ----
+-----+----------------+---------------------+---------+
| id  | username       | last_login          | gmlevel |
+-----+----------------+---------------------+---------+
| 101 | YULON_243C46E3 | NULL                |       3 |
| 102 | PERZI          | 2026-09-08 23:24:16 |       3 |
| 103 | YULONADMIN     | NULL                |       3 |
+-----+----------------+---------------------+---------+
+------+-------+---------+-------+--------+
| guid | name  | account | level | online |
+------+-------+---------+-------+--------+
| 1001 | Pakka |     102 |     6 |      0 |
+------+-------+---------+-------+--------+

---- the group table, raw (T13's own read) -- 19:33:51 CEST ----
(empty above means no group rows at all)

---- the characters T13's harness used -- 19:33:51 CEST ----
+------+----------+---------+------+-------+-------+--------+
| guid | name     | account | race | class | level | online |
+------+----------+---------+------+-------+-------+--------+
|    1 | Jurnaar  |       1 |   11 |     1 |    80 |      1 |
|    2 | Nore     |       1 |   10 |     2 |    74 |      1 |
|    4 | Dalio    |       1 |    5 |     4 |    24 |      1 |
|   11 | Grirmirn |       2 |    3 |     1 |    69 |      1 |
|   12 | Zarraden |       2 |   10 |     2 |    78 |      1 |
+------+----------+---------+------+-------+-------+--------+

---- the deployed bridge scripts (the app's five, from T13's run) -- 19:33:51 CEST ----
total 96
-rw-rw-r-- 1 pk pk  3167 Sep  8 20:53 dml_addclass.lua
-rw-rw-r-- 1 pk pk  2379 Sep  8 20:53 dml_bridge_ping.lua
-rw-rw-r-- 1 pk pk  1276 Sep  8 20:53 dml_login.lua
-rw-r--r-- 1 pk pk  5926 Sep 10 18:31 dml_uninvite.lua
-rw-rw-r-- 1 pk pk  1737 Sep  8 20:53 dml_whisper.lua
-rw-r--r-- 1 pk pk 37294 Sep  9 02:06 LootPet2.lua
-rw-r--r-- 1 pk pk 31216 Sep  8 23:04 LootPet.lua.bak-20260909-002427

---- the module conf directory as shipped -- 19:33:51 CEST ----
total 148
drwxrwxr-x 2 pk pk   4096 Sep 10 18:48 lua_scripts
-rw-rw-r-- 1 pk pk   6934 Sep  9 01:00 mod_ale.conf
-rw-rw-r-- 1 pk pk   6937 Sep  8 23:07 mod_ale.conf.before-logger-fix
-rw-r--r-- 1 pk pk   6906 Sep  8 22:39 mod_ale.conf.dist
-rw-r--r-- 1 pk pk 119723 Sep  8 22:11 playerbots.conf.dist

---- the SOAP seam answers, and the bridge with it -- 19:33:51 CEST ----
account=YULON_243C46E3 host=127.0.0.1 port=7878 ns=urn:AC
COMMAND: dml_bridge_ping
outcome=answered http=200
text='DML-BRIDGE-READY dml_bridge_ping\r\n'
COMMAND: server info
outcome=answered http=200
text='AzerothCore rev. 413bea61a85e+ 2026-09-04 09:03:49 -0700 (HEAD branch) (Unix, RelWithDebInfo, Static)\r\nConnected players: 0. Characters in world: 500.\r\nConnection peak: 0.\r\nMinimum account security level to log in: 0.\r\nServer uptime: 45 minute(s) 3 second(s)\r\nUpdate time diff: 3ms. Last 500 diffs summary:\r\n|- Mean: 35ms\r\n|- Median: 6ms\r\n|- Percentiles (95, 99, max): 117ms, 122ms, 136ms\r\n'

---- done -- 19:33:52 CEST ----
