==============================================================
T26 measure, step 02: the module's source -- 19:37:59 CEST -- yulon-ubuntu
==============================================================

---- which module, which commit -- 19:37:59 CEST ----
commit b949b50bfcdd4fab937781bac2d7765e39330e4b
authored 2026-09-04 09:01:38 -0700
subject Merge pull request #2722 from mod-playerbots/test-staging
path: /home/pk/wowserver/modules/mod-playerbots

---- the brief's own grep -- 19:37:59 CEST ----
./modules/mod-playerbots/src/PlayerbotAIConfig.cpp
./modules/mod-playerbots/src/Bot/Factory/RandomPlayerbotFactory.cpp
./modules/mod-playerbots/src/Bot/RandomPlayerbotMgr.cpp

---- A. the command table -- src/Script/PlayerbotCommandScript.cpp -- 19:37:59 CEST ----
25:            {"bg", HandleDebugBGCommand, SEC_GAMEMASTER, Console::Yes},
26:        };
27:
28:        static ChatCommandTable playerbotsAccountCommandTable = {
29:            {"setKey", HandleSetSecurityKeyCommand, SEC_PLAYER, Console::No},
30:            {"link", HandleLinkAccountCommand, SEC_PLAYER, Console::No},
31:            {"linkedAccounts", HandleViewLinkedAccountsCommand, SEC_PLAYER, Console::No},
32:            {"unlink", HandleUnlinkAccountCommand, SEC_PLAYER, Console::No},
33:        };
34:
35:        static ChatCommandTable playerbotsCommandTable = {
36:            {"bot", HandlePlayerbotCommand, SEC_PLAYER, Console::No},
37:            {"gtask", HandleGuildTaskCommand, SEC_GAMEMASTER, Console::Yes},
38:            {"pmon", HandlePerfMonCommand, SEC_GAMEMASTER, Console::Yes},
39:            {"rndbot", HandleRandomPlayerbotCommand, SEC_GAMEMASTER, Console::Yes},
40:            {"debug", playerbotsDebugCommandTable},
41:            {"account", playerbotsAccountCommandTable},
42:        };
43:
44:        static ChatCommandTable commandTable = {
45:            {"playerbots", playerbotsCommandTable},
46:        };
47:
48:        return commandTable;
49:    }
50:
51:    static bool HandlePlayerbotCommand(ChatHandler* handler, char const* args)
52:    {
53:        return PlayerbotMgr::HandlePlayerbotMgrCommand(handler, args);
54:    }
55:
56:    static bool HandleRandomPlayerbotCommand(ChatHandler* handler, char const* args)
57:    {
58:        return RandomPlayerbotMgr::HandlePlayerbotConsoleCommand(handler, args);
59:    }
60:
61:    static bool HandleGuildTaskCommand(ChatHandler* handler, char const* args)
62:    {
63:        return GuildTaskMgr::HandleConsoleCommand(handler, args);
64:    }
65:
66:    static bool HandlePerfMonCommand(ChatHandler* /*handler*/, char const* args)
67:    {
68:        if (!strcmp(args, "reset"))
69:        {
70:            sPerfMonitor.Reset();
71:            return true;
72:        }
73:
74:        if (!strcmp(args, "tick"))
75:        {

---- B. the entry point -- src/Bot/PlayerbotMgr.cpp:860-895 (HandlePlayerbotMgrCommand) -- 19:37:59 CEST ----
860:}
861:
862:bool PlayerbotMgr::HandlePlayerbotMgrCommand(ChatHandler* handler, char const* args)
863:{
864:    if (!sPlayerbotAIConfig.enabled)
865:    {
866:        handler->PSendSysMessage("|cffff0000Playerbot system is currently disabled!");
867:        return false;
868:    }
869:
870:    WorldSession* m_session = handler->GetSession();
871:    if (!m_session)
872:    {
873:        handler->PSendSysMessage("You may only add bots from an active session");
874:        return false;
875:    }
876:
877:    Player* player = m_session->GetPlayer();
878:    PlayerbotMgr* mgr = GET_PLAYERBOT_MGR(player);
879:    if (!mgr)
880:    {
881:        handler->PSendSysMessage("You cannot control bots yet");
882:        return false;
883:    }
884:
885:    std::vector<std::string> messages = mgr->HandlePlayerbotCommand(args, player);
886:    if (messages.empty())
887:        return true;
888:
889:    for (std::vector<std::string>::iterator i = messages.begin(); i != messages.end(); ++i)
890:    {
891:        handler->PSendSysMessage("{}", i->c_str());
892:    }
893:
894:    return true;
895:}
896:

---- C. what 'add' does -- src/Bot/PlayerbotMgr.cpp:673-706 (ProcessBotCommand) -- 19:37:59 CEST ----
673:std::string const PlayerbotHolder::ProcessBotCommand(std::string const cmd, ObjectGuid guid, ObjectGuid masterguid,
674:                                                     bool admin, uint32 masterAccountId, uint32)
675:{
676:    if (!sPlayerbotAIConfig.enabled || guid.IsEmpty())
677:        return "bot system is disabled";
678:
679:    //bool isRandomBot = sRandomPlayerbotMgr.IsRandomBot(guid.GetCounter()); //not used, line marked for removal.
680:    //bool isRandomAccount = sPlayerbotAIConfig.IsInRandomAccountList(botAccount); //not used, shadowed, line marked for removal.
681:    //bool isMasterAccount = (masterAccountId == botAccount); //not used, line marked for removal.
682:
683:    if (cmd == "add" || cmd == "addaccount" || cmd == "login")
684:    {
685:        if (ObjectAccessor::FindPlayer(guid))
686:            return "player already logged in";
687:
688:        // For addaccount command, verify it's an account name
689:        if (cmd == "addaccount")
690:        {
691:            uint32 accountId = sCharacterCache->GetCharacterAccountIdByGuid(guid);
692:            if (!accountId)
693:            {
694:                return "character not found";
695:            }
696:
697:            if (!sPlayerbotAIConfig.allowAccountBots && accountId != masterAccountId &&
698:                !(sPlayerbotAIConfig.allowTrustedAccountBots && IsAccountLinked(accountId, masterAccountId)))
699:            {
700:                return "you can only add bots from your own account or linked accounts";
701:            }
702:        }
703:
704:        AddPlayerBot(guid, masterAccountId);
705:        return "ok";
706:    }
707:    else if (cmd == "remove" || cmd == "logout" || cmd == "rm")

---- D. THE THREE RULES -- src/Bot/PlayerbotMgr.cpp:84-118 (AddPlayerBot) -- 19:37:59 CEST ----
84:void PlayerbotHolder::AddPlayerBot(ObjectGuid playerGuid, uint32 masterAccountId)
85:{
86:    if (botLoading.find(playerGuid) != botLoading.end())
87:        return;
88:
89:    // has bot already been added?
90:    Player* bot = ObjectAccessor::FindConnectedPlayer(playerGuid);
91:    if (bot && bot->IsInWorld())
92:        return;
93:
94:    uint32 accountId = sCharacterCache->GetCharacterAccountIdByGuid(playerGuid);
95:    if (!accountId)
96:        return;
97:
98:    WorldSession* masterSession = masterAccountId ? sWorldSessionMgr->FindSession(masterAccountId) : nullptr;
99:    Player* masterPlayer = masterSession ? masterSession->GetPlayer() : nullptr;
100:
101:    bool isRndbot = !masterAccountId;
102:    bool sameAccount = sPlayerbotAIConfig.allowAccountBots && accountId == masterAccountId;
103:    Guild* guild = masterPlayer ? sGuildMgr->GetGuildById(masterPlayer->GetGuildId()) : nullptr;
104:    bool sameGuild = sPlayerbotAIConfig.allowGuildBots && guild && guild->GetMember(playerGuid);
105:    bool addClassBot = sRandomPlayerbotMgr.IsAddclassBot(playerGuid.GetCounter());
106:    bool linkedAccount = sPlayerbotAIConfig.allowTrustedAccountBots && IsAccountLinked(accountId, masterAccountId);
107:
108:    bool allowed = true;
109:    std::ostringstream out;
110:    std::string botName;
111:    sCharacterCache->GetCharacterNameByGuid(playerGuid, botName);
112:    if (!isRndbot && !sameAccount && !sameGuild && !addClassBot && !linkedAccount)
113:    {
114:        allowed = false;
115:        out << "Failure: You are not allowed to control bot " << botName.c_str();
116:    }
117:    if (masterAccountId && masterPlayer)
118:    {
119:        PlayerbotMgr* mgr = GET_PLAYERBOT_MGR(masterPlayer);
120:        if (!mgr)

---- E. the cap and how the refusal is delivered -- src/Bot/PlayerbotMgr.cpp:120-145 -- 19:37:59 CEST ----
120:        if (!mgr)
121:        {
122:            LOG_DEBUG("playerbots", "PlayerbotMgr not found for master player with GUID: {}", masterPlayer->GetGUID().GetRawValue());
123:            return;
124:        }
125:        uint32 loadingForMaster = 0;
126:        for (auto const& [guid, acctId] : botLoading)
127:        {
128:            if (acctId == masterAccountId)
129:                ++loadingForMaster;
130:        }
131:        uint32 count = mgr->GetPlayerbotsCount() + loadingForMaster;
132:        if (count >= uint32(PlayerbotAIConfig::instance().maxAddedBots))
133:        {
134:            allowed = false;
135:            out << "Failure: You have added too many bots (more than " << sPlayerbotAIConfig.maxAddedBots << ")";
136:        }
137:    }
138:    if (!allowed)
139:    {
140:        if (masterSession)
141:        {
142:            ChatHandler ch(masterSession);
143:            ch.SendSysMessage(out.str());
144:        }
145:        return;
146:    }

---- F. the fourth rule: linked accounts -- src/Bot/PlayerbotMgr.cpp:191-196 (IsAccountLinked) -- 19:37:59 CEST ----
191:bool PlayerbotHolder::IsAccountLinked(uint32 accountId, uint32 linkedAccountId)
192:{
193:    QueryResult result = PlayerbotsDatabase.Query(
194:        "SELECT 1 FROM playerbots_account_links WHERE account_id = {} AND linked_account_id = {}", accountId, linkedAccountId);
195:    return result != nullptr;
196:}
197:

---- G. how the NAME is resolved for 'add' -- src/Bot/PlayerbotMgr.cpp:1281-1325 -- 19:37:59 CEST ----
1281:                } while (results->NextRow());
1282:            }
1283:        }
1284:        else
1285:        {
1286:            // For regular add command, only add the specific character
1287:            if (!normalizePlayerName(s))
1288:            {
1289:                messages.push_back("Character '" + *i + "' not found");
1290:                continue;
1291:            }
1292:            ObjectGuid charGuid = sCharacterCache->GetCharacterGuidByName(s);
1293:            if (!charGuid)
1294:            {
1295:                messages.push_back("Character '" + s + "' not found");
1296:                continue;
1297:            }
1298:            bots.insert(s);
1299:        }
1300:    }
1301:
1302:    for (auto i = bots.begin(); i != bots.end(); ++i)
1303:    {
1304:        std::string const bot = *i;
1305:
1306:        std::ostringstream out;
1307:        out << cmdStr << ": " << bot << " - ";
1308:
1309:        ObjectGuid member = sCharacterCache->GetCharacterGuidByName(bot);
1310:        if (!member)
1311:        {
1312:            out << "character not found";
1313:        }
1314:        else if (master && member != master->GetGUID())
1315:        {
1316:            out << ProcessBotCommand(cmdStr, member, master->GetGUID(),
1317:                                     master->CanBeGameMaster(),
1318:                                     master->GetSession()->GetAccountId(), master->GetGuildId());
1319:        }
1320:        else if (!master)
1321:        {
1322:            out << ProcessBotCommand(cmdStr, member, ObjectGuid::Empty, true, -1, -1);
1323:        }
1324:
1325:        messages.push_back(out.str());

---- H. who gets a PlayerbotMgr at all -- src/Script/Playerbots.cpp:82-90 and src/Bot/PlayerbotMgr.cpp:1803-1817 -- 19:37:59 CEST ----
82:
83:    void OnPlayerLogin(Player* player) override
84:    {
85:        if (!player->GetSession()->IsBot())
86:        {
87:            PlayerbotsMgr::instance().AddPlayerbotData(player, false);
88:            sRandomPlayerbotMgr.OnPlayerLogin(player);
89:
90:            // Before modifying the following messages, please make sure it does not violate the GNU GPLv2
1803:PlayerbotMgr* PlayerbotsMgr::GetPlayerbotMgr(Player* player)
1804:{
1805:    if (!(sPlayerbotAIConfig.enabled) || !player)
1806:    {
1807:        return nullptr;
1808:    }
1809:    auto itr = _playerbotsMgrMap.find(player->GetGUID());
1810:    if (itr != _playerbotsMgrMap.end())
1811:    {
1812:        if (!itr->second->IsBotAI())
1813:            return dynamic_cast<PlayerbotMgr*>(itr->second);
1814:    }
1815:
1816:    return nullptr;
1817:}
1818:
1731:void PlayerbotsMgr::AddPlayerbotData(Player* player, bool isBotAI)
1732:{
1733:    if (!player)
1734:    {
1735:        return;
1736:    }
1737:    // If the guid already exists in the map, remove it
1738:
1739:    if (!isBotAI)
1740:    {
1741:        std::unordered_map<ObjectGuid, PlayerbotAIBase*>::iterator itr = _playerbotsMgrMap.find(player->GetGUID());
1742:        if (itr != _playerbotsMgrMap.end())
1743:        {
1744:            _playerbotsMgrMap.erase(itr);
1745:        }
1746:        PlayerbotMgr* playerbotMgr = new PlayerbotMgr(player);
1747:        ASSERT(_playerbotsMgrMap.emplace(player->GetGUID(), playerbotMgr).second);
1748:
1749:        playerbotMgr->OnPlayerLogin(player);
1750:    }
1751:    else
1752:    {
1753:        std::unordered_map<ObjectGuid, PlayerbotAIBase*>::iterator itr = _playerbotsAIMap.find(player->GetGUID());
1754:        if (itr != _playerbotsAIMap.end())
1755:        {
1756:            _playerbotsAIMap.erase(itr);
1757:        }
1758:        PlayerbotAI* botAI = new PlayerbotAI(player);
1759:        ASSERT(_playerbotsAIMap.emplace(player->GetGUID(), botAI).second);
1760:    }
1761:}
1762:

---- I. the config keys -- src/PlayerbotAIConfig.cpp -- 19:37:59 CEST ----
184:    allowAccountBots = sConfigMgr->GetOption<bool>("AiPlayerbot.AllowAccountBots", true);
185:    allowGuildBots = sConfigMgr->GetOption<bool>("AiPlayerbot.AllowGuildBots", true);
186:    allowTrustedAccountBots = sConfigMgr->GetOption<bool>("AiPlayerbot.AllowTrustedAccountBots", true);
576:    randomBotAccountPrefix = sConfigMgr->GetOption<std::string>("AiPlayerbot.RandomBotAccountPrefix", "rndbot");
577:    randomBotAccountCount = sConfigMgr->GetOption<int32>("AiPlayerbot.RandomBotAccountCount", 0);
644:    maxAddedBots = sConfigMgr->GetOption<int32>("AiPlayerbot.MaxAddedBots", 40);
750:    selfBotLevel = sConfigMgr->GetOption<int32>("AiPlayerbot.SelfBotLevel", 1);
-- and the fields they land in --
108:    bool allowAccountBots, allowGuildBots, allowTrustedAccountBots;
296:    std::string randomBotAccountPrefix;
424:    int32 maxAddedBots;
-- is there any 'friends' or 'AllowPlayerBots' key at all? --
/home/pk/wowserver/modules/mod-playerbots/src/PlayerbotAIConfig.cpp:184:    allowAccountBots = sConfigMgr->GetOption<bool>("AiPlayerbot.AllowAccountBots", true);
/home/pk/wowserver/modules/mod-playerbots/src/PlayerbotAIConfig.cpp:185:    allowGuildBots = sConfigMgr->GetOption<bool>("AiPlayerbot.AllowGuildBots", true);
/home/pk/wowserver/modules/mod-playerbots/src/PlayerbotAIConfig.cpp:186:    allowTrustedAccountBots = sConfigMgr->GetOption<bool>("AiPlayerbot.AllowTrustedAccountBots", true);
/home/pk/wowserver/modules/mod-playerbots/src/PlayerbotAIConfig.cpp:566:    LoadListString<std::vector<std::string>>(sConfigMgr->GetOption<std::string>("AiPlayerbot.AllowedLogFiles", ""),
/home/pk/wowserver/modules/mod-playerbots/src/PlayerbotAIConfig.cpp:635:    allowSummonInCombat = sConfigMgr->GetOption<bool>("AiPlayerbot.AllowSummonInCombat", true);
/home/pk/wowserver/modules/mod-playerbots/src/PlayerbotAIConfig.cpp:636:    allowSummonWhenMasterIsDead = sConfigMgr->GetOption<bool>("AiPlayerbot.AllowSummonWhenMasterIsDead", true);
/home/pk/wowserver/modules/mod-playerbots/src/PlayerbotAIConfig.cpp:637:    allowSummonWhenBotIsDead = sConfigMgr->GetOption<bool>("AiPlayerbot.AllowSummonWhenBotIsDead", true);
/home/pk/wowserver/modules/mod-playerbots/src/PlayerbotAIConfig.cpp:718:    allowLearnTrainerSpells = sConfigMgr->GetOption<bool>("AiPlayerbot.AllowLearnTrainerSpells", true);
-- keys with 'friend' in the name --
/home/pk/wowserver/modules/mod-playerbots/src/PlayerbotAIConfig.cpp:685:AiPlayerbot.BotActiveAloneForceWhenIsFriend
/home/pk/wowserver/modules/mod-playerbots/src/PlayerbotAIConfig.cpp:815:AiPlayerbot.LevelBrackets.IgnoreFriendListed
-- keys with 'PlayerBots' in the name --

---- J. what makes a character an 'addclass bot' -- src/Bot/RandomPlayerbotMgr.cpp:1719-1755, :2154-2175 -- 19:37:59 CEST ----
1719:void RandomPlayerbotMgr::PrepareAddclassCache()
1720:{
1721:    // Using accounts marked as type 2 (AddClass)
1722:    int32 collected = 0;
1723:
1724:    for (uint32 accountId : addClassTypeAccounts)
1725:    {
1726:        for (uint8 claz = CLASS_WARRIOR; claz <= CLASS_DRUID; claz++)
1727:        {
1728:            if (claz == 10)
1729:                continue;
1730:
1731:            QueryResult results = CharacterDatabase.Query(
1732:                "SELECT guid, race FROM characters "
1733:                "WHERE account = {} AND class = '{}' AND online = 0",
1734:                accountId, claz);
1735:
1736:            if (results)
1737:            {
1738:                do
1739:                {
1740:                    Field* fields = results->Fetch();
1741:                    ObjectGuid guid = ObjectGuid(HighGuid::Player, fields[0].Get<uint32>());
1742:                    uint32 race = fields[1].Get<uint32>();
1743:                    bool isAlliance = race == 1 || race == 3 || race == 4 || race == 7 || race == 11;
1744:                    addclassCache[GetTeamClassIdx(isAlliance, claz)].insert(guid);
1745:                    collected++;
1746:                } while (results->NextRow());
1747:            }
1748:        }
1749:    }
1750:
1751:    LOG_INFO("playerbots", ">> {} characters collected for addclass command from {} AddClass accounts.", collected, addClassTypeAccounts.size());
1752:}
1753:
1754:void RandomPlayerbotMgr::Init()
1755:{
2154:bool RandomPlayerbotMgr::IsAddclassBot(ObjectGuid::LowType bot)
2155:{
2156:    ObjectGuid guid = ObjectGuid::Create<HighGuid::Player>(bot);
2157:
2158:    // Check the cache with faction considerations
2159:    for (uint8 claz = CLASS_WARRIOR; claz <= CLASS_DRUID; claz++)
2160:    {
2161:        if (claz == 10)
2162:            continue;
2163:
2164:        for (uint8 isAlliance = 0; isAlliance <= 1; isAlliance++)
2165:        {
2166:            if (addclassCache[GetTeamClassIdx(isAlliance, claz)].find(guid) !=
2167:                addclassCache[GetTeamClassIdx(isAlliance, claz)].end())
2168:            {
2169:                return true;
2170:            }
2171:        }
2172:    }
2173:
2174:    // If not in cache, check the account type
2175:    uint32 accountId = sCharacterCache->GetCharacterAccountIdByGuid(guid);
2176:    if (accountId && IsAccountType(accountId, 2)) // Type 2 = AddClass

---- K. which accounts count as random-bot accounts -- src/Bot/RandomPlayerbotMgr.cpp:488-520, :610-625 -- 19:37:59 CEST ----
488:// be unassigned (type 0)
489:void RandomPlayerbotMgr::AssignAccountTypes()
490:{
491:    LOG_INFO("playerbots", "Assigning account types for random bot accounts...");
492:
493:    // Clear existing filtered lists
494:    rndBotTypeAccounts.clear();
495:    addClassTypeAccounts.clear();
496:
497:    // First, get ALL randombot accounts from the database
498:    std::vector<uint32> allRandomBotAccounts;
499:    QueryResult allAccounts = LoginDatabase.Query(
500:        "SELECT id FROM account WHERE username LIKE '{}%%' ORDER BY id",
501:        sPlayerbotAIConfig.randomBotAccountPrefix.c_str());
502:
503:    if (allAccounts)
504:    {
505:        do
506:        {
507:            Field* fields = allAccounts->Fetch();
508:            uint32 accountId = fields[0].Get<uint32>();
509:            allRandomBotAccounts.push_back(accountId);
510:        } while (allAccounts->NextRow());
511:    }
512:
513:    LOG_INFO("playerbots", "Found {} total randombot accounts in database", allRandomBotAccounts.size());
514:
515:    // Check existing assignments
516:    QueryResult existingAssignments = PlayerbotsDatabase.Query("SELECT account_id, account_type FROM playerbots_account_type");
517:    std::map<uint32, uint8> currentAssignments;
518:
519:    if (existingAssignments)
520:    {
610:        {
611:            LOG_ERROR("playerbots", "Not enough unassigned accounts to fulfill AddClass requirements. Need {} more accounts.", toAssign - assigned);
612:        }
613:    }
614:
615:    // Populate filtered account lists with ALL accounts of each type
616:    for (auto const& [accountId, accountType] : currentAssignments)
617:    {
618:        if (accountType == 1) rndBotTypeAccounts.push_back(accountId);
619:        else if (accountType == 2) addClassTypeAccounts.push_back(accountId);
620:    }
621:
622:    LOG_INFO("playerbots", "Account type assignment complete: {} RNDbot accounts, {} AddClass accounts, {} unassigned",
623:             rndBotTypeAccounts.size(), addClassTypeAccounts.size(),
624:             currentAssignments.size() - rndBotTypeAccounts.size() - addClassTypeAccounts.size());
625:}
626:

---- done -- 19:37:59 CEST ----
