==============================================================
T26 measure, step 03: the conf as shipped -- 19:38:49 CEST -- yulon-ubuntu
==============================================================

---- which files exist (a .conf would win over the .conf.dist; there is none) -- 19:38:49 CEST ----
-rw-rw-r-- 1 pk pk   6934 Sep  9 01:00 /home/pk/wowserver/env/dist/etc/modules/mod_ale.conf
-rw-r--r-- 1 pk pk   6906 Sep  8 22:39 /home/pk/wowserver/env/dist/etc/modules/mod_ale.conf.dist
-rw-r--r-- 1 pk pk 119723 Sep  8 22:11 /home/pk/wowserver/env/dist/etc/modules/playerbots.conf.dist
-- and inside the container, which the world actually reads --
total 148
drwxrwxr-x 2 acore acore   4096 Sep 10 16:48 lua_scripts
-rw-rw-r-- 1 acore acore   6934 Sep  8 23:00 mod_ale.conf
-rw-rw-r-- 1 acore acore   6937 Sep  8 21:07 mod_ale.conf.before-logger-fix
-rw-r--r-- 1 acore acore   6906 Sep  8 20:39 mod_ale.conf.dist
-rw-r--r-- 1 acore acore 119723 Sep  8 20:11 playerbots.conf.dist

---- the four gate keys, as shipped -- /home/pk/wowserver/env/dist/etc/modules/playerbots.conf.dist -- 19:38:49 CEST ----
83:AiPlayerbot.Enabled = 1
97:AiPlayerbot.RandomBotAccountCount = 0
106:AiPlayerbot.RandomBotAccountPrefix = "rndbot"
136:AiPlayerbot.MaxAddedBots = 40
155:AiPlayerbot.AllowAccountBots = 1
158:AiPlayerbot.AllowGuildBots = 1
161:AiPlayerbot.AllowTrustedAccountBots = 1
189:AiPlayerbot.SelfBotLevel = 1

---- with their comment blocks (the module's own words) -- 19:38:49 CEST ----
### AiPlayerbot.AllowAccountBots

# Bot group invitation permission level (0 = GM only, 1 = accept based on level, 2 = always accept)
# Default: 1 (accept based on level)
AiPlayerbot.GroupInvitationPermission = 1

# Keep altbots in the party even when the master leaves
# 0 = disabled (default behavior)
# 1 = enabled (prevents bots from automatically leaving the group)
AiPlayerbot.KeepAltsInGroup = 0

# Auto-login all player alts as altbots on player login
AiPlayerbot.BotAutologin = 0

# Allow/deny inviting altbots from the player's account
AiPlayerbot.AllowAccountBots = 1

### AiPlayerbot.AllowGuildBots
AiPlayerbot.GroupInvitationPermission = 1

# Keep altbots in the party even when the master leaves
# 0 = disabled (default behavior)
# 1 = enabled (prevents bots from automatically leaving the group)
AiPlayerbot.KeepAltsInGroup = 0

# Auto-login all player alts as altbots on player login
AiPlayerbot.BotAutologin = 0

# Allow/deny inviting altbots from the player's account
AiPlayerbot.AllowAccountBots = 1

# Allow/deny inviting altbots in the player's guild
AiPlayerbot.AllowGuildBots = 1

### AiPlayerbot.AllowTrustedAccountBots
# 0 = disabled (default behavior)
# 1 = enabled (prevents bots from automatically leaving the group)
AiPlayerbot.KeepAltsInGroup = 0

# Auto-login all player alts as altbots on player login
AiPlayerbot.BotAutologin = 0

# Allow/deny inviting altbots from the player's account
AiPlayerbot.AllowAccountBots = 1

# Allow/deny inviting altbots in the player's guild
AiPlayerbot.AllowGuildBots = 1

# Allow linking accounts for shared altbot control
AiPlayerbot.AllowTrustedAccountBots = 1

### AiPlayerbot.RandomBotAccountPrefix
# Randombot accounts
# Set to 0 to automatically calculate needed accounts based on MaxRandomBots, EnablePeriodicOnlineOffline
# and its ratio, and AddClassAccountPoolSize. Set manually if you want to create more accounts than needed.
# If the manual value is less than the required, the system will override it with the required value.
# Default: 0 (automatic)
AiPlayerbot.RandomBotAccountCount = 0

# Addclass accounts
# Number of accounts created for bots reserved for the addclass command. As with randombots, each account has
# 10 bots (or 9 if WotLK is disabled), one bot for each class.
AiPlayerbot.AddClassAccountPoolSize = 50

# Prefix for created bot accounts (of any type).
# Do not change this prefix while there are existing bot accounts.
AiPlayerbot.RandomBotAccountPrefix = "rndbot"

### AiPlayerbot.MaxAddedBots

###################################
#                                 #
# PLAYERBOTS SETTINGS             #
#                                 #
###################################

####################################################################################################

####################################################################################################
# GENERAL
#

# The maximum number of bots that a player can control simultaneously
AiPlayerbot.MaxAddedBots = 40


---- is any AiPlayerbot key set anywhere ELSE (a .conf, worldserver.conf, an include)? -- 19:38:49 CEST ----
(nothing above = the .dist values are the live ones)

---- the compose env that CAN override a conf key (only AC_AI_* names printed) -- 19:38:49 CEST ----
23:      AC_AI_PLAYERBOT_COMMAND_SERVER_PORT: "0"
24:      AC_AI_PLAYERBOT_MAX_RANDOM_BOTS: "500"
25:      AC_AI_PLAYERBOT_MIN_RANDOM_BOTS: "500"
26:      AC_AI_PLAYERBOT_RANDOM_BOT_AUTOLOGIN: "1"

---- and what the RUNNING worldserver container actually carries (AC_AI_* only) -- 19:38:49 CEST ----
AC_AI_PLAYERBOT_COMMAND_SERVER_PORT=0
AC_AI_PLAYERBOT_MAX_RANDOM_BOTS=500
AC_AI_PLAYERBOT_MIN_RANDOM_BOTS=500
AC_AI_PLAYERBOT_RANDOM_BOT_AUTOLOGIN=1

---- the playerbots database and the three tables the rules read -- 19:38:49 CEST ----
acore_playerbots
+--------------------------+------------+
| TABLE_NAME               | TABLE_ROWS |
+--------------------------+------------+
| playerbots_account_keys  |          0 |
| playerbots_account_links |          0 |
| playerbots_account_type  |        100 |
+--------------------------+------------+
-- how many random-bot accounts, and how they are typed --
+--------------+----------+
| account_type | COUNT(*) |
+--------------+----------+
|            1 |       50 |
|            2 |       50 |
+--------------+----------+
-- any account links at all? (this is the friends/family route) --
0
-- accounts whose username starts with the shipped prefix --
100

---- done -- 19:38:49 CEST ----
