==============================================================
T26 measure, step 04: what the SOAP seam can and cannot reach -- 19:41:43 CEST -- yulon-ubuntu
==============================================================

---- who is asking, and its rights -- 19:41:43 CEST ----
account=YULON_243C46E3 host=127.0.0.1 port=7878 ns=urn:AC
+-----+---------+---------+
| id  | gmlevel | RealmID |
+-----+---------+---------+
| 101 |       3 |      -1 |
| 102 |       3 |      -1 |
| 103 |       3 |      -1 |
+-----+---------+---------+
(SEC_ADMINISTRATOR = 3; AzerothCore's SOAP refuses anything below it)

---- the seam is alive -- 19:41:43 CEST ----

>>> window opens at SINCE=2026-09-10T17:41:43Z  (grep pattern: dml_bridge_ping)
>>> lines matching in the window BEFORE the press: 0
COMMAND: dml_bridge_ping
outcome=answered http=200
text='DML-BRIDGE-READY dml_bridge_ping\r\n'
>>> the world's own log for that window:
[0m[dml_bridge_ping] DML-BRIDGE-READY dml_bridge_ping

---- 1. what the console/SOAP caller is even OFFERED under .playerbots -- 19:41:47 CEST ----

>>> window opens at SINCE=2026-09-10T17:41:47Z  (grep pattern: NOTHING-EXPECTED)
>>> lines matching in the window BEFORE the press: 0
COMMAND: .playerbots
outcome=refused http=500
text='### USAGE: .playerbots ...\r\nPossible subcommands:\r\n|- playerbots debug ...\r\n|- playerbots gtask\r\n|- playerbots pmon\r\n|- playerbots rndbot\r\n'
>>> the world's own log for that window:
(no matching line)

>>> window opens at SINCE=2026-09-10T17:41:50Z  (grep pattern: NOTHING-EXPECTED)
>>> lines matching in the window BEFORE the press: 0
COMMAND: .help playerbots
outcome=answered http=200
text='### USAGE: .playerbots ...\r\nPossible subcommands:\r\n|- playerbots debug ...\r\n|- playerbots gtask\r\n|- playerbots pmon\r\n|- playerbots rndbot\r\n'
>>> the world's own log for that window:
(no matching line)

---- 2. the command the ticket names, in every spelling -- case (a) SAME ACCOUNT as the master -- 19:41:53 CEST ----
master Jurnaar (guid 1, account 1); Nore (guid 2) is on the SAME account

>>> window opens at SINCE=2026-09-10T17:41:53Z  (grep pattern: NOTHING-EXPECTED)
>>> lines matching in the window BEFORE the press: 0
COMMAND: .playerbots bot add Nore
outcome=refused http=500
text='### USAGE: .playerbots ...\r\nPossible subcommands:\r\n|- playerbots debug ...\r\n|- playerbots gtask\r\n|- playerbots pmon\r\n|- playerbots rndbot\r\n'
>>> the world's own log for that window:
(no matching line)

>>> window opens at SINCE=2026-09-10T17:41:57Z  (grep pattern: NOTHING-EXPECTED)
>>> lines matching in the window BEFORE the press: 0
COMMAND: playerbots bot add Nore
outcome=refused http=500
text='### USAGE: .playerbots ...\r\nPossible subcommands:\r\n|- playerbots debug ...\r\n|- playerbots gtask\r\n|- playerbots pmon\r\n|- playerbots rndbot\r\n'
>>> the world's own log for that window:
(no matching line)

>>> window opens at SINCE=2026-09-10T17:42:00Z  (grep pattern: NOTHING-EXPECTED)
>>> lines matching in the window BEFORE the press: 0
COMMAND: .bot add Nore
outcome=refused http=500
text="Command 'bot add Nore' does not exist\r\n"
>>> the world's own log for that window:
(no matching line)

>>> window opens at SINCE=2026-09-10T17:42:04Z  (grep pattern: NOTHING-EXPECTED)
>>> lines matching in the window BEFORE the press: 0
COMMAND: bot add Nore
outcome=refused http=500
text="Command 'bot add Nore' does not exist\r\n"
>>> the world's own log for that window:
(no matching line)

---- 3. case (b) a character on a DIFFERENT account, not in the master's guild -- 19:42:07 CEST ----
master Jurnaar (account 1, no guild); Grirmirn (guid 11) is on account 2 and in no guild

>>> window opens at SINCE=2026-09-10T17:42:07Z  (grep pattern: NOTHING-EXPECTED)
>>> lines matching in the window BEFORE the press: 0
COMMAND: .playerbots bot add Grirmirn
outcome=refused http=500
text='### USAGE: .playerbots ...\r\nPossible subcommands:\r\n|- playerbots debug ...\r\n|- playerbots gtask\r\n|- playerbots pmon\r\n|- playerbots rndbot\r\n'
>>> the world's own log for that window:
(no matching line)

---- 4. case (c) a GUILD MATE on another account -- 19:42:11 CEST ----
master Dalio (guid 4, account 1, guild 12 'Violet Dawn'); Jordanik (guid 24, account 3) is in the same guild

>>> window opens at SINCE=2026-09-10T17:42:11Z  (grep pattern: NOTHING-EXPECTED)
>>> lines matching in the window BEFORE the press: 0
COMMAND: .playerbots bot add Jordanik
outcome=refused http=500
text='### USAGE: .playerbots ...\r\nPossible subcommands:\r\n|- playerbots debug ...\r\n|- playerbots gtask\r\n|- playerbots pmon\r\n|- playerbots rndbot\r\n'
>>> the world's own log for that window:
(no matching line)

---- 5. the sibling subcommands the same table declares Console::No -- 19:42:14 CEST ----

>>> window opens at SINCE=2026-09-10T17:42:14Z  (grep pattern: NOTHING-EXPECTED)
>>> lines matching in the window BEFORE the press: 0
COMMAND: .playerbots bot list
outcome=refused http=500
text='### USAGE: .playerbots ...\r\nPossible subcommands:\r\n|- playerbots debug ...\r\n|- playerbots gtask\r\n|- playerbots pmon\r\n|- playerbots rndbot\r\n'
>>> the world's own log for that window:
(no matching line)

>>> window opens at SINCE=2026-09-10T17:42:17Z  (grep pattern: NOTHING-EXPECTED)
>>> lines matching in the window BEFORE the press: 0
COMMAND: .playerbots account linkedAccounts
outcome=refused http=500
text='### USAGE: .playerbots ...\r\nPossible subcommands:\r\n|- playerbots debug ...\r\n|- playerbots gtask\r\n|- playerbots pmon\r\n|- playerbots rndbot\r\n'
>>> the world's own log for that window:
(no matching line)

---- 6. the ONE playerbots subcommand that IS Console::Yes, to prove the prefix works -- 19:42:21 CEST ----

>>> window opens at SINCE=2026-09-10T17:42:21Z  (grep pattern: NOTHING-EXPECTED)
>>> lines matching in the window BEFORE the press: 0
COMMAND: .playerbots rndbot stats
outcome=answered http=200
text=''
>>> the world's own log for that window:
(no matching line)

---- 7. and the app's own relay, which is what the panel actually uses -- 19:42:24 CEST ----

>>> window opens at SINCE=2026-09-10T17:42:24Z  (grep pattern: dml_addclass|dml_login|dml_uninvite)
>>> lines matching in the window BEFORE the press: 0
COMMAND: dml_bridge_ping
outcome=answered http=200
text='DML-BRIDGE-READY dml_bridge_ping\r\n'
>>> the world's own log for that window:
(no matching line)

---- the group table is untouched by all of the above -- 19:42:28 CEST ----
0
500

---- done -- 19:42:28 CEST ----
