==============================================================
T26 measure, step 05: the relay route, three cases -- 19:43:22 CEST -- yulon-ubuntu
==============================================================

---- the relay script that is already deployed, and what it runs -- 19:43:22 CEST ----
29d64c674c1a0f9e85def3aba9c79499  /home/pk/wowserver/env/dist/etc/modules/lua_scripts/dml_login.lua
8:  Runs `.playerbots bot login <botName>` as <playerName>, logging the
12:  through Player:RunCommand.
26:    p:RunCommand(string.format("playerbots bot login %s", bname))
27:    print(string.format("[dml_login] %s ran: .playerbots bot login %s", pname, bname))

---- who is online at all -- the answer that decides what this step can prove -- 19:43:22 CEST ----
COMMAND: server info
outcome=answered http=200
text='AzerothCore rev. 413bea61a85e+ 2026-09-04 09:03:49 -0700 (HEAD branch) (Unix, RelWithDebInfo, Static)\r\nConnected players: 0. Characters in world: 500.\r\nConnection peak: 0.\r\nMinimum account security level to log in: 0.\r\nServer uptime: 54 minute(s) 33 second(s)\r\nUpdate time diff: 4ms. Last 500 diffs summary:\r\n|- Mean: 35ms\r\n|- Median: 6ms\r\n|- Percentiles (95, 99, max): 118ms, 121ms, 123ms\r\n'
(the 'Connected players' number is REAL sessions; 'Characters in world' counts the bots)

---- CASE a-same-account -- master Jurnaar, target Nore -- 19:43:22 CEST ----
+------+---------+---------+-------+-------+--------+---------+
| guid | name    | account | class | level | online | guildid |
+------+---------+---------+-------+-------+--------+---------+
|    1 | Jurnaar |       1 |     1 |    80 |      1 |       0 |
|    2 | Nore    |       1 |     2 |    74 |      1 |       0 |
+------+---------+---------+-------+-------+--------+---------+
-- a-same-account-before: group_member rows --
   (rows: 0)
-- a-same-account-before: online characters = 500
>>> window opens at SINCE=2026-09-10T17:43:22Z
>>> [dml_login] lines in the window BEFORE the press: 0
COMMAND: dml_login Jurnaar Nore
outcome=answered http=200
text=''
>>> the world's own log for that window:
[dml_login] Jurnaar ran: .playerbots bot login Nore
-- a-same-account-after: group_member rows --
   (rows: 0)
-- a-same-account-after: online characters = 500
-- Nore online now? --
Nore	1

---- CASE b-other-account -- master Jurnaar, target Rinmu -- 19:43:35 CEST ----
+------+---------+---------+-------+-------+--------+---------+
| guid | name    | account | class | level | online | guildid |
+------+---------+---------+-------+-------+--------+---------+
|    1 | Jurnaar |       1 |     1 |    80 |      1 |       0 |
|  501 | Rinmu   |      51 |     1 |     1 |      0 |       0 |
+------+---------+---------+-------+-------+--------+---------+
-- b-other-account-before: group_member rows --
   (rows: 0)
-- b-other-account-before: online characters = 500
>>> window opens at SINCE=2026-09-10T17:43:35Z
>>> [dml_login] lines in the window BEFORE the press: 0
COMMAND: dml_login Jurnaar Rinmu
outcome=answered http=200
text=''
>>> the world's own log for that window:
[dml_login] Jurnaar ran: .playerbots bot login Rinmu
-- b-other-account-after: group_member rows --
   (rows: 0)
-- b-other-account-after: online characters = 500
-- Rinmu online now? --
Rinmu	0

---- CASE c-guild-mate -- master Dalio, target Jordanik -- 19:43:48 CEST ----
+------+----------+---------+-------+-------+--------+---------+
| guid | name     | account | class | level | online | guildid |
+------+----------+---------+-------+-------+--------+---------+
|    4 | Dalio    |       1 |     4 |    24 |      1 |      12 |
|   24 | Jordanik |       3 |     4 |    63 |      1 |      12 |
+------+----------+---------+-------+-------+--------+---------+
-- c-guild-mate-before: group_member rows --
   (rows: 0)
-- c-guild-mate-before: online characters = 500
>>> window opens at SINCE=2026-09-10T17:43:48Z
>>> [dml_login] lines in the window BEFORE the press: 0
COMMAND: dml_login Dalio Jordanik
outcome=answered http=200
text=''
>>> the world's own log for that window:
[dml_login] Dalio ran: .playerbots bot login Jordanik
-- c-guild-mate-after: group_member rows --
   (rows: 0)
-- c-guild-mate-after: online characters = 500
-- Jordanik online now? --
Jordanik	1

---- the box after the three presses -- 19:44:01 CEST ----
group_member rows = 0
groups rows       = 0
online            = 500
characters        = 1001

---- done -- 19:44:01 CEST ----
