==============================================================
T26 measure, step 06: the picker's columns and its filter -- 19:46:33 CEST -- yulon-ubuntu
==============================================================

---- 1. the columns the picker needs, and where each one lives -- 19:46:33 CEST ----
-- acore_characters.characters: name, account, level, class, race, gender, online --
+-------------+------------------+
| COLUMN_NAME | COLUMN_TYPE      |
+-------------+------------------+
| guid        | int unsigned     |
| account     | int unsigned     |
| name        | varchar(12)      |
| race        | tinyint unsigned |
| class       | tinyint unsigned |
| gender      | tinyint unsigned |
| level       | tinyint unsigned |
| online      | tinyint unsigned |
+-------------+------------------+
-- there is NO guild column on characters; guild is its own table --
+-------------+------------------+
| COLUMN_NAME | COLUMN_TYPE      |
+-------------+------------------+
| guildid     | int unsigned     |
| guid        | int unsigned     |
| rank        | tinyint unsigned |
| pnote       | varchar(31)      |
| offnote     | varchar(31)      |
+-------------+------------------+
-- the account NAME is in the other database --
+-------------+--------------+
| COLUMN_NAME | COLUMN_TYPE  |
+-------------+--------------+
| id          | int unsigned |
| username    | varchar(32)  |
+-------------+--------------+
-- and the two rows only the playerbots database can answer --
+-------------------+------------------+
| COLUMN_NAME       | COLUMN_TYPE      |
+-------------------+------------------+
| id                | int              |
| account_id        | int              |
| linked_account_id | int              |
| created_at        | timestamp        |
| account_id        | int unsigned     |
| account_type      | tinyint unsigned |
| assignment_date   | timestamp        |
+-------------------+------------------+

---- 2. one row of what the picker would show, for the five names T13 used -- 19:46:33 CEST ----
+------+----------+---------+--------------+-------+-------+------+--------+---------+-------------+
| guid | name     | account | account_name | level | class | race | online | guildid | guild_name  |
+------+----------+---------+--------------+-------+-------+------+--------+---------+-------------+
|    1 | Jurnaar  |       1 | RNDBOT0      |    80 |     1 |   11 |      1 |       0 |             |
|    2 | Nore     |       1 | RNDBOT0      |    74 |     2 |   10 |      1 |       0 |             |
|    4 | Dalio    |       1 | RNDBOT0      |    24 |     4 |    5 |      1 |      12 | Violet Dawn |
|   11 | Grirmirn |       2 | RNDBOT1      |    69 |     1 |    3 |      1 |       0 |             |
|   12 | Zarraden |       2 | RNDBOT1      |    78 |     2 |   10 |      1 |       0 |             |
|  501 | Rinmu    |      51 | RNDBOT50     |     1 |     1 |    3 |      0 |       0 |             |
+------+----------+---------+--------------+-------+-------+------+--------+---------+-------------+

---- 3. the population this box actually holds -- 19:46:33 CEST ----
+------------------------+------------+--------+
| pool                   | characters | online |
+------------------------+------------+--------+
| rndbot pool (type 1)   |        500 |    500 |
| addclass pool (type 2) |        500 |      0 |
| not a bot account      |          1 |      0 |
+------------------------+------------+--------+

---- 4. WHAT THE MODULE WOULD ACCEPT, per master, under the shipped conf -- 19:46:33 CEST ----
### master Jurnaar
+-----------------+----------+------------------+---------+---------------------------+
| by_same_account | by_guild | by_addclass_pool | by_link | refused_already_logged_in |
+-----------------+----------+------------------+---------+---------------------------+
|               0 |        0 |              500 |       0 |                       500 |
+-----------------+----------+------------------+---------+---------------------------+
### master Dalio
+-----------------+----------+------------------+---------+---------------------------+
| by_same_account | by_guild | by_addclass_pool | by_link | refused_already_logged_in |
+-----------------+----------+------------------+---------+---------------------------+
|               0 |        0 |              500 |       0 |                       500 |
+-----------------+----------+------------------+---------+---------------------------+

---- 5. and the only character on this box that all four rules would REFUSE -- 19:46:34 CEST ----
(read-only SQL: this row is counted, never used -- no command was sent as it or to it)
+------+-------+---------+-------+--------+
| guid | name  | account | level | online |
+------+-------+---------+-------+--------+
| 1001 | Pakka |     102 |     6 |      0 |
+------+-------+---------+-------+--------+

---- 6. the cap the picker has to respect -- 19:46:34 CEST ----
136:AiPlayerbot.MaxAddedBots = 40
-- and the two conf keys that change the picker's job entirely --
144:AiPlayerbot.GroupInvitationPermission = 1
149:AiPlayerbot.KeepAltsInGroup = 0
152:AiPlayerbot.BotAutologin = 0
189:AiPlayerbot.SelfBotLevel = 1

---- done -- 19:46:34 CEST ----
