==============================================================
T26 measure, step 07: the box as left -- 19:47:05 CEST -- yulon-ubuntu
==============================================================

---- containers -- the same StartedAt values step 01 read, and no restart -- 19:47:05 CEST ----
ac-worldserver	Up 58 minutes
ac-authserver	Up 29 minutes
ac-database	Up 7 hours (healthy)
worldserver started=2026-09-10T16:48:48.793295165Z restarts=0
authserver  started=2026-09-10T17:17:41.380860867Z restarts=0
database    started=2026-09-10T10:47:55.6428276Z restarts=0

---- the counts step 01 took -- 19:47:05 CEST ----
accounts    = 103
characters  = 1001
guilds      = 20
guild_member= 300
group_member= 0
groups      = 0
online      = 500
account_links = 0
account_keys  = 0

---- the same three non-bot accounts, the same gm levels, the same last_login -- 19:47:06 CEST ----
+-----+----------------+---------------------+---------+
| id  | username       | last_login          | gmlevel |
+-----+----------------+---------------------+---------+
| 101 | YULON_243C46E3 | NULL                |       3 |
| 102 | PERZI          | 2026-09-08 23:24:16 |       3 |
| 103 | YULONADMIN     | NULL                |       3 |
+-----+----------------+---------------------+---------+
+------+-------+---------+-------+--------+
| guid | name  | account | level | online |
+------+-------+---------+-------+--------+
| 1001 | Pakka |     102 |     6 |      0 |
+------+-------+---------+-------+--------+

---- the five names this lane read, unchanged -- 19:47:06 CEST ----
+------+----------+---------+-------+--------+
| guid | name     | account | level | online |
+------+----------+---------+-------+--------+
|    1 | Jurnaar  |       1 |    80 |      1 |
|    2 | Nore     |       1 |    74 |      1 |
|    4 | Dalio    |       1 |    24 |      1 |
|   11 | Grirmirn |       2 |    69 |      1 |
|   12 | Zarraden |       2 |    78 |      1 |
|   24 | Jordanik |       3 |    63 |      1 |
|  501 | Rinmu    |      51 |     1 |      0 |
+------+----------+---------+-------+--------+

---- no conf was edited -- the module conf directory, byte sizes and mtimes -- 19:47:06 CEST ----
total 148
drwxrwxr-x 2 pk pk   4096 Sep 10 18:48 lua_scripts
-rw-rw-r-- 1 pk pk   6934 Sep  9 01:00 mod_ale.conf
-rw-rw-r-- 1 pk pk   6937 Sep  8 23:07 mod_ale.conf.before-logger-fix
-rw-r--r-- 1 pk pk   6906 Sep  8 22:39 mod_ale.conf.dist
-rw-r--r-- 1 pk pk 119723 Sep  8 22:11 playerbots.conf.dist
bd8d55ae591adfed443f174ed1311c61  /home/pk/wowserver/env/dist/etc/modules/playerbots.conf.dist
b03ba5215c773fe0bb2a83a9744e82b7  /home/pk/wowserver/env/dist/etc/modules/mod_ale.conf

---- the deployed bridge scripts, untouched (no script was added or removed) -- 19:47:06 CEST ----
total 96
-rw-rw-r-- 1 pk pk  3167 Sep  8 20:53 dml_addclass.lua
-rw-rw-r-- 1 pk pk  2379 Sep  8 20:53 dml_bridge_ping.lua
-rw-rw-r-- 1 pk pk  1276 Sep  8 20:53 dml_login.lua
-rw-r--r-- 1 pk pk  5926 Sep 10 18:31 dml_uninvite.lua
-rw-rw-r-- 1 pk pk  1737 Sep  8 20:53 dml_whisper.lua
-rw-r--r-- 1 pk pk 37294 Sep  9 02:06 LootPet2.lua
-rw-r--r-- 1 pk pk 31216 Sep  8 23:04 LootPet.lua.bak-20260909-002427
8e0d6a0cb68c935ae256343f08c69d38  /home/pk/wowserver/env/dist/etc/modules/lua_scripts/dml_addclass.lua
c1cc8dfc75558d1dd4d15253aa1b99c1  /home/pk/wowserver/env/dist/etc/modules/lua_scripts/dml_bridge_ping.lua
29d64c674c1a0f9e85def3aba9c79499  /home/pk/wowserver/env/dist/etc/modules/lua_scripts/dml_login.lua
3a8dcdb503b023be4e9a526fb70fe499  /home/pk/wowserver/env/dist/etc/modules/lua_scripts/dml_uninvite.lua
2cf5d7163336b5efd48611868974ccb0  /home/pk/wowserver/env/dist/etc/modules/lua_scripts/dml_whisper.lua
06190339b54de63d8fd95f3210fcc298  /home/pk/wowserver/env/dist/etc/modules/lua_scripts/LootPet2.lua

---- the world is up and the bridge still answers -- 19:47:06 CEST ----
COMMAND: dml_bridge_ping
outcome=answered http=200
text='DML-BRIDGE-READY dml_bridge_ping\r\n'
COMMAND: server info
outcome=answered http=200
text='AzerothCore rev. 413bea61a85e+ 2026-09-04 09:03:49 -0700 (HEAD branch) (Unix, RelWithDebInfo, Static)\r\nConnected players: 0. Characters in world: 500.\r\nConnection peak: 0.\r\nMinimum account security level to log in: 0.\r\nServer uptime: 58 minute(s) 17 second(s)\r\nUpdate time diff: 3ms. Last 500 diffs summary:\r\n|- Mean: 35ms\r\n|- Median: 6ms\r\n|- Percentiles (95, 99, max): 119ms, 124ms, 128ms\r\n'

---- nothing was created: no account, character, guild, group or link was made by this lane -- 19:47:06 CEST ----
(this lane sent no .account create, no SQL write of any kind, and no guild command)

---- done -- 19:47:06 CEST ----
