==============================================================
T26 measure, step 08: cleanup -- 19:47:46 CEST -- yulon-ubuntu
==============================================================
-- what this lane put on the box (scripts + captures, nothing else) --
total 112
-rw-rw-r-- 1 pk pk  3797 Sep 10 19:33 01-ground.log
-rw-r--r-- 1 pk pk  2676 Sep 10 19:33 01-ground.sh
-rw-rw-r-- 1 pk pk 20556 Sep 10 19:37 02-source.log
-rw-r--r-- 1 pk pk  3425 Sep 10 19:37 02-source.sh
-rw-rw-r-- 1 pk pk  5990 Sep 10 19:38 03-conf.log
-rw-r--r-- 1 pk pk  3185 Sep 10 19:38 03-conf.sh
-rw-rw-r-- 1 pk pk  6494 Sep 10 19:42 04-soap.log
-rw-r--r-- 1 pk pk  3005 Sep 10 19:41 04-soap.sh
-rw-rw-r-- 1 pk pk     0 Sep 10 19:43 05-grouprows-a-same-account-after.txt
-rw-rw-r-- 1 pk pk     0 Sep 10 19:43 05-grouprows-a-same-account-before.txt
-rw-rw-r-- 1 pk pk     0 Sep 10 19:43 05-grouprows-b-other-account-after.txt
-rw-rw-r-- 1 pk pk     0 Sep 10 19:43 05-grouprows-b-other-account-before.txt
-rw-rw-r-- 1 pk pk     0 Sep 10 19:44 05-grouprows-c-guild-mate-after.txt
-rw-rw-r-- 1 pk pk     0 Sep 10 19:43 05-grouprows-c-guild-mate-before.txt
-rw-rw-r-- 1 pk pk  4443 Sep 10 19:44 05-relay.log
-rw-r--r-- 1 pk pk  3361 Sep 10 19:43 05-relay.sh
-rw-rw-r-- 1 pk pk  5225 Sep 10 19:46 06-picker.log
-rw-r--r-- 1 pk pk  5354 Sep 10 19:46 06-picker.sh
-rw-rw-r-- 1 pk pk  4646 Sep 10 19:47 07-box-as-found.log
-rw-r--r-- 1 pk pk  2961 Sep 10 19:47 07-box-as-found.sh
-rw-r--r-- 1 pk pk  1327 Sep 10 19:33 lib.sh
-rw-r--r-- 1 pk pk  4397 Sep 10 19:33 t26press.py
-- the captures are already copied off; removing --
ls: cannot access '/home/pk/t26-out': No such file or directory
-- ~/wowserver is untouched: the five bridge scripts and the two LootPet files are still there --
dml_addclass.lua
dml_bridge_ping.lua
dml_login.lua
dml_uninvite.lua
dml_whisper.lua
LootPet2.lua
LootPet.lua.bak-20260909-002427
-- all three containers still up --
ac-worldserver	Up 58 minutes
ac-authserver	Up 30 minutes
ac-database	Up 7 hours (healthy)
-- the box's own clone was never touched --
182fc92a checklist: 7.10 carries its 2026-09-08/09 re-run and the clause-35 correction
 M pylauncher/yulon/party.py
ls: cannot access '/home/pk/08-cleanup.sh': No such file or directory
