==============================================================
T16 step 01 -- ground -- 23:02:32 CEST -- yulon-ubuntu
==============================================================

---- containers -- 23:02:32 CEST ----
ac-worldserver	Up 47 minutes
ac-authserver	Up 47 minutes
ac-database	Up 47 minutes (healthy)
worldserver running started=2026-09-10T20:14:44.512537973Z restarts=0

---- the module clone these line numbers are from -- 23:02:33 CEST ----
b949b50bfcdd4fab937781bac2d7765e39330e4b
modified files: 0

---- the bridge as found -- 23:02:33 CEST ----
dml_addclass.lua
dml_botadd.lua
dml_bridge_ping.lua
dml_login.lua
dml_uninvite.lua
dml_whisper.lua
LootPet2.lua
LootPet.lua.bak-20260909-002427
worldserver running started=2026-09-10T20:14:44.512537973Z restarts=0
facts: Facts(server_installed=True, world_running=True, engine_cloned=True, engine_in_binary=True, conf_present=True, engine_enabled=True, script_path='/azerothcore/env/dist/etc/modules/lua_scripts', deployed=('LootPet2.lua', 'dml_addclass.lua', 'dml_botadd.lua', 'dml_bridge_ping.lua', 'dml_login.lua', 'dml_uninvite.lua', 'dml_whisper.lua'), bridge_answered=True)
ready: True  blocker: None

---- the deployed conf T18 left, and the level keys the randomiser reads -- 23:02:34 CEST ----
-rw-r--r-- 1 pk pk 119723 Sep  8 21:42 /home/pk/wowserver/env/dist/etc/modules/playerbots.conf
bd8d55ae591adfed443f174ed1311c61  /home/pk/wowserver/env/dist/etc/modules/playerbots.conf
140:AiPlayerbot.AddClassCommand = 1
193:AiPlayerbot.AutoInitOnly = 0
204:AiPlayerbot.AutoInitEquipLevelLimitRatio = 1.0
732:AiPlayerbot.RandomBotMinLevel = 1
733:AiPlayerbot.RandomBotMaxLevel = 80
737:AiPlayerbot.SyncLevelWithPlayers = 0
792:AiPlayerbot.DisableRandomLevels = 0
795:AiPlayerbot.RandombotStartingLevel = 1
799:AiPlayerbot.RandomBotMinLevelChance = 0.1
803:AiPlayerbot.RandomBotMaxLevelChance = 0.1
807:AiPlayerbot.RandomBotFixedLevel = 0
811:AiPlayerbot.DowngradeMaxLevelBot = 0
1148:AiPlayerbot.EquipAndSpecPersistence = 1
1153:AiPlayerbot.EquipAndSpecPersistenceLevel = 1
1614:AiPlayerbot.RandomBotAutoJoinBG = 0
1654:AiPlayerbot.RandomBotAutoJoinBGWSCount = 1
1655:AiPlayerbot.RandomBotAutoJoinBGABCount = 1
1656:AiPlayerbot.RandomBotAutoJoinBGAVCount = 0
1657:AiPlayerbot.RandomBotAutoJoinBGEYCount = 1
1658:AiPlayerbot.RandomBotAutoJoinBGICCount = 0
1665:AiPlayerbot.RandomBotAutoJoinBGRatedArena2v2Count = 0
1666:AiPlayerbot.RandomBotAutoJoinBGRatedArena3v3Count = 0
1667:AiPlayerbot.RandomBotAutoJoinBGRatedArena5v5Count = 0
1708:AiPlayerbot.RandomBotUpdateInterval = 20

---- this server's own MaxPlayerLevel, and PlayerSave.Interval (why an online row lags) -- 23:02:34 CEST ----
1806:PlayerSaveInterval = 900000
2128:MaxPlayerLevel = 80

---- SOURCE 1 -- what addclass does: it logs an OFFLINE character in -- 23:02:34 CEST ----
1175:            AddPlayerBot(guid, master->GetSession()->GetAccountId());

        if (claz == 6 && master->GetLevel() < sWorld->getIntConfig(CONFIG_START_HEROIC_PLAYER_LEVEL))
        {
            messages.push_back("Your level is too low to summon Deathknight");
            return messages;
        }
        uint8 teamId = master->GetTeamId(true);
        std::unordered_set<ObjectGuid> const& guidCache = sRandomPlayerbotMgr.addclassCache[RandomPlayerbotMgr::GetTeamClassIdx(teamId == TEAM_ALLIANCE, claz)];
        for (ObjectGuid const& guid: guidCache)
        {
            // If the user requested a specific gender, skip any character that doesn't match.
            if (gender != -1 && GetOfflinePlayerGender(guid) != gender)
                continue;
            if (botLoading.find(guid) != botLoading.end())
                continue;
            if (ObjectAccessor::FindConnectedPlayer(guid))
                continue;
            uint32 guildId = sCharacterCache->GetCharacterGuildIdByGuid(guid);
            if (guildId && PlayerbotGuildMgr::instance().IsRealGuild(guildId))
                continue;
            AddPlayerBot(guid, master->GetSession()->GetAccountId());
            messages.push_back("Add class " + std::string(charname));
            return messages;
        }
        messages.push_back("Add class failed, no available characters!");
        return messages;

---- SOURCE 2 -- the login path, queued onto the world thread -- 23:02:35 CEST ----
232:    sRandomPlayerbotMgr.OnPlayerLogin(bot);
233:    auto op = std::make_unique<OnBotLoginOperation>(bot->GetGUID(), masterAccountId);
460:void PlayerbotHolder::OnBotLogin(Player* const bot)

---- SOURCE 3 -- the addclass bot is re-made at the MASTER's level, on login -- 23:02:35 CEST ----
593:    bool addClassBot = sRandomPlayerbotMgr.IsAccountType(accountId, 2);
    else if (master && !group)
    {
        // Queue group creation and AddMember operation
        auto inviteOp = std::make_unique<GroupInviteOperation>(master->GetGUID(), bot->GetGUID());
        PlayerbotWorldThreadProcessor::instance().QueueOperation(std::move(inviteOp));
    }
    // if (master)
    // {
    //     // bot->TeleportTo(master);
    // }
    uint32 accountId = bot->GetSession()->GetAccountId();
    bool isRandomAccount = sPlayerbotAIConfig.IsInRandomAccountList(accountId);

    if (isRandomAccount && sPlayerbotAIConfig.randomBotFixedLevel)
    {
        bot->SetPlayerFlag(PLAYER_FLAGS_NO_XP_GAIN);
    }
    else if (isRandomAccount && !sPlayerbotAIConfig.randomBotFixedLevel)
    {
        bot->RemovePlayerFlag(PLAYER_FLAGS_NO_XP_GAIN);
    }

    bot->SaveToDB(false, false);
    bool addClassBot = sRandomPlayerbotMgr.IsAccountType(accountId, 2);
    if (addClassBot && master && abs((int)master->GetLevel() - (int)bot->GetLevel()) > 3)
    {
        // PlayerbotFactory factory(bot, master->GetLevel());
        // factory.Randomize(false);
        uint32 mixedGearScore =
            PlayerbotAI::GetMixedGearScore(master, true, false, 12) * sPlayerbotAIConfig.autoInitEquipLevelLimitRatio;
        // work around: distinguish from 0 if no gear

---- SOURCE 4 -- every line in the module that writes a player level -- 23:02:35 CEST ----
/home/pk/wowserver/modules/mod-playerbots/src/Ai/Base/Actions/XpGainAction.cpp:91:            bot->GiveLevel(level + 1);
/home/pk/wowserver/modules/mod-playerbots/src/Bot/Factory/PlayerbotFactory.cpp:588:    bot->GiveLevel(level);
/home/pk/wowserver/modules/mod-playerbots/src/Bot/Factory/PlayerbotFactory.cpp:650:    bot->GiveLevel(level);
/home/pk/wowserver/modules/mod-playerbots/src/Bot/Factory/PlayerbotFactory.cpp:1440:    bot->GiveLevel(bot->getClass() == CLASS_DEATH_KNIGHT ? sWorld->getIntConfig(CONFIG_START_HEROIC_PLAYER_LEVEL)
/home/pk/wowserver/modules/mod-playerbots/src/Bot/Factory/PlayerbotFactory.cpp:3615:    bot->GiveLevel(level);
/home/pk/wowserver/modules/mod-playerbots/src/Bot/Factory/PlayerbotFactory.cpp:5356:    bot->GiveLevel(level);

---- SOURCE 5 -- PlayerbotFactory::Prepare, the one GiveLevel every Randomize goes through -- 23:02:35 CEST ----
581:void PlayerbotFactory::Prepare()
    if (bot->isDead())
        bot->ResurrectPlayer(1.0f, false);

    bot->CombatStop(true);
    uint32 currentLevel = bot->GetLevel();
    bot->GiveLevel(level);
    if (level != currentLevel)
    {
        bot->SetUInt32Value(PLAYER_XP, 0);
    }

    if (sPlayerbotAIConfig.randomBotShowHelmet == ShowHideCosmetic::ALWAYS_SHOW ||
        (sPlayerbotAIConfig.randomBotShowHelmet == ShowHideCosmetic::RANDOMIZE && urand(0, 4)))
    {
615:void PlayerbotFactory::Randomize(bool incremental)

---- SOURCE 6 -- the RandomBots refresh that could move a level later -- 23:02:35 CEST ----
1854:void RandomPlayerbotMgr::Randomize(Player* bot)
1876:void RandomPlayerbotMgr::IncreaseLevel(Player* bot)
1899:void RandomPlayerbotMgr::RandomizeFirst(Player* bot)
1994:void RandomPlayerbotMgr::RandomizeMin(Player* bot)
2068:void RandomPlayerbotMgr::Refresh(Player* bot)
1530:            Randomize(bot);
1551:            Refresh(bot);
1851:    Refresh(bot);
1861:        RandomizeFirst(bot);
1868:        // IncreaseLevel(bot);
1872:        RandomizeFirst(bot);

---- SOURCE 7 -- autogear and AutoMaintenance, the other two the ticket names -- 23:02:35 CEST ----
/home/pk/wowserver/modules/mod-playerbots/src/Ai/Base/Actions/AutoMaintenanceOnLevelupAction.h:14:class AutoMaintenanceOnLevelupAction : public Action
/home/pk/wowserver/modules/mod-playerbots/src/Ai/Base/Actions/AutoMaintenanceOnLevelupAction.cpp:15:bool AutoMaintenanceOnLevelupAction::Execute(Event /*event*/)
/home/pk/wowserver/modules/mod-playerbots/src/Ai/Base/Actions/InviteToGroupAction.cpp:451:            //botAI->DoSpecificAction("autogear");
/home/pk/wowserver/modules/mod-playerbots/src/Ai/Base/Actions/InviteToGroupAction.cpp:459:            //botAI->DoSpecificAction("autogear");
/home/pk/wowserver/modules/mod-playerbots/src/Ai/Base/Actions/TrainerAction.cpp:281:            "bis_autogear_unavailable_error",
/home/pk/wowserver/modules/mod-playerbots/src/Ai/Base/Actions/TrainerAction.cpp:282:            "autogear command is not allowed, please check the configuration.", {}));
/home/pk/wowserver/modules/mod-playerbots/src/Ai/Base/Actions/TrainerAction.cpp:288:        "No BiS for your tier/spec/level, check cfg, running autogear instead", {}));
/home/pk/wowserver/modules/mod-playerbots/src/Ai/Base/Actions/TrainerAction.cpp:290:    // Wipe all equipped slots so autogear gears from scratch at the requested ilvl
/home/pk/wowserver/modules/mod-playerbots/src/Ai/Base/Actions/TrainerAction.cpp:333:    // Optional explicit ilvl override: `/p autogear bis 55`.
/home/pk/wowserver/modules/mod-playerbots/src/Ai/Base/Actions/TrainerAction.cpp:334:    // Garbage or out-of-range args are hard-rejected: no autogear fallback, no gear change.
/home/pk/wowserver/modules/mod-playerbots/src/Ai/Base/Actions/TrainerAction.cpp:387:    // No rows within fallback window -> full autogear fallback at the effective ilvl.
/home/pk/wowserver/modules/mod-playerbots/src/Ai/Base/Actions/TrainerAction.cpp:393:            "bis_no_rows_autogear_msg",

---- SOURCE 8 -- SaveToDB on the login path -- 23:02:35 CEST ----
/home/pk/wowserver/modules/mod-playerbots/src/Bot/PlayerbotMgr.cpp:366:        bot->SaveToDB(false, false);
/home/pk/wowserver/modules/mod-playerbots/src/Bot/PlayerbotMgr.cpp:434:        bot->SaveToDB(false, false);
/home/pk/wowserver/modules/mod-playerbots/src/Bot/PlayerbotMgr.cpp:592:    bot->SaveToDB(false, false);
/home/pk/wowserver/modules/mod-playerbots/src/Bot/PlayerbotMgr.cpp:1610:        bot->SaveToDB(false, false);
/home/pk/wowserver/modules/mod-playerbots/src/Bot/PlayerbotMgr.cpp:1618:            bot->SaveToDB(false, false);

---- the owner's things -- 23:02:35 CEST ----
worldserver running started=2026-09-10T20:14:44.512537973Z restarts=0
PERZI	2026-09-08 23:24:16
worldserver running started=2026-09-10T20:14:44.512537973Z restarts=0
Pakka	6	0
worldserver running started=2026-09-10T20:14:44.512537973Z restarts=0
1	100.99.204.5	100.99.204.5	255.255.255.0
-rw-r--r-- 1 pk pk 37294 Sep  9 02:06 /home/pk/wowserver/env/dist/etc/modules/lua_scripts/LootPet2.lua
706:Logger.ALE=4,Console Server

---- the population -- 23:02:37 CEST ----
worldserver running started=2026-09-10T20:14:44.512537973Z restarts=0
1001
worldserver running started=2026-09-10T20:14:44.512537973Z restarts=0
500
worldserver running started=2026-09-10T20:14:44.512537973Z restarts=0
0
worldserver running started=2026-09-10T20:14:44.512537973Z restarts=0
0
worldserver running started=2026-09-10T20:14:44.512537973Z restarts=0
103
worldserver running started=2026-09-10T20:14:44.512537973Z restarts=0
101	YULON_243C46E3
103	YULONADMIN

---- done -- 23:02:43 CEST ----
step 01 finished 23:02:43 CEST
