==============================================================
T16 step 01b -- the core's own source -- 23:03:22 CEST -- yulon-ubuntu
==============================================================

---- which AzerothCore this is -- 23:03:22 CEST ----
worldserver running started=2026-09-10T20:14:44.512537973Z restarts=0
COMMAND: server info
outcome=yes reason=''
text='AzerothCore rev. 413bea61a85e+ 2026-09-04 09:03:49 -0700 (HEAD branch) (Unix, RelWithDebInfo, Static)\r\nConnected players: 0. Characters in world: 500.\r\nConnection peak: 0.\r\nMinimum account security level to log in: 0.\r\nServer uptime: 48 minute(s) 39 second(s)\r\nUpdate time diff: 3ms. Last 500 diffs summary:\r\n|- Mean: 37ms\r\n|- Median: 7ms\r\n|- Percentiles (95, 99, max): 123ms, 128ms, 131ms\r\n'
413bea61a85e20d9caef7d66fc601a661fdddd9d
84:    return AC_COMPANYNAME_STR " rev. " AC_PRODUCTVERSION_STR " (" AZEROTH_PLATFORM_STR ", " AC_BUILD_TYPE ", " ACORE_LINKAGE_TYPE_STR ")"; // cppcheck-suppress unknownMacro

---- SOURCE A -- .character level: ONLINE gives the level in memory and writes NO row -- 23:03:23 CEST ----
252:    static void HandleCharacterLevel(Player* player, ObjectGuid playerGuid, uint32 oldLevel, uint32 newLevel, ChatHandler* handler)
    static void HandleCharacterLevel(Player* player, ObjectGuid playerGuid, uint32 oldLevel, uint32 newLevel, ChatHandler* handler)
    {
        if (player)
        {
            player->GiveLevel(newLevel);
            player->InitTalentForLevel();
            player->SetUInt32Value(PLAYER_XP, 0);

            if (handler->needReportToTarget(player))
            {
                if (oldLevel == newLevel)
                    ChatHandler(player->GetSession()).PSendSysMessage(LANG_YOURS_LEVEL_PROGRESS_RESET, handler->GetNameLink());
                else if (oldLevel < newLevel)
                    ChatHandler(player->GetSession()).PSendSysMessage(LANG_YOURS_LEVEL_UP, handler->GetNameLink(), newLevel);
                else                                                // if (oldlevel > newlevel)
                    ChatHandler(player->GetSession()).PSendSysMessage(LANG_YOURS_LEVEL_DOWN, handler->GetNameLink(), newLevel);
            }
        }
        else
        {
            // Update level and reset XP, everything else will be updated at login
            auto* stmt = CharacterDatabase.GetPreparedStatement(CHAR_UPD_LEVEL);
            stmt->SetData(0, uint8(newLevel));
            stmt->SetData(1, playerGuid.GetCounter());
            CharacterDatabase.Execute(stmt);

            sAchievementMgr->UpdateAchievementCriteriaForOfflinePlayer(playerGuid.GetCounter(), ACHIEVEMENT_CRITERIA_TYPE_REACH_LEVEL);

            sCharacterCache->UpdateCharacterLevel(playerGuid, newLevel);
        }
    }

---- SOURCE B -- the command that calls it, and the sentence the app reads back -- 23:03:23 CEST ----
439:    static bool HandleCharacterLevelCommand(ChatHandler* handler, Optional<PlayerIdentifier> player, int16 newlevel)
    static bool HandleCharacterLevelCommand(ChatHandler* handler, Optional<PlayerIdentifier> player, int16 newlevel)
    {
        if (!player)
            player = PlayerIdentifier::FromTargetOrSelf(handler);

        if (!player)
            return false;

        uint8 oldlevel = player->IsConnected() ? player->GetConnectedPlayer()->GetLevel() : sCharacterCache->GetCharacterLevelByGuid(player->GetGUID());

        if (newlevel < 1)
            return false;                                       // invalid level

        if (newlevel > DEFAULT_MAX_LEVEL)                         // hardcoded maximum level
            newlevel = DEFAULT_MAX_LEVEL;

        HandleCharacterLevel(player->GetConnectedPlayer(), player->GetGUID(), oldlevel, newlevel, handler);
165:    LANG_YOU_CHANGE_LVL                 = 127,
/home/pk/wowserver/data/sql/base/db_world/acore_string.sql:171:(127,'You changed level of {} to {}.',NULL,NULL,'Level von {} auf {} geändert.','你改变了 {} 的等级 LVL 到 {}。',NULL,'Has cambiado el nivel de {} a {}.','Has cambiado el nivel de {} a {}.',NULL),
/home/pk/wowserver/data/sql/archive/db_world/2024_12_17_18.sql:169:(127,'You changed level of {} to {}.',NULL,NULL,'Level von {} auf {} geändert.','你改变了 {} 的等级 LVL 到 {}。',NULL,'Has cambiado el nivel de {} a {}.','Has cambiado el nivel de {} a {}.',NULL),

---- SOURCE C -- .saveall: every Player in the world, bots included -- 23:03:29 CEST ----
1402:    static bool HandleSaveAllCommand(ChatHandler* handler)
    // Save all players in the world
    static bool HandleSaveAllCommand(ChatHandler* handler)
    {
        ObjectAccessor::SaveAllPlayers();
        handler->SendSysMessage(LANG_PLAYERS_SAVED);
        return true;
    }

286:void ObjectAccessor::SaveAllPlayers()
void ObjectAccessor::SaveAllPlayers()
{
    std::shared_lock<std::shared_mutex> lock(*HashMapHolder<Player>::GetLock());

    HashMapHolder<Player>::MapType const& m = GetPlayers();
    for (HashMapHolder<Player>::MapType::const_iterator itr = m.begin(); itr != m.end(); ++itr)
        itr->second->SaveToDB(false, false);
}


---- SOURCE D -- how often a character saves itself, with nobody asking -- 23:03:29 CEST ----
1806:PlayerSaveInterval = 900000

---- SOURCE E -- the module's own save, the one that DID move a row in this run -- 23:03:29 CEST ----
873:    bot->SaveToDB(false, false);
    }

    pmo = sPerfMonitor.start(PERF_MON_RNDBOT, "PlayerbotFactory_Save");
    LOG_DEBUG("playerbots", "Saving to DB...");
    bot->SetMoney(urand(level * 100000, level * 5 * 100000));
    bot->SetHealth(bot->GetMaxHealth());
    bot->SetPower(POWER_MANA, bot->GetMaxPower(POWER_MANA));
    bot->SaveToDB(false, false);
    LOG_DEBUG("playerbots", "Initialization Done.");
    if (pmo)
        pmo->finish();

---- done -- 23:03:29 CEST ----
step 01b finished 23:03:29 CEST
