==============================================================
T16 step 02 -- the addclass wall, and the harness -- 23:03:44 CEST -- yulon-ubuntu
==============================================================

---- the bridge as deployed, through the app's own deploy seam -- 23:03:44 CEST ----
2026-09-10 23:03:45 INFO [yulon.party] deployed 6 bridge scripts to /home/pk/wowserver/env/dist/etc/modules/lua_scripts (changed=False)
lua_root  = /home/pk/t16-live/pylauncher/lua
dest_dir  = /home/pk/wowserver/env/dist/etc/modules/lua_scripts
deploy -> changed=False names=('dml_addclass.lua', 'dml_botadd.lua', 'dml_bridge_ping.lua', 'dml_login.lua', 'dml_uninvite.lua', 'dml_whisper.lua')

---- who is in the world at all -- the answer that decides what can be pressed -- 23:03:45 CEST ----
worldserver running started=2026-09-10T20:14:44.512537973Z restarts=0
COMMAND: server info
outcome=yes reason=''
text='AzerothCore rev. 413bea61a85e+ 2026-09-04 09:03:49 -0700 (HEAD branch) (Unix, RelWithDebInfo, Static)\r\nConnected players: 0. Characters in world: 500.\r\nConnection peak: 0.\r\nMinimum account security level to log in: 0.\r\nServer uptime: 49 minute(s) 1 second(s)\r\nUpdate time diff: 3ms. Last 500 diffs summary:\r\n|- Mean: 38ms\r\n|- Median: 6ms\r\n|- Percentiles (95, 99, max): 128ms, 134ms, 138ms\r\n'

---- PRESS 1 -- party.add_command over the app's own channel, master Jurnaar -- 23:03:46 CEST ----
window opens at 2026-09-10T21:03:46Z
dml_addclass lines in the window BEFORE the press: 0
online characters before: 500
group_member rows before: 0
worldserver running started=2026-09-10T20:14:44.512537973Z restarts=0
COMMAND: dml_addclass Jurnaar mage
outcome=yes reason='' text=''
online characters after:  500
group_member rows after:  0
>>> the world's own log for that window:
[dml_addclass] Jurnaar ran: .playerbots bot addclass mage

---- PRESS 2 -- InstallParty.add, the panel's own Add, with a chosen level -- 23:04:21 CEST ----
window opens at 2026-09-10T21:04:21Z
dml_addclass lines in the window BEFORE the press: 0
worldserver running started=2026-09-10T20:14:44.512537973Z restarts=0
23:04:21.914  InstallParty.add('Jurnaar', 'mage', level=42, spec='')
23:04:31.463  added=True joined=False bot=None
    geared=False specced=False
    level=None before=None after=None
    sentence: the server accepted the command and no bot joined the party within 6 seconds. It may still arrive; nothing here says it will.
>>> the world's own log for that window:
[dml_bridge_ping] DML-BRIDGE-READY dml_bridge_ping
[dml_addclass] Jurnaar ran: .playerbots bot addclass mage
group_member rows after:  0

---- the module's own guard, quoted from the box -- 23:04:32 CEST ----
878:    PlayerbotMgr* mgr = GET_PLAYERBOT_MGR(player);
    }

    Player* player = m_session->GetPlayer();
    PlayerbotMgr* mgr = GET_PLAYERBOT_MGR(player);
    if (!mgr)
    {
        handler->PSendSysMessage("You cannot control bots yet");
        return false;
    }


---- the harness on -- 23:04:32 CEST ----
'/home/pk/t16-live/pyplan/gates/8.6-level-holds-yulon-ubuntu2-2026-09-10/t16_stage.lua' -> '/home/pk/wowserver/env/dist/etc/modules/lua_scripts/t16_stage.lua'
total 112
-rw-rw-r-- 1 pk pk  3167 Sep  8 20:53 dml_addclass.lua
-rw-r--r-- 1 pk pk  5005 Sep 10 21:32 dml_botadd.lua
-rw-rw-r-- 1 pk pk  2379 Sep  8 20:53 dml_bridge_ping.lua
-rw-rw-r-- 1 pk pk  1276 Sep  8 20:53 dml_login.lua
-rw-r--r-- 1 pk pk  5926 Sep 10 18:31 dml_uninvite.lua
-rw-rw-r-- 1 pk pk  1737 Sep  8 20:53 dml_whisper.lua
-rw-r--r-- 1 pk pk 37294 Sep  9 02:06 LootPet2.lua
-rw-r--r-- 1 pk pk 31216 Sep  8 23:04 LootPet.lua.bak-20260909-002427
-rw-r--r-- 1 pk pk  7292 Sep 10 23:04 t16_stage.lua
f204911220fcb789f56b5a5be7c79847  /home/pk/wowserver/env/dist/etc/modules/lua_scripts/t16_stage.lua
f204911220fcb789f56b5a5be7c79847  /home/pk/t16-live/pyplan/gates/8.6-level-holds-yulon-ubuntu2-2026-09-10/t16_stage.lua

---- the world stopped and started through the app's own two buttons -- 23:04:32 CEST ----
window opens at 2026-09-10T21:04:32Z
t16_stage lines in the window BEFORE the restart: 0
2026-09-10 23:04:53 INFO [yulon.docker] stop_staged(): stopped; containers kept for a fast restart
stop_staged -> True
worldserver exited started=2026-09-10T20:14:44.512537973Z restarts=0
2026-09-10 23:04:53 INFO [yulon.docker] start_staged(): `compose up -d --no-deps ac-database ac-authserver ac-worldserver` in /home/pk/wowserver
start_staged -> True
worldserver running started=2026-09-10T21:04:59.914868403Z restarts=0
23:05:11 CEST try 1: text='could not reach http://127.0.0.1:7878/: [Errno 104] Connection reset by peer'
23:05:21 CEST try 2: text='could not reach http://127.0.0.1:7878/: [Errno 104] Connection reset by peer'
23:05:32 CEST try 3: text='DML-BRIDGE-READY dml_bridge_ping\r\n'
23:05:33 CEST online=120
23:05:44 CEST online=315
23:05:55 CEST online=500
>>> the world's own log says the harness loaded:
[dml_addclass] loaded -- addclass relay ready
[dml_botadd] loaded -- named-character add relay ready
[dml_bridge_ping] loaded -- DML-BRIDGE-READY on request
[dml_login] loaded -- bring-online relay ready
[dml_uninvite] loaded -- group-remove relay ready
[dml_whisper] loaded
[t16_stage] loaded -- T16 live-half staging + chat-capture harness (not part of the app)
[0m[dml_bridge_ping] DML-BRIDGE-READY dml_bridge_ping

---- the panel's own preconditions, after the restart -- 23:05:55 CEST ----
worldserver running started=2026-09-10T21:04:59.914868403Z restarts=0
facts: Facts(server_installed=True, world_running=True, engine_cloned=True, engine_in_binary=True, conf_present=True, engine_enabled=True, script_path='/azerothcore/env/dist/etc/modules/lua_scripts', deployed=('LootPet2.lua', 'dml_addclass.lua', 'dml_botadd.lua', 'dml_bridge_ping.lua', 'dml_login.lua', 'dml_uninvite.lua', 'dml_whisper.lua', 't16_stage.lua'), bridge_answered=True)
ready: True  blocker: None
    ok server_installed
    ok world_running
    ok engine_cloned
    ok engine_in_binary
    ok conf_present
    ok engine_enabled
    ok script_path
    ok deployed
    ok bridge_answered
Jurnaar: online guid = 1
Jurnaar: seam.members -> ()

---- done -- 23:05:59 CEST ----
step 02 finished 23:05:59 CEST
