==============================================================
T16 step 03 -- the timing table -- 23:17:11 CEST -- yulon-ubuntu
==============================================================
master = Jurnaar   level asked for = 42
candidate lists, one per trial: Zantor,Taliah,Tuzhni Kagal,Mamkuwa,Lygyael Trohlzank,Alerea,Dalio Colnus,Sandrin,Grirmirn Zarraden,Orgurthorm,Losco Shobo,Filruh,Mamkuwa Lodolin,Dumgorem,Unle

---- the master's own ground -- the module refuses an invite from a master more than five levels under the invitee -- 23:17:11 CEST ----
worldserver running started=2026-09-10T21:04:59.914868403Z restarts=0
pinfo Jurnaar: level=80
    raw: | Player  Jurnaar (guid: GUID Full: 0x0000000000000001 Type: Player Low: 1) | | Account: RNDBOT0 (ID: 1), |  |  GMLevel: 0 | | AccountFlags: | | Last Login:  (Failed Logins: 0) | | OS:  - Latency: 0 ms | | Registration Email:  - Email:  | | Last IP: 127.0.0.1 (Locked: No) | | Level: 80 | | Race: Male Draenei, Warrior | | Alive ?: Yes | | Phase: 1 | | Money: 1120g51s16c | | Map: Northrend, Zone: Dalaran | | Played time: 1d4h18m26s | | Online for: 11m32s | | Mails: 0 Read/5 Total | 
worldserver running started=2026-09-10T21:04:59.914868403Z restarts=0
characters.level Jurnaar = 42
144:AiPlayerbot.GroupInvitationPermission = 1
1219:AiPlayerbot.GearScoreCheck = 0
log window opens at 2026-09-10T21:17:13Z
t16_stage lines in that window BEFORE the trials: 0

---- the chat capture on, for the master -- 23:17:13 CEST ----
worldserver running started=2026-09-10T21:04:59.914868403Z restarts=0
COMMAND: dml_t16_stage watch Jurnaar
outcome=yes reason=''
text='stage watch: Jurnaar nil\r\n'

---- TRIAL 1 -- delay=+0s how=hand candidates=Zantor,Taliah,Tuzhni -- 23:17:14 CEST ----
worldserver running started=2026-09-10T21:04:59.914868403Z restarts=0
== TRIAL  master=Jurnaar candidates=['Zantor', 'Taliah', 'Tuzhni'] delay=+0s level=42 how=hand
23:17:15.675  party before: ()
23:17:15.675  candidate Zantor: live=17 characters.level=17
23:17:15.808  COMMAND (1): dml_t16_stage invite Jurnaar Zantor
23:17:15.930  outcome=yes text='stage invite Jurnaar -> Zantor ok=true err=nil\r\n'
23:17:28.242  COMMAND (2): dml_t16_stage invite Jurnaar Zantor
23:17:28.353  outcome=yes text='stage invite Jurnaar -> Zantor ok=true err=nil\r\n'
23:17:40.372  COMMAND (3): dml_t16_stage invite Jurnaar Zantor
23:17:40.425  outcome=yes text='stage invite Jurnaar -> Zantor ok=true err=nil\r\n'
23:17:52.639  candidate Taliah: live=23 characters.level=23
23:17:52.831  COMMAND (1): dml_t16_stage invite Jurnaar Taliah
23:17:52.947  outcome=yes text='stage invite Jurnaar -> Taliah ok=true err=nil\r\n'
23:18:05.339  COMMAND (2): dml_t16_stage invite Jurnaar Taliah
23:18:05.398  outcome=yes text='stage invite Jurnaar -> Taliah ok=true err=nil\r\n'
23:18:17.406  COMMAND (3): dml_t16_stage invite Jurnaar Taliah
23:18:17.466  outcome=yes text='stage invite Jurnaar -> Taliah ok=true err=nil\r\n'
23:18:29.896  candidate Tuzhni: live=11 characters.level=11
23:18:30.075  COMMAND (1): dml_t16_stage invite Jurnaar Tuzhni
23:18:30.084  outcome=yes text='stage invite Jurnaar -> Tuzhni ok=true err=nil\r\n'
23:18:42.473  COMMAND (2): dml_t16_stage invite Jurnaar Tuzhni
23:18:42.518  outcome=yes text='stage invite Jurnaar -> Tuzhni ok=true err=nil\r\n'
23:18:54.592  COMMAND (3): dml_t16_stage invite Jurnaar Tuzhni
23:18:54.632  outcome=yes text='stage invite Jurnaar -> Tuzhni ok=true err=nil\r\n'
23:19:06.801  NO GROUP ROW from any of ['Zantor', 'Taliah', 'Tuzhni'] -- nothing measured
no bot joined in this trial; nothing to hand back
worldserver running started=2026-09-10T21:04:59.914868403Z restarts=0
COMMAND: dml_t16_stage show Jurnaar
outcome=yes reason=''
text='stage show: Jurnaar is in no group\r\n'
worldserver running started=2026-09-10T21:04:59.914868403Z restarts=0
()

---- TRIAL 2 -- delay=+5s how=hand candidates=Kagal,Mamkuwa,Lygyael -- 23:19:11 CEST ----
worldserver running started=2026-09-10T21:04:59.914868403Z restarts=0
== TRIAL  master=Jurnaar candidates=['Kagal', 'Mamkuwa', 'Lygyael'] delay=+5s level=42 how=hand
23:19:12.894  party before: ()
23:19:12.894  candidate Kagal: live=6 characters.level=6
23:19:13.121  COMMAND (1): dml_t16_stage invite Jurnaar Kagal
23:19:13.205  outcome=yes text='stage invite Jurnaar -> Kagal ok=true err=nil\r\n'
23:19:20.687  GROUP ROW APPEARED: Kagal guid=22 characters.level=6  <- t0
    23:19:20.834  t0+   0.1s  live=   6  characters.level=   6  (before the send)
    23:19:21.294  t0+   0.6s  live=   6  characters.level=   6  (before the send)
    23:19:21.734  t0+   1.0s  live=   6  characters.level=   6  (before the send)
    23:19:22.162  t0+   1.5s  live=   6  characters.level=   6  (before the send)
    23:19:22.609  t0+   1.9s  live=   6  characters.level=   6  (before the send)
    23:19:23.043  t0+   2.4s  live=   6  characters.level=   6  (before the send)
    23:19:23.474  t0+   2.8s  live=   6  characters.level=   6  (before the send)
    23:19:23.943  t0+   3.3s  live=   6  characters.level=   6  (before the send)
    23:19:24.373  t0+   3.7s  live=   6  characters.level=   6  (before the send)
    23:19:24.802  t0+   4.1s  live=   6  characters.level=   6  (before the send)
    23:19:25.910  t0+   5.2s  live=   6  characters.level=   6  <- the ground, at the send
23:19:26.211  t0+   5.5s  SEND by hand 'character level Kagal 42' -> outcome=yes text='You changed level of Kagal to 42.\r\n'
    23:19:26.345  t0+   5.7s  live=  42  characters.level=   6  
    23:19:26.774  t0+   6.1s  live=  42  characters.level=   6  
    23:19:27.236  t0+   6.5s  live=  42  characters.level=   6  
    23:19:27.663  t0+   7.0s  live=  42  characters.level=   6  
    23:19:28.088  t0+   7.4s  live=  42  characters.level=   6  
    23:19:28.557  t0+   7.9s  live=  42  characters.level=   6  
    23:19:28.997  t0+   8.3s  live=  42  characters.level=   6  
    23:19:29.530  t0+   8.8s  live=  42  characters.level=   6  
    23:19:29.960  t0+   9.3s  live=  42  characters.level=   6  
    23:19:30.382  t0+   9.7s  live=  42  characters.level=   6  
    23:19:30.818  t0+  10.1s  live=  42  characters.level=   6  
    23:19:31.242  t0+  10.6s  live=  42  characters.level=   6  
    23:19:31.663  t0+  11.0s  live=  42  characters.level=   6  
    23:19:32.112  t0+  11.4s  live=  42  characters.level=   6  
    23:19:32.542  t0+  11.9s  live=  42  characters.level=   6  
    23:19:33.069  t0+  12.4s  live=  42  characters.level=   6  
    23:19:33.501  t0+  12.8s  live=  42  characters.level=   6  
    23:19:33.920  t0+  13.2s  live=  42  characters.level=   6  
    23:19:34.389  t0+  13.7s  live=  42  characters.level=   6  
    23:19:34.808  t0+  14.1s  live=  42  characters.level=   6  
    23:19:35.233  t0+  14.5s  live=  42  characters.level=   6  
    23:19:35.681  t0+  15.0s  live=  42  characters.level=   6  
    23:19:36.121  t0+  15.4s  live=  42  characters.level=   6  
    23:19:36.544  t0+  15.9s  live=  42  characters.level=   6  <- THE READING, 10 s after the send
    23:19:36.905  saveall -> outcome=yes text='All players saved.\r\n'
    23:19:37.029  t0+  16.3s  live=  42  characters.level=   6  
    23:19:37.485  t0+  16.8s  live=  42  characters.level=   6  
    23:19:37.906  t0+  17.2s  live=  42  characters.level=   6  
    23:19:38.365  t0+  17.7s  live=  42  characters.level=   6  
    23:19:38.803  t0+  18.1s  live=  42  characters.level=  42  
    23:19:39.103  characters.level AGREES at t_send+12.9s (saveall+2.2s)
    23:19:39.229  t0+  18.5s  live=  42  characters.level=  42  
    23:19:39.708  t0+  19.0s  live=  42  characters.level=  42  
    23:19:40.158  t0+  19.5s  live=  42  characters.level=  42  <- THE READING, 3 s after .saveall
    23:19:40.586  t0+  19.9s  live=  42  characters.level=  42  
    23:19:41.046  t0+  20.4s  live=  42  characters.level=  42  
    23:19:41.490  t0+  20.8s  live=  42  characters.level=  42  
    23:19:41.914  t0+  21.2s  live=  42  characters.level=  42  
    23:19:42.372  t0+  21.7s  live=  42  characters.level=  42  
    23:19:42.802  t0+  22.1s  live=  42  characters.level=  42  
    23:19:43.234  t0+  22.5s  live=  42  characters.level=  42  
    23:19:43.700  t0+  23.0s  live=  42  characters.level=  42  
    23:19:44.144  t0+  23.5s  live=  42  characters.level=  42  
    23:19:44.595  t0+  23.9s  live=  42  characters.level=  42  
    23:19:45.064  t0+  24.4s  live=  42  characters.level=  42  
    23:19:45.522  t0+  24.8s  live=  42  characters.level=  42  
    23:19:45.951  t0+  25.3s  live=  42  characters.level=  42  
    23:19:46.452  t0+  25.8s  live=  42  characters.level=  42  
    23:19:46.903  t0+  26.2s  live=  42  characters.level=  42  
    23:19:47.334  t0+  26.6s  live=  42  characters.level=  42  
    23:19:47.796  t0+  27.1s  live=  42  characters.level=  42  
    23:19:48.228  t0+  27.5s  live=  42  characters.level=  42  
    23:19:48.679  t0+  28.0s  live=  42  characters.level=  42  
    23:19:49.139  t0+  28.5s  live=  42  characters.level=  42  
    23:19:49.569  t0+  28.9s  live=  42  characters.level=  42  
    23:19:49.991  t0+  29.3s  live=  42  characters.level=  42  
    23:19:50.456  t0+  29.8s  live=  42  characters.level=  42  
    23:19:50.890  t0+  30.2s  live=  42  characters.level=  42  
    23:19:51.312  t0+  30.6s  live=  42  characters.level=  42  
    23:19:51.753  t0+  31.1s  live=  42  characters.level=  42  
    23:19:52.173  t0+  31.5s  live=  42  characters.level=  42  
    23:19:52.591  t0+  31.9s  live=  42  characters.level=  42  
    23:19:53.044  t0+  32.4s  live=  42  characters.level=  42  
    23:19:53.473  t0+  32.8s  live=  42  characters.level=  42  
    23:19:53.896  t0+  33.2s  live=  42  characters.level=  42  
    23:19:54.347  t0+  33.7s  live=  42  characters.level=  42  
    23:19:54.774  t0+  34.1s  live=  42  characters.level=  42  
    23:19:55.196  t0+  34.5s  live=  42  characters.level=  42  
    23:19:55.657  t0+  35.0s  live=  42  characters.level=  42  
    23:19:56.086  t0+  35.4s  live=  42  characters.level=  42  
    23:19:56.624  t0+  35.9s  live=  42  characters.level=  42  
    23:19:57.060  t0+  36.4s  live=  42  characters.level=  42  
    23:19:57.494  t0+  36.8s  live=  42  characters.level=  42  
    23:19:57.949  t0+  37.3s  live=  42  characters.level=  42  
    23:19:58.379  t0+  37.7s  live=  42  characters.level=  42  
    23:19:58.800  t0+  38.1s  live=  42  characters.level=  42  
    23:19:59.241  t0+  38.6s  live=  42  characters.level=  42  
    23:19:59.665  t0+  39.0s  live=  42  characters.level=  42  
    23:20:00.089  t0+  39.4s  live=  42  characters.level=  42  
    23:20:00.540  t0+  39.9s  live=  42  characters.level=  42  
    23:20:00.968  t0+  40.3s  live=  42  characters.level=  42  
    23:20:01.500  t0+  40.8s  live=  42  characters.level=  42  
    23:20:01.925  t0+  41.2s  live=  42  characters.level=  42  
    23:20:02.347  t0+  41.7s  live=  42  characters.level=  42  
    23:20:02.794  t0+  42.1s  live=  42  characters.level=  42  
    23:20:03.219  t0+  42.5s  live=  42  characters.level=  42  
    23:20:03.646  t0+  43.0s  live=  42  characters.level=  42  
    23:20:04.084  t0+  43.4s  live=  42  characters.level=  42  
    23:20:04.521  t0+  43.8s  live=  42  characters.level=  42  
    23:20:04.942  t0+  44.3s  live=  42  characters.level=  42  
    23:20:05.376  t0+  44.7s  live=  42  characters.level=  42  
    23:20:05.800  t0+  45.1s  live=  42  characters.level=  42  
    23:20:06.224  t0+  45.5s  live=  42  characters.level=  42  
    23:20:06.670  t0+  46.0s  live=  42  characters.level=  42  
    23:20:07.096  t0+  46.4s  live=  42  characters.level=  42  
    23:20:07.518  t0+  46.8s  live=  42  characters.level=  42  
    23:20:07.971  t0+  47.3s  live=  42  characters.level=  42  
    23:20:08.407  t0+  47.7s  live=  42  characters.level=  42  
    23:20:08.823  t0+  48.1s  live=  42  characters.level=  42  
    23:20:09.286  t0+  48.6s  live=  42  characters.level=  42  
    23:20:09.713  t0+  49.0s  live=  42  characters.level=  42  
    23:20:10.137  t0+  49.4s  live=  42  characters.level=  42  
    23:20:10.578  t0+  49.9s  live=  42  characters.level=  42  
    23:20:11.018  t0+  50.3s  live=  42  characters.level=  42  
    23:20:11.446  t0+  50.8s  live=  42  characters.level=  42  
    23:20:11.889  t0+  51.2s  live=  42  characters.level=  42  
    23:20:12.313  t0+  51.6s  live=  42  characters.level=  42  
    23:20:12.736  t0+  52.0s  live=  42  characters.level=  42  
    23:20:13.188  t0+  52.5s  live=  42  characters.level=  42  
    23:20:13.621  t0+  52.9s  live=  42  characters.level=  42  
    23:20:14.043  t0+  53.4s  live=  42  characters.level=  42  
    23:20:14.506  t0+  53.8s  live=  42  characters.level=  42  
    23:20:14.941  t0+  54.3s  live=  42  characters.level=  42  
    23:20:15.372  t0+  54.7s  live=  42  characters.level=  42  
    23:20:15.839  t0+  55.2s  live=  42  characters.level=  42  
    23:20:16.282  t0+  55.6s  live=  42  characters.level=  42  
    23:20:16.713  t0+  56.0s  live=  42  characters.level=  42  
    23:20:17.182  t0+  56.5s  live=  42  characters.level=  42  
    23:20:17.638  t0+  57.0s  live=  42  characters.level=  42  
    23:20:18.079  t0+  57.4s  live=  42  characters.level=  42  
    23:20:18.531  t0+  57.8s  live=  42  characters.level=  42  
    23:20:18.985  t0+  58.3s  live=  42  characters.level=  42  
    23:20:19.414  t0+  58.7s  live=  42  characters.level=  42  
    23:20:19.880  t0+  59.2s  live=  42  characters.level=  42  
    23:20:20.317  t0+  59.6s  live=  42  characters.level=  42  
    23:20:20.735  t0+  60.0s  live=  42  characters.level=  42  
    23:20:21.192  t0+  60.5s  live=  42  characters.level=  42  
    23:20:21.630  t0+  60.9s  live=  42  characters.level=  42  
    23:20:22.059  t0+  61.4s  live=  42  characters.level=  42  
    23:20:22.523  t0+  61.8s  live=  42  characters.level=  42  
    23:20:22.960  t0+  62.3s  live=  42  characters.level=  42  
    23:20:23.391  t0+  62.7s  live=  42  characters.level=  42  
    23:20:23.851  t0+  63.2s  live=  42  characters.level=  42  
    23:20:24.288  t0+  63.6s  live=  42  characters.level=  42  
    23:20:24.719  t0+  64.0s  live=  42  characters.level=  42  
    23:20:25.185  t0+  64.5s  live=  42  characters.level=  42  
    23:20:25.624  t0+  64.9s  live=  42  characters.level=  42  
    23:20:26.054  t0+  65.4s  live=  42  characters.level=  42  
    23:20:26.534  t0+  65.8s  live=  42  characters.level=  42  
    23:20:26.968  t0+  66.3s  live=  42  characters.level=  42  
    23:20:27.386  t0+  66.7s  live=  42  characters.level=  42  
    23:20:27.837  t0+  67.1s  live=  42  characters.level=  42  
    23:20:28.275  t0+  67.6s  live=  42  characters.level=  42  
    23:20:28.810  t0+  68.1s  live=  42  characters.level=  42  
    23:20:29.226  t0+  68.5s  live=  42  characters.level=  42  
    23:20:29.647  t0+  69.0s  live=  42  characters.level=  42  
    23:20:30.086  t0+  69.4s  live=  42  characters.level=  42  
    23:20:30.508  t0+  69.8s  live=  42  characters.level=  42  
    23:20:31.038  t0+  70.4s  live=  42  characters.level=  42  
    23:20:31.465  t0+  70.8s  live=  42  characters.level=  42  
    23:20:31.889  t0+  71.2s  live=  42  characters.level=  42  
    23:20:32.327  t0+  71.6s  live=  42  characters.level=  42  
    23:20:32.753  t0+  72.1s  live=  42  characters.level=  42  
    23:20:33.284  t0+  72.6s  live=  42  characters.level=  42  
    23:20:33.704  t0+  73.0s  live=  42  characters.level=  42  
    23:20:34.126  t0+  73.4s  live=  42  characters.level=  42  
    23:20:34.560  t0+  73.9s  live=  42  characters.level=  42  
    23:20:34.981  t0+  74.3s  live=  42  characters.level=  42  
    23:20:35.502  t0+  74.8s  live=  42  characters.level=  42  
    23:20:35.924  t0+  75.2s  live=  42  characters.level=  42  
    23:20:36.458  t0+  75.8s  live=  42  characters.level=  42  
    23:20:36.878  t0+  76.2s  live=  42  characters.level=  42  
    23:20:37.405  t0+  76.7s  live=  42  characters.level=  42  
    23:20:37.868  t0+  77.2s  live=  42  characters.level=  42  
    23:20:38.397  t0+  77.7s  live=  42  characters.level=  42  
    23:20:38.817  t0+  78.1s  live=  42  characters.level=  42  
    23:20:39.242  t0+  78.6s  live=  42  characters.level=  42  
    23:20:39.690  t0+  79.0s  live=  42  characters.level=  42  
    23:20:40.186  t0+  79.5s  live=  42  characters.level=  42  
    23:20:40.635  t0+  79.9s  live=  42  characters.level=  42  
    23:20:41.052  t0+  80.4s  live=  42  characters.level=  42  
    23:20:41.473  t0+  80.8s  live=  42  characters.level=  42  
    23:20:41.912  t0+  81.2s  live=  42  characters.level=  42  
    23:20:42.333  t0+  81.6s  live=  42  characters.level=  42  
    23:20:42.754  t0+  82.1s  live=  42  characters.level=  42  
    23:20:43.192  t0+  82.5s  live=  42  characters.level=  42  
    23:20:43.615  t0+  82.9s  live=  42  characters.level=  42  
    23:20:44.147  t0+  83.5s  live=  42  characters.level=  42  
    23:20:44.574  t0+  83.9s  live=  42  characters.level=  42  
    23:20:45.007  t0+  84.3s  live=  42  characters.level=  42  
    23:20:45.445  t0+  84.8s  live=  42  characters.level=  42  
    23:20:45.867  t0+  85.2s  live=  42  characters.level=  42  
    23:20:46.282  t0+  85.6s  live=  42  characters.level=  42  
    23:20:46.735  t0+  86.0s  live=  42  characters.level=  42  
    23:20:47.165  t0+  86.5s  live=  42  characters.level=  42  
    23:20:47.590  t0+  86.9s  live=  42  characters.level=  42  
    23:20:48.045  t0+  87.4s  live=  42  characters.level=  42  
    23:20:48.484  t0+  87.8s  live=  42  characters.level=  42  
    23:20:48.904  t0+  88.2s  live=  42  characters.level=  42  
    23:20:49.361  t0+  88.7s  live=  42  characters.level=  42  
    23:20:49.786  t0+  89.1s  live=  42  characters.level=  42  
    23:20:50.202  t0+  89.5s  live=  42  characters.level=  42  
    23:20:50.667  t0+  90.0s  live=  42  characters.level=  42  
    23:20:51.088  t0+  90.4s  live=  42  characters.level=  42  
    23:20:51.508  t0+  90.8s  live=  42  characters.level=  42  
    23:20:51.964  t0+  91.3s  live=  42  characters.level=  42  
    23:20:52.399  t0+  91.7s  live=  42  characters.level=  42  
    23:20:52.820  t0+  92.1s  live=  42  characters.level=  42  
    23:20:53.271  t0+  92.6s  live=  42  characters.level=  42  
    23:20:53.703  t0+  93.0s  live=  42  characters.level=  42  
    23:20:54.125  t0+  93.4s  live=  42  characters.level=  42  
    23:20:54.585  t0+  93.9s  live=  42  characters.level=  42  
    23:20:55.024  t0+  94.3s  live=  42  characters.level=  42  
    23:20:55.453  t0+  94.8s  live=  42  characters.level=  42  
    23:20:55.910  t0+  95.2s  live=  42  characters.level=  42  
    23:20:56.331  t0+  95.6s  live=  42  characters.level=  42  
    23:20:56.763  t0+  96.1s  live=  42  characters.level=  42  <- the end of the trial
RESULT delay=+5s how=hand bot=Kagal guid=22 level_at_join=6 asked=42 live_at_send=6 row_at_send=6 live@send+10=42 row@send+10=6 live@save+3=42 row@save+3=42 row_agrees_after=12.9 live_at_end=42 row_at_end=42

---- handing Kagal back to the module's own randomiser -- 23:20:57 CEST ----
worldserver running started=2026-09-10T21:04:59.914868403Z restarts=0
COMMAND: playerbots rndbot init Kagal
outcome=yes reason=''
text=''
worldserver running started=2026-09-10T21:04:59.914868403Z restarts=0
characters.level Kagal = 80
worldserver running started=2026-09-10T21:04:59.914868403Z restarts=0
COMMAND: dml_t16_stage show Jurnaar
outcome=yes reason=''
text='stage show: Jurnaar is in no group\r\n'
worldserver running started=2026-09-10T21:04:59.914868403Z restarts=0
()

---- TRIAL 3 -- delay=+10s how=hand candidates=Trohlzank,Alerea,Dalio -- 23:21:09 CEST ----
worldserver running started=2026-09-10T21:04:59.914868403Z restarts=0
== TRIAL  master=Jurnaar candidates=['Trohlzank', 'Alerea', 'Dalio'] delay=+10s level=42 how=hand
23:21:10.978  party before: ()
23:21:10.978  candidate Trohlzank: live=21 characters.level=21
23:21:11.182  COMMAND (1): dml_t16_stage invite Jurnaar Trohlzank
23:21:11.257  outcome=yes text='stage invite Jurnaar -> Trohlzank ok=true err=nil\r\n'
23:21:23.265  COMMAND (2): dml_t16_stage invite Jurnaar Trohlzank
23:21:23.274  outcome=yes text='stage invite Jurnaar -> Trohlzank ok=true err=nil\r\n'
23:21:35.663  COMMAND (3): dml_t16_stage invite Jurnaar Trohlzank
23:21:35.723  outcome=yes text='stage invite Jurnaar -> Trohlzank ok=true err=nil\r\n'
23:21:48.087  candidate Alerea: live=30 characters.level=30
23:21:48.207  COMMAND (1): dml_t16_stage invite Jurnaar Alerea
23:21:48.290  outcome=yes text='stage invite Jurnaar -> Alerea ok=true err=nil\r\n'
23:22:00.318  COMMAND (2): dml_t16_stage invite Jurnaar Alerea
23:22:00.370  outcome=yes text='stage invite Jurnaar -> Alerea ok=true err=nil\r\n'
23:22:12.802  COMMAND (3): dml_t16_stage invite Jurnaar Alerea
23:22:12.824  outcome=yes text='stage invite Jurnaar -> Alerea ok=true err=nil\r\n'
23:22:25.192  candidate Dalio: live=24 characters.level=24
23:22:25.318  COMMAND (1): dml_t16_stage invite Jurnaar Dalio
23:22:25.428  outcome=yes text='stage invite Jurnaar -> Dalio ok=true err=nil\r\n'
23:22:37.639  COMMAND (2): dml_t16_stage invite Jurnaar Dalio
23:22:37.663  outcome=yes text='stage invite Jurnaar -> Dalio ok=true err=nil\r\n'
23:22:49.878  COMMAND (3): dml_t16_stage invite Jurnaar Dalio
23:22:49.945  outcome=yes text='stage invite Jurnaar -> Dalio ok=true err=nil\r\n'
23:23:02.235  NO GROUP ROW from any of ['Trohlzank', 'Alerea', 'Dalio'] -- nothing measured
no bot joined in this trial; nothing to hand back
worldserver running started=2026-09-10T21:04:59.914868403Z restarts=0
COMMAND: dml_t16_stage show Jurnaar
outcome=yes reason=''
text='stage show: Jurnaar is in no group\r\n'
worldserver running started=2026-09-10T21:04:59.914868403Z restarts=0
()

---- TRIAL 4 -- delay=+20s how=hand candidates=Colnus,Sandrin,Grirmirn -- 23:23:07 CEST ----
worldserver running started=2026-09-10T21:04:59.914868403Z restarts=0
== TRIAL  master=Jurnaar candidates=['Colnus', 'Sandrin', 'Grirmirn'] delay=+20s level=42 how=hand
23:23:08.492  party before: ()
23:23:08.492  candidate Colnus: live=28 characters.level=28
23:23:08.657  COMMAND (1): dml_t16_stage invite Jurnaar Colnus
23:23:08.752  outcome=yes text='stage invite Jurnaar -> Colnus ok=true err=nil\r\n'
23:23:20.890  COMMAND (2): dml_t16_stage invite Jurnaar Colnus
23:23:21.012  outcome=yes text='stage invite Jurnaar -> Colnus ok=true err=nil\r\n'
23:23:33.432  COMMAND (3): dml_t16_stage invite Jurnaar Colnus
23:23:33.502  outcome=yes text='stage invite Jurnaar -> Colnus ok=true err=nil\r\n'
23:23:45.907  candidate Sandrin: live=34 characters.level=34
23:23:46.087  COMMAND (1): dml_t16_stage invite Jurnaar Sandrin
23:23:46.202  outcome=yes text='stage invite Jurnaar -> Sandrin ok=true err=nil\r\n'
23:23:53.268  GROUP ROW APPEARED: Sandrin guid=8 characters.level=34  <- t0
    23:23:53.396  t0+   0.1s  live=  34  characters.level=  34  (before the send)
    23:23:53.824  t0+   0.6s  live=  34  characters.level=  34  (before the send)
    23:23:54.262  t0+   1.0s  live=  34  characters.level=  34  (before the send)
    23:23:54.723  t0+   1.5s  live=  34  characters.level=  34  (before the send)
    23:23:55.170  t0+   1.9s  live=  34  characters.level=  34  (before the send)
    23:23:55.593  t0+   2.3s  live=  34  characters.level=  34  (before the send)
    23:23:56.084  t0+   2.8s  live=  34  characters.level=  34  (before the send)
    23:23:56.536  t0+   3.3s  live=  34  characters.level=  34  (before the send)
    23:23:56.975  t0+   3.7s  live=  34  characters.level=  34  (before the send)
    23:23:57.468  t0+   4.2s  live=  34  characters.level=  34  (before the send)
    23:23:57.914  t0+   4.6s  live=  34  characters.level=  34  (before the send)
    23:23:58.354  t0+   5.1s  live=  34  characters.level=  34  (before the send)
    23:23:58.812  t0+   5.5s  live=  34  characters.level=  34  (before the send)
    23:23:59.231  t0+   6.0s  live=  34  characters.level=  34  (before the send)
    23:23:59.648  t0+   6.4s  live=  34  characters.level=  34  (before the send)
    23:24:00.123  t0+   6.9s  live=  34  characters.level=  34  (before the send)
    23:24:00.567  t0+   7.3s  live=  34  characters.level=  34  (before the send)
    23:24:01.002  t0+   7.7s  live=  34  characters.level=  34  (before the send)
    23:24:01.467  t0+   8.2s  live=  34  characters.level=  34  (before the send)
    23:24:01.894  t0+   8.6s  live=  34  characters.level=  34  (before the send)
    23:24:02.322  t0+   9.1s  live=  34  characters.level=  34  (before the send)
    23:24:02.785  t0+   9.5s  live=  34  characters.level=  34  (before the send)
    23:24:03.218  t0+   9.9s  live=  34  characters.level=  34  (before the send)
    23:24:03.646  t0+  10.4s  live=  34  characters.level=  34  (before the send)
    23:24:04.117  t0+  10.8s  live=  34  characters.level=  34  (before the send)
    23:24:04.554  t0+  11.3s  live=  34  characters.level=  34  (before the send)
    23:24:05.007  t0+  11.7s  live=  34  characters.level=  34  (before the send)
    23:24:05.458  t0+  12.2s  live=  34  characters.level=  34  (before the send)
    23:24:05.884  t0+  12.6s  live=  34  characters.level=  34  (before the send)
    23:24:06.335  t0+  13.1s  live=  34  characters.level=  34  (before the send)
    23:24:06.800  t0+  13.5s  live=  34  characters.level=  34  (before the send)
    23:24:07.232  t0+  14.0s  live=  34  characters.level=  34  (before the send)
    23:24:07.664  t0+  14.4s  live=  34  characters.level=  34  (before the send)
    23:24:08.137  t0+  14.9s  live=  34  characters.level=  34  (before the send)
    23:24:08.562  t0+  15.3s  live=  34  characters.level=  34  (before the send)
    23:24:09.000  t0+  15.7s  live=  34  characters.level=  34  (before the send)
    23:24:09.479  t0+  16.2s  live=  34  characters.level=  34  (before the send)
    23:24:09.917  t0+  16.6s  live=  34  characters.level=  34  (before the send)
    23:24:10.353  t0+  17.1s  live=  34  characters.level=  34  (before the send)
    23:24:10.828  t0+  17.6s  live=  34  characters.level=  34  (before the send)
    23:24:11.277  t0+  18.0s  live=  34  characters.level=  34  (before the send)
    23:24:11.706  t0+  18.4s  live=  34  characters.level=  34  (before the send)
    23:24:12.188  t0+  18.9s  live=  34  characters.level=  34  (before the send)
    23:24:13.511  t0+  20.2s  live=  34  characters.level=  34  <- the ground, at the send
23:24:13.811  t0+  20.6s  SEND by hand 'character level Sandrin 42' -> outcome=yes text='You changed level of Sandrin to 42.\r\n'
    23:24:13.964  t0+  20.7s  live=  42  characters.level=  34  
    23:24:14.406  t0+  21.1s  live=  42  characters.level=  34  
    23:24:14.871  t0+  21.6s  live=  42  characters.level=  34  
    23:24:15.313  t0+  22.0s  live=  42  characters.level=  34  
    23:24:15.759  t0+  22.5s  live=  42  characters.level=  34  
    23:24:16.239  t0+  23.0s  live=  42  characters.level=  34  
    23:24:16.686  t0+  23.4s  live=  42  characters.level=  34  
    23:24:17.125  t0+  23.9s  live=  42  characters.level=  34  
    23:24:17.612  t0+  24.3s  live=  42  characters.level=  34  
    23:24:18.074  t0+  24.8s  live=  42  characters.level=  34  
    23:24:18.539  t0+  25.3s  live=  42  characters.level=  34  
    23:24:19.019  t0+  25.8s  live=  42  characters.level=  34  
    23:24:19.461  t0+  26.2s  live=  42  characters.level=  34  
    23:24:19.903  t0+  26.6s  live=  42  characters.level=  34  
    23:24:20.380  t0+  27.1s  live=  42  characters.level=  34  
    23:24:20.820  t0+  27.6s  live=  42  characters.level=  34  
    23:24:21.260  t0+  28.0s  live=  42  characters.level=  34  
    23:24:21.732  t0+  28.5s  live=  42  characters.level=  34  
    23:24:22.168  t0+  28.9s  live=  42  characters.level=  34  
    23:24:22.597  t0+  29.3s  live=  42  characters.level=  34  
    23:24:23.059  t0+  29.8s  live=  42  characters.level=  34  
    23:24:23.497  t0+  30.2s  live=  42  characters.level=  34  
    23:24:23.925  t0+  30.7s  live=  42  characters.level=  34  
    23:24:24.392  t0+  31.1s  live=  42  characters.level=  34  <- THE READING, 10 s after the send
    23:24:24.732  saveall -> outcome=yes text='All players saved.\r\n'
    23:24:24.856  t0+  31.6s  live=  42  characters.level=  34  
    23:24:25.294  t0+  32.0s  live=  42  characters.level=  34  
    23:24:25.779  t0+  32.5s  live=  42  characters.level=  34  
    23:24:26.221  t0+  33.0s  live=  42  characters.level=  42  
    23:24:26.521  characters.level AGREES at t_send+12.7s (saveall+1.8s)
    23:24:26.677  t0+  33.4s  live=  42  characters.level=  42  
    23:24:27.154  t0+  33.9s  live=  42  characters.level=  42  
    23:24:27.611  t0+  34.3s  live=  42  characters.level=  42  
    23:24:28.064  t0+  34.8s  live=  42  characters.level=  42  <- THE READING, 3 s after .saveall
    23:24:28.556  t0+  35.3s  live=  42  characters.level=  42  
    23:24:29.009  t0+  35.7s  live=  42  characters.level=  42  
    23:24:29.441  t0+  36.2s  live=  42  characters.level=  42  
    23:24:29.896  t0+  36.6s  live=  42  characters.level=  42  
    23:24:30.334  t0+  37.1s  live=  42  characters.level=  42  
    23:24:30.772  t0+  37.5s  live=  42  characters.level=  42  
    23:24:31.232  t0+  38.0s  live=  42  characters.level=  42  
    23:24:31.665  t0+  38.4s  live=  42  characters.level=  42  
    23:24:32.089  t0+  38.8s  live=  42  characters.level=  42  
    23:24:32.552  t0+  39.3s  live=  42  characters.level=  42  
    23:24:32.971  t0+  39.7s  live=  42  characters.level=  42  
    23:24:33.392  t0+  40.1s  live=  42  characters.level=  42  
    23:24:33.849  t0+  40.6s  live=  42  characters.level=  42  
    23:24:34.272  t0+  41.0s  live=  42  characters.level=  42  
    23:24:34.694  t0+  41.4s  live=  42  characters.level=  42  
    23:24:35.144  t0+  41.9s  live=  42  characters.level=  42  
    23:24:35.574  t0+  42.3s  live=  42  characters.level=  42  
    23:24:35.995  t0+  42.7s  live=  42  characters.level=  42  
    23:24:36.445  t0+  43.2s  live=  42  characters.level=  42  
    23:24:36.867  t0+  43.6s  live=  42  characters.level=  42  
    23:24:37.292  t0+  44.0s  live=  42  characters.level=  42  
    23:24:37.757  t0+  44.5s  live=  42  characters.level=  42  
    23:24:38.194  t0+  44.9s  live=  42  characters.level=  42  
    23:24:38.618  t0+  45.4s  live=  42  characters.level=  42  
    23:24:39.061  t0+  45.8s  live=  42  characters.level=  42  
    23:24:39.486  t0+  46.2s  live=  42  characters.level=  42  
    23:24:39.911  t0+  46.6s  live=  42  characters.level=  42  
    23:24:40.362  t0+  47.1s  live=  42  characters.level=  42  
    23:24:40.784  t0+  47.5s  live=  42  characters.level=  42  
    23:24:41.211  t0+  47.9s  live=  42  characters.level=  42  
    23:24:41.683  t0+  48.4s  live=  42  characters.level=  42  
    23:24:42.112  t0+  48.8s  live=  42  characters.level=  42  
    23:24:42.545  t0+  49.3s  live=  42  characters.level=  42  
    23:24:42.990  t0+  49.7s  live=  42  characters.level=  42  
    23:24:43.424  t0+  50.2s  live=  42  characters.level=  42  
    23:24:43.844  t0+  50.6s  live=  42  characters.level=  42  
    23:24:44.307  t0+  51.0s  live=  42  characters.level=  42  
    23:24:44.738  t0+  51.5s  live=  42  characters.level=  42  
    23:24:45.174  t0+  51.9s  live=  42  characters.level=  42  
    23:24:45.647  t0+  52.4s  live=  42  characters.level=  42  
    23:24:46.079  t0+  52.8s  live=  42  characters.level=  42  
    23:24:46.522  t0+  53.3s  live=  42  characters.level=  42  
    23:24:46.984  t0+  53.7s  live=  42  characters.level=  42  
    23:24:47.410  t0+  54.1s  live=  42  characters.level=  42  
    23:24:47.846  t0+  54.6s  live=  42  characters.level=  42  
    23:24:48.308  t0+  55.0s  live=  42  characters.level=  42  
    23:24:48.754  t0+  55.5s  live=  42  characters.level=  42  
    23:24:49.177  t0+  55.9s  live=  42  characters.level=  42  
    23:24:49.643  t0+  56.4s  live=  42  characters.level=  42  
    23:24:50.067  t0+  56.8s  live=  42  characters.level=  42  
    23:24:50.495  t0+  57.2s  live=  42  characters.level=  42  
    23:24:50.967  t0+  57.7s  live=  42  characters.level=  42  
    23:24:51.408  t0+  58.1s  live=  42  characters.level=  42  
    23:24:51.843  t0+  58.6s  live=  42  characters.level=  42  
    23:24:52.320  t0+  59.1s  live=  42  characters.level=  42  
    23:24:52.766  t0+  59.5s  live=  42  characters.level=  42  
    23:24:53.193  t0+  59.9s  live=  42  characters.level=  42  
    23:24:53.671  t0+  60.4s  live=  42  characters.level=  42  
    23:24:54.103  t0+  60.8s  live=  42  characters.level=  42  
    23:24:54.532  t0+  61.3s  live=  42  characters.level=  42  
    23:24:55.001  t0+  61.7s  live=  42  characters.level=  42  
    23:24:55.431  t0+  62.2s  live=  42  characters.level=  42  
    23:24:55.869  t0+  62.6s  live=  42  characters.level=  42  
    23:24:56.340  t0+  63.1s  live=  42  characters.level=  42  
    23:24:56.789  t0+  63.5s  live=  42  characters.level=  42  
    23:24:57.212  t0+  63.9s  live=  42  characters.level=  42  
    23:24:57.687  t0+  64.4s  live=  42  characters.level=  42  
    23:24:58.149  t0+  64.9s  live=  42  characters.level=  42  
    23:24:58.573  t0+  65.3s  live=  42  characters.level=  42  
    23:24:59.050  t0+  65.8s  live=  42  characters.level=  42  
    23:24:59.514  t0+  66.2s  live=  42  characters.level=  42  
    23:24:59.952  t0+  66.7s  live=  42  characters.level=  42  
    23:25:00.432  t0+  67.2s  live=  42  characters.level=  42  
    23:25:00.877  t0+  67.6s  live=  42  characters.level=  42  
    23:25:01.303  t0+  68.0s  live=  42  characters.level=  42  
    23:25:01.763  t0+  68.5s  live=  42  characters.level=  42  
    23:25:02.195  t0+  68.9s  live=  42  characters.level=  42  
    23:25:02.619  t0+  69.4s  live=  42  characters.level=  42  
    23:25:03.065  t0+  69.8s  live=  42  characters.level=  42  
    23:25:03.493  t0+  70.2s  live=  42  characters.level=  42  
    23:25:03.924  t0+  70.7s  live=  42  characters.level=  42  
    23:25:04.380  t0+  71.1s  live=  42  characters.level=  42  
    23:25:04.807  t0+  71.5s  live=  42  characters.level=  42  
    23:25:05.228  t0+  72.0s  live=  42  characters.level=  42  
    23:25:05.692  t0+  72.4s  live=  42  characters.level=  42  
    23:25:06.119  t0+  72.9s  live=  42  characters.level=  42  
    23:25:06.545  t0+  73.3s  live=  42  characters.level=  42  
    23:25:07.002  t0+  73.7s  live=  42  characters.level=  42  
    23:25:07.430  t0+  74.2s  live=  42  characters.level=  42  
    23:25:07.860  t0+  74.6s  live=  42  characters.level=  42  
    23:25:08.334  t0+  75.1s  live=  42  characters.level=  42  
    23:25:08.774  t0+  75.5s  live=  42  characters.level=  42  
    23:25:09.214  t0+  75.9s  live=  42  characters.level=  42  
    23:25:09.671  t0+  76.4s  live=  42  characters.level=  42  
    23:25:10.097  t0+  76.8s  live=  42  characters.level=  42  
    23:25:10.534  t0+  77.3s  live=  42  characters.level=  42  
    23:25:10.998  t0+  77.7s  live=  42  characters.level=  42  
    23:25:11.434  t0+  78.2s  live=  42  characters.level=  42  
    23:25:11.862  t0+  78.6s  live=  42  characters.level=  42  
    23:25:12.313  t0+  79.0s  live=  42  characters.level=  42  
    23:25:12.749  t0+  79.5s  live=  42  characters.level=  42  
    23:25:13.187  t0+  79.9s  live=  42  characters.level=  42  
    23:25:13.664  t0+  80.4s  live=  42  characters.level=  42  
    23:25:14.092  t0+  80.8s  live=  42  characters.level=  42  
    23:25:14.513  t0+  81.2s  live=  42  characters.level=  42  
    23:25:14.983  t0+  81.7s  live=  42  characters.level=  42  
    23:25:15.418  t0+  82.1s  live=  42  characters.level=  42  
    23:25:15.848  t0+  82.6s  live=  42  characters.level=  42  
    23:25:16.312  t0+  83.0s  live=  42  characters.level=  42  
    23:25:16.747  t0+  83.5s  live=  42  characters.level=  42  
    23:25:17.181  t0+  83.9s  live=  42  characters.level=  42  
    23:25:17.642  t0+  84.4s  live=  42  characters.level=  42  
    23:25:18.086  t0+  84.8s  live=  42  characters.level=  42  
    23:25:18.525  t0+  85.3s  live=  42  characters.level=  42  
    23:25:18.995  t0+  85.7s  live=  42  characters.level=  42  
    23:25:19.435  t0+  86.2s  live=  42  characters.level=  42  
    23:25:19.862  t0+  86.6s  live=  42  characters.level=  42  
    23:25:20.330  t0+  87.1s  live=  42  characters.level=  42  
    23:25:20.762  t0+  87.5s  live=  42  characters.level=  42  
    23:25:21.206  t0+  87.9s  live=  42  characters.level=  42  
    23:25:21.667  t0+  88.4s  live=  42  characters.level=  42  
    23:25:22.108  t0+  88.8s  live=  42  characters.level=  42  
    23:25:22.544  t0+  89.3s  live=  42  characters.level=  42  
    23:25:23.004  t0+  89.7s  live=  42  characters.level=  42  
    23:25:23.446  t0+  90.2s  live=  42  characters.level=  42  
    23:25:23.871  t0+  90.6s  live=  42  characters.level=  42  
    23:25:24.336  t0+  91.1s  live=  42  characters.level=  42  
    23:25:24.776  t0+  91.5s  live=  42  characters.level=  42  
    23:25:25.198  t0+  91.9s  live=  42  characters.level=  42  
    23:25:25.671  t0+  92.4s  live=  42  characters.level=  42  
    23:25:26.100  t0+  92.8s  live=  42  characters.level=  42  
    23:25:26.539  t0+  93.3s  live=  42  characters.level=  42  
    23:25:27.002  t0+  93.7s  live=  42  characters.level=  42  
    23:25:27.426  t0+  94.2s  live=  42  characters.level=  42  
    23:25:27.863  t0+  94.6s  live=  42  characters.level=  42  
    23:25:28.322  t0+  95.1s  live=  42  characters.level=  42  
    23:25:28.756  t0+  95.5s  live=  42  characters.level=  42  
    23:25:29.178  t0+  95.9s  live=  42  characters.level=  42  
    23:25:29.625  t0+  96.4s  live=  42  characters.level=  42  
    23:25:30.052  t0+  96.8s  live=  42  characters.level=  42  
    23:25:30.483  t0+  97.2s  live=  42  characters.level=  42  
    23:25:30.957  t0+  97.7s  live=  42  characters.level=  42  
    23:25:31.403  t0+  98.1s  live=  42  characters.level=  42  
    23:25:31.843  t0+  98.6s  live=  42  characters.level=  42  
    23:25:32.310  t0+  99.0s  live=  42  characters.level=  42  
    23:25:32.737  t0+  99.5s  live=  42  characters.level=  42  
    23:25:33.171  t0+  99.9s  live=  42  characters.level=  42  
    23:25:33.645  t0+ 100.4s  live=  42  characters.level=  42  
    23:25:34.071  t0+ 100.8s  live=  42  characters.level=  42  
    23:25:34.498  t0+ 101.2s  live=  42  characters.level=  42  
    23:25:34.956  t0+ 101.7s  live=  42  characters.level=  42  
    23:25:35.396  t0+ 102.1s  live=  42  characters.level=  42  
    23:25:35.816  t0+ 102.5s  live=  42  characters.level=  42  
    23:25:36.271  t0+ 103.0s  live=  42  characters.level=  42  
    23:25:36.705  t0+ 103.4s  live=  42  characters.level=  42  
    23:25:37.140  t0+ 103.9s  live=  42  characters.level=  42  
    23:25:37.608  t0+ 104.3s  live=  42  characters.level=  42  
    23:25:38.046  t0+ 104.8s  live=  42  characters.level=  42  
    23:25:38.509  t0+ 105.2s  live=  42  characters.level=  42  
    23:25:38.982  t0+ 105.7s  live=  42  characters.level=  42  
    23:25:39.418  t0+ 106.1s  live=  42  characters.level=  42  
    23:25:39.856  t0+ 106.6s  live=  42  characters.level=  42  
    23:25:40.316  t0+ 107.0s  live=  42  characters.level=  42  
    23:25:40.745  t0+ 107.5s  live=  42  characters.level=  42  
    23:25:41.175  t0+ 107.9s  live=  42  characters.level=  42  
    23:25:41.646  t0+ 108.4s  live=  42  characters.level=  42  
    23:25:42.080  t0+ 108.8s  live=  42  characters.level=  42  
    23:25:42.513  t0+ 109.2s  live=  42  characters.level=  42  
    23:25:42.973  t0+ 109.7s  live=  42  characters.level=  42  
    23:25:43.411  t0+ 110.1s  live=  42  characters.level=  42  
    23:25:43.844  t0+ 110.6s  live=  42  characters.level=  42  
    23:25:44.310  t0+ 111.0s  live=  42  characters.level=  42  <- the end of the trial
RESULT delay=+20s how=hand bot=Sandrin guid=8 level_at_join=34 asked=42 live_at_send=34 row_at_send=34 live@send+10=42 row@send+10=34 live@save+3=42 row@save+3=42 row_agrees_after=12.7 live_at_end=42 row_at_end=42

---- handing Sandrin back to the module's own randomiser -- 23:25:44 CEST ----
worldserver running started=2026-09-10T21:04:59.914868403Z restarts=0
COMMAND: playerbots rndbot init Sandrin
outcome=yes reason=''
text=''
worldserver running started=2026-09-10T21:04:59.914868403Z restarts=0
characters.level Sandrin = 59
worldserver running started=2026-09-10T21:04:59.914868403Z restarts=0
COMMAND: dml_t16_stage show Jurnaar
outcome=yes reason=''
text='stage show: Jurnaar is in no group\r\n'
worldserver running started=2026-09-10T21:04:59.914868403Z restarts=0
()

---- TRIAL 5 -- delay=+30s how=hand candidates=Zarraden,Orgurthorm,Losco -- 23:25:57 CEST ----
worldserver running started=2026-09-10T21:04:59.914868403Z restarts=0
== TRIAL  master=Jurnaar candidates=['Zarraden', 'Orgurthorm', 'Losco'] delay=+30s level=42 how=hand
23:25:58.468  party before: ()
23:25:58.468  candidate Zarraden: live=39 characters.level=39
23:25:58.671  COMMAND (1): dml_t16_stage invite Jurnaar Zarraden
23:25:58.745  outcome=yes text='stage invite Jurnaar -> Zarraden ok=true err=nil\r\n'
23:26:10.772  COMMAND (2): dml_t16_stage invite Jurnaar Zarraden
23:26:10.786  outcome=yes text='stage invite Jurnaar -> Zarraden ok=true err=nil\r\n'
23:26:23.213  COMMAND (3): dml_t16_stage invite Jurnaar Zarraden
23:26:23.240  outcome=yes text='stage invite Jurnaar -> Zarraden ok=true err=nil\r\n'
23:26:35.266  candidate Orgurthorm: live=47 characters.level=47
23:26:35.390  COMMAND (1): dml_t16_stage invite Jurnaar Orgurthorm
23:26:35.403  outcome=yes text='stage invite Jurnaar -> Orgurthorm ok=true err=nil\r\n'
23:26:41.185  GROUP ROW APPEARED: Orgurthorm guid=13 characters.level=47  <- t0
    23:26:41.387  t0+   0.2s  live=  47  characters.level=  47  (before the send)
    23:26:41.844  t0+   0.7s  live=  47  characters.level=  47  (before the send)
    23:26:42.266  t0+   1.1s  live=  47  characters.level=  47  (before the send)
    23:26:42.686  t0+   1.5s  live=  47  characters.level=  47  (before the send)
    23:26:43.139  t0+   2.0s  live=  47  characters.level=  47  (before the send)
    23:26:43.573  t0+   2.4s  live=  47  characters.level=  47  (before the send)
    23:26:44.104  t0+   2.9s  live=  47  characters.level=  47  (before the send)
    23:26:44.544  t0+   3.4s  live=  47  characters.level=  47  (before the send)
    23:26:44.965  t0+   3.8s  live=  47  characters.level=  47  (before the send)
    23:26:45.432  t0+   4.2s  live=  47  characters.level=  47  (before the send)
    23:26:45.867  t0+   4.7s  live=  47  characters.level=  47  (before the send)
    23:26:46.291  t0+   5.1s  live=  47  characters.level=  47  (before the send)
    23:26:46.746  t0+   5.6s  live=  47  characters.level=  47  (before the send)
    23:26:47.185  t0+   6.0s  live=  47  characters.level=  47  (before the send)
    23:26:47.606  t0+   6.4s  live=  47  characters.level=  47  (before the send)
    23:26:48.065  t0+   6.9s  live=  47  characters.level=  47  (before the send)
    23:26:48.504  t0+   7.3s  live=  47  characters.level=  47  (before the send)
    23:26:48.925  t0+   7.7s  live=  47  characters.level=  47  (before the send)
    23:26:49.382  t0+   8.2s  live=  47  characters.level=  47  (before the send)
    23:26:49.818  t0+   8.6s  live=  47  characters.level=  47  (before the send)
    23:26:50.240  t0+   9.1s  live=  47  characters.level=  47  (before the send)
    23:26:50.698  t0+   9.5s  live=  47  characters.level=  47  (before the send)
    23:26:51.133  t0+   9.9s  live=  47  characters.level=  47  (before the send)
    23:26:51.562  t0+  10.4s  live=  47  characters.level=  47  (before the send)
    23:26:52.022  t0+  10.8s  live=  47  characters.level=  47  (before the send)
    23:26:52.464  t0+  11.3s  live=  47  characters.level=  47  (before the send)
    23:26:52.896  t0+  11.7s  live=  47  characters.level=  47  (before the send)
    23:26:53.358  t0+  12.2s  live=  47  characters.level=  47  (before the send)
    23:26:53.799  t0+  12.6s  live=  47  characters.level=  47  (before the send)
    23:26:54.244  t0+  13.1s  live=  47  characters.level=  47  (before the send)
    23:26:54.698  t0+  13.5s  live=  47  characters.level=  47  (before the send)
    23:26:55.131  t0+  13.9s  live=  47  characters.level=  47  (before the send)
    23:26:55.564  t0+  14.4s  live=  47  characters.level=  47  (before the send)
    23:26:56.028  t0+  14.8s  live=  47  characters.level=  47  (before the send)
    23:26:56.478  t0+  15.3s  live=  47  characters.level=  47  (before the send)
    23:26:56.912  t0+  15.7s  live=  47  characters.level=  47  (before the send)
    23:26:57.374  t0+  16.2s  live=  47  characters.level=  47  (before the send)
    23:26:57.819  t0+  16.6s  live=  47  characters.level=  47  (before the send)
    23:26:58.246  t0+  17.1s  live=  47  characters.level=  47  (before the send)
    23:26:58.727  t0+  17.5s  live=  47  characters.level=  47  (before the send)
    23:26:59.160  t0+  18.0s  live=  47  characters.level=  47  (before the send)
    23:26:59.584  t0+  18.4s  live=  47  characters.level=  47  (before the send)
    23:27:00.035  t0+  18.8s  live=  47  characters.level=  47  (before the send)
    23:27:00.473  t0+  19.3s  live=  47  characters.level=  47  (before the send)
    23:27:00.895  t0+  19.7s  live=  47  characters.level=  47  (before the send)
    23:27:01.354  t0+  20.2s  live=  47  characters.level=  47  (before the send)
    23:27:01.788  t0+  20.6s  live=  47  characters.level=  47  (before the send)
    23:27:02.328  t0+  21.1s  live=  47  characters.level=  47  (before the send)
    23:27:02.757  t0+  21.6s  live=  47  characters.level=  47  (before the send)
    23:27:03.190  t0+  22.0s  live=  47  characters.level=  47  (before the send)
    23:27:03.667  t0+  22.5s  live=  47  characters.level=  47  (before the send)
    23:27:04.096  t0+  22.9s  live=  47  characters.level=  47  (before the send)
    23:27:04.514  t0+  23.3s  live=  47  characters.level=  47  (before the send)
    23:27:04.973  t0+  23.8s  live=  47  characters.level=  47  (before the send)
    23:27:05.414  t0+  24.2s  live=  47  characters.level=  47  (before the send)
    23:27:05.852  t0+  24.7s  live=  47  characters.level=  47  (before the send)
    23:27:06.323  t0+  25.1s  live=  47  characters.level=  47  (before the send)
    23:27:06.753  t0+  25.6s  live=  47  characters.level=  47  (before the send)
    23:27:07.170  t0+  26.0s  live=  47  characters.level=  47  (before the send)
    23:27:07.638  t0+  26.5s  live=  47  characters.level=  47  (before the send)
    23:27:08.069  t0+  26.9s  live=  47  characters.level=  47  (before the send)
    23:27:08.499  t0+  27.3s  live=  47  characters.level=  47  (before the send)
    23:27:08.952  t0+  27.8s  live=  47  characters.level=  47  (before the send)
    23:27:09.387  t0+  28.2s  live=  47  characters.level=  47  (before the send)
    23:27:09.810  t0+  28.6s  live=  47  characters.level=  47  (before the send)
    23:27:10.278  t0+  29.1s  live=  47  characters.level=  47  (before the send)
    23:27:11.355  t0+  30.2s  live=  47  characters.level=  47  <- the ground, at the send
23:27:11.656  t0+  30.5s  SEND by hand 'character level Orgurthorm 42' -> outcome=yes text='You changed level of Orgurthorm to 42.\r\n'
    23:27:11.788  t0+  30.6s  live=  42  characters.level=  47  
    23:27:12.230  t0+  31.0s  live=  42  characters.level=  47  
    23:27:12.671  t0+  31.5s  live=  42  characters.level=  47  
    23:27:13.091  t0+  31.9s  live=  42  characters.level=  47  
    23:27:13.553  t0+  32.4s  live=  42  characters.level=  47  
    23:27:13.972  t0+  32.8s  live=  42  characters.level=  47  
    23:27:14.394  t0+  33.2s  live=  42  characters.level=  47  
    23:27:14.824  t0+  33.6s  live=  42  characters.level=  47  
    23:27:15.251  t0+  34.1s  live=  42  characters.level=  47  
    23:27:15.690  t0+  34.5s  live=  42  characters.level=  47  
    23:27:16.154  t0+  35.0s  live=  42  characters.level=  47  
    23:27:16.596  t0+  35.4s  live=  42  characters.level=  47  
    23:27:17.034  t0+  35.8s  live=  42  characters.level=  47  
    23:27:17.500  t0+  36.3s  live=  42  characters.level=  47  
    23:27:17.930  t0+  36.7s  live=  42  characters.level=  47  
    23:27:18.374  t0+  37.2s  live=  42  characters.level=  47  
    23:27:18.851  t0+  37.7s  live=  42  characters.level=  47  
    23:27:19.291  t0+  38.1s  live=  42  characters.level=  47  
    23:27:19.724  t0+  38.5s  live=  42  characters.level=  47  
    23:27:20.191  t0+  39.0s  live=  42  characters.level=  47  
    23:27:20.628  t0+  39.4s  live=  42  characters.level=  47  
    23:27:21.059  t0+  39.9s  live=  42  characters.level=  47  
    23:27:21.535  t0+  40.3s  live=  42  characters.level=  47  
    23:27:21.974  t0+  40.8s  live=  42  characters.level=  47  <- THE READING, 10 s after the send
    23:27:22.327  saveall -> outcome=yes text='All players saved.\r\n'
    23:27:22.447  t0+  41.3s  live=  42  characters.level=  47  
    23:27:22.934  t0+  41.7s  live=  42  characters.level=  47  
    23:27:23.395  t0+  42.2s  live=  42  characters.level=  42  
    23:27:23.695  characters.level AGREES at t_send+12.0s (saveall+1.4s)
    23:27:23.830  t0+  42.6s  live=  42  characters.level=  42  
    23:27:24.311  t0+  43.1s  live=  42  characters.level=  42  
    23:27:24.756  t0+  43.6s  live=  42  characters.level=  42  
    23:27:25.204  t0+  44.0s  live=  42  characters.level=  42  
    23:27:25.683  t0+  44.5s  live=  42  characters.level=  42  <- THE READING, 3 s after .saveall
    23:27:26.120  t0+  44.9s  live=  42  characters.level=  42  
    23:27:26.573  t0+  45.4s  live=  42  characters.level=  42  
    23:27:27.052  t0+  45.9s  live=  42  characters.level=  42  
    23:27:27.506  t0+  46.3s  live=  42  characters.level=  42  
    23:27:27.961  t0+  46.8s  live=  42  characters.level=  42  
    23:27:28.422  t0+  47.2s  live=  42  characters.level=  42  
    23:27:28.863  t0+  47.7s  live=  42  characters.level=  42  
    23:27:29.296  t0+  48.1s  live=  42  characters.level=  42  
    23:27:29.772  t0+  48.6s  live=  42  characters.level=  42  
    23:27:30.205  t0+  49.0s  live=  42  characters.level=  42  
    23:27:30.630  t0+  49.4s  live=  42  characters.level=  42  
    23:27:31.077  t0+  49.9s  live=  42  characters.level=  42  
    23:27:31.508  t0+  50.3s  live=  42  characters.level=  42  
    23:27:31.935  t0+  50.7s  live=  42  characters.level=  42  
    23:27:32.391  t0+  51.2s  live=  42  characters.level=  42  
    23:27:32.813  t0+  51.6s  live=  42  characters.level=  42  
    23:27:33.242  t0+  52.1s  live=  42  characters.level=  42  
    23:27:33.698  t0+  52.5s  live=  42  characters.level=  42  
    23:27:34.125  t0+  52.9s  live=  42  characters.level=  42  
    23:27:34.549  t0+  53.4s  live=  42  characters.level=  42  
    23:27:35.002  t0+  53.8s  live=  42  characters.level=  42  
    23:27:35.422  t0+  54.2s  live=  42  characters.level=  42  
    23:27:35.851  t0+  54.7s  live=  42  characters.level=  42  
    23:27:36.310  t0+  55.1s  live=  42  characters.level=  42  
    23:27:36.750  t0+  55.6s  live=  42  characters.level=  42  
    23:27:37.195  t0+  56.0s  live=  42  characters.level=  42  
    23:27:37.662  t0+  56.5s  live=  42  characters.level=  42  
    23:27:38.102  t0+  56.9s  live=  42  characters.level=  42  
    23:27:38.558  t0+  57.4s  live=  42  characters.level=  42  
    23:27:39.020  t0+  57.8s  live=  42  characters.level=  42  
    23:27:39.443  t0+  58.3s  live=  42  characters.level=  42  
    23:27:39.861  t0+  58.7s  live=  42  characters.level=  42  
    23:27:40.328  t0+  59.1s  live=  42  characters.level=  42  
    23:27:40.750  t0+  59.6s  live=  42  characters.level=  42  
    23:27:41.168  t0+  60.0s  live=  42  characters.level=  42  
    23:27:41.622  t0+  60.4s  live=  42  characters.level=  42  
    23:27:42.128  t0+  60.9s  live=  42  characters.level=  42  
    23:27:42.581  t0+  61.4s  live=  42  characters.level=  42  
    23:27:43.014  t0+  61.8s  live=  42  characters.level=  42  
    23:27:43.442  t0+  62.3s  live=  42  characters.level=  42  
    23:27:43.917  t0+  62.7s  live=  42  characters.level=  42  
    23:27:44.342  t0+  63.2s  live=  42  characters.level=  42  
    23:27:44.767  t0+  63.6s  live=  42  characters.level=  42  
    23:27:45.207  t0+  64.0s  live=  42  characters.level=  42  
    23:27:45.642  t0+  64.5s  live=  42  characters.level=  42  
    23:27:46.062  t0+  64.9s  live=  42  characters.level=  42  
    23:27:46.513  t0+  65.3s  live=  42  characters.level=  42  
    23:27:46.950  t0+  65.8s  live=  42  characters.level=  42  
    23:27:47.375  t0+  66.2s  live=  42  characters.level=  42  
    23:27:47.849  t0+  66.7s  live=  42  characters.level=  42  
    23:27:48.293  t0+  67.1s  live=  42  characters.level=  42  
    23:27:48.729  t0+  67.5s  live=  42  characters.level=  42  
    23:27:49.181  t0+  68.0s  live=  42  characters.level=  42  
    23:27:49.632  t0+  68.4s  live=  42  characters.level=  42  
    23:27:50.062  t0+  68.9s  live=  42  characters.level=  42  
    23:27:50.528  t0+  69.3s  live=  42  characters.level=  42  
    23:27:50.956  t0+  69.8s  live=  42  characters.level=  42  
    23:27:51.381  t0+  70.2s  live=  42  characters.level=  42  
    23:27:51.848  t0+  70.7s  live=  42  characters.level=  42  
    23:27:52.285  t0+  71.1s  live=  42  characters.level=  42  
    23:27:52.713  t0+  71.5s  live=  42  characters.level=  42  
    23:27:53.158  t0+  72.0s  live=  42  characters.level=  42  
    23:27:53.597  t0+  72.4s  live=  42  characters.level=  42  
    23:27:54.033  t0+  72.8s  live=  42  characters.level=  42  
    23:27:54.496  t0+  73.3s  live=  42  characters.level=  42  
    23:27:54.942  t0+  73.8s  live=  42  characters.level=  42  
    23:27:55.379  t0+  74.2s  live=  42  characters.level=  42  
    23:27:55.822  t0+  74.6s  live=  42  characters.level=  42  
    23:27:56.263  t0+  75.1s  live=  42  characters.level=  42  
    23:27:56.683  t0+  75.5s  live=  42  characters.level=  42  
    23:27:57.151  t0+  76.0s  live=  42  characters.level=  42  
    23:27:57.582  t0+  76.4s  live=  42  characters.level=  42  
    23:27:58.008  t0+  76.8s  live=  42  characters.level=  42  
    23:27:58.481  t0+  77.3s  live=  42  characters.level=  42  
    23:27:58.935  t0+  77.7s  live=  42  characters.level=  42  
    23:27:59.366  t0+  78.2s  live=  42  characters.level=  42  
    23:27:59.818  t0+  78.6s  live=  42  characters.level=  42  
    23:28:00.244  t0+  79.1s  live=  42  characters.level=  42  
    23:28:00.670  t0+  79.5s  live=  42  characters.level=  42  
    23:28:01.126  t0+  79.9s  live=  42  characters.level=  42  
    23:28:01.556  t0+  80.4s  live=  42  characters.level=  42  
    23:28:01.978  t0+  80.8s  live=  42  characters.level=  42  
    23:28:02.428  t0+  81.2s  live=  42  characters.level=  42  
    23:28:02.855  t0+  81.7s  live=  42  characters.level=  42  
    23:28:03.389  t0+  82.2s  live=  42  characters.level=  42  
    23:28:03.823  t0+  82.6s  live=  42  characters.level=  42  
    23:28:04.247  t0+  83.1s  live=  42  characters.level=  42  
    23:28:04.694  t0+  83.5s  live=  42  characters.level=  42  
    23:28:05.119  t0+  83.9s  live=  42  characters.level=  42  
    23:28:05.541  t0+  84.4s  live=  42  characters.level=  42  
    23:28:05.990  t0+  84.8s  live=  42  characters.level=  42  
    23:28:06.428  t0+  85.2s  live=  42  characters.level=  42  
    23:28:06.846  t0+  85.7s  live=  42  characters.level=  42  
    23:28:07.284  t0+  86.1s  live=  42  characters.level=  42  
    23:28:07.703  t0+  86.5s  live=  42  characters.level=  42  
    23:28:08.135  t0+  86.9s  live=  42  characters.level=  42  
    23:28:08.602  t0+  87.4s  live=  42  characters.level=  42  
    23:28:09.022  t0+  87.8s  live=  42  characters.level=  42  
    23:28:09.475  t0+  88.3s  live=  42  characters.level=  42  
    23:28:09.944  t0+  88.8s  live=  42  characters.level=  42  
    23:28:10.378  t0+  89.2s  live=  42  characters.level=  42  
    23:28:10.804  t0+  89.6s  live=  42  characters.level=  42  
    23:28:11.253  t0+  90.1s  live=  42  characters.level=  42  
    23:28:11.693  t0+  90.5s  live=  42  characters.level=  42  
    23:28:12.118  t0+  90.9s  live=  42  characters.level=  42  
    23:28:12.581  t0+  91.4s  live=  42  characters.level=  42  
    23:28:13.007  t0+  91.8s  live=  42  characters.level=  42  
    23:28:13.433  t0+  92.2s  live=  42  characters.level=  42  
    23:28:13.880  t0+  92.7s  live=  42  characters.level=  42  
    23:28:14.316  t0+  93.1s  live=  42  characters.level=  42  
    23:28:14.751  t0+  93.6s  live=  42  characters.level=  42  
    23:28:15.199  t0+  94.0s  live=  42  characters.level=  42  
    23:28:15.619  t0+  94.4s  live=  42  characters.level=  42  
    23:28:16.048  t0+  94.9s  live=  42  characters.level=  42  
    23:28:16.503  t0+  95.3s  live=  42  characters.level=  42  
    23:28:16.938  t0+  95.8s  live=  42  characters.level=  42  
    23:28:17.365  t0+  96.2s  live=  42  characters.level=  42  
    23:28:17.819  t0+  96.6s  live=  42  characters.level=  42  
    23:28:18.250  t0+  97.1s  live=  42  characters.level=  42  
    23:28:18.711  t0+  97.5s  live=  42  characters.level=  42  
    23:28:19.180  t0+  98.0s  live=  42  characters.level=  42  
    23:28:19.624  t0+  98.4s  live=  42  characters.level=  42  
    23:28:20.050  t0+  98.9s  live=  42  characters.level=  42  
    23:28:20.507  t0+  99.3s  live=  42  characters.level=  42  
    23:28:20.935  t0+  99.7s  live=  42  characters.level=  42  
    23:28:21.371  t0+ 100.2s  live=  42  characters.level=  42  
    23:28:21.825  t0+ 100.6s  live=  42  characters.level=  42  
    23:28:22.260  t0+ 101.1s  live=  42  characters.level=  42  
    23:28:22.685  t0+ 101.5s  live=  42  characters.level=  42  
    23:28:23.139  t0+ 102.0s  live=  42  characters.level=  42  
    23:28:23.578  t0+ 102.4s  live=  42  characters.level=  42  
    23:28:24.011  t0+ 102.8s  live=  42  characters.level=  42  
    23:28:24.490  t0+ 103.3s  live=  42  characters.level=  42  
    23:28:24.919  t0+ 103.7s  live=  42  characters.level=  42  
    23:28:25.366  t0+ 104.2s  live=  42  characters.level=  42  
    23:28:25.833  t0+ 104.6s  live=  42  characters.level=  42  
    23:28:26.281  t0+ 105.1s  live=  42  characters.level=  42  
    23:28:26.732  t0+ 105.5s  live=  42  characters.level=  42  
    23:28:27.223  t0+ 106.0s  live=  42  characters.level=  42  
    23:28:27.665  t0+ 106.5s  live=  42  characters.level=  42  
    23:28:28.105  t0+ 106.9s  live=  42  characters.level=  42  
    23:28:28.567  t0+ 107.4s  live=  42  characters.level=  42  
    23:28:29.004  t0+ 107.8s  live=  42  characters.level=  42  
    23:28:29.428  t0+ 108.2s  live=  42  characters.level=  42  
    23:28:29.892  t0+ 108.7s  live=  42  characters.level=  42  
    23:28:30.329  t0+ 109.1s  live=  42  characters.level=  42  
    23:28:30.764  t0+ 109.6s  live=  42  characters.level=  42  
    23:28:31.228  t0+ 110.0s  live=  42  characters.level=  42  
    23:28:31.650  t0+ 110.5s  live=  42  characters.level=  42  
    23:28:32.078  t0+ 110.9s  live=  42  characters.level=  42  
    23:28:32.544  t0+ 111.4s  live=  42  characters.level=  42  
    23:28:32.977  t0+ 111.8s  live=  42  characters.level=  42  
    23:28:33.419  t0+ 112.2s  live=  42  characters.level=  42  
    23:28:33.874  t0+ 112.7s  live=  42  characters.level=  42  
    23:28:34.316  t0+ 113.1s  live=  42  characters.level=  42  
    23:28:34.756  t0+ 113.6s  live=  42  characters.level=  42  
    23:28:35.218  t0+ 114.0s  live=  42  characters.level=  42  
    23:28:35.662  t0+ 114.5s  live=  42  characters.level=  42  
    23:28:36.084  t0+ 114.9s  live=  42  characters.level=  42  
    23:28:36.560  t0+ 115.4s  live=  42  characters.level=  42  
    23:28:36.985  t0+ 115.8s  live=  42  characters.level=  42  
    23:28:37.416  t0+ 116.2s  live=  42  characters.level=  42  
    23:28:37.876  t0+ 116.7s  live=  42  characters.level=  42  
    23:28:38.311  t0+ 117.1s  live=  42  characters.level=  42  
    23:28:38.769  t0+ 117.6s  live=  42  characters.level=  42  
    23:28:39.238  t0+ 118.1s  live=  42  characters.level=  42  
    23:28:39.675  t0+ 118.5s  live=  42  characters.level=  42  
    23:28:40.115  t0+ 118.9s  live=  42  characters.level=  42  
    23:28:40.591  t0+ 119.4s  live=  42  characters.level=  42  
    23:28:41.039  t0+ 119.9s  live=  42  characters.level=  42  
    23:28:41.474  t0+ 120.3s  live=  42  characters.level=  42  
    23:28:41.936  t0+ 120.8s  live=  42  characters.level=  42  <- the end of the trial
RESULT delay=+30s how=hand bot=Orgurthorm guid=13 level_at_join=47 asked=42 live_at_send=47 row_at_send=47 live@send+10=42 row@send+10=47 live@save+3=42 row@save+3=42 row_agrees_after=12.0 live_at_end=42 row_at_end=42

---- handing Orgurthorm back to the module's own randomiser -- 23:28:42 CEST ----
worldserver running started=2026-09-10T21:04:59.914868403Z restarts=0
COMMAND: playerbots rndbot init Orgurthorm
outcome=yes reason=''
text=''
worldserver running started=2026-09-10T21:04:59.914868403Z restarts=0
characters.level Orgurthorm = 36
worldserver running started=2026-09-10T21:04:59.914868403Z restarts=0
COMMAND: dml_t16_stage show Jurnaar
outcome=yes reason=''
text='stage show: Jurnaar is in no group\r\n'
worldserver running started=2026-09-10T21:04:59.914868403Z restarts=0
()

---- TRIAL 6 -- delay=+0s how=seam candidates=Shobo,Filruh,Mamkuwa -- 23:28:55 CEST ----
worldserver running started=2026-09-10T21:04:59.914868403Z restarts=0
== TRIAL  master=Jurnaar candidates=['Shobo', 'Filruh', 'Mamkuwa'] delay=+0s level=42 how=seam
23:28:56.175  party before: ()
23:28:56.175  candidate Shobo: live=51 characters.level=51
23:28:56.316  COMMAND (1): dml_t16_stage invite Jurnaar Shobo
23:28:56.346  outcome=yes text='stage invite Jurnaar -> Shobo ok=true err=nil\r\n'
23:29:08.719  COMMAND (2): dml_t16_stage invite Jurnaar Shobo
23:29:08.732  outcome=yes text='stage invite Jurnaar -> Shobo ok=true err=nil\r\n'
23:29:20.738  COMMAND (3): dml_t16_stage invite Jurnaar Shobo
23:29:20.752  outcome=yes text='stage invite Jurnaar -> Shobo ok=true err=nil\r\n'
23:29:32.765  candidate Filruh: live=51 characters.level=51
23:29:32.881  COMMAND (1): dml_t16_stage invite Jurnaar Filruh
23:29:32.989  outcome=yes text='stage invite Jurnaar -> Filruh ok=true err=nil\r\n'
23:29:45.051  COMMAND (2): dml_t16_stage invite Jurnaar Filruh
23:29:45.123  outcome=yes text='stage invite Jurnaar -> Filruh ok=true err=nil\r\n'
23:29:57.529  COMMAND (3): dml_t16_stage invite Jurnaar Filruh
23:29:57.596  outcome=yes text='stage invite Jurnaar -> Filruh ok=true err=nil\r\n'
23:30:09.622  candidate Mamkuwa: live=15 characters.level=15
23:30:09.858  COMMAND (1): dml_t16_stage invite Jurnaar Mamkuwa
23:30:09.863  outcome=yes text='stage invite Jurnaar -> Mamkuwa ok=true err=nil\r\n'
23:30:22.278  COMMAND (2): dml_t16_stage invite Jurnaar Mamkuwa
23:30:22.338  outcome=yes text='stage invite Jurnaar -> Mamkuwa ok=true err=nil\r\n'
23:30:34.749  COMMAND (3): dml_t16_stage invite Jurnaar Mamkuwa
23:30:34.834  outcome=yes text='stage invite Jurnaar -> Mamkuwa ok=true err=nil\r\n'
23:30:46.846  NO GROUP ROW from any of ['Shobo', 'Filruh', 'Mamkuwa'] -- nothing measured
no bot joined in this trial; nothing to hand back
worldserver running started=2026-09-10T21:04:59.914868403Z restarts=0
COMMAND: dml_t16_stage show Jurnaar
outcome=yes reason=''
text='stage show: Jurnaar is in no group\r\n'
worldserver running started=2026-09-10T21:04:59.914868403Z restarts=0
()

---- TRIAL 7 -- delay=+30s how=seam candidates=Lodolin,Dumgorem,Unle -- 23:30:51 CEST ----
worldserver running started=2026-09-10T21:04:59.914868403Z restarts=0
== TRIAL  master=Jurnaar candidates=['Lodolin', 'Dumgorem', 'Unle'] delay=+30s level=42 how=seam
23:30:52.911  party before: ()
23:30:52.911  candidate Lodolin: live=55 characters.level=55
23:30:53.134  COMMAND (1): dml_t16_stage invite Jurnaar Lodolin
23:30:53.138  outcome=yes text='stage invite Jurnaar -> Lodolin ok=true err=nil\r\n'
23:31:05.156  COMMAND (2): dml_t16_stage invite Jurnaar Lodolin
23:31:05.276  outcome=yes text='stage invite Jurnaar -> Lodolin ok=true err=nil\r\n'
23:31:17.394  COMMAND (3): dml_t16_stage invite Jurnaar Lodolin
23:31:17.399  outcome=yes text='stage invite Jurnaar -> Lodolin ok=true err=nil\r\n'
23:31:29.411  candidate Dumgorem: live=53 characters.level=53
23:31:29.619  COMMAND (1): dml_t16_stage invite Jurnaar Dumgorem
23:31:29.724  outcome=yes text='stage invite Jurnaar -> Dumgorem ok=true err=nil\r\n'
23:31:41.774  COMMAND (2): dml_t16_stage invite Jurnaar Dumgorem
23:31:41.811  outcome=yes text='stage invite Jurnaar -> Dumgorem ok=true err=nil\r\n'
23:31:54.234  COMMAND (3): dml_t16_stage invite Jurnaar Dumgorem
23:31:54.243  outcome=yes text='stage invite Jurnaar -> Dumgorem ok=true err=nil\r\n'
23:32:06.265  candidate Unle: live=60 characters.level=60
23:32:06.411  COMMAND (1): dml_t16_stage invite Jurnaar Unle
23:32:06.417  outcome=yes text='stage invite Jurnaar -> Unle ok=true err=nil\r\n'
23:32:18.832  COMMAND (2): dml_t16_stage invite Jurnaar Unle
23:32:18.889  outcome=yes text='stage invite Jurnaar -> Unle ok=true err=nil\r\n'
23:32:30.911  COMMAND (3): dml_t16_stage invite Jurnaar Unle
23:32:30.924  outcome=yes text='stage invite Jurnaar -> Unle ok=true err=nil\r\n'
23:32:42.958  NO GROUP ROW from any of ['Lodolin', 'Dumgorem', 'Unle'] -- nothing measured
no bot joined in this trial; nothing to hand back
worldserver running started=2026-09-10T21:04:59.914868403Z restarts=0
COMMAND: dml_t16_stage show Jurnaar
outcome=yes reason=''
text='stage show: Jurnaar is in no group\r\n'
worldserver running started=2026-09-10T21:04:59.914868403Z restarts=0
()

---- the party disbanded, if anything is left in it -- 23:32:47 CEST ----
worldserver running started=2026-09-10T21:04:59.914868403Z restarts=0
COMMAND: dml_t16_stage show Jurnaar
outcome=yes reason=''
text='stage show: Jurnaar is in no group\r\n'
worldserver running started=2026-09-10T21:04:59.914868403Z restarts=0
COMMAND: dml_t16_stage disband Jurnaar
outcome=yes reason=''
text='stage disband: Jurnaar has no group\r\n'

---- the master, handed back to the module's own randomiser too -- 23:32:49 CEST ----
worldserver running started=2026-09-10T21:04:59.914868403Z restarts=0
COMMAND: playerbots rndbot init Jurnaar
outcome=yes reason=''
text=''
worldserver running started=2026-09-10T21:04:59.914868403Z restarts=0
characters.level Jurnaar = 50

---- the chat capture off -- 23:32:57 CEST ----
worldserver running started=2026-09-10T21:04:59.914868403Z restarts=0
COMMAND: dml_t16_stage unwatch
outcome=yes reason=''
text='stage unwatch: chat capture off\r\n'

---- the world's own log for the whole of step 03 -- 23:32:58 CEST ----
[0m[t16_stage] stage watch: Jurnaar nil
[t16_stage] stage invite Jurnaar -> Zantor ok=true err=nil
[t16_stage] stage invite Jurnaar -> Zantor ok=true err=nil
[t16_stage] stage invite Jurnaar -> Zantor ok=true err=nil
[t16_stage] stage invite Jurnaar -> Taliah ok=true err=nil
[t16_stage] stage invite Jurnaar -> Taliah ok=true err=nil
[t16_stage] stage invite Jurnaar -> Taliah ok=true err=nil
[t16_stage] stage invite Jurnaar -> Tuzhni ok=true err=nil
[t16_stage] stage invite Jurnaar -> Tuzhni ok=true err=nil
[t16_stage] stage invite Jurnaar -> Tuzhni ok=true err=nil
[t16_stage] stage show: Jurnaar is in no group
[t16_stage] stage invite Jurnaar -> Kagal ok=true err=nil
[0m[t16_stage] stage show: Jurnaar is in no group
[t16_stage] stage invite Jurnaar -> Trohlzank ok=true err=nil
[t16_stage] stage invite Jurnaar -> Trohlzank ok=true err=nil
[t16_stage] stage invite Jurnaar -> Trohlzank ok=true err=nil
[t16_stage] stage invite Jurnaar -> Alerea ok=true err=nil
[t16_stage] stage invite Jurnaar -> Alerea ok=true err=nil
[t16_stage] stage invite Jurnaar -> Alerea ok=true err=nil
[t16_stage] stage invite Jurnaar -> Dalio ok=true err=nil
[t16_stage] stage invite Jurnaar -> Dalio ok=true err=nil
[t16_stage] stage invite Jurnaar -> Dalio ok=true err=nil
[t16_stage] stage show: Jurnaar is in no group
[t16_stage] stage invite Jurnaar -> Colnus ok=true err=nil
[t16_stage] stage invite Jurnaar -> Colnus ok=true err=nil
[t16_stage] stage invite Jurnaar -> Colnus ok=true err=nil
[t16_stage] stage invite Jurnaar -> Sandrin ok=true err=nil
[0m[t16_stage] stage show: Jurnaar is in no group
[t16_stage] stage invite Jurnaar -> Zarraden ok=true err=nil
[t16_stage] stage invite Jurnaar -> Zarraden ok=true err=nil
[0m[t16_stage] stage invite Jurnaar -> Zarraden ok=true err=nil
[t16_stage] stage invite Jurnaar -> Orgurthorm ok=true err=nil
[0m[t16_stage] stage show: Jurnaar is in no group
[t16_stage] stage invite Jurnaar -> Shobo ok=true err=nil
[t16_stage] stage invite Jurnaar -> Shobo ok=true err=nil
[t16_stage] stage invite Jurnaar -> Shobo ok=true err=nil
[t16_stage] stage invite Jurnaar -> Filruh ok=true err=nil
[t16_stage] stage invite Jurnaar -> Filruh ok=true err=nil
[t16_stage] stage invite Jurnaar -> Filruh ok=true err=nil
[0m[t16_stage] stage invite Jurnaar -> Mamkuwa ok=true err=nil
[t16_stage] stage invite Jurnaar -> Mamkuwa ok=true err=nil
[t16_stage] stage invite Jurnaar -> Mamkuwa ok=true err=nil
[t16_stage] stage show: Jurnaar is in no group
[t16_stage] stage invite Jurnaar -> Lodolin ok=true err=nil
[t16_stage] stage invite Jurnaar -> Lodolin ok=true err=nil
[t16_stage] stage invite Jurnaar -> Lodolin ok=true err=nil
[t16_stage] stage invite Jurnaar -> Dumgorem ok=true err=nil
[0m[t16_stage] stage invite Jurnaar -> Dumgorem ok=true err=nil
[t16_stage] stage invite Jurnaar -> Dumgorem ok=true err=nil
[t16_stage] stage invite Jurnaar -> Unle ok=true err=nil
[t16_stage] stage invite Jurnaar -> Unle ok=true err=nil
[t16_stage] stage invite Jurnaar -> Unle ok=true err=nil
[t16_stage] stage show: Jurnaar is in no group
[t16_stage] stage show: Jurnaar is in no group
[t16_stage] stage disband: Jurnaar has no group
[0m[t16_stage] stage unwatch: chat capture off

---- the group table after the seven trials -- 23:32:58 CEST ----
worldserver running started=2026-09-10T21:04:59.914868403Z restarts=0
0
worldserver running started=2026-09-10T21:04:59.914868403Z restarts=0
0

---- done -- 23:33:00 CEST ----
step 03 finished 23:33:00 CEST
