==============================================================
T16 step 03 -- the timing table -- 23:06:30 CEST -- yulon-ubuntu
==============================================================
master = Jurnaar   level asked for = 42   bots = Dawhiceabu Grirmirn Zarraden Orgurthorm Evini Losco Lodolin

---- the ground for every character this step touches -- 23:06:30 CEST ----
worldserver running started=2026-09-10T21:04:59.914868403Z restarts=0
Jurnaar	1	80	1
Dawhiceabu	10	73	1
Grirmirn	11	69	1
Zarraden	12	78	1
Orgurthorm	13	11	1
Evini	14	49	1
Losco	15	39	1
Lodolin	16	55	1
log window opens at 2026-09-10T21:06:31Z
t16_stage lines in that window BEFORE the trials: 0

---- the chat capture on, for the master and each bot in turn -- 23:06:32 CEST ----
worldserver running started=2026-09-10T21:04:59.914868403Z restarts=0
COMMAND: dml_t16_stage watch Jurnaar
outcome=yes reason=''
text='stage watch: Jurnaar nil\r\n'

---- TRIAL 1 -- delay=+0s how=hand bot=Dawhiceabu -- 23:06:32 CEST ----
worldserver running started=2026-09-10T21:04:59.914868403Z restarts=0
== TRIAL  master=Jurnaar bot=Dawhiceabu delay=+0s level=42 how=hand
23:06:33.825  party before: ()
23:06:33.825  Dawhiceabu before the invite: live=73 characters.level=73
23:06:33.968  COMMAND: dml_t16_stage invite Jurnaar Dawhiceabu
23:06:34.059  outcome=yes text='stage invite Jurnaar -> Dawhiceabu ok=true err=nil\r\n'
23:07:34.136  NO GROUP ROW within 60 s -- nothing measured

---- handing Dawhiceabu back to the module's own randomiser -- 23:07:34 CEST ----
worldserver running started=2026-09-10T21:04:59.914868403Z restarts=0
COMMAND: playerbots rndbot init Dawhiceabu
outcome=yes reason=''
text=''
worldserver running started=2026-09-10T21:04:59.914868403Z restarts=0
characters.level Dawhiceabu = 60
worldserver running started=2026-09-10T21:04:59.914868403Z restarts=0
COMMAND: dml_t16_stage show Jurnaar
outcome=yes reason=''
text='stage show: Jurnaar is in no group\r\n'
worldserver running started=2026-09-10T21:04:59.914868403Z restarts=0
()

---- TRIAL 2 -- delay=+5s how=hand bot=Grirmirn -- 23:07:46 CEST ----
worldserver running started=2026-09-10T21:04:59.914868403Z restarts=0
== TRIAL  master=Jurnaar bot=Grirmirn delay=+5s level=42 how=hand
23:07:47.911  party before: ()
23:07:47.912  Grirmirn before the invite: live=69 characters.level=69
23:07:48.057  COMMAND: dml_t16_stage invite Jurnaar Grirmirn
23:07:48.062  outcome=yes text='stage invite Jurnaar -> Grirmirn ok=true err=nil\r\n'
23:07:54.257  GROUP ROW APPEARED: Grirmirn guid=11 characters.level=69  <- t0
    23:07:54.443  t0+   0.2s  live=  69  characters.level=  69  (before the send)
    23:07:54.884  t0+   0.6s  live=  69  characters.level=  69  (before the send)
    23:07:55.345  t0+   1.1s  live=  69  characters.level=  69  (before the send)
    23:07:55.787  t0+   1.5s  live=  69  characters.level=  69  (before the send)
    23:07:56.233  t0+   2.0s  live=  69  characters.level=  69  (before the send)
    23:07:56.699  t0+   2.4s  live=  69  characters.level=  69  (before the send)
    23:07:57.154  t0+   2.9s  live=  69  characters.level=  69  (before the send)
    23:07:57.597  t0+   3.3s  live=  69  characters.level=  69  (before the send)
    23:07:58.069  t0+   3.8s  live=  69  characters.level=  69  (before the send)
    23:07:59.400  t0+   5.1s  live=  69  characters.level=  69  <- the ground, at the send
23:07:59.701  t0+   5.5s  SEND by hand 'character level Grirmirn 42' -> outcome=yes text='You changed level of Grirmirn to 42.\r\n'
    23:07:59.825  t0+   5.6s  live=  42  characters.level=  69  
    23:08:00.258  t0+   6.0s  live=  42  characters.level=  69  
    23:08:00.683  t0+   6.4s  live=  42  characters.level=  69  
    23:08:01.219  t0+   7.0s  live=  42  characters.level=  69  
    23:08:01.637  t0+   7.4s  live=  42  characters.level=  69  
    23:08:02.059  t0+   7.8s  live=  42  characters.level=  69  
    23:08:02.496  t0+   8.2s  live=  42  characters.level=  69  
    23:08:02.920  t0+   8.7s  live=  42  characters.level=  69  
    23:08:03.440  t0+   9.2s  live=  42  characters.level=  69  
    23:08:03.879  t0+   9.6s  live=  42  characters.level=  69  
    23:08:04.419  t0+  10.2s  live=  42  characters.level=  69  
    23:08:04.841  t0+  10.6s  live=  42  characters.level=  69  
    23:08:05.352  t0+  11.1s  live=  42  characters.level=  69  
    23:08:05.783  t0+  11.5s  live=  42  characters.level=  69  
    23:08:06.309  t0+  12.1s  live=  42  characters.level=  69  
    23:08:06.729  t0+  12.5s  live=  42  characters.level=  69  
    23:08:07.251  t0+  13.0s  live=  42  characters.level=  69  
    23:08:07.681  t0+  13.4s  live=  42  characters.level=  69  
    23:08:08.200  t0+  13.9s  live=  42  characters.level=  69  
    23:08:08.688  t0+  14.4s  live=  42  characters.level=  69  
    23:08:09.129  t0+  14.9s  live=  42  characters.level=  69  
    23:08:09.551  t0+  15.3s  live=  42  characters.level=  69  
    23:08:10.075  t0+  15.8s  live=  42  characters.level=  69  <- THE READING, 10 s after the send
    23:08:10.410  saveall -> outcome=yes text='All players saved.\r\n'
    23:08:10.610  t0+  16.4s  live=  42  characters.level=  69  
    23:08:11.075  t0+  16.8s  live=  42  characters.level=  69  
    23:08:11.523  t0+  17.3s  live=  42  characters.level=  69  
    23:08:11.952  t0+  17.7s  live=  42  characters.level=  69  
    23:08:12.405  t0+  18.1s  live=  42  characters.level=  69  
    23:08:12.838  t0+  18.6s  live=  42  characters.level=  69  
    23:08:13.269  t0+  19.0s  live=  42  characters.level=  69  
    23:08:13.732  t0+  19.5s  live=  42  characters.level=  69  <- THE READING, 3 s after .saveall
    23:08:14.161  t0+  19.9s  live=  42  characters.level=  69  
    23:08:14.595  t0+  20.3s  live=  42  characters.level=  69  
    23:08:15.058  t0+  20.8s  live=  42  characters.level=  69  
    23:08:15.495  t0+  21.2s  live=  42  characters.level=  69  
    23:08:15.931  t0+  21.7s  live=  42  characters.level=  69  
    23:08:16.383  t0+  22.1s  live=  42  characters.level=  69  
    23:08:16.822  t0+  22.6s  live=  42  characters.level=  69  
    23:08:17.252  t0+  23.0s  live=  42  characters.level=  42  
    23:08:17.552  characters.level AGREES at t_send+17.8s (saveall+7.1s)
    23:08:17.720  t0+  23.5s  live=  42  characters.level=  42  <- the end of the trial
RESULT delay=+5s how=hand bot=Grirmirn guid=11 level_at_join=69 asked=42 live_at_send=69 row_at_send=69 live@send+10=42 row@send+10=69 live@save+3=42 row@save+3=69 row_agrees_after=17.8 live_at_end=42 row_at_end=42

---- handing Grirmirn back to the module's own randomiser -- 23:08:18 CEST ----
worldserver running started=2026-09-10T21:04:59.914868403Z restarts=0
COMMAND: playerbots rndbot init Grirmirn
outcome=yes reason=''
text=''
worldserver running started=2026-09-10T21:04:59.914868403Z restarts=0
characters.level Grirmirn = 27
worldserver running started=2026-09-10T21:04:59.914868403Z restarts=0
COMMAND: dml_t16_stage show Jurnaar
outcome=yes reason=''
text='stage show: Jurnaar is in no group\r\n'
worldserver running started=2026-09-10T21:04:59.914868403Z restarts=0
()

---- TRIAL 3 -- delay=+10s how=hand bot=Zarraden -- 23:08:30 CEST ----
worldserver running started=2026-09-10T21:04:59.914868403Z restarts=0
== TRIAL  master=Jurnaar bot=Zarraden delay=+10s level=42 how=hand
23:08:31.802  party before: ()
23:08:31.802  Zarraden before the invite: live=78 characters.level=78
23:08:31.925  COMMAND: dml_t16_stage invite Jurnaar Zarraden
23:08:32.014  outcome=yes text='stage invite Jurnaar -> Zarraden ok=true err=nil\r\n'
23:09:32.215  NO GROUP ROW within 60 s -- nothing measured

---- handing Zarraden back to the module's own randomiser -- 23:09:32 CEST ----
worldserver running started=2026-09-10T21:04:59.914868403Z restarts=0
COMMAND: playerbots rndbot init Zarraden
outcome=yes reason=''
text=''
worldserver running started=2026-09-10T21:04:59.914868403Z restarts=0
characters.level Zarraden = 39
worldserver running started=2026-09-10T21:04:59.914868403Z restarts=0
COMMAND: dml_t16_stage show Jurnaar
outcome=yes reason=''
text='stage show: Jurnaar is in no group\r\n'
worldserver running started=2026-09-10T21:04:59.914868403Z restarts=0
()

---- TRIAL 4 -- delay=+20s how=hand bot=Orgurthorm -- 23:09:45 CEST ----
worldserver running started=2026-09-10T21:04:59.914868403Z restarts=0
== TRIAL  master=Jurnaar bot=Orgurthorm delay=+20s level=42 how=hand
23:09:46.117  party before: ()
23:09:46.117  Orgurthorm before the invite: live=11 characters.level=11
23:09:46.312  COMMAND: dml_t16_stage invite Jurnaar Orgurthorm
23:09:46.410  outcome=yes text='stage invite Jurnaar -> Orgurthorm ok=true err=nil\r\n'
23:09:53.036  GROUP ROW APPEARED: Jurnaar guid=1 characters.level=80  <- t0
    23:09:53.210  t0+   0.2s  live=  80  characters.level=  80  (before the send)
    23:09:53.738  t0+   0.7s  live=  80  characters.level=  80  (before the send)
    23:09:54.160  t0+   1.1s  live=  80  characters.level=  80  (before the send)
    23:09:54.583  t0+   1.5s  live=  80  characters.level=  80  (before the send)
    23:09:55.030  t0+   2.0s  live=  80  characters.level=  80  (before the send)
    23:09:55.450  t0+   2.4s  live=  80  characters.level=  80  (before the send)
    23:09:55.959  t0+   2.9s  live=  80  characters.level=  80  (before the send)
    23:09:56.416  t0+   3.4s  live=  80  characters.level=  80  (before the send)
    23:09:56.947  t0+   3.9s  live=  80  characters.level=  80  (before the send)
    23:09:57.433  t0+   4.4s  live=  80  characters.level=  80  (before the send)
    23:09:57.860  t0+   4.8s  live=  80  characters.level=  80  (before the send)
    23:09:58.275  t0+   5.2s  live=  80  characters.level=  80  (before the send)
    23:09:58.762  t0+   5.7s  live=  80  characters.level=  80  (before the send)
    23:09:59.237  t0+   6.2s  live=  80  characters.level=  80  (before the send)
    23:09:59.656  t0+   6.6s  live=  80  characters.level=  80  (before the send)
    23:10:00.143  t0+   7.1s  live=  80  characters.level=  80  (before the send)
    23:10:00.560  t0+   7.5s  live=  80  characters.level=  80  (before the send)
    23:10:01.027  t0+   8.0s  live=  80  characters.level=  80  (before the send)
    23:10:01.463  t0+   8.4s  live=  80  characters.level=  80  (before the send)
    23:10:01.960  t0+   8.9s  live=  80  characters.level=  80  (before the send)
    23:10:02.388  t0+   9.4s  live=  80  characters.level=  80  (before the send)
    23:10:02.855  t0+   9.8s  live=  80  characters.level=  80  (before the send)
    23:10:03.280  t0+  10.2s  live=  80  characters.level=  80  (before the send)
    23:10:03.753  t0+  10.7s  live=  80  characters.level=  80  (before the send)
    23:10:04.170  t0+  11.1s  live=  80  characters.level=  80  (before the send)
    23:10:04.650  t0+  11.6s  live=  80  characters.level=  80  (before the send)
    23:10:05.077  t0+  12.0s  live=  80  characters.level=  80  (before the send)
    23:10:05.554  t0+  12.5s  live=  80  characters.level=  80  (before the send)
    23:10:05.975  t0+  12.9s  live=  80  characters.level=  80  (before the send)
    23:10:06.449  t0+  13.4s  live=  80  characters.level=  80  (before the send)
    23:10:06.890  t0+  13.9s  live=  80  characters.level=  80  (before the send)
    23:10:07.312  t0+  14.3s  live=  80  characters.level=  80  (before the send)
    23:10:07.836  t0+  14.8s  live=  80  characters.level=  80  (before the send)
    23:10:08.336  t0+  15.3s  live=  80  characters.level=  80  (before the send)
    23:10:08.778  t0+  15.7s  live=  80  characters.level=  80  (before the send)
    23:10:09.277  t0+  16.2s  live=  80  characters.level=  80  (before the send)
    23:10:09.714  t0+  16.7s  live=  80  characters.level=  80  (before the send)
    23:10:10.191  t0+  17.2s  live=  80  characters.level=  80  (before the send)
    23:10:10.628  t0+  17.6s  live=  80  characters.level=  80  (before the send)
    23:10:11.121  t0+  18.1s  live=  80  characters.level=  80  (before the send)
    23:10:11.560  t0+  18.5s  live=  80  characters.level=  80  (before the send)
    23:10:12.058  t0+  19.0s  live=  80  characters.level=  80  (before the send)
    23:10:13.200  t0+  20.2s  live=  80  characters.level=  80  <- the ground, at the send
23:10:13.500  t0+  20.6s  SEND by hand 'character level Jurnaar 42' -> outcome=yes text='You changed level of Jurnaar to 42.\r\n'
    23:10:13.731  t0+  20.7s  live=  42  characters.level=  80  
    23:10:14.147  t0+  21.1s  live=  42  characters.level=  80  
    23:10:14.672  t0+  21.6s  live=  42  characters.level=  80  
    23:10:15.095  t0+  22.1s  live=  42  characters.level=  80  
    23:10:15.601  t0+  22.6s  live=  42  characters.level=  80  
    23:10:16.097  t0+  23.1s  live=  42  characters.level=  80  
    23:10:16.547  t0+  23.5s  live=  42  characters.level=  80  
    23:10:17.036  t0+  24.0s  live=  42  characters.level=  80  
    23:10:17.459  t0+  24.4s  live=  42  characters.level=  80  
    23:10:17.953  t0+  24.9s  live=  42  characters.level=  80  
    23:10:18.373  t0+  25.3s  live=  42  characters.level=  80  
    23:10:18.861  t0+  25.8s  live=  42  characters.level=  80  
    23:10:19.301  t0+  26.3s  live=  42  characters.level=  80  
    23:10:19.720  t0+  26.7s  live=  42  characters.level=  80  
    23:10:20.243  t0+  27.2s  live=  42  characters.level=  80  
    23:10:20.661  t0+  27.6s  live=  42  characters.level=  80  
    23:10:21.184  t0+  28.1s  live=  42  characters.level=  80  
    23:10:21.678  t0+  28.6s  live=  42  characters.level=  80  
    23:10:22.100  t0+  29.1s  live=  42  characters.level=  80  
    23:10:22.518  t0+  29.5s  live=  42  characters.level=  80  
    23:10:23.039  t0+  30.0s  live=  42  characters.level=  80  
    23:10:23.458  t0+  30.4s  live=  42  characters.level=  80  
    23:10:23.974  t0+  30.9s  live=  42  characters.level=  80  <- THE READING, 10 s after the send
    23:10:24.384  saveall -> outcome=yes text='All players saved.\r\n'
    23:10:24.504  t0+  31.5s  live=  42  characters.level=  80  
    23:10:24.972  t0+  31.9s  live=  42  characters.level=  80  
    23:10:25.401  t0+  32.4s  live=  42  characters.level=  80  
    23:10:25.822  t0+  32.8s  live=  42  characters.level=  80  
    23:10:26.271  t0+  33.2s  live=  42  characters.level=  80  
    23:10:26.697  t0+  33.7s  live=  42  characters.level=  80  
    23:10:27.119  t0+  34.1s  live=  42  characters.level=  80  
    23:10:27.575  t0+  34.5s  live=  42  characters.level=  80  <- THE READING, 3 s after .saveall
    23:10:28.004  t0+  35.0s  live=  42  characters.level=  80  
    23:10:28.521  t0+  35.5s  live=  42  characters.level=  80  
    23:10:28.989  t0+  36.0s  live=  42  characters.level=  80  
    23:10:29.511  t0+  36.5s  live=  42  characters.level=  42  
    23:10:29.811  characters.level AGREES at t_send+16.2s (saveall+5.4s)
    23:10:29.996  t0+  37.0s  live=  42  characters.level=  42  <- the end of the trial
RESULT delay=+20s how=hand bot=Jurnaar guid=1 level_at_join=80 asked=42 live_at_send=80 row_at_send=80 live@send+10=42 row@send+10=80 live@save+3=42 row@save+3=80 row_agrees_after=16.2 live_at_end=42 row_at_end=42

---- handing Orgurthorm back to the module's own randomiser -- 23:10:30 CEST ----
worldserver running started=2026-09-10T21:04:59.914868403Z restarts=0
COMMAND: playerbots rndbot init Orgurthorm
outcome=yes reason=''
text=''
worldserver running started=2026-09-10T21:04:59.914868403Z restarts=0
characters.level Orgurthorm = 47
worldserver running started=2026-09-10T21:04:59.914868403Z restarts=0
COMMAND: dml_t16_stage show Jurnaar
outcome=yes reason=''
text='stage show: Jurnaar is in no group\r\n'
worldserver running started=2026-09-10T21:04:59.914868403Z restarts=0
()

---- TRIAL 5 -- delay=+30s how=hand bot=Evini -- 23:10:43 CEST ----
