==============================================================
T16 step 03b -- the rows step 03 could not stage -- 23:34:37 CEST -- yulon-ubuntu
==============================================================
master = Jurnaar   level = 42
worldserver running started=2026-09-10T21:04:59.914868403Z restarts=0
pinfo Jurnaar: level=50
    raw: | Player  Jurnaar (guid: GUID Full: 0x0000000000000001 Type: Player Low: 1) | | Account: RNDBOT0 (ID: 1), |  |  GMLevel: 0 | | AccountFlags: | | Last Login:  (Failed Logins: 0) | | OS:  - Latency: 0 ms | | Registration Email:  - Email:  | | Last IP: 127.0.0.1 (Locked: No) | | Level: 50 (0/120900 XP (120900 XP left)) | | Race: Male Draenei, Warrior | | Alive ?: Yes | | Phase: 1 | | Money: 562g95s29c | | Map: Kalimdor, Zone: Feralas, Area: Feathermoon Stronghold | | Played time: 1d4h35m52s | | Online for: 28m58s | | Mails: 0 Read/5 Total | 
log window opens at 2026-09-10T21:34:38Z
worldserver running started=2026-09-10T21:04:59.914868403Z restarts=0
COMMAND: dml_t16_stage watch Jurnaar
outcome=yes reason=''
text='stage watch: Jurnaar nil\r\n'

---- FILL 1 -- delay=+0s how=hand candidates=Gihkyt,Oniaeth,Joly,Rotga,Hikond,Olena -- 23:34:39 CEST ----
worldserver running started=2026-09-10T21:04:59.914868403Z restarts=0
== TRIAL  master=Jurnaar candidates=['Gihkyt', 'Oniaeth', 'Joly', 'Rotga', 'Hikond', 'Olena'] delay=+0s level=42 how=hand
23:34:40.290  party before: ()
23:34:40.290  candidate Gihkyt: live=40 characters.level=40
23:34:40.438  COMMAND (1): dml_t16_stage invite Jurnaar Gihkyt
23:34:40.561  outcome=yes text='stage invite Jurnaar -> Gihkyt ok=true err=nil\r\n'
23:34:52.927  COMMAND (2): dml_t16_stage invite Jurnaar Gihkyt
23:34:52.987  outcome=yes text='stage invite Jurnaar -> Gihkyt ok=true err=nil\r\n'
23:35:05.365  COMMAND (3): dml_t16_stage invite Jurnaar Gihkyt
23:35:05.369  outcome=yes text='stage invite Jurnaar -> Gihkyt ok=true err=nil\r\n'
23:35:17.396  candidate Oniaeth: live=33 characters.level=33
23:35:17.595  COMMAND (1): dml_t16_stage invite Jurnaar Oniaeth
23:35:17.616  outcome=yes text='stage invite Jurnaar -> Oniaeth ok=true err=nil\r\n'
23:35:30.018  COMMAND (2): dml_t16_stage invite Jurnaar Oniaeth
23:35:30.099  outcome=yes text='stage invite Jurnaar -> Oniaeth ok=true err=nil\r\n'
23:35:42.122  COMMAND (3): dml_t16_stage invite Jurnaar Oniaeth
23:35:42.137  outcome=yes text='stage invite Jurnaar -> Oniaeth ok=true err=nil\r\n'
23:35:54.551  candidate Joly: live=16 characters.level=16
23:35:54.680  COMMAND (1): dml_t16_stage invite Jurnaar Joly
23:35:54.789  outcome=yes text='stage invite Jurnaar -> Joly ok=true err=nil\r\n'
23:36:07.205  COMMAND (2): dml_t16_stage invite Jurnaar Joly
23:36:07.212  outcome=yes text='stage invite Jurnaar -> Joly ok=true err=nil\r\n'
23:36:19.605  COMMAND (3): dml_t16_stage invite Jurnaar Joly
23:36:19.676  outcome=yes text='stage invite Jurnaar -> Joly ok=true err=nil\r\n'
23:36:31.692  candidate Rotga: live=24 characters.level=24
23:36:31.828  COMMAND (1): dml_t16_stage invite Jurnaar Rotga
23:36:31.915  outcome=yes text='stage invite Jurnaar -> Rotga ok=true err=nil\r\n'
23:36:43.953  COMMAND (2): dml_t16_stage invite Jurnaar Rotga
23:36:44.026  outcome=yes text='stage invite Jurnaar -> Rotga ok=true err=nil\r\n'
23:36:56.043  COMMAND (3): dml_t16_stage invite Jurnaar Rotga
23:36:56.088  outcome=yes text='stage invite Jurnaar -> Rotga ok=true err=nil\r\n'
23:37:08.148  candidate Hikond: live=29 characters.level=29
23:37:08.270  COMMAND (1): dml_t16_stage invite Jurnaar Hikond
23:37:08.278  outcome=yes text='stage invite Jurnaar -> Hikond ok=true err=nil\r\n'
23:37:13.246  GROUP ROW APPEARED: Hikond guid=39 characters.level=29  <- t0
    23:37:13.485  t0+   0.2s  live=  29  characters.level=  29  <- the ground, at the send
23:37:13.785  t0+   0.6s  SEND by hand 'character level Hikond 42' -> outcome=yes text='You changed level of Hikond to 42.\r\n'
    23:37:13.942  t0+   0.7s  live=  42  characters.level=  29  
    23:37:14.392  t0+   1.1s  live=  42  characters.level=  29  
    23:37:14.894  t0+   1.6s  live=  42  characters.level=  29  
    23:37:15.347  t0+   2.1s  live=  42  characters.level=  29  
    23:37:15.798  t0+   2.6s  live=  42  characters.level=  29  
    23:37:16.278  t0+   3.0s  live=  42  characters.level=  29  
    23:37:16.708  t0+   3.5s  live=  42  characters.level=  29  
    23:37:17.158  t0+   3.9s  live=  42  characters.level=  29  
    23:37:17.627  t0+   4.4s  live=  42  characters.level=  29  
    23:37:18.078  t0+   4.8s  live=  42  characters.level=  29  
    23:37:18.517  t0+   5.3s  live=  42  characters.level=  29  
    23:37:18.996  t0+   5.7s  live=  42  characters.level=  29  
    23:37:19.449  t0+   6.2s  live=  42  characters.level=  29  
    23:37:19.918  t0+   6.7s  live=  42  characters.level=  29  
    23:37:20.387  t0+   7.1s  live=  42  characters.level=  29  
    23:37:20.821  t0+   7.6s  live=  42  characters.level=  29  
    23:37:21.252  t0+   8.0s  live=  42  characters.level=  29  
    23:37:21.726  t0+   8.5s  live=  42  characters.level=  29  
    23:37:22.161  t0+   8.9s  live=  42  characters.level=  29  
    23:37:22.595  t0+   9.3s  live=  42  characters.level=  29  
    23:37:23.072  t0+   9.8s  live=  42  characters.level=  29  
    23:37:23.508  t0+  10.3s  live=  42  characters.level=  29  
    23:37:23.939  t0+  10.7s  live=  42  characters.level=  29  
    23:37:24.409  t0+  11.2s  live=  42  characters.level=  29  <- THE READING, 10 s after the send
    23:37:24.774  saveall -> outcome=yes text='All players saved.\r\n'
    23:37:24.893  t0+  11.6s  live=  42  characters.level=  29  
    23:37:25.350  t0+  12.1s  live=  42  characters.level=  29  
    23:37:25.846  t0+  12.6s  live=  42  characters.level=  29  
    23:37:26.301  t0+  13.1s  live=  42  characters.level=  29  
    23:37:26.764  t0+  13.5s  live=  42  characters.level=  29  
    23:37:27.248  t0+  14.0s  live=  42  characters.level=  29  
    23:37:27.715  t0+  14.5s  live=  42  characters.level=  29  
    23:37:28.172  t0+  14.9s  live=  42  characters.level=  29  <- THE READING, 3 s after .saveall
    23:37:28.652  t0+  15.4s  live=  42  characters.level=  29  
    23:37:29.114  t0+  15.9s  live=  42  characters.level=  29  
    23:37:29.541  t0+  16.3s  live=  42  characters.level=  29  
    23:37:29.995  t0+  16.7s  live=  42  characters.level=  29  
    23:37:30.429  t0+  17.2s  live=  42  characters.level=  29  
    23:37:30.860  t0+  17.6s  live=  42  characters.level=  29  
    23:37:31.367  t0+  18.1s  live=  42  characters.level=  29  
    23:37:31.794  t0+  18.5s  live=  42  characters.level=  29  
    23:37:32.214  t0+  19.0s  live=  42  characters.level=  29  
    23:37:32.683  t0+  19.4s  live=  42  characters.level=  42  
    23:37:32.983  characters.level AGREES at t_send+19.2s (saveall+8.2s)
    23:37:33.125  t0+  19.9s  live=  42  characters.level=  42  <- the end of the trial
RESULT delay=+0s how=hand bot=Hikond guid=39 level_at_join=29 asked=42 live_at_send=29 row_at_send=29 live@send+10=42 row@send+10=29 live@save+3=42 row@save+3=29 row_agrees_after=19.2 live_at_end=42 row_at_end=42

---- handing Hikond back to the module's own randomiser -- 23:37:33 CEST ----
worldserver running started=2026-09-10T21:04:59.914868403Z restarts=0
COMMAND: playerbots rndbot init Hikond
outcome=yes reason=''
text=''
worldserver running started=2026-09-10T21:04:59.914868403Z restarts=0
characters.level Hikond = 24
worldserver running started=2026-09-10T21:04:59.914868403Z restarts=0
COMMAND: dml_t16_stage disband Jurnaar
outcome=yes reason=''
text='stage disband: Jurnaar has no group\r\n'
worldserver running started=2026-09-10T21:04:59.914868403Z restarts=0
()

---- FILL 2 -- delay=+10s how=hand candidates=Kaszokk,Sandelio,Gnabrimkonk,Edirix,Tinte,Elaneya -- 23:37:46 CEST ----
worldserver running started=2026-09-10T21:04:59.914868403Z restarts=0
== TRIAL  master=Jurnaar candidates=['Kaszokk', 'Sandelio', 'Gnabrimkonk', 'Edirix', 'Tinte', 'Elaneya'] delay=+10s level=42 how=hand
23:37:47.374  party before: ()
23:37:47.374  candidate Kaszokk: live=17 characters.level=17
23:37:47.554  COMMAND (1): dml_t16_stage invite Jurnaar Kaszokk
23:37:47.580  outcome=yes text='stage invite Jurnaar -> Kaszokk ok=true err=nil\r\n'
23:37:59.979  COMMAND (2): dml_t16_stage invite Jurnaar Kaszokk
23:37:59.984  outcome=yes text='stage invite Jurnaar -> Kaszokk ok=true err=nil\r\n'
23:38:11.987  COMMAND (3): dml_t16_stage invite Jurnaar Kaszokk
23:38:12.057  outcome=yes text='stage invite Jurnaar -> Kaszokk ok=true err=nil\r\n'
23:38:24.079  candidate Sandelio: live=20 characters.level=20
23:38:24.259  COMMAND (1): dml_t16_stage invite Jurnaar Sandelio
23:38:24.293  outcome=yes text='stage invite Jurnaar -> Sandelio ok=true err=nil\r\n'
23:38:36.308  COMMAND (2): dml_t16_stage invite Jurnaar Sandelio
23:38:36.316  outcome=yes text='stage invite Jurnaar -> Sandelio ok=true err=nil\r\n'
23:38:48.424  COMMAND (3): dml_t16_stage invite Jurnaar Sandelio
23:38:48.496  outcome=yes text='stage invite Jurnaar -> Sandelio ok=true err=nil\r\n'
23:39:00.501  candidate Gnabrimkonk: live=17 characters.level=17
23:39:00.621  COMMAND (1): dml_t16_stage invite Jurnaar Gnabrimkonk
23:39:00.635  outcome=yes text='stage invite Jurnaar -> Gnabrimkonk ok=true err=nil\r\n'
23:39:02.996  GROUP ROW APPEARED: Gnabrimkonk guid=54 characters.level=17  <- t0
    23:39:03.116  t0+   0.1s  live=  17  characters.level=  17  (before the send)
    23:39:03.549  t0+   0.6s  live=  17  characters.level=  17  (before the send)
    23:39:03.970  t0+   1.0s  live=  17  characters.level=  17  (before the send)
    23:39:04.438  t0+   1.4s  live=  17  characters.level=  17  (before the send)
    23:39:04.871  t0+   1.9s  live=  17  characters.level=  17  (before the send)
    23:39:05.295  t0+   2.3s  live=  17  characters.level=  17  (before the send)
    23:39:05.763  t0+   2.8s  live=  17  characters.level=  17  (before the send)
    23:39:06.209  t0+   3.2s  live=  17  characters.level=  17  (before the send)
    23:39:06.637  t0+   3.6s  live=  17  characters.level=  17  (before the send)
    23:39:07.089  t0+   4.1s  live=  17  characters.level=  17  (before the send)
    23:39:07.533  t0+   4.5s  live=  17  characters.level=  17  (before the send)
    23:39:07.963  t0+   5.0s  live=  17  characters.level=  17  (before the send)
    23:39:08.417  t0+   5.4s  live=  17  characters.level=  17  (before the send)
    23:39:08.852  t0+   5.9s  live=  17  characters.level=  17  (before the send)
    23:39:09.278  t0+   6.3s  live=  17  characters.level=  17  (before the send)
    23:39:09.721  t0+   6.7s  live=  17  characters.level=  17  (before the send)
    23:39:10.152  t0+   7.2s  live=  17  characters.level=  17  (before the send)
    23:39:10.580  t0+   7.6s  live=  17  characters.level=  17  (before the send)
    23:39:11.050  t0+   8.1s  live=  17  characters.level=  17  (before the send)
    23:39:11.502  t0+   8.5s  live=  17  characters.level=  17  (before the send)
    23:39:11.923  t0+   8.9s  live=  17  characters.level=  17  (before the send)
    23:39:13.203  t0+  10.2s  live=  17  characters.level=  17  <- the ground, at the send
23:39:13.503  t0+  10.6s  SEND by hand 'character level Gnabrimkonk 42' -> outcome=yes text='You changed level of Gnabrimkonk to 42.\r\n'
    23:39:13.673  t0+  10.7s  live=  42  characters.level=  17  
    23:39:14.095  t0+  11.1s  live=  42  characters.level=  17  
    23:39:14.515  t0+  11.5s  live=  42  characters.level=  17  
    23:39:14.970  t0+  12.0s  live=  42  characters.level=  17  
    23:39:15.420  t0+  12.4s  live=  42  characters.level=  17  
    23:39:15.852  t0+  12.9s  live=  42  characters.level=  17  
    23:39:16.305  t0+  13.3s  live=  42  characters.level=  17  
    23:39:16.723  t0+  13.7s  live=  42  characters.level=  17  
    23:39:17.145  t0+  14.1s  live=  42  characters.level=  17  
    23:39:17.600  t0+  14.6s  live=  42  characters.level=  17  
    23:39:18.038  t0+  15.0s  live=  42  characters.level=  17  
    23:39:18.457  t0+  15.5s  live=  42  characters.level=  17  
    23:39:18.904  t0+  15.9s  live=  42  characters.level=  17  
    23:39:19.332  t0+  16.3s  live=  42  characters.level=  17  
    23:39:19.753  t0+  16.8s  live=  42  characters.level=  17  
    23:39:20.221  t0+  17.2s  live=  42  characters.level=  17  
    23:39:20.645  t0+  17.6s  live=  42  characters.level=  17  
    23:39:21.073  t0+  18.1s  live=  42  characters.level=  17  
    23:39:21.517  t0+  18.5s  live=  42  characters.level=  17  
    23:39:21.954  t0+  19.0s  live=  42  characters.level=  17  
    23:39:22.383  t0+  19.4s  live=  42  characters.level=  17  
    23:39:22.826  t0+  19.8s  live=  42  characters.level=  17  
    23:39:23.257  t0+  20.3s  live=  42  characters.level=  17  
    23:39:23.685  t0+  20.7s  live=  42  characters.level=  17  <- THE READING, 10 s after the send
    23:39:24.054  saveall -> outcome=yes text='All players saved.\r\n'
    23:39:24.182  t0+  21.2s  live=  42  characters.level=  17  
    23:39:24.619  t0+  21.6s  live=  42  characters.level=  17  
    23:39:25.049  t0+  22.1s  live=  42  characters.level=  17  
    23:39:25.519  t0+  22.5s  live=  42  characters.level=  17  
    23:39:25.954  t0+  23.0s  live=  42  characters.level=  17  
    23:39:26.391  t0+  23.4s  live=  42  characters.level=  17  
    23:39:26.871  t0+  23.9s  live=  42  characters.level=  17  
    23:39:27.324  t0+  24.3s  live=  42  characters.level=  17  <- THE READING, 3 s after .saveall
    23:39:27.749  t0+  24.8s  live=  42  characters.level=  17  
    23:39:28.212  t0+  25.2s  live=  42  characters.level=  17  
    23:39:28.648  t0+  25.7s  live=  42  characters.level=  17  
    23:39:29.083  t0+  26.1s  live=  42  characters.level=  17  
    23:39:29.559  t0+  26.6s  live=  42  characters.level=  17  
    23:39:29.987  t0+  27.0s  live=  42  characters.level=  42  
    23:39:30.288  characters.level AGREES at t_send+16.7s (saveall+6.2s)
    23:39:30.424  t0+  27.4s  live=  42  characters.level=  42  <- the end of the trial
RESULT delay=+10s how=hand bot=Gnabrimkonk guid=54 level_at_join=17 asked=42 live_at_send=17 row_at_send=17 live@send+10=42 row@send+10=17 live@save+3=42 row@save+3=17 row_agrees_after=16.7 live_at_end=42 row_at_end=42

---- handing Gnabrimkonk back to the module's own randomiser -- 23:39:30 CEST ----
worldserver running started=2026-09-10T21:04:59.914868403Z restarts=0
COMMAND: playerbots rndbot init Gnabrimkonk
outcome=yes reason=''
text=''
worldserver running started=2026-09-10T21:04:59.914868403Z restarts=0
characters.level Gnabrimkonk = 66
worldserver running started=2026-09-10T21:04:59.914868403Z restarts=0
COMMAND: dml_t16_stage disband Jurnaar
outcome=yes reason=''
text='stage disband: Jurnaar has no group\r\n'
worldserver running started=2026-09-10T21:04:59.914868403Z restarts=0
()

---- FILL 3 -- delay=+0s how=seam candidates=Boldameg,Wahjaijo,Chari,Sulio,Zylen,Ryshar -- 23:39:43 CEST ----
worldserver running started=2026-09-10T21:04:59.914868403Z restarts=0
== TRIAL  master=Jurnaar candidates=['Boldameg', 'Wahjaijo', 'Chari', 'Sulio', 'Zylen', 'Ryshar'] delay=+0s level=42 how=seam
23:39:44.655  party before: ()
23:39:44.655  candidate Boldameg: live=9 characters.level=9
23:39:44.848  COMMAND (1): dml_t16_stage invite Jurnaar Boldameg
23:39:44.969  outcome=yes text='stage invite Jurnaar -> Boldameg ok=true err=nil\r\n'
23:39:55.052  GROUP ROW APPEARED: Boldameg guid=65 characters.level=9  <- t0
    23:39:55.259  t0+   0.2s  live=   9  characters.level=   9  <- the ground, at the send
23:39:55.559  t0+   0.6s  SEND via play.set_level -> Outcome(done=True, text='You changed level of Boldameg to 42.\r\n', problem='', indeterminate=False)
    23:39:55.815  t0+   0.8s  live=  42  characters.level=   9  
    23:39:56.233  t0+   1.2s  live=  42  characters.level=   9  
    23:39:56.655  t0+   1.6s  live=  42  characters.level=   9  
    23:39:57.112  t0+   2.1s  live=  42  characters.level=   9  
    23:39:57.550  t0+   2.5s  live=  42  characters.level=   9  
    23:39:57.989  t0+   2.9s  live=  42  characters.level=   9  
    23:39:58.444  t0+   3.4s  live=  42  characters.level=   9  
    23:39:58.891  t0+   3.8s  live=  42  characters.level=   9  
    23:39:59.309  t0+   4.3s  live=  42  characters.level=   9  
    23:39:59.760  t0+   4.7s  live=  42  characters.level=   9  
    23:40:00.215  t0+   5.2s  live=  42  characters.level=   9  
    23:40:00.641  t0+   5.6s  live=  42  characters.level=   9  
    23:40:01.103  t0+   6.1s  live=  42  characters.level=   9  
    23:40:01.538  t0+   6.5s  live=  42  characters.level=   9  
    23:40:02.073  t0+   7.0s  live=  42  characters.level=   9  
    23:40:02.490  t0+   7.4s  live=  42  characters.level=   9  
    23:40:02.920  t0+   7.9s  live=  42  characters.level=   9  
    23:40:03.346  t0+   8.3s  live=  42  characters.level=   9  
    23:40:03.789  t0+   8.7s  live=  42  characters.level=   9  
    23:40:04.224  t0+   9.2s  live=  42  characters.level=   9  
    23:40:04.646  t0+   9.6s  live=  42  characters.level=   9  
    23:40:05.082  t0+  10.0s  live=  42  characters.level=   9  
    23:40:05.498  t0+  10.4s  live=  42  characters.level=   9  
    23:40:06.035  t0+  11.0s  live=  42  characters.level=   9  <- THE READING, 10 s after the send
    23:40:06.369  saveall -> outcome=yes text='All players saved.\r\n'
    23:40:06.493  t0+  11.4s  live=  42  characters.level=   9  
    23:40:06.941  t0+  11.9s  live=  42  characters.level=   9  
    23:40:07.407  t0+  12.4s  live=  42  characters.level=   9  
    23:40:07.857  t0+  12.8s  live=  42  characters.level=   9  
    23:40:08.286  t0+  13.2s  live=  42  characters.level=   9  
    23:40:08.750  t0+  13.7s  live=  42  characters.level=   9  
    23:40:09.193  t0+  14.1s  live=  42  characters.level=   9  
    23:40:09.634  t0+  14.6s  live=  42  characters.level=  42  <- THE READING, 3 s after .saveall
    23:40:10.091  t0+  15.0s  live=  42  characters.level=  42  
    23:40:10.391  characters.level AGREES at t_send+14.7s (saveall+4.0s)
    23:40:10.531  t0+  15.5s  live=  42  characters.level=  42  <- the end of the trial
RESULT delay=+0s how=seam bot=Boldameg guid=65 level_at_join=9 asked=42 live_at_send=9 row_at_send=9 live@send+10=42 row@send+10=9 live@save+3=42 row@save+3=42 row_agrees_after=14.7 live_at_end=42 row_at_end=42

---- handing Boldameg back to the module's own randomiser -- 23:40:10 CEST ----
worldserver running started=2026-09-10T21:04:59.914868403Z restarts=0
COMMAND: playerbots rndbot init Boldameg
outcome=yes reason=''
text=''
worldserver running started=2026-09-10T21:04:59.914868403Z restarts=0
characters.level Boldameg = 50
worldserver running started=2026-09-10T21:04:59.914868403Z restarts=0
COMMAND: dml_t16_stage disband Jurnaar
outcome=yes reason=''
text='stage disband: Jurnaar has no group\r\n'
worldserver running started=2026-09-10T21:04:59.914868403Z restarts=0
()

---- FILL 4 -- delay=+30s how=seam candidates=Guirrurigg,Fidelian,Shaldrico,Ayariale,Tordiir,Caemuzen -- 23:40:23 CEST ----
worldserver running started=2026-09-10T21:04:59.914868403Z restarts=0
== TRIAL  master=Jurnaar candidates=['Guirrurigg', 'Fidelian', 'Shaldrico', 'Ayariale', 'Tordiir', 'Caemuzen'] delay=+30s level=42 how=seam
23:40:24.852  party before: ()
23:40:24.852  candidate Guirrurigg: live=8 characters.level=8
23:40:25.039  COMMAND (1): dml_t16_stage invite Jurnaar Guirrurigg
23:40:25.142  outcome=yes text='stage invite Jurnaar -> Guirrurigg ok=true err=nil\r\n'
23:40:32.624  GROUP ROW APPEARED: Guirrurigg guid=74 characters.level=8  <- t0
    23:40:32.809  t0+   0.2s  live=   8  characters.level=   8  (before the send)
    23:40:33.224  t0+   0.6s  live=   8  characters.level=   8  (before the send)
    23:40:33.671  t0+   1.0s  live=   8  characters.level=   8  (before the send)
    23:40:34.092  t0+   1.5s  live=   8  characters.level=   8  (before the send)
    23:40:34.627  t0+   2.0s  live=   8  characters.level=   8  (before the send)
    23:40:35.043  t0+   2.4s  live=   8  characters.level=   8  (before the send)
    23:40:35.465  t0+   2.8s  live=   8  characters.level=   8  (before the send)
    23:40:35.916  t0+   3.3s  live=   8  characters.level=   8  (before the send)
    23:40:36.335  t0+   3.7s  live=   8  characters.level=   8  (before the send)
    23:40:36.756  t0+   4.1s  live=   8  characters.level=   8  (before the send)
    23:40:37.195  t0+   4.6s  live=   8  characters.level=   8  (before the send)
    23:40:37.619  t0+   5.0s  live=   8  characters.level=   8  (before the send)
    23:40:38.053  t0+   5.4s  live=   8  characters.level=   8  (before the send)
    23:40:38.503  t0+   5.9s  live=   8  characters.level=   8  (before the send)
    23:40:38.933  t0+   6.3s  live=   8  characters.level=   8  (before the send)
    23:40:39.471  t0+   6.8s  live=   8  characters.level=   8  (before the send)
    23:40:39.902  t0+   7.3s  live=   8  characters.level=   8  (before the send)
    23:40:40.340  t0+   7.7s  live=   8  characters.level=   8  (before the send)
    23:40:40.782  t0+   8.2s  live=   8  characters.level=   8  (before the send)
    23:40:41.219  t0+   8.6s  live=   8  characters.level=   8  (before the send)
    23:40:41.648  t0+   9.0s  live=   8  characters.level=   8  (before the send)
    23:40:42.076  t0+   9.5s  live=   8  characters.level=   8  (before the send)
    23:40:42.514  t0+   9.9s  live=   8  characters.level=   8  (before the send)
    23:40:42.939  t0+  10.3s  live=   8  characters.level=   8  (before the send)
    23:40:43.404  t0+  10.8s  live=   8  characters.level=   8  (before the send)
    23:40:43.825  t0+  11.2s  live=   8  characters.level=   8  (before the send)
    23:40:44.252  t0+  11.6s  live=   8  characters.level=   8  (before the send)
    23:40:44.708  t0+  12.1s  live=   8  characters.level=   8  (before the send)
    23:40:45.140  t0+  12.5s  live=   8  characters.level=   8  (before the send)
    23:40:45.558  t0+  12.9s  live=   8  characters.level=   8  (before the send)
    23:40:46.006  t0+  13.4s  live=   8  characters.level=   8  (before the send)
    23:40:46.443  t0+  13.8s  live=   8  characters.level=   8  (before the send)
    23:40:46.875  t0+  14.3s  live=   8  characters.level=   8  (before the send)
    23:40:47.341  t0+  14.7s  live=   8  characters.level=   8  (before the send)
    23:40:47.775  t0+  15.2s  live=   8  characters.level=   8  (before the send)
    23:40:48.208  t0+  15.6s  live=   8  characters.level=   8  (before the send)
    23:40:48.644  t0+  16.0s  live=   8  characters.level=   8  (before the send)
    23:40:49.090  t0+  16.5s  live=   8  characters.level=   8  (before the send)
    23:40:49.521  t0+  16.9s  live=   8  characters.level=   8  (before the send)
    23:40:49.987  t0+  17.4s  live=   8  characters.level=   8  (before the send)
    23:40:50.418  t0+  17.8s  live=   8  characters.level=   8  (before the send)
    23:40:50.862  t0+  18.2s  live=   8  characters.level=   8  (before the send)
    23:40:51.328  t0+  18.7s  live=   8  characters.level=   8  (before the send)
    23:40:51.774  t0+  19.2s  live=   8  characters.level=   8  (before the send)
    23:40:52.209  t0+  19.6s  live=   8  characters.level=   8  (before the send)
    23:40:52.689  t0+  20.1s  live=   8  characters.level=   8  (before the send)
    23:40:53.121  t0+  20.5s  live=   8  characters.level=   8  (before the send)
    23:40:53.553  t0+  20.9s  live=   8  characters.level=   8  (before the send)
    23:40:54.010  t0+  21.4s  live=   8  characters.level=   8  (before the send)
    23:40:54.454  t0+  21.8s  live=   8  characters.level=   8  (before the send)
    23:40:54.872  t0+  22.2s  live=   8  characters.level=   8  (before the send)
    23:40:55.336  t0+  22.7s  live=   8  characters.level=   8  (before the send)
    23:40:55.771  t0+  23.1s  live=   8  characters.level=   8  (before the send)
    23:40:56.202  t0+  23.6s  live=   8  characters.level=   8  (before the send)
    23:40:56.663  t0+  24.0s  live=   8  characters.level=   8  (before the send)
    23:40:57.086  t0+  24.5s  live=   8  characters.level=   8  (before the send)
    23:40:57.517  t0+  24.9s  live=   8  characters.level=   8  (before the send)
    23:40:57.980  t0+  25.4s  live=   8  characters.level=   8  (before the send)
    23:40:58.412  t0+  25.8s  live=   8  characters.level=   8  (before the send)
    23:40:58.830  t0+  26.2s  live=   8  characters.level=   8  (before the send)
    23:40:59.281  t0+  26.7s  live=   8  characters.level=   8  (before the send)
    23:40:59.701  t0+  27.1s  live=   8  characters.level=   8  (before the send)
    23:41:00.140  t0+  27.5s  live=   8  characters.level=   8  (before the send)
    23:41:00.599  t0+  28.0s  live=   8  characters.level=   8  (before the send)
    23:41:01.041  t0+  28.4s  live=   8  characters.level=   8  (before the send)
    23:41:01.465  t0+  28.8s  live=   8  characters.level=   8  (before the send)
    23:41:02.861  t0+  30.2s  live=   8  characters.level=   8  <- the ground, at the send
23:41:03.161  t0+  30.7s  SEND via play.set_level -> Outcome(done=True, text='You changed level of Guirrurigg to 42.\r\n', problem='', indeterminate=False)
    23:41:03.513  t0+  30.9s  live=  42  characters.level=   8  
    23:41:03.936  t0+  31.3s  live=  42  characters.level=   8  
    23:41:04.366  t0+  31.7s  live=  42  characters.level=   8  
    23:41:04.823  t0+  32.2s  live=  42  characters.level=   8  
    23:41:05.261  t0+  32.6s  live=  42  characters.level=   8  
    23:41:05.689  t0+  33.1s  live=  42  characters.level=   8  
    23:41:06.146  t0+  33.5s  live=  42  characters.level=   8  
    23:41:06.575  t0+  34.0s  live=  42  characters.level=   8  
    23:41:07.002  t0+  34.4s  live=  42  characters.level=   8  
    23:41:07.452  t0+  34.8s  live=  42  characters.level=   8  
    23:41:07.892  t0+  35.3s  live=  42  characters.level=   8  
    23:41:08.326  t0+  35.7s  live=  42  characters.level=   8  
    23:41:08.785  t0+  36.2s  live=  42  characters.level=   8  
    23:41:09.220  t0+  36.6s  live=  42  characters.level=   8  
    23:41:09.641  t0+  37.0s  live=  42  characters.level=   8  
    23:41:10.086  t0+  37.5s  live=  42  characters.level=   8  
    23:41:10.516  t0+  37.9s  live=  42  characters.level=   8  
    23:41:10.948  t0+  38.3s  live=  42  characters.level=   8  
    23:41:11.399  t0+  38.8s  live=  42  characters.level=   8  
    23:41:11.823  t0+  39.2s  live=  42  characters.level=   8  
    23:41:12.254  t0+  39.6s  live=  42  characters.level=   8  
    23:41:12.730  t0+  40.1s  live=  42  characters.level=   8  
    23:41:13.163  t0+  40.5s  live=  42  characters.level=   8  
    23:41:13.604  t0+  41.0s  live=  42  characters.level=   8  <- THE READING, 10 s after the send
    23:41:13.966  saveall -> outcome=yes text='All players saved.\r\n'
    23:41:14.096  t0+  41.5s  live=  42  characters.level=   8  
    23:41:14.530  t0+  41.9s  live=  42  characters.level=   8  
    23:41:14.981  t0+  42.4s  live=  42  characters.level=   8  
    23:41:15.479  t0+  42.9s  live=  42  characters.level=   8  
    23:41:15.936  t0+  43.3s  live=  42  characters.level=   8  
    23:41:16.423  t0+  43.8s  live=  42  characters.level=   8  
    23:41:16.931  t0+  44.3s  live=  42  characters.level=   8  
    23:41:17.379  t0+  44.8s  live=  42  characters.level=   8  <- THE READING, 3 s after .saveall
    23:41:17.818  t0+  45.2s  live=  42  characters.level=   8  
    23:41:18.311  t0+  45.7s  live=  42  characters.level=  42  
    23:41:18.611  characters.level AGREES at t_send+15.3s (saveall+4.6s)
    23:41:18.768  t0+  46.1s  live=  42  characters.level=  42  <- the end of the trial
RESULT delay=+30s how=seam bot=Guirrurigg guid=74 level_at_join=8 asked=42 live_at_send=8 row_at_send=8 live@send+10=42 row@send+10=8 live@save+3=42 row@save+3=8 row_agrees_after=15.3 live_at_end=42 row_at_end=42

---- handing Guirrurigg back to the module's own randomiser -- 23:41:19 CEST ----
worldserver running started=2026-09-10T21:04:59.914868403Z restarts=0
COMMAND: playerbots rndbot init Guirrurigg
outcome=yes reason=''
text=''
worldserver running started=2026-09-10T21:04:59.914868403Z restarts=0
characters.level Guirrurigg = 12
worldserver running started=2026-09-10T21:04:59.914868403Z restarts=0
COMMAND: dml_t16_stage disband Jurnaar
outcome=yes reason=''
text='stage disband: Jurnaar has no group\r\n'
worldserver running started=2026-09-10T21:04:59.914868403Z restarts=0
()

---- the chat capture off, the party disbanded -- 23:41:32 CEST ----
worldserver running started=2026-09-10T21:04:59.914868403Z restarts=0
COMMAND: dml_t16_stage unwatch
outcome=yes reason=''
text='stage unwatch: chat capture off\r\n'
worldserver running started=2026-09-10T21:04:59.914868403Z restarts=0
COMMAND: dml_t16_stage disband Jurnaar
outcome=yes reason=''
text='stage disband: Jurnaar has no group\r\n'
worldserver running started=2026-09-10T21:04:59.914868403Z restarts=0
0

---- the world's own log for this step -- 23:41:35 CEST ----
[t16_stage] stage watch: Jurnaar nil
[t16_stage] stage invite Jurnaar -> Gihkyt ok=true err=nil
[t16_stage] stage invite Jurnaar -> Gihkyt ok=true err=nil
[0m[t16_stage] stage invite Jurnaar -> Gihkyt ok=true err=nil
[t16_stage] stage invite Jurnaar -> Oniaeth ok=true err=nil
[t16_stage] stage invite Jurnaar -> Oniaeth ok=true err=nil
[t16_stage] stage invite Jurnaar -> Oniaeth ok=true err=nil
[t16_stage] stage invite Jurnaar -> Joly ok=true err=nil
[t16_stage] stage invite Jurnaar -> Joly ok=true err=nil
[t16_stage] stage invite Jurnaar -> Joly ok=true err=nil
[t16_stage] stage invite Jurnaar -> Rotga ok=true err=nil
[0m[t16_stage] stage invite Jurnaar -> Rotga ok=true err=nil
[t16_stage] stage invite Jurnaar -> Rotga ok=true err=nil
[t16_stage] stage invite Jurnaar -> Hikond ok=true err=nil
[0m[t16_stage] stage disband: Jurnaar has no group
[t16_stage] stage invite Jurnaar -> Kaszokk ok=true err=nil
[t16_stage] stage invite Jurnaar -> Kaszokk ok=true err=nil
[t16_stage] stage invite Jurnaar -> Kaszokk ok=true err=nil
[t16_stage] stage invite Jurnaar -> Sandelio ok=true err=nil
[t16_stage] stage invite Jurnaar -> Sandelio ok=true err=nil
[t16_stage] stage invite Jurnaar -> Sandelio ok=true err=nil
[t16_stage] stage invite Jurnaar -> Gnabrimkonk ok=true err=nil
[0m[t16_stage] stage disband: Jurnaar has no group
[t16_stage] stage invite Jurnaar -> Boldameg ok=true err=nil
[0m[t16_stage] stage disband: Jurnaar has no group
[t16_stage] stage invite Jurnaar -> Guirrurigg ok=true err=nil
[0m[t16_stage] stage disband: Jurnaar has no group
[t16_stage] stage unwatch: chat capture off
[t16_stage] stage disband: Jurnaar has no group

---- done -- 23:41:35 CEST ----
step 03b finished 23:41:35 CEST
