==============================================================
T16 step 03 -- the timing table -- 23:11:57 CEST -- yulon-ubuntu
==============================================================
master = Jurnaar   level asked for = 42   bots = Evini Losco Lodolin Shobo Zantor Taliah Tuzhni

---- the ground for every character this step touches -- 23:11:57 CEST ----
worldserver running started=2026-09-10T21:04:59.914868403Z restarts=0
Jurnaar	1	42	1
Evini	14	49	1
Losco	15	39	1
Lodolin	16	55	1
Shobo	17	51	1
Zantor	18	17	1
Taliah	19	23	1
Tuzhni	20	11	1
log window opens at 2026-09-10T21:11:58Z
t16_stage lines in that window BEFORE the trials: 0

---- the chat capture on, for the master and each bot in turn -- 23:11:58 CEST ----
worldserver running started=2026-09-10T21:04:59.914868403Z restarts=0
COMMAND: dml_t16_stage watch Jurnaar
outcome=yes reason=''
text='stage watch: Jurnaar nil\r\n'

---- TRIAL 1 -- delay=+0s how=hand bot=Evini -- 23:11:59 CEST ----
worldserver running started=2026-09-10T21:04:59.914868403Z restarts=0
== TRIAL  master=Jurnaar bot=Evini delay=+0s level=42 how=hand
23:12:00.654  party before: ()
23:12:00.654  Evini before the invite: live=49 characters.level=49
23:12:00.850  COMMAND (1): dml_t16_stage invite Jurnaar Evini
23:12:00.868  outcome=yes text='stage invite Jurnaar -> Evini ok=true err=nil\r\n'
23:12:12.901  COMMAND (2): dml_t16_stage invite Jurnaar Evini
23:12:12.934  outcome=yes text='stage invite Jurnaar -> Evini ok=true err=nil\r\n'
23:12:24.970  COMMAND (3): dml_t16_stage invite Jurnaar Evini
23:12:24.978  outcome=yes text='stage invite Jurnaar -> Evini ok=true err=nil\r\n'
23:12:37.107  COMMAND (4): dml_t16_stage invite Jurnaar Evini
23:12:37.167  outcome=yes text='stage invite Jurnaar -> Evini ok=true err=nil\r\n'
23:12:49.383  COMMAND (5): dml_t16_stage invite Jurnaar Evini
23:12:49.389  outcome=yes text='stage invite Jurnaar -> Evini ok=true err=nil\r\n'
23:13:01.611  COMMAND (6): dml_t16_stage invite Jurnaar Evini
23:13:01.630  outcome=yes text='stage invite Jurnaar -> Evini ok=true err=nil\r\n'
23:13:13.665  NO GROUP ROW after six invites -- nothing measured

---- handing Evini back to the module's own randomiser -- 23:13:13 CEST ----
worldserver running started=2026-09-10T21:04:59.914868403Z restarts=0
COMMAND: playerbots rndbot init Evini
outcome=yes reason=''
text=''
worldserver running started=2026-09-10T21:04:59.914868403Z restarts=0
characters.level Evini = 4
worldserver running started=2026-09-10T21:04:59.914868403Z restarts=0
COMMAND: dml_t16_stage show Jurnaar
outcome=yes reason=''
text='stage show: Jurnaar is in no group\r\n'
worldserver running started=2026-09-10T21:04:59.914868403Z restarts=0
()

---- TRIAL 2 -- delay=+5s how=hand bot=Losco -- 23:13:26 CEST ----
worldserver running started=2026-09-10T21:04:59.914868403Z restarts=0
== TRIAL  master=Jurnaar bot=Losco delay=+5s level=42 how=hand
23:13:27.857  party before: ()
23:13:27.857  Losco before the invite: live=39 characters.level=39
23:13:28.078  COMMAND (1): dml_t16_stage invite Jurnaar Losco
23:13:28.219  outcome=yes text='stage invite Jurnaar -> Losco ok=true err=nil\r\n'
23:13:40.621  COMMAND (2): dml_t16_stage invite Jurnaar Losco
23:13:40.634  outcome=yes text='stage invite Jurnaar -> Losco ok=true err=nil\r\n'
23:13:53.000  COMMAND (3): dml_t16_stage invite Jurnaar Losco
23:13:53.033  outcome=yes text='stage invite Jurnaar -> Losco ok=true err=nil\r\n'
23:14:05.284  COMMAND (4): dml_t16_stage invite Jurnaar Losco
23:14:05.333  outcome=yes text='stage invite Jurnaar -> Losco ok=true err=nil\r\n'
23:14:17.764  COMMAND (5): dml_t16_stage invite Jurnaar Losco
23:14:17.787  outcome=yes text='stage invite Jurnaar -> Losco ok=true err=nil\r\n'
23:14:29.865  COMMAND (6): dml_t16_stage invite Jurnaar Losco
23:14:29.906  outcome=yes text='stage invite Jurnaar -> Losco ok=true err=nil\r\n'
23:14:42.306  NO GROUP ROW after six invites -- nothing measured

---- handing Losco back to the module's own randomiser -- 23:14:42 CEST ----
worldserver running started=2026-09-10T21:04:59.914868403Z restarts=0
COMMAND: playerbots rndbot init Losco
outcome=yes reason=''
text=''
worldserver running started=2026-09-10T21:04:59.914868403Z restarts=0
characters.level Losco = 70
worldserver running started=2026-09-10T21:04:59.914868403Z restarts=0
COMMAND: dml_t16_stage show Jurnaar
outcome=yes reason=''
text='stage show: Jurnaar is in no group\r\n'
worldserver running started=2026-09-10T21:04:59.914868403Z restarts=0
()

---- TRIAL 3 -- delay=+10s how=hand bot=Lodolin -- 23:14:55 CEST ----
