==============================================================
T16 step 05 -- teardown -- 23:46:01 CEST -- yulon-ubuntu
==============================================================

---- nothing of this lane's is still in a party -- 23:46:01 CEST ----
worldserver running started=2026-09-10T21:04:59.914868403Z restarts=0
COMMAND: dml_t16_stage show Jurnaar
outcome=yes reason=''
text='stage show: Jurnaar is in no group\r\n'
worldserver running started=2026-09-10T21:04:59.914868403Z restarts=0
COMMAND: dml_t16_stage disband Jurnaar
outcome=yes reason=''
text='stage disband: Jurnaar has no group\r\n'
worldserver running started=2026-09-10T21:04:59.914868403Z restarts=0
COMMAND: dml_t16_stage unwatch
outcome=yes reason=''
text='stage unwatch: chat capture off\r\n'
worldserver running started=2026-09-10T21:04:59.914868403Z restarts=0
0
worldserver running started=2026-09-10T21:04:59.914868403Z restarts=0
0

---- the harness off the disk -- 23:46:05 CEST ----
removed '/home/pk/wowserver/env/dist/etc/modules/lua_scripts/t16_stage.lua'
dml_addclass.lua
dml_botadd.lua
dml_bridge_ping.lua
dml_login.lua
dml_uninvite.lua
dml_whisper.lua
LootPet2.lua
LootPet.lua.bak-20260909-002427

---- the world stopped and started through the app's own two buttons -- 23:46:05 CEST ----
window opens at 2026-09-10T21:46:05Z
t16_stage lines in the window BEFORE the restart: 0
2026-09-10 23:46:24 INFO [yulon.docker] stop_staged(): stopped; containers kept for a fast restart
stop_staged -> True
worldserver exited started=2026-09-10T21:04:59.914868403Z restarts=0
2026-09-10 23:46:25 INFO [yulon.docker] start_staged(): `compose up -d --no-deps ac-database ac-authserver ac-worldserver` in /home/pk/wowserver
start_staged -> True
worldserver running started=2026-09-10T21:46:31.042646621Z restarts=0
23:46:42 CEST try 1: text='could not reach http://127.0.0.1:7878/: [Errno 104] Connection reset by peer'
23:46:53 CEST try 2: text='could not reach http://127.0.0.1:7878/: [Errno 104] Connection reset by peer'
23:47:03 CEST try 3: text='DML-BRIDGE-READY dml_bridge_ping\r\n'
23:47:04 CEST online=79
23:47:15 CEST online=320
23:47:26 CEST online=500
t16_stage lines in the window AFTER the restart: 0
>>> what the engine loaded this time:
[dml_addclass] loaded -- addclass relay ready
[dml_botadd] loaded -- named-character add relay ready
[dml_bridge_ping] loaded -- DML-BRIDGE-READY on request
[dml_login] loaded -- bring-online relay ready
[dml_uninvite] loaded -- group-remove relay ready
[dml_whisper] loaded
[0m[dml_bridge_ping] DML-BRIDGE-READY dml_bridge_ping

---- the harness command is gone: the world does not answer it -- 23:47:27 CEST ----
worldserver running started=2026-09-10T21:46:31.042646621Z restarts=0
COMMAND: dml_t16_stage show Jurnaar
outcome=no reason=''
text="Command 'dml_t16_stage show Jurnaar' does not exist\r\n"

---- the panel's own preconditions, with the box back to itself -- 23:47:28 CEST ----
worldserver running started=2026-09-10T21:46:31.042646621Z restarts=0
facts: Facts(server_installed=True, world_running=True, engine_cloned=True, engine_in_binary=True, conf_present=True, engine_enabled=True, script_path='/azerothcore/env/dist/etc/modules/lua_scripts', deployed=('LootPet2.lua', 'dml_addclass.lua', 'dml_botadd.lua', 'dml_bridge_ping.lua', 'dml_login.lua', 'dml_uninvite.lua', 'dml_whisper.lua'), bridge_answered=True)
ready: True  blocker: None
    ok server_installed
    ok world_running
    ok engine_cloned
    ok engine_in_binary
    ok conf_present
    ok engine_enabled
    ok script_path
    ok deployed
    ok bridge_answered
Jurnaar: online guid = 1
Jurnaar: seam.members -> ()

---- done -- 23:47:31 CEST ----
step 05 finished 23:47:31 CEST
