==============================================================
T16 step 06 -- the box as found -- 23:49:18 CEST -- yulon-ubuntu
==============================================================

---- containers -- 23:49:18 CEST ----
ac-worldserver	Up 2 minutes
ac-authserver	Up 2 minutes
ac-database	Up 2 minutes (healthy)
worldserver running started=2026-09-10T21:46:31.042646621Z restarts=0

---- the owner's things -- step 01 read PERZI 2026-09-08 23:24:16, Pakka level 6 offline, the realm row 100.99.204.5/100.99.204.5/255.255.255.0, LootPet2.lua 37294 bytes, Logger.ALE at line 706 -- 23:49:19 CEST ----
worldserver running started=2026-09-10T21:46:31.042646621Z restarts=0
PERZI	2026-09-08 23:24:16
worldserver running started=2026-09-10T21:46:31.042646621Z restarts=0
Pakka	6	0
worldserver running started=2026-09-10T21:46:31.042646621Z restarts=0
1	100.99.204.5	100.99.204.5	255.255.255.0
-rw-r--r-- 1 pk pk 37294 Sep  9 02:06 /home/pk/wowserver/env/dist/etc/modules/lua_scripts/LootPet2.lua
706:Logger.ALE=4,Console Server

---- no account was made and none was touched -- step 01 read 103 accounts and 0 orphans -- 23:49:22 CEST ----
worldserver running started=2026-09-10T21:46:31.042646621Z restarts=0
103
worldserver running started=2026-09-10T21:46:31.042646621Z restarts=0
101	YULON_243C46E3
103	YULONADMIN
worldserver running started=2026-09-10T21:46:31.042646621Z restarts=0
3
worldserver running started=2026-09-10T21:46:31.042646621Z restarts=0
id	int unsigned	NO	PRI	NULL	
gmlevel	tinyint unsigned	NO		NULL	
RealmID	int	NO	PRI	-1	
comment	varchar(255)	YES
worldserver running started=2026-09-10T21:46:31.042646621Z restarts=0
0

---- the population -- step 01 read 1001 characters, 500 online, 0 group rows -- 23:49:27 CEST ----
worldserver running started=2026-09-10T21:46:31.042646621Z restarts=0
1001
worldserver running started=2026-09-10T21:46:31.042646621Z restarts=0
500
worldserver running started=2026-09-10T21:46:31.042646621Z restarts=0
0
worldserver running started=2026-09-10T21:46:31.042646621Z restarts=0
0

---- the bridge and the conf -- six scripts, and T18's playerbots.conf md5 bd8d55ae591adfed443f174ed1311c61 -- 23:49:31 CEST ----
dml_addclass.lua
dml_botadd.lua
dml_bridge_ping.lua
dml_login.lua
dml_uninvite.lua
dml_whisper.lua
LootPet2.lua
LootPet.lua.bak-20260909-002427
bd8d55ae591adfed443f174ed1311c61  /home/pk/wowserver/env/dist/etc/modules/playerbots.conf
-rw-r--r-- 1 pk pk 119723 Sep  8 21:42 /home/pk/wowserver/env/dist/etc/modules/playerbots.conf

---- the module clone -- step 01 read b949b50b with nothing modified -- 23:49:31 CEST ----
b949b50bfcdd4fab937781bac2d7765e39330e4b
modified files: 0

---- the characters this lane levelled, and who chose the level they carry now -- 23:49:31 CEST ----
worldserver running started=2026-09-10T21:46:31.042646621Z restarts=0
Jurnaar	50	1
worldserver running started=2026-09-10T21:46:31.042646621Z restarts=0
Farere	61	1
worldserver running started=2026-09-10T21:46:31.042646621Z restarts=0
Dawhiceabu	60	1
worldserver running started=2026-09-10T21:46:31.042646621Z restarts=0
Grirmirn	27	1
worldserver running started=2026-09-10T21:46:31.042646621Z restarts=0
Zarraden	39	1
worldserver running started=2026-09-10T21:46:31.042646621Z restarts=0
Orgurthorm	36	1
worldserver running started=2026-09-10T21:46:31.042646621Z restarts=0
Evini	4	1
worldserver running started=2026-09-10T21:46:31.042646621Z restarts=0
Losco	70	1
worldserver running started=2026-09-10T21:46:31.042646621Z restarts=0
Kagal	80	1
worldserver running started=2026-09-10T21:46:31.042646621Z restarts=0
Sandrin	59	1
worldserver running started=2026-09-10T21:46:31.042646621Z restarts=0
Hikond	24	1
worldserver running started=2026-09-10T21:46:31.042646621Z restarts=0
Gnabrimkonk	66	1
worldserver running started=2026-09-10T21:46:31.042646621Z restarts=0
Boldameg	50	1
worldserver running started=2026-09-10T21:46:31.042646621Z restarts=0
Guirrurigg	12	1
worldserver running started=2026-09-10T21:46:31.042646621Z restarts=0
Olena	65	1
worldserver running started=2026-09-10T21:46:31.042646621Z restarts=0
Ryshar	56	1

---- done -- 23:49:47 CEST ----
step 06 finished 23:49:47 CEST
