==============================================================
T16 step 07 -- cleanup -- 23:50:09 CEST -- yulon-ubuntu
==============================================================

---- what is about to go -- 23:50:09 CEST ----
407M	/home/pk/t16-live
312K	/home/pk/t16-out
01b-source.log
01-ground.log
02-harness.log
03a-trials-abandoned.log
03b-fill.log
03b-trials-abandoned.log
03-trials.log
04-second-press.log
05-teardown.log
06-box-as-found.log
07-cleanup.log
fill-1.txt
fill-2.txt
fill-3.txt
fill-4.txt
press-a2.txt
press-a.txt
press-b.txt
trial-1.txt
trial-2.txt

---- the server folder, untouched by this step -- 23:50:09 CEST ----
dml_addclass.lua
dml_botadd.lua
dml_bridge_ping.lua
dml_login.lua
dml_uninvite.lua
dml_whisper.lua
LootPet2.lua
LootPet.lua.bak-20260909-002427
ac-worldserver	Up 3 minutes
ac-authserver	Up 3 minutes
ac-database	Up 3 minutes (healthy)
removing /home/pk/t16-live and /home/pk/t16-out at 23:50:09 CEST
step 07 finished 23:50:09 CEST
