[22:58:34Z] === GROUND: read, and nothing written ===
[22:58:34Z] ac-database: {"status": "running", "running": "true", "restarts": 0, "started_at": "2026-09-08T21:15:29.414510699Z", "image": "sha256:3466ba4a4828"}
[22:58:34Z] ac-authserver: {"status": "running", "running": "true", "restarts": 0, "started_at": "2026-09-08T22:35:46.516853149Z", "image": "sha256:1024b0a2fb43"}
[22:58:34Z] ac-worldserver: {"status": "running", "running": "true", "restarts": 0, "started_at": "2026-09-08T22:35:46.526994255Z", "image": "sha256:cad2566406d2"}
[22:58:34Z] mod_ale.conf on disk: True
[22:58:34Z]   ALE.Enabled = 1
[22:58:34Z]   ALE.ScriptPath = "/azerothcore/env/dist/etc/modules/lua_scripts"
[22:58:34Z]   Logger.ALE=4,Console ALELog
[22:58:34Z] kept a byte copy of the file as found at /home/pk/lane87a/out/mod_ale.conf.as-found
[22:58:34Z] scripts in the good path: ['LootPet.lua', 'LootPet.lua.bak-20260909-002427', 'dml_addclass.lua', 'dml_bridge_ping.lua', 'dml_login.lua', 'dml_uninvite.lua', 'dml_whisper.lua']
[22:58:34Z] --- what the RUNNING server says about module configuration, this boot ---
[22:58:34Z]   > Using configuration file       /azerothcore/env/dist/etc/worldserver.conf
[22:58:34Z]   Loading Modules Configuration...
[22:58:34Z]   > Config::LoadFile: Failed open file '/azerothcore/env/dist/etc/modules/playerbots.conf'
[22:58:34Z]   Using modules configuration:
[22:58:34Z]   > mod_ale.conf
[22:58:34Z]   [dml_addclass] loaded -- addclass relay ready
[22:58:34Z]   [dml_bridge_ping] loaded -- DML-BRIDGE-READY on request
[22:58:34Z]   [dml_login] loaded -- bring-online relay ready
[22:58:34Z]   [dml_uninvite] loaded -- group-remove relay ready
[22:58:34Z]   [dml_whisper] loaded
[22:58:34Z]   [dml_bridge_ping] DML-BRIDGE-READY dml_bridge_ping
[22:58:34Z]   [dml_bridge_ping] DML-BRIDGE-READY dml_bridge_ping
[22:58:34Z] --- .server debug (outcome=yes) ---
[22:58:34Z]   |- Mean: 35ms
[22:58:34Z]   |- Median: 5ms
[22:58:34Z]   |- Percentiles (95, 99, max): 121ms, 126ms, 137ms
[22:58:34Z]   List of enabled modules:
[22:58:34Z]   |- mod-ale
[22:58:34Z]   |- mod-playerbots
[22:58:34Z] --- dml_bridge_ping: outcome=yes lines=['DML-BRIDGE-READY dml_bridge_ping'] ---
[22:58:34Z] the key 8.7a's folder names, read only: Creatures.CustomIDs = "190010,55005,999991,25462,98888,601014,34567,34568"
[22:58:34Z] 
[22:58:34Z] WHICH ASSERTIONS ARE ALREADY TRUE HERE (so that pressing them would prove nothing):
[22:58:34Z]   * ALE.Enabled is already 1 and the engine is already running
[22:58:34Z]   * the five bridge scripts are already loaded and dml_bridge_ping already answers
[22:58:34Z]   * mod_ale.conf is already the file the running server names
[22:58:34Z] So the press has to make each of those FALSE first, and the control is that
[22:58:34Z] dml_bridge_ping STOPS existing while the file says somewhere else.
[22:58:35Z] SHOT 1-ground-the-values-are-already-right.png: the ground: every assertion this clause makes is already true
[22:58:35Z]    ac-worldserver at this capture: running=true restarts=0 image=sha256:cad2566406d2
