[22:58:59Z] === CONTROL: the file is pointed at a decoy path, BY HAND, and the world restarted ===
[22:58:59Z] decoy path /home/pk/wowserver/env/dist/etc/modules/lua_gate_decoy holds: ['dml_gate_marker.lua']
[22:58:59Z] BEFORE (mine, by hand): ['ALE.Enabled = 1', 'ALE.ScriptPath = "/azerothcore/env/dist/etc/modules/lua_scripts"', 'Logger.ALE=4,Console ALELog']
[22:58:59Z] AFTER  (mine, by hand): ['ALE.Enabled = 1', 'ALE.ScriptPath = "/azerothcore/env/dist/etc/modules/lua_gate_decoy"', 'Logger.ALE=4,Console ALELog']
[22:58:59Z] --- control: the app's own Stop ---
2026-09-09 00:58:59 INFO [yulon.logsnap] saved ac-worldserver's log to /home/pk/.local/share/yulon/logs/wow-wotlk-243c46e3-20260908T225859Z.log
2026-09-09 00:59:20 INFO [yulon.docker] stop_staged(): stopped; containers kept for a fast restart
[22:59:20Z] stop returned in 21.7s; world alive = False
[22:59:20Z] --- control: the app's own Start ---
2026-09-09 00:59:20 INFO [yulon.docker] start_staged(): `compose up -d --no-deps ac-database ac-authserver ac-worldserver` in /home/pk/wowserver
[22:59:27Z] start returned in 6.5s; world: {"status": "running", "running": "true", "restarts": 0, "started_at": "2026-09-08T22:59:26.85869213Z", "image": "sha256:cad2566406d2"}
[23:00:07Z] this boot reached the world's ready marker: True
[23:00:07Z] --- the RUNNING server, with the WRONG value in force ---
[23:00:07Z]   > Using configuration file       /azerothcore/env/dist/etc/worldserver.conf
[23:00:07Z]   Loading Modules Configuration...
[23:00:07Z]   > Config::LoadFile: Failed open file '/azerothcore/env/dist/etc/modules/playerbots.conf'
[23:00:07Z]   Using modules configuration:
[23:00:07Z]   > mod_ale.conf
[23:00:07Z]   [gate87a5] GATE87A5-MARKER-FROM-THE-DECOY-PATH
[23:00:07Z] the marker from the decoy path is in this boot's log: True
[23:00:07Z] any of the five bridge scripts loaded this boot: []
[23:00:08Z] dml_bridge_ping now: outcome=no lines=["Command 'dml_bridge_ping' does not exist"]
[23:00:08Z] CONTROL, so a silent channel cannot be mistaken for a missing command: server info outcome=yes first line=['AzerothCore rev. 413bea61a85e+ 2026-09-04 09:03:49 -0700 (HEAD branch) (Unix, RelWithDebInfo, Static)']
[23:00:08Z] SHOT 2-wrong-value-the-running-server-follows-it.png: the decoy path in force: the marker loads, the five bridge scripts do not, and dml_bridge_ping has stopped existing
[23:00:08Z]    ac-worldserver at this capture: running=true restarts=0 image=sha256:cad2566406d2
