[23:00:55Z] === THE PRESS: the APP's own configure() puts the value the module needs back ===
[23:00:55Z] ground for this step (the wrong value is in force): ['ALE.Enabled = 1', 'ALE.ScriptPath = "/azerothcore/env/dist/etc/modules/lua_gate_decoy"', 'Logger.ALE=4,Console ALELog']
[23:00:55Z] ground: the marker is in this boot's log: True
[23:00:56Z] ground: dml_bridge_ping outcome=no lines=["Command 'dml_bridge_ping' does not exist"]
2026-09-09 01:00:56 INFO [yulon.apply] configure mod-ale: 2 step(s), 0 skipped, 0 left unapplied, rebuild=False
[23:00:56Z] --- ApplyReport.done ---
[23:00:56Z]   patch env/dist/etc/modules/mod_ale.conf (changed)
[23:00:56Z]   set 2 key(s) in env/dist/etc/modules/mod_ale.conf
[23:00:56Z] --- ApplyReport.skipped ---
[23:00:56Z] rebuild_required=False restart_recommended=False
[23:00:56Z] the file, READ BACK (which the clause says is NOT enough): ['ALE.Enabled = 1', 'ALE.ScriptPath = "/azerothcore/env/dist/etc/modules/lua_scripts"', 'Logger.ALE=4,Console ALELog']
[23:00:56Z] SHOT 3-the-app-wrote-it-back-file-only.png: the app's own configure() report, and the file read back -- the half the clause calls insufficient
[23:00:56Z]    ac-worldserver at this capture: running=true restarts=0 image=sha256:cad2566406d2
[23:00:56Z] --- the press: the app's own Stop ---
2026-09-09 01:00:56 INFO [yulon.logsnap] saved ac-worldserver's log to /home/pk/.local/share/yulon/logs/wow-wotlk-243c46e3-20260908T230056Z.log
2026-09-09 01:01:18 INFO [yulon.docker] stop_staged(): stopped; containers kept for a fast restart
[23:01:18Z] stop returned in 21.3s; world alive = False
[23:01:18Z] --- the press: the app's own Start ---
2026-09-09 01:01:18 INFO [yulon.docker] start_staged(): `compose up -d --no-deps ac-database ac-authserver ac-worldserver` in /home/pk/wowserver
[23:01:24Z] start returned in 6.4s; world: {"status": "running", "running": "true", "restarts": 0, "started_at": "2026-09-08T23:01:24.172253854Z", "image": "sha256:cad2566406d2"}
[23:01:55Z] this boot reached the world's ready marker: True
[23:01:55Z] === THE PROOF: the same question, asked of the RUNNING server ===
[23:01:55Z]   > Using configuration file       /azerothcore/env/dist/etc/worldserver.conf
[23:01:55Z]   Loading Modules Configuration...
[23:01:55Z]   > Config::LoadFile: Failed open file '/azerothcore/env/dist/etc/modules/playerbots.conf'
[23:01:55Z]   Using modules configuration:
[23:01:55Z]   > mod_ale.conf
[23:01:55Z]   [dml_addclass] loaded -- addclass relay ready
[23:01:55Z]   [dml_bridge_ping] loaded -- DML-BRIDGE-READY on request
[23:01:55Z]   [dml_login] loaded -- bring-online relay ready
[23:01:55Z]   [dml_uninvite] loaded -- group-remove relay ready
[23:01:55Z]   [dml_whisper] loaded
[23:01:55Z] bridge scripts this boot loaded from the path the app wrote: 5
[23:01:55Z] the decoy marker in THIS boot's log (must be False): False
[23:01:55Z] dml_bridge_ping: outcome=yes lines=['DML-BRIDGE-READY dml_bridge_ping']
[23:01:56Z] .server debug (outcome=yes): ['|- Mean: 4ms', '|- Median: 1ms', '|- Percentiles (95, 99, max): 4ms, 74ms, 404ms', 'List of enabled modules:', '|- mod-ale', '|- mod-playerbots']
[23:01:56Z] the file says: ['ALE.Enabled = 1', 'ALE.ScriptPath = "/azerothcore/env/dist/etc/modules/lua_scripts"', 'Logger.ALE=4,Console ALELog']
[23:01:56Z] CLAUSE 5 on this box, for a module that has been through a rebuild: PASS
[23:01:56Z] SHOT 4-the-running-server-shows-the-value-the-app-wrote.png: the value the app wrote, shown by the running server: the five scripts loaded from that path by name, the decoy gone, the bridge answering
[23:01:56Z]    ac-worldserver at this capture: running=true restarts=0 image=sha256:cad2566406d2
