Installing WoW TBC into C:\gate\tbc-server
You can stop this at any time. What an install writes outside the folder below is named here rather than denied: the images this build produces and the volumes holding the database and the server data, which live in Docker's own storage — that is why the checks below look at the space on Docker's disk too; Docker itself, when no daemon answers yet (on Linux: system packages, a service, and the group you are asked about first); and this app's own settings and log, in its config folder. Starting the install again continues from where it stopped: source this app has finished cloning is never fetched, reset or moved, and the build is not run a second time once Docker confirms its images are there. Everything cheap runs again on every attempt — the compose files this app writes are put back the way the catalog says, the server-data download resumes and re-checks itself, and the database and server are started and waited for.
Checking Docker.
[pass] Docker: the daemon answered
[pass] memory: Docker's VM has 11.7 GB
[pass] compiler jobs vs memory: 2 parallel jobs against about 5 the memory affords
[warn] free space on Docker's disk and the server folder: 42 GB free; 60 GB is the comfortable figure (the server folder and Docker's disk share one drive, so both needs add up)
[pass] the server folder: C:\gate\tbc-server looks usable
[pass] sharing the folder with Docker: a container can read C:\gate\tbc-server
[pass] SELinux: not a Linux host, so it does not apply
[pass] the server's ports: nothing else is using them
[pass] the client folder: C:\gate\client\WoW-Client-2.4.3 has a Data directory
[pass] the client's expansion data: Data/expansion.MPQ is there
[pass] the client's archives: 12 MPQ archives anywhere under C:\gate\client\WoW-Client-2.4.3\Data
[pass] the client's locale: locale archives in enGB
[pass] the client's origin: nothing suggests a repack
[pass] free space next to the client: 42 GB free on the drive holding the client
[pass] sharing the client with Docker: a container can read the client folder
Using C:\gate\tbc-server (resuming)
Already finished: clone-sources, write-dockerfile, generate-compose, build, extract, mmaps, conf, import
2026-09-05 05:12:16 WARNING [yulon.catalog.native] not holding this machine awake: keep_awake() must run on the worker thread doing the install: Windows scopes the assertion to the thread that set it, so holding it on the GUI thread would claim a guarantee the install does not have.
This machine may go to sleep during the build; leave it awake, and leave the lid open on a laptop.
Step 1 of 12 (8%): clone-sources
--- clone-sources
cmangos/mangos-tbc is already in src/mangos-tbc; leaving it exactly as it is.
cmangos/playerbots is already in src/mangos-tbc/src/modules/Bots; leaving it exactly as it is.
cmangos/tbc-db is already in src/tbc-db; leaving it exactly as it is.
Sources are in place.
Step 2 of 12 (16%): db-password
--- db-password
The database password is already in .db_password; keeping it.
Step 3 of 12 (25%): write-dockerfile
--- write-dockerfile
Dockerfile is already exactly what this install needs.
.dockerignore is already exactly what this install needs.
Step 4 of 12 (33%): generate-compose
--- generate-compose
Wrote .env
Step 5 of 12 (41%): build
--- build
Stopping now leaves Docker finishing the build step it is already on, in the background. That is deliberate: the work it has done is kept, and starting this install again picks up from there instead of compiling it all a second time.
The server is already built; skipping the compile.
Step 6 of 12 (50%): extract
--- extract
Finished tools are kept; only the tool that was interrupted runs again.
Extracting server data from C:\gate\client\WoW-Client-2.4.3 into C:\gate\tbc-server\data (the client is read-only).
dbc and maps: already extracted (dbc: 185 files, maps: 3586 files)
vmap extract: already extracted (Buildings: 5431 files)
vmap assemble: already extracted (vmaps: 8607 files)
Extraction finished.
Step 7 of 12 (58%): mmaps
--- mmaps
Map generation restarts from the beginning; the extracted maps it reads are kept.
Generating movement maps (this can take an hour or more).
mmaps: already generated (mmaps: 2820 files)
Map generation finished.
Step 8 of 12 (66%): conf
--- conf
The configuration files already say what this install needs.
Step 9 of 12 (75%): start-db
--- start-db
Starting the database, which the import writes into.
The database is up.
Step 10 of 12 (83%): import
--- import
Databases left half-written are detected and cleared before the import is run again, so nothing here has to be undone by hand.
The databases read as imported: mangos.yulon_install records a finished import
They are already imported; leaving them alone.
Step 11 of 12 (91%): up
--- up
Starting the server.
Step 12 of 12 (100%): ready
--- ready
Waiting for the database.
Waiting for the world server. A first boot loads the whole world and can take many minutes; this waits as long as the server keeps printing, and calls it stuck after 30 minutes with nothing new.
The server is up.
The realm now advertises 172.30.52.119, so players on other machines can reach this server: 172.30.52.119 is the address they set in their client's realmlist. The server was already running when this was set, so if a client is still sent to the old address, stop and start it again on the Server tab.
WoW TBC is installed and running in C:\gate\tbc-server
