yt: Python 3.13.15 in /home/perzi/wt-t50/pylauncher
[1m============================= test session starts ==============================[0m
platform linux -- Python 3.13.15, pytest-9.1.1, pluggy-1.6.0
rootdir: /home/perzi/wt-t50/pylauncher
configfile: pyproject.toml
[1mcollecting ... [0m[1mcollected 266 items / 265 deselected / 1 selected                              [0m

tests/test_docker.py [31mF[0m[31m                                                   [100%][0m

=================================== FAILURES ===================================
[31m[1m_____________ test_the_exit_code_survives_when_no_line_says_ERROR ______________[0m

tmp_path = PosixPath('/tmp/pytest-of-perzi/pytest-880/test_the_exit_code_survives_wh0')

    [0m[94mdef[39;49;00m[90m [39;49;00m[92mtest_the_exit_code_survives_when_no_line_says_ERROR[39;49;00m(tmp_path: Path) -> [94mNone[39;49;00m:[90m[39;49;00m
    [90m    [39;49;00m[33m"""T50 round 2, from the reporter's screenshot of the build carrying T50 itself.[39;49;00m
    [33m[39;49;00m
    [33m    The message reached him without the exit code:[39;49;00m
    [33m[39;49;00m
    [33m        Its last words were: Docker Desktop kept this build's log instead of[39;49;00m
    [33m        printing it: docker-desktop://dashboard/build/default/default/xbeswh...[39;49;00m
    [33m[39;49;00m
    [33m    `_exit_code(error_line or said[-1])` looked in two places and the number is[39;49;00m
    [33m    in neither. `error_line` is empty because `_buildkit_failure()` recognises[39;49;00m
    [33m    only a line beginning `ERROR:`, and his stream has none; `said[-1]` is the[39;49;00m
    [33m    `View build details:` line. The clause sits on an EARLIER line.[39;49;00m
    [33m[39;49;00m
    [33m    This is the same mistake this ticket was filed about, made once more in the[39;49;00m
    [33m    fixture: the first version of `_DOCKER_DESKTOP_TAIL` carried an[39;49;00m
    [33m    `ERROR: failed to solve:` prefix that I WROTE, because the screenshot showed[39;49;00m
    [33m    that line left-truncated and the code expected the prefix. Reconstructing a[39;49;00m
    [33m    fixture from what the code wants is how a test passes against the bug it is[39;49;00m
    [33m    meant to catch -- and the exit code is the half that matters most, since[39;49;00m
    [33m    `137` is an out-of-memory kill and `docker build` still returns 1 for it.[39;49;00m
    [33m    """[39;49;00m[90m[39;49;00m
        tail = ([90m[39;49;00m
            [33m'[39;49;00m[33mprocess [39;49;00m[33m"[39;49;00m[33m/bin/sh -c cmake --build .[39;49;00m[33m"[39;49;00m[33m did not complete successfully: exit code: 137[39;49;00m[33m'[39;49;00m,[90m[39;49;00m
            [33m"[39;49;00m[33m"[39;49;00m,[90m[39;49;00m
            [33m"[39;49;00m[33mView build details: docker-desktop://dashboard/build/default/default/abc123[39;49;00m[33m"[39;49;00m,[90m[39;49;00m
            [33m"[39;49;00m[33m"[39;49;00m,[90m[39;49;00m
        )[90m[39;49;00m
        said = docker.last_words(tail)[90m[39;49;00m
>       [94massert[39;49;00m [33m"[39;49;00m[33m137[39;49;00m[33m"[39;49;00m [95min[39;49;00m said, said[90m[39;49;00m
[1m[31mE       AssertionError: Docker Desktop kept this build's log instead of printing it: docker-desktop://dashboard/build/default/default/abc123[0m
[1m[31mE       assert '137' in "Docker Desktop kept this build's log instead of printing it: docker-desktop://dashboard/build/default/default/abc123"[0m

[1m[31mtests/test_docker.py[0m:6431: AssertionError
[36m[1m=========================== short test summary info ============================[0m
[31mFAILED[0m tests/test_docker.py::[1mtest_the_exit_code_survives_when_no_line_says_ERROR[0m - AssertionError: Docker Desktop kept this build's log instead of printing it...
[31m====================== [31m[1m1 failed[0m, [33m265 deselected[0m[31m in 0.42s[0m[31m =======================[0m
