[06:28:06] ### 8.9a gate driver, stage stage1, 2026-09-08T06:28:06.128172+02:00 ###
[06:28:06] ### box: yulon-ubuntu, tree: /home/pk/gate89a ###
06:28:06  8.9a clause 1: uninstall with Keep my characters TICKED
[06:28:06] ===== GROUND: clause 1 TICKED, BEFORE -- stack up, both volumes, folder, record =====
[06:28:06] docker ps -a:
ac-authserver	Up 9 hours
ac-worldserver	Up 9 hours
ac-db-import	Exited (0) 8 hours ago
ac-database	Up 9 hours (healthy)
ac-client-data-init	Exited (0) 9 hours ago
[06:28:06] docker volume ls:
yulon-wow-wotlk-243c46e3_client-data
yulon-wow-wotlk-243c46e3_db-data
[06:28:06] docker images:
yulon.local/ac-wotlk-db-import:native-243c46e3
yulon.local/ac-wotlk-worldserver:native-243c46e3
yulon.local/ac-wotlk-authserver:native-243c46e3
yulon.local/ac-wotlk-client-data:native-243c46e3
mysql:8.4
alpine/git:<none>
[06:28:06] /home/pk/wowserver exists: True   2.3G	/home/pk/wowserver
2026-09-08 06:28:06 WARNING [yulon.catalog.native] /home/pk/wowserver/.yulon-install.json records stages this build does not know: clone-core, clone-modules, generate-compose, build, client-data, import. They are kept in the file and ignored for this run — this is usually an older Yu'lon opening an install a newer one created.
[06:28:06] ownership answer for /home/pk/wowserver: OWNED
[06:28:06] /home/pk/.local/share/yulon/state.json exists: True
[06:28:06] state.json installs: [('wow-wotlk', '/home/pk/wowserver')]
[06:28:07] characters in acore_characters (count, first, last): 1001	Aasahi	Zoyom
mysql: [Warning] Using a password on the command line interface can be insecure.
[06:28:07] ===== end ground =====

[06:28:07] characters BEFORE the purge: 1001	Aasahi	Zoyom
mysql: [Warning] Using a password on the command line interface can be insecure.
This plugin does not support propagateSizeHints()
[06:28:07] window built: 1 controller tab(s), catalog view: True
[06:28:07] "Keep my characters" is ticked: True
[06:28:07] BEFORE: tile[wow-wotlk] text='Installed' enabled=False tooltip='Already installed in /home/pk/wowserver — its own tab manages it.'
[06:28:07]   screenshots: before-tile.png, before-catalog.png
[06:28:07] -- pressing Stop (the app's own button)
[06:28:07] stop button enabled: True
2026-09-08 06:28:08 INFO [yulon.logsnap] saved ac-worldserver's log to /home/pk/.local/share/yulon/logs/wow-wotlk-243c46e3-20260908T042808Z.log
2026-09-08 06:28:08 INFO [yulon.update] update check: current=0.6.59 latest=v0.6.59Public newer=False
2026-09-08 06:28:51 INFO [yulon.docker] stop_staged(): stopped; containers kept for a fast restart
[06:28:51]   stop finished: after 43.4s
[06:28:51] status label: 'status: stopping…'
[06:28:51] problem label: "The server's log was saved to /home/pk/.local/share/yulon/logs/wow-wotlk-243c46e3-20260908T042808Z.log"
[06:28:51] docker ps -a now:
ac-authserver	Exited (0) 42 seconds ago
ac-worldserver	Exited (0) 3 seconds ago
ac-db-import	Exited (0) 8 hours ago
ac-database	Exited (0) Less than a second ago
ac-client-data-init	Exited (0) 9 hours ago
[06:28:51] -- press: Uninstall... (plan)
2026-09-08 06:28:51 WARNING [yulon.catalog.native] /home/pk/wowserver/.yulon-install.json records stages this build does not know: clone-core, clone-modules, generate-compose, build, client-data, import. They are kept in the file and ignored for this run — this is usually an older Yu'lon opening an install a newer one created.
2026-09-08 06:28:51 WARNING [yulon.catalog.native] /home/pk/wowserver/.yulon-install.json records stages this build does not know: clone-core, clone-modules, generate-compose, build, client-data, import. They are kept in the file and ignored for this run — this is usually an older Yu'lon opening an install a newer one created.
[06:28:52]   plan came back: after 0.7s
[06:28:52] --- the plan the user is shown ---
This removes /home/pk/wowserver (2.4 GB) and this server's Docker project yulon-wow-wotlk-243c46e3:
  containers: ac-authserver, ac-worldserver, ac-db-import, ac-database, ac-client-data-init
  images: 4 built for this install
  volumes removed: yulon-wow-wotlk-243c46e3_client-data
  volumes KEPT: yulon-wow-wotlk-243c46e3_db-data — your characters. A reinstall to THIS SAME FOLDER finds them again; a reinstall anywhere else does not.
It does not touch your backups — an uninstall that deleted them would make "Keep my characters" pointless in the one case it matters; your WoW client folder, including any files a module put into it; firewall rules, port forwards and anything else on the host; Docker, WSL, and every other dependency Yu'lon provisioned; another install of this game in another folder — different path, different install id, different project; this install's saved log snapshots, its stored server credential, and — if you keep your characters — the copy of the database password that opens the volume they are in, all under Yu'lon's own config directory.
[06:28:52] --- end ---
[06:28:52] confirm button shown to the user: True
[06:28:52] -- press: Uninstall this server (the destructive one)
2026-09-08 06:28:52 WARNING [yulon.catalog.native] /home/pk/wowserver/.yulon-install.json records stages this build does not know: clone-core, clone-modules, generate-compose, build, client-data, import. They are kept in the file and ignored for this run — this is usually an older Yu'lon opening an install a newer one created.
2026-09-08 06:28:52 WARNING [yulon.catalog.native] /home/pk/wowserver/.yulon-install.json records stages this build does not know: clone-core, clone-modules, generate-compose, build, client-data, import. They are kept in the file and ignored for this run — this is usually an older Yu'lon opening an install a newer one created.
2026-09-08 06:28:52 INFO [yulon.logsnap] saved ac-worldserver's log to /home/pk/.local/share/yulon/logs/wow-wotlk-243c46e3-20260908T042852Z.log
2026-09-08 06:28:53 INFO [yulon.docker] remove_staged(): removed 5 container(s); volumes untouched
2026-09-08 06:28:54 INFO [yulon.docker] removed volume yulon-wow-wotlk-243c46e3_client-data
2026-09-08 06:28:54 INFO [yulon.docker] removed image yulon.local/ac-wotlk-worldserver:native-243c46e3
2026-09-08 06:28:54 INFO [yulon.docker] removed image yulon.local/ac-wotlk-authserver:native-243c46e3
2026-09-08 06:28:57 WARNING [yulon.docker] could not read the state of ac-worldserver: error: no such object: ac-worldserver
2026-09-08 06:28:57 INFO [yulon.docker] removed image yulon.local/ac-wotlk-db-import:native-243c46e3
2026-09-08 06:28:58 INFO [yulon.docker] removed image yulon.local/ac-wotlk-client-data:native-243c46e3
[06:28:59]   uninstall finished: after 7.1s
[06:28:59] took 7.1s
[06:28:59] --- what the tab says ---
/home/pk/wowserver was removed. Kept yulon-wow-wotlk-243c46e3_db-data — reinstall to the same folder to find those characters again. The server's last log was saved to /home/pk/.local/share/yulon/logs/wow-wotlk-243c46e3-20260908T042852Z.log.
[06:28:59] --- end ---
[06:28:59] uninstalled signal carried: [('wow-wotlk', PosixPath('/home/pk/wowserver'))]
[06:28:59] action_failed carried: []
[06:28:59] AFTER: tile[wow-wotlk] text='Install' enabled=True tooltip=''
[06:28:59]   screenshots: after-tile.png, after-catalog.png
[06:28:59] the tab is gone from the window: True
[06:28:59] ===== GROUND: clause 1 TICKED, AFTER =====
[06:28:59] docker ps -a:
(no containers at all)
[06:28:59] docker volume ls:
yulon-wow-wotlk-243c46e3_db-data
[06:28:59] docker images:
mysql:8.4
alpine/git:<none>
[06:28:59] /home/pk/wowserver exists: False   (gone)
[06:28:59] ownership answer for /home/pk/wowserver: UNCLAIMED
[06:28:59] /home/pk/.local/share/yulon/state.json exists: True
[06:28:59] state.json installs: []
[06:28:59] ===== end ground =====

[06:28:59] --- the negatives and the one positive ---
[06:28:59] folder gone: True
[06:28:59] db volume KEPT: True
[06:28:59] client-data volume gone: True
[06:28:59] yulon.local images gone: True
[06:28:59] ac- containers gone: True
[06:28:59] -- proving the characters are still readable THROUGH the kept volume
[06:28:59]    (the password a reinstall would resolve, asked of the app, not typed here)
[06:28:59]    engine.resolve_secrets(/home/pk/wowserver).db_password is set: True
[06:28:59] Error response from daemon: No such container: gate89a-db
[06:29:00] 936e3585648ec7417b24d6ba85884a2c831a1c97ec3b3fc95cc78a57d97f76dc
[06:33:11]    the kept volume opened with that password: False
[06:33:11]    1001	Aasahi	Zoyom
mysql: [Warning] Using a password on the command line interface can be insecure.
[06:33:11]    first ten characters, read out of the volume that survived the purge:
guid	name	race	class	level
1	Guglu	3	1	78
2	Ganaar	11	2	8
3	Jahzun	8	3	61
4	Ritdy	2	4	20
5	Keilda	11	5	69
6	Adent	4	6	55
7	Grakzik	2	7	63
8	Corianna	5	8	54
9	Gottla	7	9	22
10	Takpo	6	11	73
mysql: [Warning] Using a password on the command line interface can be insecure.
[06:33:12]    accounts that can log in to them:
accounts
105
mysql: [Warning] Using a password on the command line interface can be insecure.
[06:33:14] gate89a-db
[06:33:14] characters BEFORE the purge were: 1001	Aasahi	Zoyom
mysql: [Warning] Using a password on the command line interface can be insecure.
