[06:16:56] ### 8.9a gate driver, stage stage3, 2026-09-08T06:16:56.011526+02:00 ###
[06:16:56] ### box: yulon-ubuntu, tree: /home/pk/gate89a ###
06:16:56  8.9a clause 3: pressing Uninstall while the server is running
[06:16:56] ===== GROUND: clause 3, BEFORE the press -- the server is RUNNING =====
[06:16:56] docker ps -a:
ac-authserver	Up 9 hours
ac-worldserver	Up 9 hours
ac-db-import	Exited (0) 8 hours ago
ac-database	Up 9 hours (healthy)
ac-client-data-init	Exited (0) 9 hours ago
[06:16:56] docker volume ls:
yulon-wow-wotlk-243c46e3_client-data
yulon-wow-wotlk-243c46e3_db-data
[06:16:56] docker images:
yulon.local/ac-wotlk-db-import:native-243c46e3
yulon.local/ac-wotlk-worldserver:native-243c46e3
yulon.local/ac-wotlk-authserver:native-243c46e3
yulon.local/ac-wotlk-client-data:native-243c46e3
mysql:8.4
alpine/git:<none>
[06:16:56] /home/pk/wowserver exists: True   2.3G	/home/pk/wowserver
2026-09-08 06:16:56 WARNING [yulon.catalog.native] /home/pk/wowserver/.yulon-install.json records stages this build does not know: clone-core, clone-modules, generate-compose, build, client-data, import. They are kept in the file and ignored for this run — this is usually an older Yu'lon opening an install a newer one created.
[06:16:56] ownership answer for /home/pk/wowserver: OWNED
[06:16:56] /home/pk/.local/share/yulon/state.json exists: True
[06:16:56] state.json installs: [('wow-wotlk', '/home/pk/wowserver')]
[06:16:56] characters in acore_characters (count, first, last): 1001	Aasahi	Zoyom
mysql: [Warning] Using a password on the command line interface can be insecure.
[06:16:56] ===== end ground =====

[06:16:57] window built: 1 controller tab(s), catalog view: True
[06:16:57] tile[wow-wotlk] text='Installed' enabled=False tooltip='Already installed in /home/pk/wowserver — its own tab manages it.'
[06:16:57] tab for: /home/pk/wowserver
[06:16:57] uninstall button present: True
[06:16:57] -- press 1: Uninstall... (this calls plan(), which must READ ONLY)
2026-09-08 06:16:57 WARNING [yulon.catalog.native] /home/pk/wowserver/.yulon-install.json records stages this build does not know: clone-core, clone-modules, generate-compose, build, client-data, import. They are kept in the file and ignored for this run — this is usually an older Yu'lon opening an install a newer one created.
2026-09-08 06:16:57 WARNING [yulon.catalog.native] /home/pk/wowserver/.yulon-install.json records stages this build does not know: clone-core, clone-modules, generate-compose, build, client-data, import. They are kept in the file and ignored for this run — this is usually an older Yu'lon opening an install a newer one created.
[06:16:57]   plan came back: after 0.3s
[06:16:57] --- what the tab shows ---
ac-worldserver, ac-authserver, ac-database: still running. Stop the server first, then uninstall. Nothing was removed.
[06:16:57] --- end ---
[06:16:57] confirm button visible (would a press be offered?): False
[06:16:57] -- press 2: the destructive call itself, run(keep_characters=False)
2026-09-08 06:16:57 WARNING [yulon.catalog.native] /home/pk/wowserver/.yulon-install.json records stages this build does not know: clone-core, clone-modules, generate-compose, build, client-data, import. They are kept in the file and ignored for this run — this is usually an older Yu'lon opening an install a newer one created.
2026-09-08 06:16:57 WARNING [yulon.catalog.native] /home/pk/wowserver/.yulon-install.json records stages this build does not know: clone-core, clone-modules, generate-compose, build, client-data, import. They are kept in the file and ignored for this run — this is usually an older Yu'lon opening an install a newer one created.
[06:16:57] --- run() refused with ---
ac-worldserver, ac-authserver, ac-database: still running. Stop the server first, then uninstall. Nothing was removed.
[06:16:57] --- end ---
[06:16:57] ===== GROUND: clause 3, AFTER both presses =====
2026-09-08 06:16:57 INFO [yulon.update] update check: current=0.6.59 latest=v0.6.59Public newer=False
[06:16:57] docker ps -a:
ac-authserver	Up 9 hours
ac-worldserver	Up 9 hours
ac-db-import	Exited (0) 8 hours ago
ac-database	Up 9 hours (healthy)
ac-client-data-init	Exited (0) 9 hours ago
[06:16:57] docker volume ls:
yulon-wow-wotlk-243c46e3_client-data
yulon-wow-wotlk-243c46e3_db-data
[06:16:58] docker images:
yulon.local/ac-wotlk-db-import:native-243c46e3
yulon.local/ac-wotlk-worldserver:native-243c46e3
yulon.local/ac-wotlk-authserver:native-243c46e3
yulon.local/ac-wotlk-client-data:native-243c46e3
mysql:8.4
alpine/git:<none>
[06:16:58] /home/pk/wowserver exists: True   2.3G	/home/pk/wowserver
2026-09-08 06:16:58 WARNING [yulon.catalog.native] /home/pk/wowserver/.yulon-install.json records stages this build does not know: clone-core, clone-modules, generate-compose, build, client-data, import. They are kept in the file and ignored for this run — this is usually an older Yu'lon opening an install a newer one created.
[06:16:58] ownership answer for /home/pk/wowserver: OWNED
[06:16:58] /home/pk/.local/share/yulon/state.json exists: True
[06:16:58] state.json installs: [('wow-wotlk', '/home/pk/wowserver')]
[06:16:58] characters in acore_characters (count, first, last): 1001	Aasahi	Zoyom
mysql: [Warning] Using a password on the command line interface can be insecure.
[06:16:58] ===== end ground =====

[06:16:58] CLAUSE 5 (plan reads only) + clause 3 left nothing changed: True
QThread: Destroyed while thread '' is still running
