[06:17:25] ### 8.9a gate driver, stage stage4, 2026-09-08T06:17:25.287840+02:00 ###
[06:17:25] ### box: yulon-ubuntu, tree: /home/pk/gate89a ###
06:17:25  8.9a clause 4: pressing Uninstall on installs whose ownership cannot be proved
[06:17:25] ===== GROUND: clause 4, BEFORE the press =====
[06:17:25] unknown: /home/pk/decoy-unknown contents ['.yulon-install.json', 'MY-PRECIOUS-SAVES.txt', 'docker-compose.yml']
[06:17:25] unknown: ownership answer = UNKNOWN
[06:17:25] unclaimed: /home/pk/decoy-unclaimed contents ['MY-PRECIOUS-SAVES.txt', 'docker-compose.yml']
[06:17:25] unclaimed: ownership answer = UNCLAIMED
[06:17:25] ===== GROUND: clause 4, the REAL install before the decoy presses =====
[06:17:25] docker ps -a:
ac-authserver	Up 9 hours
ac-worldserver	Up 9 hours
ac-db-import	Exited (0) 8 hours ago
ac-database	Up 9 hours (healthy)
ac-client-data-init	Exited (0) 9 hours ago
[06:17:25] docker volume ls:
yulon-wow-wotlk-243c46e3_client-data
yulon-wow-wotlk-243c46e3_db-data
[06:17:25] docker images:
yulon.local/ac-wotlk-db-import:native-243c46e3
yulon.local/ac-wotlk-worldserver:native-243c46e3
yulon.local/ac-wotlk-authserver:native-243c46e3
yulon.local/ac-wotlk-client-data:native-243c46e3
mysql:8.4
alpine/git:<none>
[06:17:25] /home/pk/wowserver exists: True   2.3G	/home/pk/wowserver
2026-09-08 06:17:25 WARNING [yulon.catalog.native] /home/pk/wowserver/.yulon-install.json records stages this build does not know: clone-core, clone-modules, generate-compose, build, client-data, import. They are kept in the file and ignored for this run — this is usually an older Yu'lon opening an install a newer one created.
[06:17:25] ownership answer for /home/pk/wowserver: OWNED
[06:17:25] /home/pk/.local/share/yulon/state.json exists: True
[06:17:25] state.json installs: [('wow-wotlk', '/home/pk/wowserver')]
[06:17:26] characters in acore_characters (count, first, last): 1001	Aasahi	Zoyom
mysql: [Warning] Using a password on the command line interface can be insecure.
[06:17:26] ===== end ground =====

[06:17:26] -- decoy unknown (/home/pk/decoy-unknown) --
[06:17:26] plan().refusal:
There is an install record in /home/pk/decoy-unknown that Yu'lon cannot read, so it cannot prove this install is its own. Nothing was removed.
[06:17:26] plan() resolved anything else? project='' containers=() volumes=()
[06:17:26] run() refused:
There is an install record in /home/pk/decoy-unknown that Yu'lon cannot read, so it cannot prove this install is its own. Nothing was removed.
[06:17:26] /home/pk/decoy-unknown still there: True contents ['.yulon-install.json', 'MY-PRECIOUS-SAVES.txt', 'docker-compose.yml']

[06:17:26] -- decoy unclaimed (/home/pk/decoy-unclaimed) --
[06:17:26] plan().refusal:
Nothing here says Yu'lon installed it: there is no install record in /home/pk/decoy-unclaimed, so this folder is not Yu'lon's to delete. Nothing was removed.
[06:17:26] plan() resolved anything else? project='' containers=() volumes=()
[06:17:26] run() refused:
Nothing here says Yu'lon installed it: there is no install record in /home/pk/decoy-unclaimed, so this folder is not Yu'lon's to delete. Nothing was removed.
[06:17:26] /home/pk/decoy-unclaimed still there: True contents ['MY-PRECIOUS-SAVES.txt', 'docker-compose.yml']

[06:17:26] forget() was called for: nothing
[06:17:26] ===== GROUND: clause 4, the REAL install after the decoy presses =====
[06:17:26] docker ps -a:
ac-authserver	Up 9 hours
ac-worldserver	Up 9 hours
ac-db-import	Exited (0) 8 hours ago
ac-database	Up 9 hours (healthy)
ac-client-data-init	Exited (0) 9 hours ago
[06:17:26] docker volume ls:
yulon-wow-wotlk-243c46e3_client-data
yulon-wow-wotlk-243c46e3_db-data
[06:17:26] docker images:
yulon.local/ac-wotlk-db-import:native-243c46e3
yulon.local/ac-wotlk-worldserver:native-243c46e3
yulon.local/ac-wotlk-authserver:native-243c46e3
yulon.local/ac-wotlk-client-data:native-243c46e3
mysql:8.4
alpine/git:<none>
[06:17:26] /home/pk/wowserver exists: True   2.3G	/home/pk/wowserver
2026-09-08 06:17:26 WARNING [yulon.catalog.native] /home/pk/wowserver/.yulon-install.json records stages this build does not know: clone-core, clone-modules, generate-compose, build, client-data, import. They are kept in the file and ignored for this run — this is usually an older Yu'lon opening an install a newer one created.
[06:17:26] ownership answer for /home/pk/wowserver: OWNED
[06:17:26] /home/pk/.local/share/yulon/state.json exists: True
[06:17:26] state.json installs: [('wow-wotlk', '/home/pk/wowserver')]
[06:17:26] characters in acore_characters (count, first, last): 1001	Aasahi	Zoyom
mysql: [Warning] Using a password on the command line interface can be insecure.
[06:17:26] ===== end ground =====

[06:17:26] the real install in another folder was untouched: True
