[06:39:48] ### 8.9a gate driver, stage stage2, 2026-09-08T06:39:48.578448+02:00 ###
[06:39:48] ### box: yulon-ubuntu, tree: /home/pk/gate89a ###
06:39:48  8.9a clause 2: uninstall with Keep my characters UNTICKED
[06:39:48] ===== GROUND: clause 2 UNTICKED, BEFORE -- stack up, both volumes, folder, record =====
[06:39:49] docker ps -a:
ac-authserver	Up 9 hours
ac-worldserver	Up 9 hours
ac-db-import	Exited (0) 8 hours ago
ac-database	Up 9 hours (healthy)
ac-client-data-init	Exited (0) 9 hours ago
[06:39:49] docker volume ls:
yulon-wow-wotlk-243c46e3_client-data
yulon-wow-wotlk-243c46e3_db-data
[06:39:49] docker images:
yulon.local/ac-wotlk-db-import:native-243c46e3
yulon.local/ac-wotlk-worldserver:native-243c46e3
yulon.local/ac-wotlk-authserver:native-243c46e3
yulon.local/ac-wotlk-client-data:native-243c46e3
mysql:8.4
alpine/git:<none>
[06:39:49] /home/pk/wowserver exists: True   2.3G	/home/pk/wowserver
2026-09-08 06:39:49 WARNING [yulon.catalog.native] /home/pk/wowserver/.yulon-install.json records stages this build does not know: clone-core, clone-modules, generate-compose, build, client-data, import. They are kept in the file and ignored for this run — this is usually an older Yu'lon opening an install a newer one created.
[06:39:49] ownership answer for /home/pk/wowserver: OWNED
[06:39:49] /home/pk/.local/share/yulon/state.json exists: True
[06:39:49] state.json installs: [('wow-wotlk', '/home/pk/wowserver')]
[06:39:49] characters in acore_characters (count, first, last): 1001	Aasahi	Zoyom
mysql: [Warning] Using a password on the command line interface can be insecure.
[06:39:49] ===== end ground =====

This plugin does not support propagateSizeHints()
[06:39:50] window built: 1 controller tab(s), catalog view: True
[06:39:50] "Keep my characters" is ticked: False
[06:39:50] BEFORE: tile[wow-wotlk] text='Installed' enabled=False tooltip='Already installed in /home/pk/wowserver — its own tab manages it.'
[06:39:50]   screenshots: unticked-before-tile.png, unticked-before-catalog.png
[06:39:50] -- pressing Stop (the app's own button)
[06:39:50] stop button enabled: True
2026-09-08 06:39:50 INFO [yulon.logsnap] saved ac-worldserver's log to /home/pk/.local/share/yulon/logs/wow-wotlk-243c46e3-20260908T043950Z.log
2026-09-08 06:39:50 INFO [yulon.update] update check: current=0.6.59 latest=v0.6.59Public newer=False
2026-09-08 06:40:32 INFO [yulon.docker] stop_staged(): stopped; containers kept for a fast restart
[06:40:33]   stop finished: after 42.7s
[06:40:33] status label: 'status: stopping…'
[06:40:33] problem label: "The server's log was saved to /home/pk/.local/share/yulon/logs/wow-wotlk-243c46e3-20260908T043950Z.log"
[06:40:33] docker ps -a now:
ac-authserver	Exited (0) 41 seconds ago
ac-worldserver	Exited (0) 3 seconds ago
ac-db-import	Exited (0) 8 hours ago
ac-database	Exited (0) Less than a second ago
ac-client-data-init	Exited (0) 9 hours ago
[06:40:33] -- press: Uninstall... (plan)
2026-09-08 06:40:33 WARNING [yulon.catalog.native] /home/pk/wowserver/.yulon-install.json records stages this build does not know: clone-core, clone-modules, generate-compose, build, client-data, import. They are kept in the file and ignored for this run — this is usually an older Yu'lon opening an install a newer one created.
2026-09-08 06:40:33 WARNING [yulon.catalog.native] /home/pk/wowserver/.yulon-install.json records stages this build does not know: clone-core, clone-modules, generate-compose, build, client-data, import. They are kept in the file and ignored for this run — this is usually an older Yu'lon opening an install a newer one created.
[06:40:33]   plan came back: after 0.6s
[06:40:33] --- the plan the user is shown ---
This removes /home/pk/wowserver (2.4 GB) and this server's Docker project yulon-wow-wotlk-243c46e3:
  containers: ac-authserver, ac-worldserver, ac-db-import, ac-database, ac-client-data-init
  images: 4 built for this install
  volumes removed: yulon-wow-wotlk-243c46e3_client-data, yulon-wow-wotlk-243c46e3_db-data
  your characters go with the database volume.
It does not touch your backups — an uninstall that deleted them would make "Keep my characters" pointless in the one case it matters; your WoW client folder, including any files a module put into it; firewall rules, port forwards and anything else on the host; Docker, WSL, and every other dependency Yu'lon provisioned; another install of this game in another folder — different path, different install id, different project; this install's saved log snapshots, its stored server credential, and — if you keep your characters — the copy of the database password that opens the volume they are in, all under Yu'lon's own config directory.
[06:40:33] --- end ---
[06:40:33] confirm button shown to the user: True
[06:40:33] -- press: Uninstall this server (the destructive one)
2026-09-08 06:40:33 WARNING [yulon.catalog.native] /home/pk/wowserver/.yulon-install.json records stages this build does not know: clone-core, clone-modules, generate-compose, build, client-data, import. They are kept in the file and ignored for this run — this is usually an older Yu'lon opening an install a newer one created.
2026-09-08 06:40:33 WARNING [yulon.catalog.native] /home/pk/wowserver/.yulon-install.json records stages this build does not know: clone-core, clone-modules, generate-compose, build, client-data, import. They are kept in the file and ignored for this run — this is usually an older Yu'lon opening an install a newer one created.
2026-09-08 06:40:34 INFO [yulon.logsnap] saved ac-worldserver's log to /home/pk/.local/share/yulon/logs/wow-wotlk-243c46e3-20260908T044034Z.log
2026-09-08 06:40:35 WARNING [yulon.docker] could not read the state of ac-worldserver: error: no such object: ac-worldserver
2026-09-08 06:40:35 INFO [yulon.docker] remove_staged(): removed 5 container(s); volumes untouched
2026-09-08 06:40:36 INFO [yulon.docker] removed volume yulon-wow-wotlk-243c46e3_client-data
2026-09-08 06:40:36 INFO [yulon.docker] removed volume yulon-wow-wotlk-243c46e3_db-data
2026-09-08 06:40:36 INFO [yulon.docker] removed image yulon.local/ac-wotlk-worldserver:native-243c46e3
2026-09-08 06:40:36 INFO [yulon.docker] removed image yulon.local/ac-wotlk-authserver:native-243c46e3
2026-09-08 06:40:37 INFO [yulon.docker] removed image yulon.local/ac-wotlk-db-import:native-243c46e3
2026-09-08 06:40:37 INFO [yulon.docker] removed image yulon.local/ac-wotlk-client-data:native-243c46e3
[06:40:38]   uninstall finished: after 4.5s
[06:40:38] took 4.5s
[06:40:38] --- what the tab says ---
/home/pk/wowserver was removed. The server's last log was saved to /home/pk/.local/share/yulon/logs/wow-wotlk-243c46e3-20260908T044034Z.log.
[06:40:38] --- end ---
[06:40:38] uninstalled signal carried: [('wow-wotlk', PosixPath('/home/pk/wowserver'))]
[06:40:38] action_failed carried: []
[06:40:38] AFTER: tile[wow-wotlk] text='Install' enabled=True tooltip=''
[06:40:38]   screenshots: unticked-after-tile.png, unticked-after-catalog.png
[06:40:38] the tab is gone from the window: True
[06:40:38] ===== GROUND: clause 2 UNTICKED, AFTER =====
[06:40:38] docker ps -a:
(no containers at all)
[06:40:38] docker volume ls:
(no volumes at all)
[06:40:38] docker images:
mysql:8.4
alpine/git:<none>
[06:40:38] /home/pk/wowserver exists: False   (gone)
[06:40:38] ownership answer for /home/pk/wowserver: UNCLAIMED
[06:40:38] /home/pk/.local/share/yulon/state.json exists: True
[06:40:38] state.json installs: []
[06:40:38] ===== end ground =====

[06:40:38] --- the negative, proved by asking Docker, not by reading the report ---
[06:40:38] no container:  ac- in `docker ps -a`: False
[06:40:38] no volume:     yulon-wow-wotlk-243c46e3 in `docker volume ls`: False
[06:40:38] no image:      yulon.local in `docker images`: False
[06:40:38] no folder:     /home/pk/wowserver exists: False
[06:40:38] no record:     state.json installs = []
[06:40:38] raw `docker volume ls`:
DRIVER    VOLUME NAME
[06:40:38] raw `docker ps -a`:
CONTAINER ID   IMAGE     COMMAND   CREATED   STATUS    PORTS     NAMES
[06:40:38] raw `docker images`:
IMAGE                                                                                ID             DISK USAGE   CONTENT SIZE   EXTRA
alpine/git@sha256:c0280cf9572316299b08544065d3bf35db65043d5e3963982ec50647d2746e26   c0280cf95723        138MB         37.3MB        
mysql:8.4                                                                            b3b90af2a655       1.12GB          255MB        
WARNING: This output is designed for human readability. For machine-readable output, please use --format.
