[06:17:56] ### 8.9a gate driver, stage stage1, 2026-09-08T06:17:56.668785+02:00 ###
[06:17:56] ### box: yulon-ubuntu, tree: /home/pk/gate89a ###
06:17:56  8.9a clause 1: uninstall with Keep my characters TICKED
[06:17:56] ===== GROUND: clause 1 TICKED, BEFORE -- stack up, both volumes, folder, record =====
[06:17:57] docker ps -a:
ac-authserver	Up 9 hours
ac-worldserver	Up 9 hours
ac-db-import	Exited (0) 8 hours ago
ac-database	Up 9 hours (healthy)
ac-client-data-init	Exited (0) 9 hours ago
[06:17:57] docker volume ls:
yulon-wow-wotlk-243c46e3_client-data
yulon-wow-wotlk-243c46e3_db-data
[06:17:57] docker images:
yulon.local/ac-wotlk-db-import:native-243c46e3
yulon.local/ac-wotlk-worldserver:native-243c46e3
yulon.local/ac-wotlk-authserver:native-243c46e3
yulon.local/ac-wotlk-client-data:native-243c46e3
mysql:8.4
alpine/git:<none>
[06:17:57] /home/pk/wowserver exists: True   2.3G	/home/pk/wowserver
2026-09-08 06:17:57 WARNING [yulon.catalog.native] /home/pk/wowserver/.yulon-install.json records stages this build does not know: clone-core, clone-modules, generate-compose, build, client-data, import. They are kept in the file and ignored for this run — this is usually an older Yu'lon opening an install a newer one created.
[06:17:57] ownership answer for /home/pk/wowserver: OWNED
[06:17:57] /home/pk/.local/share/yulon/state.json exists: True
[06:17:57] state.json installs: [('wow-wotlk', '/home/pk/wowserver')]
[06:17:57] characters in acore_characters (count, first, last): 1001	Aasahi	Zoyom
mysql: [Warning] Using a password on the command line interface can be insecure.
[06:17:57] ===== end ground =====

[06:17:57] characters BEFORE the purge: 1001	Aasahi	Zoyom
mysql: [Warning] Using a password on the command line interface can be insecure.
[06:17:57] window built: 1 controller tab(s), catalog view: True
[06:17:57] "Keep my characters" is ticked: True
[06:17:57] BEFORE: tile[wow-wotlk] text='Installed' enabled=False tooltip='Already installed in /home/pk/wowserver — its own tab manages it.'
[06:17:58]   screenshots: before-tile.png, before-catalog.png
[06:17:58] -- pressing Stop (the app's own button)
[06:17:58] stop button enabled: True
2026-09-08 06:17:58 INFO [yulon.logsnap] saved ac-worldserver's log to /home/pk/.local/share/yulon/logs/wow-wotlk-243c46e3-20260908T041758Z.log
2026-09-08 06:17:58 INFO [yulon.update] update check: current=0.6.59 latest=v0.6.59Public newer=False
2026-09-08 06:19:24 INFO [yulon.docker] stop_staged(): stopped; containers kept for a fast restart
[06:19:24]   stop finished: after 86.3s
[06:19:24] status label: 'status: stopping…'
[06:19:24] problem label: "The server's log was saved to /home/pk/.local/share/yulon/logs/wow-wotlk-243c46e3-20260908T041758Z.log"
[06:19:24] docker ps -a now:
ac-authserver	Exited (0) About a minute ago
ac-worldserver	Exited (0) 4 seconds ago
ac-db-import	Exited (0) 8 hours ago
ac-database	Exited (0) Less than a second ago
ac-client-data-init	Exited (0) 9 hours ago
[06:19:24] -- press: Uninstall... (plan)
2026-09-08 06:19:24 WARNING [yulon.catalog.native] /home/pk/wowserver/.yulon-install.json records stages this build does not know: clone-core, clone-modules, generate-compose, build, client-data, import. They are kept in the file and ignored for this run — this is usually an older Yu'lon opening an install a newer one created.
2026-09-08 06:19:24 WARNING [yulon.catalog.native] /home/pk/wowserver/.yulon-install.json records stages this build does not know: clone-core, clone-modules, generate-compose, build, client-data, import. They are kept in the file and ignored for this run — this is usually an older Yu'lon opening an install a newer one created.
[06:19:25]   plan came back: after 0.6s
[06:19:25] --- the plan the user is shown ---
This removes /home/pk/wowserver (2.4 GB) and this server's Docker project yulon-wow-wotlk-243c46e3:
  containers: ac-authserver, ac-worldserver, ac-db-import, ac-database, ac-client-data-init
  images: 4 built for this install
  volumes removed: yulon-wow-wotlk-243c46e3_client-data
  volumes KEPT: yulon-wow-wotlk-243c46e3_db-data — your characters. A reinstall to THIS SAME FOLDER finds them again; a reinstall anywhere else does not.
It does not touch your backups — an uninstall that deleted them would make "Keep my characters" pointless in the one case it matters; your WoW client folder, including any files a module put into it; firewall rules, port forwards and anything else on the host; Docker, WSL, and every other dependency Yu'lon provisioned; another install of this game in another folder — different path, different install id, different project; this install's saved log snapshots, its stored server credential, and — if you keep your characters — the copy of the database password that opens the volume they are in, all under Yu'lon's own config directory.
[06:19:25] --- end ---
[06:19:25] REFUSED at plan time; nothing to confirm
