Warning: Permanently added 'yulon-ubuntu2' (ED25519) to the list of known hosts.
==============================================================
T26 live step 01 -- the box as found -- 01:49:31 CEST -- yulon-ubuntu
==============================================================

---- the box -- 01:49:31 CEST ----
yulon-ubuntu
Fri Sep 11 01:49:31 AM CEST 2026
 01:49:31 up 13:01,  2 users,  load average: 1.34, 1.44, 1.36

---- the three containers -- 01:49:31 CEST ----
ac-worldserver	Up 2 hours	127.0.0.1:7878->7878/tcp, 0.0.0.0:8085->8085/tcp, [::]:8085->8085/tcp
ac-authserver	Up 2 hours	0.0.0.0:3724->3724/tcp, [::]:3724->3724/tcp
ac-database	Up 2 hours (healthy)	127.0.0.1:3306->3306/tcp, 33060/tcp
ac-worldserver: started=2026-09-10T21:46:31.042646621Z restarts=0 status=running
ac-authserver: started=2026-09-10T21:46:31.045490563Z restarts=0 status=running
ac-database: started=2026-09-10T21:46:25.318964154Z restarts=0 status=running

---- the module clone, pinned -- 01:49:31 CEST ----
b949b50bfcdd4fab937781bac2d7765e39330e4b

---- THE SIXTH BRIDGE SCRIPT -- on disk, and loaded in the RUNNING world -- 01:49:31 CEST ----
total 104
-rw-rw-r-- 1 pk pk  3167 2026-09-08 20:53 dml_addclass.lua
-rw-r--r-- 1 pk pk  5005 2026-09-10 21:32 dml_botadd.lua
-rw-rw-r-- 1 pk pk  2379 2026-09-08 20:53 dml_bridge_ping.lua
-rw-rw-r-- 1 pk pk  1276 2026-09-08 20:53 dml_login.lua
-rw-r--r-- 1 pk pk  5926 2026-09-10 18:31 dml_uninvite.lua
-rw-rw-r-- 1 pk pk  1737 2026-09-08 20:53 dml_whisper.lua
-rw-r--r-- 1 pk pk 37294 2026-09-09 02:06 LootPet2.lua
-rw-r--r-- 1 pk pk 31216 2026-09-08 23:04 LootPet.lua.bak-20260909-002427
8e0d6a0cb68c935ae256343f08c69d38  /home/pk/wowserver/env/dist/etc/modules/lua_scripts/dml_addclass.lua
958b0966ec795e655868178a1f643ba1  /home/pk/wowserver/env/dist/etc/modules/lua_scripts/dml_botadd.lua
c1cc8dfc75558d1dd4d15253aa1b99c1  /home/pk/wowserver/env/dist/etc/modules/lua_scripts/dml_bridge_ping.lua
29d64c674c1a0f9e85def3aba9c79499  /home/pk/wowserver/env/dist/etc/modules/lua_scripts/dml_login.lua
3a8dcdb503b023be4e9a526fb70fe499  /home/pk/wowserver/env/dist/etc/modules/lua_scripts/dml_uninvite.lua
2cf5d7163336b5efd48611868974ccb0  /home/pk/wowserver/env/dist/etc/modules/lua_scripts/dml_whisper.lua

the same six in this ticket's tree:
8e0d6a0cb68c935ae256343f08c69d38  /home/pk/t26-live/pylauncher/lua/party/dml_addclass.lua
958b0966ec795e655868178a1f643ba1  /home/pk/t26-live/pylauncher/lua/party/dml_botadd.lua
c1cc8dfc75558d1dd4d15253aa1b99c1  /home/pk/t26-live/pylauncher/lua/party/dml_bridge_ping.lua
29d64c674c1a0f9e85def3aba9c79499  /home/pk/t26-live/pylauncher/lua/party/dml_login.lua
3a8dcdb503b023be4e9a526fb70fe499  /home/pk/t26-live/pylauncher/lua/party/dml_uninvite.lua
2cf5d7163336b5efd48611868974ccb0  /home/pk/t26-live/pylauncher/lua/party/dml_whisper.lua

the running world started at 2026-09-10T21:46:31.042646621Z; every 'loaded' line it printed since:
[dml_addclass] loaded -- addclass relay ready
[dml_botadd] loaded -- named-character add relay ready
[dml_bridge_ping] loaded -- DML-BRIDGE-READY on request
[dml_login] loaded -- bring-online relay ready
[dml_uninvite] loaded -- group-remove relay ready
[dml_whisper] loaded

---- the module conf as deployed -- the cap and the three allow flags -- 01:49:31 CEST ----
-rw-r--r-- 1 pk pk 119723 Sep  8 21:42 /home/pk/wowserver/env/dist/etc/modules/playerbots.conf
-rw-r--r-- 1 pk pk 119723 Sep  8 22:11 /home/pk/wowserver/env/dist/etc/modules/playerbots.conf.dist
bd8d55ae591adfed443f174ed1311c61  /home/pk/wowserver/env/dist/etc/modules/playerbots.conf
83:AiPlayerbot.Enabled = 1
136:AiPlayerbot.MaxAddedBots = 40
149:AiPlayerbot.KeepAltsInGroup = 0
152:AiPlayerbot.BotAutologin = 0
155:AiPlayerbot.AllowAccountBots = 1
158:AiPlayerbot.AllowGuildBots = 1
161:AiPlayerbot.AllowTrustedAccountBots = 1

---- the owner's things -- untouchable, read here so step 09 can read them back -- 01:49:31 CEST ----
-rw-r--r-- 1 pk pk 37294 2026-09-09 02:06 /home/pk/wowserver/env/dist/etc/modules/lua_scripts/LootPet2.lua
06190339b54de63d8fd95f3210fcc298  /home/pk/wowserver/env/dist/etc/modules/lua_scripts/LootPet2.lua
706:Logger.ALE=4,Console Server
SQL: SELECT address, localAddress, localSubnetMask FROM acore_auth.realmlist;
100.99.204.5	100.99.204.5	255.255.255.0
SQL: SELECT id, username, last_login FROM acore_auth.account WHERE username IN ('PERZI','YULONADMIN','YULON_243C46E3') ORDER BY id;
101	YULON_243C46E3	NULL
102	PERZI	2026-09-08 23:24:16
103	YULONADMIN	NULL
SQL: SELECT guid, account, name, level, online FROM acore_characters.characters WHERE name = 'Pakka';
1001	102	Pakka	6	0

---- the counts this lane will be read back against -- 01:49:32 CEST ----
SQL: SELECT COUNT(*) FROM acore_auth.account;
103
SQL: SELECT COUNT(*) FROM acore_auth.account_access;
3
SQL: SELECT COUNT(*) FROM acore_characters.characters;
1001
SQL: SELECT COUNT(*) FROM acore_characters.characters WHERE online = 1;
500
SQL: SELECT COUNT(*) FROM acore_characters.guild;
20
SQL: SELECT COUNT(*) FROM acore_characters.guild_member;
300
SQL: SELECT COUNT(*) FROM acore_characters.groups;
0
SQL: SELECT COUNT(*) FROM acore_characters.group_member;
0
SQL: SELECT COUNT(*) FROM acore_playerbots.playerbots_account_links;
0
SQL: SELECT COUNT(*) FROM acore_playerbots.playerbots_account_keys;
0
SQL: SELECT account_type, COUNT(*) FROM acore_playerbots.playerbots_account_type GROUP BY account_type;
1	50
2	50

---- this server's own MaxPlayerLevel, and the pool this lane will copy a character out of -- 01:49:33 CEST ----
2128:MaxPlayerLevel = 80
SQL: SELECT c.guid, c.name, c.account, c.race, c.class, c.level, c.online FROM acore_characters.characters c JOIN acore_playerbots.playerbots_account_type t ON t.account_id = c.account WHERE t.account_type = 2 AND c.online = 0 ORDER BY c.guid LIMIT 5;
501	Rinmu	51	3	1	1	0
502	Perlis	51	10	2	1	0
503	Aurorina	51	10	3	1	0
504	Silarianna	51	10	4	1	0
505	Alaash	51	10	5	1	0

---- the world answers, and what is in it -- 01:49:33 CEST ----
worldserver running started=2026-09-10T21:46:31.042646621Z restarts=0
COMMAND: server info
outcome=yes reason=''
text='AzerothCore rev. 413bea61a85e+ 2026-09-04 09:03:49 -0700 (HEAD branch) (Unix, RelWithDebInfo, Static)\r\nConnected players: 0. Characters in world: 500.\r\nConnection peak: 0.\r\nMinimum account security level to log in: 0.\r\nServer uptime: 2 hour(s) 3 minute(s) 3 second(s)\r\nUpdate time diff: 8ms. Last 500 diffs summary:\r\n|- Mean: 40ms\r\n|- Median: 6ms\r\n|- Percentiles (95, 99, max): 141ms, 148ms, 152ms\r\n'
worldserver running started=2026-09-10T21:46:31.042646621Z restarts=0
COMMAND: dml_bridge_ping
outcome=yes reason=''
text='DML-BRIDGE-READY dml_bridge_ping\r\n'

---- the panel's own preconditions -- 01:49:35 CEST ----
worldserver running started=2026-09-10T21:46:31.042646621Z restarts=0
facts: Facts(server_installed=True, world_running=True, engine_cloned=True, engine_in_binary=True, conf_present=True, engine_enabled=True, script_path='/azerothcore/env/dist/etc/modules/lua_scripts', deployed=('LootPet2.lua', 'dml_addclass.lua', 'dml_botadd.lua', 'dml_bridge_ping.lua', 'dml_login.lua', 'dml_uninvite.lua', 'dml_whisper.lua'), bridge_answered=True)
ready: True  blocker: None

---- done -- 01:49:36 CEST ----
step 01 finished 01:49:36 CEST
