Warning: Permanently added 'yulon-ubuntu2' (ED25519) to the list of known hosts.
==============================================================
T26 live step 02 -- the throwaway accounts and characters -- 01:52:50 CEST -- yulon-ubuntu
==============================================================

---- the source character, before it is copied -- 01:52:50 CEST ----
SQL: SELECT guid, name, account, race, class, level, online FROM acore_characters.characters WHERE name = 'Rinmu';
501	Rinmu	51	3	1	1	0
SQL: SELECT COUNT(*) FROM acore_characters.guild_member WHERE guid = (SELECT guid FROM acore_characters.characters WHERE name = 'Rinmu');
0

---- the three accounts, through the Accounts tab's own create_account -- 01:52:50 CEST ----
2026-09-11 01:52:51 INFO [yulon.controller_wow_wotlk.accounts] account T26MASTER already exists (id 116), keeping its password
worldserver running started=2026-09-10T21:46:31.042646621Z restarts=0
01:52:52.156  create_account('T26MASTER') -> created=False gm_level=0
2026-09-11 01:52:53 INFO [yulon.controller_wow_wotlk.accounts] account T26MATE already exists (id 117), keeping its password
worldserver running started=2026-09-10T21:46:31.042646621Z restarts=0
01:52:53.414  create_account('T26MATE') -> created=False gm_level=0
2026-09-11 01:52:54 INFO [yulon.controller_wow_wotlk.accounts] account T26FRIEND already exists (id 118), keeping its password
worldserver running started=2026-09-10T21:46:31.042646621Z restarts=0
01:52:54.679  create_account('T26FRIEND') -> created=False gm_level=0
SQL: SELECT id, username, email, joindate FROM acore_auth.account WHERE username LIKE 'T26%' ORDER BY id;
116	T26MASTER		2026-09-10 23:51:25
117	T26MATE		2026-09-10 23:51:27
118	T26FRIEND		2026-09-10 23:51:28
SQL: SELECT COUNT(*) FROM acore_auth.account_access;
3

---- the dump written out of the running world -- 01:52:54 CEST ----
window opens at 2026-09-10T23:52:54Z
worldserver running started=2026-09-10T21:46:31.042646621Z restarts=0
COMMAND: pdump write t26src.dump Rinmu
outcome=yes reason=''
text='Character dumped successfully!\r\n'
-rw-r--r-- 1 acore acore 11560 Sep 10 23:52 /azerothcore/t26src.dump
IMPORTANT NOTE: THIS DUMPFILE IS MADE FOR USE WITH THE 'PDUMP' COMMAND ONLY - EITHER THROUGH INGAME CHAT OR ON CONSOLE!
IMPORTANT NOTE: DO NOT apply it directly - it will irreversibly DAMAGE and CORRUPT your database! You have been warned!

74 /azerothcore/t26src.dump

---- the four characters loaded back in, under new names on the three accounts -- 01:52:56 CEST ----
>>> .pdump load t26src.dump T26MASTER Tsixmaster
worldserver running started=2026-09-10T21:46:31.042646621Z restarts=0
COMMAND: pdump load t26src.dump T26MASTER Tsixmaster
outcome=yes reason=''
text='Character loaded successfully!\r\n'
>>> .pdump load t26src.dump T26MASTER Tsixalt
worldserver running started=2026-09-10T21:46:31.042646621Z restarts=0
COMMAND: pdump load t26src.dump T26MASTER Tsixalt
outcome=yes reason=''
text='Character loaded successfully!\r\n'
>>> .pdump load t26src.dump T26MATE Tsixmate
worldserver running started=2026-09-10T21:46:31.042646621Z restarts=0
COMMAND: pdump load t26src.dump T26MATE Tsixmate
outcome=yes reason=''
text='Character loaded successfully!\r\n'
>>> .pdump load t26src.dump T26FRIEND Tsixfriend
worldserver running started=2026-09-10T21:46:31.042646621Z restarts=0
COMMAND: pdump load t26src.dump T26FRIEND Tsixfriend
outcome=yes reason=''
text='Character loaded successfully!\r\n'

---- what they are now -- and that none of them is in a pool or a guild -- 01:52:59 CEST ----
SQL: SELECT c.guid, c.name, c.account, a.username, c.race, c.class, c.level, c.online FROM acore_characters.characters c JOIN acore_auth.account a ON a.id = c.account WHERE c.name IN ('Tsixmaster','Tsixalt','Tsixmate','Tsixfriend') ORDER BY c.guid;
1002	Tsixmaster	116	T26MASTER	3	1	1	0
1003	Tsixalt	116	T26MASTER	3	1	1	0
1004	Tsixmate	117	T26MATE	3	1	1	0
1005	Tsixfriend	118	T26FRIEND	3	1	1	0
SQL: SELECT COUNT(*) FROM acore_playerbots.playerbots_account_type WHERE account_id IN (SELECT account FROM acore_characters.characters WHERE name IN ('Tsixmaster','Tsixalt','Tsixmate','Tsixfriend'));
0
SQL: SELECT COUNT(*) FROM acore_characters.guild_member WHERE guid IN (SELECT guid FROM acore_characters.characters WHERE name IN ('Tsixmaster','Tsixalt','Tsixmate','Tsixfriend'));
0
SQL: SELECT COUNT(*) FROM acore_playerbots.playerbots_account_links;
0

---- the counts, moved by exactly what this step made -- 01:52:59 CEST ----
SQL: SELECT COUNT(*) FROM acore_auth.account;
106
SQL: SELECT COUNT(*) FROM acore_characters.characters;
1005
SQL: SELECT COUNT(*) FROM acore_characters.characters WHERE online = 1;
500
SQL: SELECT COUNT(*) FROM acore_characters.group_member;
0

---- the world's own log for the window -- 01:53:00 CEST ----

---- the dump file removed from the container -- 01:53:00 CEST ----
ls: cannot access '/azerothcore/t26src.dump': No such file or directory

---- done -- 01:53:00 CEST ----
step 02 finished 01:53:00 CEST
