Warning: Permanently added 'yulon-ubuntu2' (ED25519) to the list of known hosts.
==============================================================
T26 live step 04 -- the picker, the alt, and the online refusal -- 02:18:16 CEST -- yulon-ubuntu
==============================================================

---- who is in the world -- the master is a REAL session, which is what this route needs -- 02:18:16 CEST ----
worldserver running started=2026-09-10T21:46:31.042646621Z restarts=0
COMMAND: server info
outcome=yes reason=''
text='AzerothCore rev. 413bea61a85e+ 2026-09-04 09:03:49 -0700 (HEAD branch) (Unix, RelWithDebInfo, Static)\r\nConnected players: 1. Characters in world: 501.\r\nConnection peak: 1.\r\nMinimum account security level to log in: 0.\r\nServer uptime: 2 hour(s) 31 minute(s) 46 second(s)\r\nUpdate time diff: 2ms. Last 500 diffs summary:\r\n|- Mean: 44ms\r\n|- Median: 7ms\r\n|- Percentiles (95, 99, max): 172ms, 179ms, 184ms\r\n'
SQL: SELECT guid, name, account, level, online FROM acore_characters.characters WHERE name LIKE 'Tsix%' ORDER BY guid;
1002	Tsixmaster	116	1	1
1003	Tsixalt	116	1	0
1004	Tsixmate	117	1	0
1005	Tsixfriend	118	1	0
worldserver running started=2026-09-10T21:46:31.042646621Z restarts=0
facts: Facts(server_installed=True, world_running=True, engine_cloned=True, engine_in_binary=True, conf_present=True, engine_enabled=True, script_path='/azerothcore/env/dist/etc/modules/lua_scripts', deployed=('LootPet2.lua', 'dml_addclass.lua', 'dml_botadd.lua', 'dml_bridge_ping.lua', 'dml_login.lua', 'dml_uninvite.lua', 'dml_whisper.lua'), bridge_answered=True)
ready: True  blocker: None
    ok server_installed
    ok world_running
    ok engine_cloned
    ok engine_in_binary
    ok conf_present
    ok engine_enabled
    ok script_path
    ok deployed
    ok bridge_answered
Tsixmaster: online guid = 1002
Tsixmaster: seam.members -> ()

---- THE PICKER, before anything is linked and before any guild exists -- 02:18:21 CEST ----
worldserver running started=2026-09-10T21:46:31.042646621Z restarts=0
02:18:21.998  InstallParty.candidates('Tsixmaster')
    problem : ''
    added   : 0   max_added: 40
    note    : The server's added-bot cap (40) could not be checked from here: the module counts the bots it controls, which is not what the group table holds. A refusal arrives in Tsixmaster's game window.
    rows    : 1004  (offered 501)
      OFFER  Achemassap     level 1   RNDBOT86                       one of the server's addclass bots, which anybody may add
      OFFER  Achevon        level 1   RNDBOT98                       one of the server's addclass bots, which anybody may add
      OFFER  Actevar        level 1   RNDBOT80                       one of the server's addclass bots, which anybody may add
      OFFER  Adgan          level 1   RNDBOT69                       one of the server's addclass bots, which anybody may add
      OFFER  Adlas          level 1   RNDBOT59                       one of the server's addclass bots, which anybody may add
      OFFER  Advehgo        level 1   RNDBOT93                       one of the server's addclass bots, which anybody may add
      OFFER  Aellania       level 1   RNDBOT63                       one of the server's addclass bots, which anybody may add
      OFFER  Aelloine       level 1   RNDBOT62                       one of the server's addclass bots, which anybody may add
      OFFER  Aelmir         level 1   RNDBOT59                       one of the server's addclass bots, which anybody may add
      OFFER  Aeolienne      level 1   RNDBOT96                       one of the server's addclass bots, which anybody may add
      OFFER  Aevaine        level 1   RNDBOT74                       one of the server's addclass bots, which anybody may add
      OFFER  Aevine         level 1   RNDBOT60                       one of the server's addclass bots, which anybody may add
      OFFER  Aisuhre        level 1   RNDBOT91                       one of the server's addclass bots, which anybody may add
      OFFER  Alaash         level 1   RNDBOT50                       one of the server's addclass bots, which anybody may add
      OFFER  Alaelas        level 1   RNDBOT80                       one of the server's addclass bots, which anybody may add
      OFFER  Alanny         level 1   RNDBOT88                       one of the server's addclass bots, which anybody may add
      OFFER  Aldrico        level 1   RNDBOT51                       one of the server's addclass bots, which anybody may add
      OFFER  Aledon         level 1   RNDBOT84                       one of the server's addclass bots, which anybody may add
      OFFER  Aleidel        level 1   RNDBOT59                       one of the server's addclass bots, which anybody may add
      OFFER  Alelaar        level 1   RNDBOT81                       one of the server's addclass bots, which anybody may add
      ... and more (only the first 20 offered rows are printed)
    refused : 503
      GREY   Aalmis         level 42  RNDBOT29                       logged in — the module refuses a character that is in the world
      GREY   Ackun          level 28  RNDBOT42                       logged in — the module refuses a character that is in the world
      GREY   Aeruzen        level 7   RNDBOT14                       logged in — the module refuses a character that is in the world
      GREY   Ahodaar        level 19  RNDBOT30 — Black Sentinels     logged in — the module refuses a character that is in the world
      GREY   Ahwo           level 65  RNDBOT25 — Sword of Lost Evil  logged in — the module refuses a character that is in the world
      GREY   Akke           level 47  RNDBOT49                       logged in — the module refuses a character that is in the world
      GREY   Akye           level 55  RNDBOT3 — Dragon Armada        logged in — the module refuses a character that is in the world
      GREY   Alaines        level 79  RNDBOT49 — Allegiance of the Vile logged in — the module refuses a character that is in the world
      GREY   Alanlynna      level 75  RNDBOT38 — Minions of the Shadow logged in — the module refuses a character that is in the world
      GREY   Alannon        level 45  RNDBOT5 — Children of Chaos    logged in — the module refuses a character that is in the world
      GREY   Alerea         level 30  RNDBOT2 — Bloody Crusaders     logged in — the module refuses a character that is in the world
      GREY   Alethil        level 41  RNDBOT40                       logged in — the module refuses a character that is in the world
      GREY   Allarin        level 79  RNDBOT2 — Sword of Lost Evil   logged in — the module refuses a character that is in the world
      GREY   Almere         level 55  RNDBOT30 — Black Sentinels     logged in — the module refuses a character that is in the world
      GREY   Almosuun       level 43  RNDBOT4                        logged in — the module refuses a character that is in the world
      GREY   Alrayu         level 31  RNDBOT33                       logged in — the module refuses a character that is in the world
      GREY   Amilana        level 21  RNDBOT13 — Order of Gold       logged in — the module refuses a character that is in the world
      GREY   Amilune        level 71  RNDBOT39 — Order of Gold       logged in — the module refuses a character that is in the world
      GREY   Anallaeth      level 9   RNDBOT12 — Allegiance of the Vile logged in — the module refuses a character that is in the world
      GREY   Ancey          level 19  RNDBOT16 — Order of Honor      logged in — the module refuses a character that is in the world
    the rows this lane is about (Tsix*), every one of them:
      OFFER  Tsixalt        level 1   T26MASTER                      on this character's own account
      GREY   Tsixfriend     level 1   T26FRIEND                      not on this character's account, not in its guild, not an addclass bot, and not on a linked account
      GREY   Tsixmate       level 1   T26MATE                        not on this character's account, not in its guild, not an addclass bot, and not on a linked account

---- CLAIM 1 -- InstallParty.add_named(Tsixmaster, Tsixalt) -- 02:18:22 CEST ----
window opens at 2026-09-11T00:18:22Z
dml_botadd lines in the window BEFORE the press: 0
group_member rows before: 0
Tsixalt online before: 0
worldserver running started=2026-09-10T21:46:31.042646621Z restarts=0
02:18:23.888  InstallParty.add_named('Tsixmaster', 'Tsixalt')
02:18:26.336  added=True joined=True name='Tsixalt' unreadable=False
    blocker : ''
    sentence: Tsixalt joined the party.
>>> the world's own log for that window:
[dml_botadd] Tsixmaster ran: .playerbots bot add Tsixalt

---- what the party holds now, and what the ALT is now -- 02:18:26 CEST ----
SQL: SELECT gm.guid, c.name, c.account, c.online, gm.memberFlags FROM acore_characters.group_member gm JOIN acore_characters.characters c ON c.guid = gm.guid ORDER BY gm.guid;
3	Dumgorem	1	1	0
3	Dumgorem	1	1	0
SQL: SELECT guid, name, account, level, online FROM acore_characters.characters WHERE name LIKE 'Tsix%' ORDER BY guid;
1002	Tsixmaster	116	1	1
1003	Tsixalt	116	1	1
1004	Tsixmate	117	1	0
1005	Tsixfriend	118	1	0
worldserver running started=2026-09-10T21:46:31.042646621Z restarts=0
()

---- the same press again while it is IN the party -- the app stops before sending -- 02:18:27 CEST ----
worldserver running started=2026-09-10T21:46:31.042646621Z restarts=0
02:18:28.661  InstallParty.add_named('Tsixmaster', 'Tsixalt')
02:18:30.058  added=False joined=False name='Tsixalt' unreadable=False
    blocker : "Tsixalt is already in Tsixmaster's party, so nothing was sent. Adding a character that is already there could not be shown to have done anything."
    sentence: Tsixalt is already in Tsixmaster's party, so nothing was sent. Adding a character that is already there could not be shown to have done anything.

---- STAGING (not a claim): the bridge's own uninvite, which leaves the bot logged in -- 02:18:30 CEST ----
worldserver running started=2026-09-10T21:46:31.042646621Z restarts=0
COMMAND: dml_uninvite Tsixmaster Tsixalt
outcome=yes reason=''
text=''
SQL: SELECT COUNT(*) FROM acore_characters.group_member;
0
SQL: SELECT guid, name, online FROM acore_characters.characters WHERE name = 'Tsixalt';
1003	Tsixalt	1
[dml_uninvite] removed Tsixalt from group

---- CLAIM 4 -- the SAME name pressed again, now that it is in the world and out of the party -- 02:18:34 CEST ----
window opens at 2026-09-11T00:18:34Z
dml_botadd lines in the window BEFORE the press: 0
worldserver running started=2026-09-10T21:46:31.042646621Z restarts=0
02:18:35.301  InstallParty.add_named('Tsixmaster', 'Tsixalt')
02:18:36.856  added=False joined=False name='Tsixalt' unreadable=False
    blocker : ''
    sentence: Tsixalt was not added: the server says Tsixalt was not added to Tsixmaster's party (Tsixalt is logged in)
>>> the world's own log for that window:
[dml_botadd] Tsixalt was not added to Tsixmaster's party (Tsixalt is logged in)
SQL: SELECT COUNT(*) FROM acore_characters.group_member;
0

---- and the picker greys it for the same reason -- 02:18:37 CEST ----
worldserver running started=2026-09-10T21:46:31.042646621Z restarts=0
02:18:38.000  InstallParty.candidates('Tsixmaster')
    problem : ''
    added   : 0   max_added: 40
    note    : The server's added-bot cap (40) could not be checked from here: the module counts the bots it controls, which is not what the group table holds. A refusal arrives in Tsixmaster's game window.
    rows    : 1004  (offered 500)
      OFFER  Achemassap     level 1   RNDBOT86                       one of the server's addclass bots, which anybody may add
      OFFER  Achevon        level 1   RNDBOT98                       one of the server's addclass bots, which anybody may add
      OFFER  Actevar        level 1   RNDBOT80                       one of the server's addclass bots, which anybody may add
      OFFER  Adgan          level 1   RNDBOT69                       one of the server's addclass bots, which anybody may add
      OFFER  Adlas          level 1   RNDBOT59                       one of the server's addclass bots, which anybody may add
      OFFER  Advehgo        level 1   RNDBOT93                       one of the server's addclass bots, which anybody may add
      OFFER  Aellania       level 1   RNDBOT63                       one of the server's addclass bots, which anybody may add
      OFFER  Aelloine       level 1   RNDBOT62                       one of the server's addclass bots, which anybody may add
      OFFER  Aelmir         level 1   RNDBOT59                       one of the server's addclass bots, which anybody may add
      OFFER  Aeolienne      level 1   RNDBOT96                       one of the server's addclass bots, which anybody may add
      OFFER  Aevaine        level 1   RNDBOT74                       one of the server's addclass bots, which anybody may add
      OFFER  Aevine         level 1   RNDBOT60                       one of the server's addclass bots, which anybody may add
      OFFER  Aisuhre        level 1   RNDBOT91                       one of the server's addclass bots, which anybody may add
      OFFER  Alaash         level 1   RNDBOT50                       one of the server's addclass bots, which anybody may add
      OFFER  Alaelas        level 1   RNDBOT80                       one of the server's addclass bots, which anybody may add
      OFFER  Alanny         level 1   RNDBOT88                       one of the server's addclass bots, which anybody may add
      OFFER  Aldrico        level 1   RNDBOT51                       one of the server's addclass bots, which anybody may add
      OFFER  Aledon         level 1   RNDBOT84                       one of the server's addclass bots, which anybody may add
      OFFER  Aleidel        level 1   RNDBOT59                       one of the server's addclass bots, which anybody may add
      OFFER  Alelaar        level 1   RNDBOT81                       one of the server's addclass bots, which anybody may add
      ... and more (only the first 20 offered rows are printed)
    refused : 504
      GREY   Aalmis         level 42  RNDBOT29                       logged in — the module refuses a character that is in the world
      GREY   Ackun          level 28  RNDBOT42                       logged in — the module refuses a character that is in the world
      GREY   Aeruzen        level 7   RNDBOT14                       logged in — the module refuses a character that is in the world
      GREY   Ahodaar        level 19  RNDBOT30 — Black Sentinels     logged in — the module refuses a character that is in the world
      GREY   Ahwo           level 65  RNDBOT25 — Sword of Lost Evil  logged in — the module refuses a character that is in the world
      GREY   Akke           level 47  RNDBOT49                       logged in — the module refuses a character that is in the world
      GREY   Akye           level 55  RNDBOT3 — Dragon Armada        logged in — the module refuses a character that is in the world
      GREY   Alaines        level 79  RNDBOT49 — Allegiance of the Vile logged in — the module refuses a character that is in the world
      GREY   Alanlynna      level 75  RNDBOT38 — Minions of the Shadow logged in — the module refuses a character that is in the world
      GREY   Alannon        level 45  RNDBOT5 — Children of Chaos    logged in — the module refuses a character that is in the world
      GREY   Alerea         level 30  RNDBOT2 — Bloody Crusaders     logged in — the module refuses a character that is in the world
      GREY   Alethil        level 41  RNDBOT40                       logged in — the module refuses a character that is in the world
      GREY   Allarin        level 79  RNDBOT2 — Sword of Lost Evil   logged in — the module refuses a character that is in the world
      GREY   Almere         level 55  RNDBOT30 — Black Sentinels     logged in — the module refuses a character that is in the world
      GREY   Almosuun       level 43  RNDBOT4                        logged in — the module refuses a character that is in the world
      GREY   Alrayu         level 31  RNDBOT33                       logged in — the module refuses a character that is in the world
      GREY   Amilana        level 21  RNDBOT13 — Order of Gold       logged in — the module refuses a character that is in the world
      GREY   Amilune        level 71  RNDBOT39 — Order of Gold       logged in — the module refuses a character that is in the world
      GREY   Anallaeth      level 9   RNDBOT12 — Allegiance of the Vile logged in — the module refuses a character that is in the world
      GREY   Ancey          level 19  RNDBOT16 — Order of Honor      logged in — the module refuses a character that is in the world
    the rows this lane is about (Tsix*), every one of them:
      GREY   Tsixalt        level 1   T26MASTER                      logged in — the module refuses a character that is in the world
      GREY   Tsixfriend     level 1   T26FRIEND                      not on this character's account, not in its guild, not an addclass bot, and not on a linked account
      GREY   Tsixmate       level 1   T26MATE                        not on this character's account, not in its guild, not an addclass bot, and not on a linked account

---- done -- 02:18:38 CEST ----
step 04 finished 02:18:38 CEST
