Warning: Permanently added 'yulon-ubuntu2' (ED25519) to the list of known hosts.
==============================================================
T26 live step 05 -- the guild mate -- 02:06:59 CEST -- yulon-ubuntu
==============================================================

---- the guilds before -- and that neither character is in one -- 02:06:59 CEST ----
SQL: SELECT COUNT(*) FROM acore_characters.guild;
20
SQL: SELECT COUNT(*) FROM acore_characters.guild_member;
300
SQL: SELECT guildid FROM acore_characters.guild_member WHERE guid IN (SELECT guid FROM acore_characters.characters WHERE name IN ('Tsixmaster','Tsixmate'));
SQL: SELECT guildid, name FROM acore_characters.guild WHERE name = 'T26Kinfolk';

---- the guild made, with the master as its leader -- 02:06:59 CEST ----
worldserver running started=2026-09-10T21:46:31.042646621Z restarts=0
COMMAND: guild create Tsixmaster T26Kinfolk
outcome=yes reason=''
text=''
worldserver running started=2026-09-10T21:46:31.042646621Z restarts=0
COMMAND: guild invite Tsixmate T26Kinfolk
outcome=yes reason=''
text=''
SQL: SELECT g.guildid, g.name, g.leaderguid FROM acore_characters.guild g WHERE g.name = 'T26Kinfolk';
21	T26Kinfolk	1002
SQL: SELECT gm.guildid, gm.guid, c.name, c.account, c.online FROM acore_characters.guild_member gm JOIN acore_characters.characters c ON c.guid = gm.guid WHERE gm.guildid = (SELECT guildid FROM acore_characters.guild WHERE name = 'T26Kinfolk') ORDER BY gm.guid;
21	1002	Tsixmaster	116	1
21	1004	Tsixmate	117	0
SQL: SELECT COUNT(*) FROM acore_characters.guild;
21
SQL: SELECT COUNT(*) FROM acore_characters.guild_member;
302

---- THE PICKER now -- the row that changed is the guild mate's -- 02:07:03 CEST ----
worldserver running started=2026-09-10T21:46:31.042646621Z restarts=0
02:07:04.785  InstallParty.candidates('Tsixmaster')
    problem : ''
    added   : 0   max_added: 40
    note    : The server's added-bot cap (40) could not be checked from here: the module counts the bots it controls, which is not what the group table holds. A refusal arrives in Tsixmaster's game window.
    rows    : 1004  (offered 501)
      OFFER  Achemassap     level 1   RNDBOT86                       one of the server's addclass bots, which anybody may add
      OFFER  Achevon        level 1   RNDBOT98                       one of the server's addclass bots, which anybody may add
      OFFER  Actevar        level 1   RNDBOT80                       one of the server's addclass bots, which anybody may add
      OFFER  Adgan          level 1   RNDBOT69                       one of the server's addclass bots, which anybody may add
      OFFER  Adlas          level 1   RNDBOT59                       one of the server's addclass bots, which anybody may add
      OFFER  Advehgo        level 1   RNDBOT93                       one of the server's addclass bots, which anybody may add
      OFFER  Aellania       level 1   RNDBOT63                       one of the server's addclass bots, which anybody may add
      OFFER  Aelloine       level 1   RNDBOT62                       one of the server's addclass bots, which anybody may add
      OFFER  Aelmir         level 1   RNDBOT59                       one of the server's addclass bots, which anybody may add
      OFFER  Aeolienne      level 1   RNDBOT96                       one of the server's addclass bots, which anybody may add
      OFFER  Aevaine        level 1   RNDBOT74                       one of the server's addclass bots, which anybody may add
      OFFER  Aevine         level 1   RNDBOT60                       one of the server's addclass bots, which anybody may add
      OFFER  Aisuhre        level 1   RNDBOT91                       one of the server's addclass bots, which anybody may add
      OFFER  Alaash         level 1   RNDBOT50                       one of the server's addclass bots, which anybody may add
      OFFER  Alaelas        level 1   RNDBOT80                       one of the server's addclass bots, which anybody may add
      OFFER  Alanny         level 1   RNDBOT88                       one of the server's addclass bots, which anybody may add
      OFFER  Aldrico        level 1   RNDBOT51                       one of the server's addclass bots, which anybody may add
      OFFER  Aledon         level 1   RNDBOT84                       one of the server's addclass bots, which anybody may add
      OFFER  Aleidel        level 1   RNDBOT59                       one of the server's addclass bots, which anybody may add
      OFFER  Alelaar        level 1   RNDBOT81                       one of the server's addclass bots, which anybody may add
      ... and more (only the first 20 offered rows are printed)
    refused : 503
      GREY   Aalmis         level 42  RNDBOT29                       logged in — the module refuses a character that is in the world
      GREY   Ackun          level 28  RNDBOT42                       logged in — the module refuses a character that is in the world
      GREY   Aeruzen        level 7   RNDBOT14                       logged in — the module refuses a character that is in the world
      GREY   Ahodaar        level 19  RNDBOT30 — Black Sentinels     logged in — the module refuses a character that is in the world
      GREY   Ahwo           level 65  RNDBOT25 — Sword of Lost Evil  logged in — the module refuses a character that is in the world
      GREY   Akke           level 47  RNDBOT49                       logged in — the module refuses a character that is in the world
      GREY   Akye           level 55  RNDBOT3 — Dragon Armada        logged in — the module refuses a character that is in the world
      GREY   Alaines        level 79  RNDBOT49 — Allegiance of the Vile logged in — the module refuses a character that is in the world
      GREY   Alanlynna      level 75  RNDBOT38 — Minions of the Shadow logged in — the module refuses a character that is in the world
      GREY   Alannon        level 45  RNDBOT5 — Children of Chaos    logged in — the module refuses a character that is in the world
      GREY   Alerea         level 30  RNDBOT2 — Bloody Crusaders     logged in — the module refuses a character that is in the world
      GREY   Alethil        level 41  RNDBOT40                       logged in — the module refuses a character that is in the world
      GREY   Allarin        level 79  RNDBOT2 — Sword of Lost Evil   logged in — the module refuses a character that is in the world
      GREY   Almere         level 55  RNDBOT30 — Black Sentinels     logged in — the module refuses a character that is in the world
      GREY   Almosuun       level 43  RNDBOT4                        logged in — the module refuses a character that is in the world
      GREY   Alrayu         level 31  RNDBOT33                       logged in — the module refuses a character that is in the world
      GREY   Amilana        level 21  RNDBOT13 — Order of Gold       logged in — the module refuses a character that is in the world
      GREY   Amilune        level 71  RNDBOT39 — Order of Gold       logged in — the module refuses a character that is in the world
      GREY   Anallaeth      level 9   RNDBOT12 — Allegiance of the Vile logged in — the module refuses a character that is in the world
      GREY   Ancey          level 19  RNDBOT16 — Order of Honor      logged in — the module refuses a character that is in the world
    the rows this lane is about (Tsix*), every one of them:
      GREY   Tsixalt        level 1   T26MASTER                      logged in — the module refuses a character that is in the world
      GREY   Tsixfriend     level 1   T26FRIEND                      not on this character's account, not in its guild, not an addclass bot, and not on a linked account
      OFFER  Tsixmate       level 1   T26MATE — T26Kinfolk           in this character's guild

---- CLAIM 2 -- InstallParty.add_named(Tsixmaster, Tsixmate) -- 02:07:05 CEST ----
window opens at 2026-09-11T00:07:05Z
dml_botadd lines in the window BEFORE the press: 0
group_member rows before: 0
Tsixmate online before: 0
worldserver running started=2026-09-10T21:46:31.042646621Z restarts=0
02:07:06.718  InstallParty.add_named('Tsixmaster', 'Tsixmate')
02:07:16.602  added=True joined=False name='Tsixmate' unreadable=False
    blocker : ''
    sentence: the server was asked to add Tsixmate and no bot by that name joined the party within 6 seconds. This command answers only in Tsixmaster's own game window, so if the server refused it, its words are there and not here.
>>> the world's own log for that window:
[dml_botadd] Tsixmaster ran: .playerbots bot add Tsixmate

---- the group table RAW -- group_member.guid is the GROUP, memberGuid is the member -- 02:07:16 CEST ----
SQL: SELECT gm.guid AS group_id, gm.memberGuid, c.name, c.account, c.online FROM acore_characters.group_member gm JOIN acore_characters.characters c ON c.guid = gm.memberGuid ORDER BY gm.guid, gm.memberGuid;
2	1002	Tsixmaster	116	1
2	1004	Tsixmate	117	1
SQL: SELECT guid, name, account, online FROM acore_characters.characters WHERE name LIKE 'Tsix%' ORDER BY guid;
1002	Tsixmaster	116	1
1003	Tsixalt	116	1
1004	Tsixmate	117	1
1005	Tsixfriend	118	0
worldserver running started=2026-09-10T21:46:31.042646621Z restarts=0
()

---- done -- 02:07:18 CEST ----
step 05 finished 02:07:18 CEST
