Warning: Permanently added 'yulon-ubuntu2' (ED25519) to the list of known hosts.
==============================================================
T26 live step 06 -- the linked account -- 02:21:04 CEST -- yulon-ubuntu
==============================================================

---- the link table before -- empty, as step 01 read it -- 02:21:04 CEST ----
SQL: SELECT * FROM acore_playerbots.playerbots_account_links;
SQL: SELECT COUNT(*) FROM acore_playerbots.playerbots_account_links;
0
SQL: SELECT id, username FROM acore_auth.account WHERE username LIKE 'T26%' ORDER BY id;
116	T26MASTER
117	T26MATE
118	T26FRIEND

---- the FIRST press -- InstallParty.link_plan, which writes nothing -- 02:21:04 CEST ----
worldserver running started=2026-09-10T21:46:31.042646621Z restarts=0
02:21:05.577  InstallParty.link_plan('Tsixmaster', 'T26FRIEND')
02:21:06.019  linked=False master_account='T26MASTER' other_account='T26FRIEND'
    blocker : ''
    sentence: This links the account T26MASTER to the account T26FRIEND, both ways. From then on this server lets T26MASTER add every character of T26FRIEND as a bot, and lets T26FRIEND add every character of T26MASTER. It is two rows in playerbots_account_links and nothing else; press again to write them.
SQL: SELECT COUNT(*) FROM acore_playerbots.playerbots_account_links;
0

---- the refusals this control makes, pressed rather than described -- 02:21:06 CEST ----
worldserver running started=2026-09-10T21:46:31.042646621Z restarts=0
02:21:06.965  InstallParty.link_account('Tsixmaster', 'T26MASTER')
02:21:07.293  linked=False master_account='T26MASTER' other_account='T26MASTER'
    blocker : "T26MASTER is Tsixmaster's own account, so there is nothing to link -- this server already lets a character add every other character on its own account. Nothing was written."
    sentence: T26MASTER is Tsixmaster's own account, so there is nothing to link -- this server already lets a character add every other character on its own account. Nothing was written.
worldserver running started=2026-09-10T21:46:31.042646621Z restarts=0
02:21:08.166  InstallParty.link_account('Tsixmaster', 'NOSUCHACCOUNT')
02:21:08.482  linked=False master_account='T26MASTER' other_account=''
    blocker : "there is no account called NOSUCHACCOUNT on this server, so nothing was written. It is the account name, not a character's name."
    sentence: there is no account called NOSUCHACCOUNT on this server, so nothing was written. It is the account name, not a character's name.

---- the SECOND press -- InstallParty.link_account, which writes -- 02:21:08 CEST ----
2026-09-11 02:21:09 INFO [yulon.party] linked accounts T26MASTER and T26FRIEND for playerbots (rows written: 2)
worldserver running started=2026-09-10T21:46:31.042646621Z restarts=0
02:21:09.336  InstallParty.link_account('Tsixmaster', 'T26FRIEND')
02:21:09.884  linked=True master_account='T26MASTER' other_account='T26FRIEND'
    blocker : ''
    sentence: T26MASTER and T26FRIEND are linked: this press wrote both rows. This server will now let either account add every character of the other as a bot -- two rows in playerbots_account_links, and nothing else about either account changed.
SQL: SELECT account_id, linked_account_id FROM acore_playerbots.playerbots_account_links ORDER BY account_id;
116	118
118	116
SQL: SELECT COUNT(*) FROM acore_playerbots.playerbots_account_links;
2

---- and pressing it again, now that both rows are there -- 02:21:10 CEST ----
worldserver running started=2026-09-10T21:46:31.042646621Z restarts=0
02:21:10.939  InstallParty.link_account('Tsixmaster', 'T26FRIEND')
02:21:11.380  linked=False master_account='T26MASTER' other_account='T26FRIEND'
    blocker : 'T26MASTER and T26FRIEND are already linked on this server, so nothing was written.'
    sentence: T26MASTER and T26FRIEND are already linked on this server, so nothing was written.

---- THE PICKER now -- the row that changed is the friend's -- 02:21:11 CEST ----
worldserver running started=2026-09-10T21:46:31.042646621Z restarts=0
02:21:12.238  InstallParty.candidates('Tsixmaster')
    problem : ''
    added   : 0   max_added: 40
    note    : The server's added-bot cap (40) could not be checked from here: the module counts the bots it controls, which is not what the group table holds. A refusal arrives in Tsixmaster's game window.
    rows    : 1004  (offered 501)
      OFFER  Achemassap     level 1   RNDBOT86                       one of the server's addclass bots, which anybody may add
      OFFER  Achevon        level 1   RNDBOT98                       one of the server's addclass bots, which anybody may add
      OFFER  Actevar        level 1   RNDBOT80                       one of the server's addclass bots, which anybody may add
      OFFER  Adgan          level 1   RNDBOT69                       one of the server's addclass bots, which anybody may add
      OFFER  Adlas          level 1   RNDBOT59                       one of the server's addclass bots, which anybody may add
      OFFER  Advehgo        level 1   RNDBOT93                       one of the server's addclass bots, which anybody may add
      OFFER  Aellania       level 1   RNDBOT63                       one of the server's addclass bots, which anybody may add
      OFFER  Aelloine       level 1   RNDBOT62                       one of the server's addclass bots, which anybody may add
      OFFER  Aelmir         level 1   RNDBOT59                       one of the server's addclass bots, which anybody may add
      OFFER  Aeolienne      level 1   RNDBOT96                       one of the server's addclass bots, which anybody may add
      OFFER  Aevaine        level 1   RNDBOT74                       one of the server's addclass bots, which anybody may add
      OFFER  Aevine         level 1   RNDBOT60                       one of the server's addclass bots, which anybody may add
      OFFER  Aisuhre        level 1   RNDBOT91                       one of the server's addclass bots, which anybody may add
      OFFER  Alaash         level 1   RNDBOT50                       one of the server's addclass bots, which anybody may add
      OFFER  Alaelas        level 1   RNDBOT80                       one of the server's addclass bots, which anybody may add
      OFFER  Alanny         level 1   RNDBOT88                       one of the server's addclass bots, which anybody may add
      OFFER  Aldrico        level 1   RNDBOT51                       one of the server's addclass bots, which anybody may add
      OFFER  Aledon         level 1   RNDBOT84                       one of the server's addclass bots, which anybody may add
      OFFER  Aleidel        level 1   RNDBOT59                       one of the server's addclass bots, which anybody may add
      OFFER  Alelaar        level 1   RNDBOT81                       one of the server's addclass bots, which anybody may add
      ... and more (only the first 20 offered rows are printed)
    refused : 503
      GREY   Aalmis         level 42  RNDBOT29                       logged in — the module refuses a character that is in the world
      GREY   Ackun          level 28  RNDBOT42                       logged in — the module refuses a character that is in the world
      GREY   Aeruzen        level 7   RNDBOT14                       logged in — the module refuses a character that is in the world
      GREY   Ahodaar        level 19  RNDBOT30 — Black Sentinels     logged in — the module refuses a character that is in the world
      GREY   Ahwo           level 65  RNDBOT25 — Sword of Lost Evil  logged in — the module refuses a character that is in the world
      GREY   Akke           level 47  RNDBOT49                       logged in — the module refuses a character that is in the world
      GREY   Akye           level 55  RNDBOT3 — Dragon Armada        logged in — the module refuses a character that is in the world
      GREY   Alaines        level 79  RNDBOT49 — Allegiance of the Vile logged in — the module refuses a character that is in the world
      GREY   Alanlynna      level 75  RNDBOT38 — Minions of the Shadow logged in — the module refuses a character that is in the world
      GREY   Alannon        level 45  RNDBOT5 — Children of Chaos    logged in — the module refuses a character that is in the world
      GREY   Alerea         level 30  RNDBOT2 — Bloody Crusaders     logged in — the module refuses a character that is in the world
      GREY   Alethil        level 41  RNDBOT40                       logged in — the module refuses a character that is in the world
      GREY   Allarin        level 79  RNDBOT2 — Sword of Lost Evil   logged in — the module refuses a character that is in the world
      GREY   Almere         level 55  RNDBOT30 — Black Sentinels     logged in — the module refuses a character that is in the world
      GREY   Almosuun       level 43  RNDBOT4                        logged in — the module refuses a character that is in the world
      GREY   Alrayu         level 31  RNDBOT33                       logged in — the module refuses a character that is in the world
      GREY   Amilana        level 21  RNDBOT13 — Order of Gold       logged in — the module refuses a character that is in the world
      GREY   Amilune        level 71  RNDBOT39 — Order of Gold       logged in — the module refuses a character that is in the world
      GREY   Anallaeth      level 9   RNDBOT12 — Allegiance of the Vile logged in — the module refuses a character that is in the world
      GREY   Ancey          level 19  RNDBOT16 — Order of Honor      logged in — the module refuses a character that is in the world
    the rows this lane is about (Tsix*), every one of them:
      GREY   Tsixalt        level 1   T26MASTER                      logged in — the module refuses a character that is in the world
      OFFER  Tsixfriend     level 1   T26FRIEND                      on an account linked to this one
      GREY   Tsixmate       level 1   T26MATE — T26Kinfolk           logged in — the module refuses a character that is in the world

---- CLAIM 3 -- InstallParty.add_named(Tsixmaster, Tsixfriend) -- 02:21:13 CEST ----
window opens at 2026-09-11T00:21:13Z
dml_botadd lines in the window BEFORE the press: 0
group_member rows before: 2
Tsixfriend online before: 0
worldserver running started=2026-09-10T21:46:31.042646621Z restarts=0
02:21:14.134  InstallParty.add_named('Tsixmaster', 'Tsixfriend')
02:21:16.621  added=True joined=True name='Tsixfriend' unreadable=False
    blocker : ''
    sentence: Tsixfriend joined the party.
>>> the world's own log for that window:
[dml_botadd] Tsixmaster ran: .playerbots bot add Tsixfriend

---- the group table RAW, and what every one of this lane's characters is now -- 02:21:16 CEST ----
SQL: SELECT gm.guid AS group_id, gm.memberGuid, c.name, c.account, c.online FROM acore_characters.group_member gm JOIN acore_characters.characters c ON c.guid = gm.memberGuid ORDER BY gm.guid, gm.memberGuid;
5	1002	Tsixmaster	116	1
5	1004	Tsixmate	117	1
5	1005	Tsixfriend	118	1
SQL: SELECT guid, name, account, online FROM acore_characters.characters WHERE name LIKE 'Tsix%' ORDER BY guid;
1002	Tsixmaster	116	1
1003	Tsixalt	116	1
1004	Tsixmate	117	1
1005	Tsixfriend	118	1
worldserver running started=2026-09-10T21:46:31.042646621Z restarts=0
InstallParty.members('Tsixmaster')       -> ()
InstallParty.party_members('Tsixmaster') -> (Member(name='Tsixfriend', guid=1005, klass=1, level=1), Member(name='Tsixmate', guid=1004, klass=1, level=1))

---- done -- 02:21:18 CEST ----
step 06 finished 02:21:18 CEST
