Warning: Permanently added 'yulon-ubuntu2' (ED25519) to the list of known hosts.
==============================================================
T26 live step 07 -- back to the ground, between the two rounds -- 02:17:41 CEST -- yulon-ubuntu
==============================================================

---- what is standing before the reset -- 02:17:41 CEST ----
SQL: SELECT gm.guid AS group_id, gm.memberGuid, c.name, c.online FROM acore_characters.group_member gm JOIN acore_characters.characters c ON c.guid = gm.memberGuid ORDER BY gm.guid, gm.memberGuid;
2	1002	Tsixmaster	1
2	1004	Tsixmate	1
2	1005	Tsixfriend	1
SQL: SELECT guid, name, account, online FROM acore_characters.characters WHERE name LIKE 'Tsix%' ORDER BY guid;
1002	Tsixmaster	116	1
1003	Tsixalt	116	1
1004	Tsixmate	117	1
1005	Tsixfriend	118	1

---- the bots in the party, dismissed through InstallParty.remove -- 02:17:41 CEST ----
worldserver running started=2026-09-10T21:46:31.042646621Z restarts=0
02:17:43.226  InstallParty.remove('Tsixmaster', 'Tsixmate') -> removed=True logged_out=True
    sentence: Tsixmate left the party.
worldserver running started=2026-09-10T21:46:31.042646621Z restarts=0
02:17:44.463  InstallParty.remove('Tsixmaster', 'Tsixfriend') -> removed=True logged_out=True
    sentence: Tsixfriend left the party.

---- the one the bridge's own uninvite already took out of the party, logged out by the app's own whisper -- 02:17:44 CEST ----
worldserver running started=2026-09-10T21:46:31.042646621Z restarts=0
COMMAND: dml_whisper Tsixmaster Tsixalt logout
outcome=yes reason=''
text=''

---- the guild deleted -- 02:17:50 CEST ----
worldserver running started=2026-09-10T21:46:31.042646621Z restarts=0
COMMAND: guild delete T26Kinfolk
outcome=yes reason=''
text=''
SQL: SELECT COUNT(*) FROM acore_characters.guild;
20
SQL: SELECT COUNT(*) FROM acore_characters.guild_member;
300

---- the two link rows deleted -- 02:17:53 CEST ----
SQL: SELECT account_id, linked_account_id FROM acore_playerbots.playerbots_account_links ORDER BY account_id;
116	118
118	116
SQL: SELECT COUNT(*) FROM acore_playerbots.playerbots_account_links;
0

---- the ground again -- this should read exactly as step 02 left it -- 02:17:53 CEST ----
SQL: SELECT guid, name, account, online FROM acore_characters.characters WHERE name LIKE 'Tsix%' ORDER BY guid;
1002	Tsixmaster	116	1
1003	Tsixalt	116	0
1004	Tsixmate	117	0
1005	Tsixfriend	118	0
SQL: SELECT COUNT(*) FROM acore_characters.group_member;
0
SQL: SELECT COUNT(*) FROM acore_characters.characters WHERE online = 1;
501
SQL: SELECT COUNT(*) FROM acore_characters.guild_member WHERE guid IN (SELECT guid FROM acore_characters.characters WHERE name LIKE 'Tsix%');
0
worldserver running started=2026-09-10T21:46:31.042646621Z restarts=0
COMMAND: server info
outcome=yes reason=''
text='AzerothCore rev. 413bea61a85e+ 2026-09-04 09:03:49 -0700 (HEAD branch) (Unix, RelWithDebInfo, Static)\r\nConnected players: 1. Characters in world: 501.\r\nConnection peak: 1.\r\nMinimum account security level to log in: 0.\r\nServer uptime: 2 hour(s) 31 minute(s) 34 second(s)\r\nUpdate time diff: 4ms. Last 500 diffs summary:\r\n|- Mean: 45ms\r\n|- Median: 7ms\r\n|- Percentiles (95, 99, max): 174ms, 181ms, 187ms\r\n'

---- and the code the second round will press -- 02:18:05 CEST ----
9151f8cc7d2bce32af12f6b869aa66c0  /home/pk/t26-live/pylauncher/yulon/party.py
1047:def party_rows_sql(entry: CatalogEntry, *, master_guid: int) -> str:
3018:    def party_members(self, master: str) -> tuple[Member, ...] | str:
3235:            members=lambda: self.party_members(master),

---- done -- 02:18:05 CEST ----
step 07 finished 02:18:05 CEST
