Warning: Permanently added 'yulon-ubuntu2' (ED25519) to the list of known hosts.
==============================================================
T26 live step 08 -- the bots, the guild and the link undone -- 02:22:45 CEST -- yulon-ubuntu
==============================================================

---- what is standing before the teardown -- 02:22:45 CEST ----
SQL: SELECT gm.guid AS group_id, gm.memberGuid, c.name, c.account, c.online FROM acore_characters.group_member gm JOIN acore_characters.characters c ON c.guid = gm.memberGuid ORDER BY gm.guid, gm.memberGuid;
5	1002	Tsixmaster	116	1
5	1004	Tsixmate	117	1
5	1005	Tsixfriend	118	1
SQL: SELECT guid, name, account, online FROM acore_characters.characters WHERE name LIKE 'Tsix%' ORDER BY guid;
1002	Tsixmaster	116	1
1003	Tsixalt	116	1
1004	Tsixmate	117	1
1005	Tsixfriend	118	1
worldserver running started=2026-09-10T21:46:31.042646621Z restarts=0
InstallParty.members('Tsixmaster')       -> ()
InstallParty.party_members('Tsixmaster') -> (Member(name='Tsixfriend', guid=1005, klass=1, level=1), Member(name='Tsixmate', guid=1004, klass=1, level=1))

---- the two in the party, through InstallParty.remove -- 02:22:47 CEST ----
worldserver running started=2026-09-10T21:46:31.042646621Z restarts=0
02:22:48.152  InstallParty.remove('Tsixmaster', 'Tsixmate') -> removed=True logged_out=True
    sentence: Tsixmate left the party.
worldserver running started=2026-09-10T21:46:31.042646621Z restarts=0
02:22:49.474  InstallParty.remove('Tsixmaster', 'Tsixfriend') -> removed=True logged_out=True
    sentence: Tsixfriend left the party.

---- the one that is only in the world, through the app's own logout whisper -- 02:22:49 CEST ----
worldserver running started=2026-09-10T21:46:31.042646621Z restarts=0
COMMAND: dml_whisper Tsixmaster Tsixalt logout
outcome=yes reason=''
text=''

---- the guild deleted -- 02:22:58 CEST ----
worldserver running started=2026-09-10T21:46:31.042646621Z restarts=0
COMMAND: guild delete T26Kinfolk
outcome=yes reason=''
text=''

---- the two link rows deleted -- 02:23:01 CEST ----
SQL: SELECT account_id, linked_account_id FROM acore_playerbots.playerbots_account_links ORDER BY account_id;
116	118
118	116
SQL: SELECT COUNT(*) FROM acore_playerbots.playerbots_account_links;
0

---- what is left -- only the master, and only because the client is still in it -- 02:23:01 CEST ----
SQL: SELECT guid, name, account, online FROM acore_characters.characters WHERE name LIKE 'Tsix%' ORDER BY guid;
1002	Tsixmaster	116	1
1003	Tsixalt	116	0
1004	Tsixmate	117	0
1005	Tsixfriend	118	0
SQL: SELECT COUNT(*) FROM acore_characters.group_member;
0
SQL: SELECT COUNT(*) FROM acore_characters.groups;
0
SQL: SELECT COUNT(*) FROM acore_characters.guild;
20
SQL: SELECT COUNT(*) FROM acore_characters.guild_member;
300
SQL: SELECT COUNT(*) FROM acore_characters.characters WHERE online = 1;
501
worldserver running started=2026-09-10T21:46:31.042646621Z restarts=0
COMMAND: server info
outcome=yes reason=''
text='AzerothCore rev. 413bea61a85e+ 2026-09-04 09:03:49 -0700 (HEAD branch) (Unix, RelWithDebInfo, Static)\r\nConnected players: 1. Characters in world: 501.\r\nConnection peak: 1.\r\nMinimum account security level to log in: 0.\r\nServer uptime: 2 hour(s) 36 minute(s) 31 second(s)\r\nUpdate time diff: 4ms. Last 500 diffs summary:\r\n|- Mean: 44ms\r\n|- Median: 7ms\r\n|- Percentiles (95, 99, max): 172ms, 180ms, 184ms\r\n'

---- done -- 02:23:03 CEST ----
step 08 finished 02:23:03 CEST
