Warning: Permanently added 'yulon-ubuntu2' (ED25519) to the list of known hosts.
==============================================================
T26 live step 09 -- the box as found -- 02:27:14 CEST -- yulon-ubuntu
==============================================================

---- the client is out of the world first -- 02:27:14 CEST ----
worldserver running started=2026-09-10T21:46:31.042646621Z restarts=0
COMMAND: server info
outcome=yes reason=''
text='AzerothCore rev. 413bea61a85e+ 2026-09-04 09:03:49 -0700 (HEAD branch) (Unix, RelWithDebInfo, Static)\r\nConnected players: 0. Characters in world: 500.\r\nConnection peak: 1.\r\nMinimum account security level to log in: 0.\r\nServer uptime: 2 hour(s) 40 minute(s) 44 second(s)\r\nUpdate time diff: 12ms. Last 500 diffs summary:\r\n|- Mean: 39ms\r\n|- Median: 6ms\r\n|- Percentiles (95, 99, max): 137ms, 143ms, 156ms\r\n'
SQL: SELECT guid, name, account, online FROM acore_characters.characters WHERE name LIKE 'Tsix%' ORDER BY guid;
1002	Tsixmaster	116	0
1003	Tsixalt	116	0
1004	Tsixmate	117	0
1005	Tsixfriend	118	0

---- the three throwaway accounts deleted, with their characters -- 02:27:15 CEST ----
worldserver running started=2026-09-10T21:46:31.042646621Z restarts=0
COMMAND: account delete T26MASTER
outcome=yes reason=''
text='Account deleted: T26MASTER\r\n'
worldserver running started=2026-09-10T21:46:31.042646621Z restarts=0
COMMAND: account delete T26MATE
outcome=yes reason=''
text='Account deleted: T26MATE\r\n'
worldserver running started=2026-09-10T21:46:31.042646621Z restarts=0
COMMAND: account delete T26FRIEND
outcome=yes reason=''
text='Account deleted: T26FRIEND\r\n'
SQL: SELECT id, username FROM acore_auth.account WHERE username LIKE 'T26%';
SQL: SELECT guid, name FROM acore_characters.characters WHERE name LIKE 'Tsix%';

---- no orphaned rows anywhere those characters could have left one -- 02:27:18 CEST ----
SQL: SELECT COUNT(*) FROM acore_characters.group_member WHERE memberGuid BETWEEN 1002 AND 1005;
0
SQL: SELECT COUNT(*) FROM acore_characters.guild_member WHERE guid BETWEEN 1002 AND 1005;
0
SQL: SELECT COUNT(*) FROM acore_playerbots.playerbots_account_links;
0
SQL: SELECT COUNT(*) FROM acore_playerbots.playerbots_account_keys;
0
SQL: SELECT COUNT(*) FROM acore_auth.account_access WHERE id BETWEEN 116 AND 118;
0
SQL: SELECT COUNT(*) FROM acore_auth.realmcharacters WHERE acctid BETWEEN 116 AND 118;
0
SQL: SELECT COUNT(*) FROM acore_characters.characters WHERE account BETWEEN 116 AND 118;
0

---- EVERY number step 01 read, read back -- 02:27:19 CEST ----
ac-worldserver	Up 3 hours
ac-authserver	Up 3 hours
ac-database	Up 3 hours (healthy)
ac-worldserver: started=2026-09-10T21:46:31.042646621Z restarts=0 status=running
ac-authserver: started=2026-09-10T21:46:31.045490563Z restarts=0 status=running
ac-database: started=2026-09-10T21:46:25.318964154Z restarts=0 status=running
SQL: SELECT COUNT(*) FROM acore_auth.account;
103
SQL: SELECT COUNT(*) FROM acore_auth.account_access;
3
SQL: SELECT COUNT(*) FROM acore_characters.characters;
1001
SQL: SELECT COUNT(*) FROM acore_characters.characters WHERE online = 1;
500
SQL: SELECT COUNT(*) FROM acore_characters.guild;
20
SQL: SELECT COUNT(*) FROM acore_characters.guild_member;
300
SQL: SELECT COUNT(*) FROM acore_characters.groups;
0
SQL: SELECT COUNT(*) FROM acore_characters.group_member;
0
SQL: SELECT account_type, COUNT(*) FROM acore_playerbots.playerbots_account_type GROUP BY account_type;
1	50
2	50

---- the owner's things -- 02:27:20 CEST ----
-rw-r--r-- 1 pk pk 37294 2026-09-09 02:06 /home/pk/wowserver/env/dist/etc/modules/lua_scripts/LootPet2.lua
06190339b54de63d8fd95f3210fcc298  /home/pk/wowserver/env/dist/etc/modules/lua_scripts/LootPet2.lua
706:Logger.ALE=4,Console Server
SQL: SELECT address, localAddress, localSubnetMask FROM acore_auth.realmlist;
100.99.204.5	100.99.204.5	255.255.255.0
SQL: SELECT id, username, last_login FROM acore_auth.account WHERE username IN ('PERZI','YULONADMIN','YULON_243C46E3') ORDER BY id;
101	YULON_243C46E3	NULL
102	PERZI	2026-09-08 23:24:16
103	YULONADMIN	NULL
SQL: SELECT guid, account, name, level, online FROM acore_characters.characters WHERE name = 'Pakka';
1001	102	Pakka	6	0
bd8d55ae591adfed443f174ed1311c61  /home/pk/wowserver/env/dist/etc/modules/playerbots.conf

---- the bridge -- six scripts, the same bytes, and the world still answers -- 02:27:20 CEST ----
total 104
-rw-rw-r-- 1 pk pk  3167 2026-09-08 20:53 dml_addclass.lua
-rw-r--r-- 1 pk pk  5005 2026-09-10 21:32 dml_botadd.lua
-rw-rw-r-- 1 pk pk  2379 2026-09-08 20:53 dml_bridge_ping.lua
-rw-rw-r-- 1 pk pk  1276 2026-09-08 20:53 dml_login.lua
-rw-r--r-- 1 pk pk  5926 2026-09-10 18:31 dml_uninvite.lua
-rw-rw-r-- 1 pk pk  1737 2026-09-08 20:53 dml_whisper.lua
-rw-r--r-- 1 pk pk 37294 2026-09-09 02:06 LootPet2.lua
-rw-r--r-- 1 pk pk 31216 2026-09-08 23:04 LootPet.lua.bak-20260909-002427
8e0d6a0cb68c935ae256343f08c69d38  /home/pk/wowserver/env/dist/etc/modules/lua_scripts/dml_addclass.lua
958b0966ec795e655868178a1f643ba1  /home/pk/wowserver/env/dist/etc/modules/lua_scripts/dml_botadd.lua
c1cc8dfc75558d1dd4d15253aa1b99c1  /home/pk/wowserver/env/dist/etc/modules/lua_scripts/dml_bridge_ping.lua
29d64c674c1a0f9e85def3aba9c79499  /home/pk/wowserver/env/dist/etc/modules/lua_scripts/dml_login.lua
3a8dcdb503b023be4e9a526fb70fe499  /home/pk/wowserver/env/dist/etc/modules/lua_scripts/dml_uninvite.lua
2cf5d7163336b5efd48611868974ccb0  /home/pk/wowserver/env/dist/etc/modules/lua_scripts/dml_whisper.lua
worldserver running started=2026-09-10T21:46:31.042646621Z restarts=0
COMMAND: dml_bridge_ping
outcome=yes reason=''
text='DML-BRIDGE-READY dml_bridge_ping\r\n'
worldserver running started=2026-09-10T21:46:31.042646621Z restarts=0
facts: Facts(server_installed=True, world_running=True, engine_cloned=True, engine_in_binary=True, conf_present=True, engine_enabled=True, script_path='/azerothcore/env/dist/etc/modules/lua_scripts', deployed=('LootPet2.lua', 'dml_addclass.lua', 'dml_botadd.lua', 'dml_bridge_ping.lua', 'dml_login.lua', 'dml_uninvite.lua', 'dml_whisper.lua'), bridge_answered=True)
ready: True  blocker: None

---- the module clone, still pinned and unmodified -- 02:27:23 CEST ----
b949b50bfcdd4fab937781bac2d7765e39330e4b

---- done -- 02:27:23 CEST ----
step 09 finished 02:27:23 CEST
