2026-09-11 03:00:07 +02:00
DESKTOP-FP27AUV
=== netsh interface portproxy show v4tov4 -- the host AS FOUND by round 2 ===

Listen on ipv4:             Connect to ipv4:

Address         Port        Address         Port
--------------- ----------  --------------- ----------
0.0.0.0         2222        172.30.51.173   22
0.0.0.0         3724        172.30.48.189   3724
0.0.0.0         8085        172.30.48.189   8085

=== the three client files THIS LANE REWRITES, restored from 03b-client-before.txt by t26client.ps1 -Stage restore ===
[2026-09-11 03:00:08 +02:00] === stage restore  label=shot  session=0 ===
[2026-09-11 03:00:08 +02:00] --- the three files BEFORE this restore ---
[2026-09-11 03:00:08 +02:00]   C:\clients\WoW-WotLK-3.3.5a-min\Data\enUS\realmlist.wtf :
[2026-09-11 03:00:08 +02:00]     set realmlist 172.30.48.189
[2026-09-11 03:00:08 +02:00]   C:\clients\WoW-WotLK-3.3.5a-min\realmlist.wtf :
[2026-09-11 03:00:08 +02:00]     set realmlist 172.30.48.189
[2026-09-11 03:00:08 +02:00]   C:\clients\WoW-WotLK-3.3.5a-min\WTF\Config.wtf :
[2026-09-11 03:00:08 +02:00]     SET locale "enUS"
[2026-09-11 03:00:08 +02:00]     SET hwDetect "0"
[2026-09-11 03:00:08 +02:00]     SET gxRefresh "60"
[2026-09-11 03:00:08 +02:00]     SET gxMultisampleQuality "0.000000"
[2026-09-11 03:00:08 +02:00]     SET gxFixLag "0"
[2026-09-11 03:00:08 +02:00]     SET videoOptionsVersion "3"
[2026-09-11 03:00:08 +02:00]     SET Gamma "1.000000"
[2026-09-11 03:00:08 +02:00]     SET showToolsUI "1"
[2026-09-11 03:00:08 +02:00]     SET Sound_OutputDriverName "System Default"
[2026-09-11 03:00:08 +02:00]     SET Sound_MusicVolume "0"
[2026-09-11 03:00:08 +02:00]     SET Sound_AmbienceVolume "0.60000002384186"
[2026-09-11 03:00:08 +02:00]     SET farclip "397"
[2026-09-11 03:00:08 +02:00]     SET specular "1"
[2026-09-11 03:00:08 +02:00]     SET groundEffectDensity "24"
[2026-09-11 03:00:08 +02:00]     SET projectedTextures "1"
[2026-09-11 03:00:08 +02:00]     SET portal "en"
[2026-09-11 03:00:08 +02:00]     SET gxVSync "0"
[2026-09-11 03:00:08 +02:00]     SET accounttype "LK"
[2026-09-11 03:00:08 +02:00]     SET realmName "Yulon ubuntu2"
[2026-09-11 03:00:08 +02:00]     SET mouseSpeed "1"
[2026-09-11 03:00:08 +02:00]     SET gameTip "13"
[2026-09-11 03:00:08 +02:00]     SET checkAddonVersion "0"
[2026-09-11 03:00:08 +02:00]     SET showGameTips "0"
[2026-09-11 03:00:08 +02:00]     SET Sound_VoiceChatInputDriverName "System Default"
[2026-09-11 03:00:08 +02:00]     SET Sound_VoiceChatOutputDriverName "System Default"
[2026-09-11 03:00:08 +02:00]     SET Sound_MasterVolume "0.30000001192093"
[2026-09-11 03:00:08 +02:00]     SET uiScale "0.70999997854233"
[2026-09-11 03:00:08 +02:00]     SET useUiScale "1"
[2026-09-11 03:00:08 +02:00]     SET timingTestError "0"
[2026-09-11 03:00:08 +02:00]     SET Sound_EnableSFX "0"
[2026-09-11 03:00:08 +02:00]     SET Sound_EnableAmbience "0"
[2026-09-11 03:00:08 +02:00]     SET Sound_EnableMusic "0"
[2026-09-11 03:00:08 +02:00]     SET gxWindow "1"
[2026-09-11 03:00:08 +02:00]     SET readTOS "1"
[2026-09-11 03:00:08 +02:00]     SET readEULA "1"
[2026-09-11 03:00:08 +02:00]     SET movie "0"
[2026-09-11 03:00:08 +02:00]     SET realmlist "172.30.48.189"
[2026-09-11 03:00:08 +02:00] restored C:\clients\WoW-WotLK-3.3.5a-min\Data\enUS\realmlist.wtf
[2026-09-11 03:00:08 +02:00] restored C:\clients\WoW-WotLK-3.3.5a-min\realmlist.wtf
[2026-09-11 03:00:08 +02:00] restored C:\clients\WoW-WotLK-3.3.5a-min\WTF\Config.wtf
[2026-09-11 03:00:08 +02:00] --- the three files AFTER this restore ---
[2026-09-11 03:00:08 +02:00]   C:\clients\WoW-WotLK-3.3.5a-min\Data\enUS\realmlist.wtf :
[2026-09-11 03:00:08 +02:00]     set realmlist 172.30.48.189
[2026-09-11 03:00:08 +02:00]   C:\clients\WoW-WotLK-3.3.5a-min\realmlist.wtf :
[2026-09-11 03:00:08 +02:00]     set realmlist 172.30.48.189
[2026-09-11 03:00:08 +02:00]   C:\clients\WoW-WotLK-3.3.5a-min\WTF\Config.wtf :
[2026-09-11 03:00:08 +02:00]     SET locale "enUS"
[2026-09-11 03:00:08 +02:00]     SET hwDetect "0"
[2026-09-11 03:00:08 +02:00]     SET gxRefresh "60"
[2026-09-11 03:00:08 +02:00]     SET gxMultisampleQuality "0.000000"
[2026-09-11 03:00:08 +02:00]     SET gxFixLag "0"
[2026-09-11 03:00:08 +02:00]     SET videoOptionsVersion "3"
[2026-09-11 03:00:08 +02:00]     SET Gamma "1.000000"
[2026-09-11 03:00:08 +02:00]     SET showToolsUI "1"
[2026-09-11 03:00:08 +02:00]     SET Sound_OutputDriverName "System Default"
[2026-09-11 03:00:08 +02:00]     SET Sound_MusicVolume "0"
[2026-09-11 03:00:08 +02:00]     SET Sound_AmbienceVolume "0.60000002384186"
[2026-09-11 03:00:08 +02:00]     SET farclip "397"
[2026-09-11 03:00:08 +02:00]     SET specular "1"
[2026-09-11 03:00:08 +02:00]     SET groundEffectDensity "24"
[2026-09-11 03:00:08 +02:00]     SET projectedTextures "1"
[2026-09-11 03:00:08 +02:00]     SET portal "en"
[2026-09-11 03:00:08 +02:00]     SET gxVSync "0"
[2026-09-11 03:00:08 +02:00]     SET accounttype "LK"
[2026-09-11 03:00:08 +02:00]     SET realmName "Yulon ubuntu2"
[2026-09-11 03:00:08 +02:00]     SET mouseSpeed "1"
[2026-09-11 03:00:08 +02:00]     SET gameTip "13"
[2026-09-11 03:00:08 +02:00]     SET checkAddonVersion "0"
[2026-09-11 03:00:08 +02:00]     SET showGameTips "0"
[2026-09-11 03:00:08 +02:00]     SET Sound_VoiceChatInputDriverName "System Default"
[2026-09-11 03:00:08 +02:00]     SET Sound_VoiceChatOutputDriverName "System Default"
[2026-09-11 03:00:08 +02:00]     SET Sound_MasterVolume "0.30000001192093"
[2026-09-11 03:00:08 +02:00]     SET uiScale "0.70999997854233"
[2026-09-11 03:00:08 +02:00]     SET useUiScale "1"
[2026-09-11 03:00:08 +02:00]     SET timingTestError "0"
[2026-09-11 03:00:08 +02:00]     SET Sound_EnableSFX "0"
[2026-09-11 03:00:08 +02:00]     SET Sound_EnableAmbience "0"
[2026-09-11 03:00:08 +02:00]     SET Sound_EnableMusic "0"
[2026-09-11 03:00:08 +02:00]     SET gxWindow "1"
[2026-09-11 03:00:08 +02:00]     SET readTOS "1"
[2026-09-11 03:00:08 +02:00]     SET readEULA "1"
[2026-09-11 03:00:08 +02:00]     SET movie "0"
[2026-09-11 03:00:08 +02:00]     SET realmlist "172.30.48.189"
2026-09-11 03:01:17 +02:00
=== repointing both listeners at the VM for the run ===



Listen on ipv4:             Connect to ipv4:

Address         Port        Address         Port
--------------- ----------  --------------- ----------
0.0.0.0         2222        172.30.51.173   22
0.0.0.0         3724        172.26.8.248    3724
0.0.0.0         8085        172.26.8.248    8085

