Warning: Permanently added 'yulon-ubuntu2' (ED25519) to the list of known hosts.
==============================================================
T26 live round 2, step 22 -- is there a discriminator on the box? -- 03:04:20 CEST -- yulon-ubuntu
==============================================================

---- 1. every table in the playerbots database, and how many rows each holds -- 03:04:20 CEST ----
SQL: SELECT table_name, table_rows FROM information_schema.tables WHERE table_schema = 'acore_playerbots' ORDER BY table_name;
ai_playerbot_texts	1931
ai_playerbot_texts_chance	204
playerbots_account_keys	0
playerbots_account_links	0
playerbots_account_type	100
playerbots_bis_gear	6647
playerbots_custom_strategy	7
playerbots_db_store	4
playerbots_dungeon_suggestion_abbrevation	0
playerbots_dungeon_suggestion_definition	88
playerbots_dungeon_suggestion_strategy	0
playerbots_enchants	220
playerbots_equip_cache	0
playerbots_guild_tasks	0
playerbots_item_info_cache	0
playerbots_preferred_mounts	0
playerbots_random_bots	4146
playerbots_rarity_cache	0
playerbots_rnditem_cache	12640
playerbots_speech	209
playerbots_speech_probability	3
playerbots_tele_cache	0
playerbots_travelnode	3781
playerbots_travelnode_link	15041
playerbots_travelnode_path	1404959
playerbots_weightscale_data	275
playerbots_weightscales	32
updates	31
updates_include	3
version_db_playerbots	0
-- acore_playerbots.ai_playerbot_texts: 1908 rows
-- acore_playerbots.ai_playerbot_texts_chance: 204 rows
-- acore_playerbots.playerbots_account_keys: 0 rows
-- acore_playerbots.playerbots_account_links: 0 rows
-- acore_playerbots.playerbots_account_type: 100 rows
-- acore_playerbots.playerbots_bis_gear: 6647 rows
-- acore_playerbots.playerbots_custom_strategy: 7 rows
-- acore_playerbots.playerbots_db_store: 4 rows
-- acore_playerbots.playerbots_dungeon_suggestion_abbrevation: 0 rows
-- acore_playerbots.playerbots_dungeon_suggestion_definition: 88 rows
-- acore_playerbots.playerbots_dungeon_suggestion_strategy: 0 rows
-- acore_playerbots.playerbots_enchants: 220 rows
-- acore_playerbots.playerbots_equip_cache: 0 rows
-- acore_playerbots.playerbots_guild_tasks: 0 rows
-- acore_playerbots.playerbots_item_info_cache: 0 rows
-- acore_playerbots.playerbots_preferred_mounts: 0 rows
-- acore_playerbots.playerbots_random_bots: 4166 rows
-- acore_playerbots.playerbots_rarity_cache: 0 rows
-- acore_playerbots.playerbots_rnditem_cache: 12640 rows
-- acore_playerbots.playerbots_speech: 209 rows
-- acore_playerbots.playerbots_speech_probability: 3 rows
-- acore_playerbots.playerbots_tele_cache: 0 rows
-- acore_playerbots.playerbots_travelnode: 3781 rows
-- acore_playerbots.playerbots_travelnode_link: 15041 rows
-- acore_playerbots.playerbots_travelnode_path: 1404959 rows
-- acore_playerbots.playerbots_weightscale_data: 275 rows
-- acore_playerbots.playerbots_weightscales: 32 rows
-- acore_playerbots.updates: 31 rows
-- acore_playerbots.updates_include: 3 rows
-- acore_playerbots.version_db_playerbots: 0 rows

---- 2. the columns of the two tables that could plausibly carry an owner -- 03:04:23 CEST ----
SQL: DESCRIBE acore_playerbots.playerbots_random_bots;
id	int	NO	PRI	NULL	auto_increment
owner	int	NO	MUL	NULL	
bot	int	NO	MUL	NULL	
time	int	NO		NULL	
validIn	int	YES		NULL	
event	varchar(45)	YES	MUL	NULL	
value	int	YES		NULL	
data	varchar(255)	YES		NULL	
SQL: SHOW TABLES FROM acore_playerbots;
ai_playerbot_texts
ai_playerbot_texts_chance
playerbots_account_keys
playerbots_account_links
playerbots_account_type
playerbots_bis_gear
playerbots_custom_strategy
playerbots_db_store
playerbots_dungeon_suggestion_abbrevation
playerbots_dungeon_suggestion_definition
playerbots_dungeon_suggestion_strategy
playerbots_enchants
playerbots_equip_cache
playerbots_guild_tasks
playerbots_item_info_cache
playerbots_preferred_mounts
playerbots_random_bots
playerbots_rarity_cache
playerbots_rnditem_cache
playerbots_speech
playerbots_speech_probability
playerbots_tele_cache
playerbots_travelnode
playerbots_travelnode_link
playerbots_travelnode_path
playerbots_weightscale_data
playerbots_weightscales
updates
updates_include
version_db_playerbots

---- 3. what the MODULE writes on the add path -- its own source, on the box -- 03:04:23 CEST ----
>>> every SQL write in PlayerbotMgr.cpp:
193:    QueryResult result = PlayerbotsDatabase.Query(
1833:    PlayerbotsDatabase.Execute(
1852:    result = PlayerbotsDatabase.Query("SELECT security_key FROM playerbots_account_keys WHERE account_id = {}", linkedAccountId);
1877:    PlayerbotsDatabase.Execute(
1880:    PlayerbotsDatabase.Execute(
1890:    QueryResult result = PlayerbotsDatabase.Query("SELECT linked_account_id FROM playerbots_account_links WHERE account_id = {}", accountId);
1931:    PlayerbotsDatabase.Execute("DELETE FROM playerbots_account_links WHERE (account_id = {} AND linked_account_id = {}) OR (account_id = {} AND linked_account_id = {})",

>>> AddPlayerBot, the whole of it, to see what it persists:
    if (!accountId)
        return;

    WorldSession* masterSession = masterAccountId ? sWorldSessionMgr->FindSession(masterAccountId) : nullptr;
    Player* masterPlayer = masterSession ? masterSession->GetPlayer() : nullptr;

    bool isRndbot = !masterAccountId;
    bool sameAccount = sPlayerbotAIConfig.allowAccountBots && accountId == masterAccountId;
    Guild* guild = masterPlayer ? sGuildMgr->GetGuildById(masterPlayer->GetGuildId()) : nullptr;
    bool sameGuild = sPlayerbotAIConfig.allowGuildBots && guild && guild->GetMember(playerGuid);
    bool addClassBot = sRandomPlayerbotMgr.IsAddclassBot(playerGuid.GetCounter());
    bool linkedAccount = sPlayerbotAIConfig.allowTrustedAccountBots && IsAccountLinked(accountId, masterAccountId);

    bool allowed = true;
    std::ostringstream out;
    std::string botName;
    sCharacterCache->GetCharacterNameByGuid(playerGuid, botName);
    if (!isRndbot && !sameAccount && !sameGuild && !addClassBot && !linkedAccount)
    {
        allowed = false;
        out << "Failure: You are not allowed to control bot " << botName.c_str();
    }
    if (masterAccountId && masterPlayer)
    {
        PlayerbotMgr* mgr = GET_PLAYERBOT_MGR(masterPlayer);
        if (!mgr)
        {
            LOG_DEBUG("playerbots", "PlayerbotMgr not found for master player with GUID: {}", masterPlayer->GetGUID().GetRawValue());
            return;
        }
        uint32 loadingForMaster = 0;
        for (auto const& [guid, acctId] : botLoading)
        {
            if (acctId == masterAccountId)
                ++loadingForMaster;
        }
        uint32 count = mgr->GetPlayerbotsCount() + loadingForMaster;
        if (count >= uint32(PlayerbotAIConfig::instance().maxAddedBots))
        {
            allowed = false;
            out << "Failure: You have added too many bots (more than " << sPlayerbotAIConfig.maxAddedBots << ")";
        }
    }
    if (!allowed)
    {
        if (masterSession)

>>> and OnBotLogin's first lines:
void PlayerbotHolder::OnBotLogin(Player* const bot)
{
    // Prevent duplicate login
    if (playerBots.find(bot->GetGUID()) != playerBots.end())
    {
        return;
    }

    PlayerbotsMgr::instance().AddPlayerbotData(bot, true);
    playerBots[bot->GetGUID()] = bot;

    OnBotLoginInternal(bot);

    PlayerbotAI* botAI = GET_PLAYERBOT_AI(bot);
    if (!botAI)
    {

---- 4. BEFORE the add -- the rows that could move -- 03:04:23 CEST ----
SQL: SELECT * FROM acore_playerbots.playerbots_account_links;
SQL: SELECT COUNT(*) FROM acore_playerbots.playerbots_random_bots;
4166
SQL: SELECT id, username, online, last_ip, last_login FROM acore_auth.account WHERE username LIKE 'T26%' ORDER BY id;
119	T26MASTER	1	172.26.0.1	2026-09-11 01:02:10
120	T26MATE	0	127.0.0.1	NULL
121	T26FRIEND	0	127.0.0.1	NULL
SQL: SELECT guid, account, name, online, logout_time, totaltime, at_login FROM acore_characters.characters WHERE name IN ('Tsixmaster','Tsixalt') ORDER BY guid;
1006	119	Tsixmaster	1	1788898532	0	0
1007	119	Tsixalt	0	1788898532	0	0
SQL: SELECT COUNT(*) FROM acore_characters.group_member;
0

---- 5. the module's own bot list, over the app's own channel -- 03:04:24 CEST ----
worldserver running started=2026-09-10T21:46:31.042646621Z restarts=0
COMMAND: playerbots bot list
outcome=no reason=''
text='### USAGE: .playerbots ...\r\nPossible subcommands:\r\n|- playerbots debug ...\r\n|- playerbots gtask\r\n|- playerbots pmon\r\n|- playerbots rndbot\r\n'
worldserver running started=2026-09-10T21:46:31.042646621Z restarts=0
COMMAND: playerbots bot
outcome=no reason=''
text='### USAGE: .playerbots ...\r\nPossible subcommands:\r\n|- playerbots debug ...\r\n|- playerbots gtask\r\n|- playerbots pmon\r\n|- playerbots rndbot\r\n'
worldserver running started=2026-09-10T21:46:31.042646621Z restarts=0
COMMAND: playerbots rndbot stats
outcome=yes reason=''
text=''

---- 6. THE ADD -- 03:04:26 CEST ----
window opens at 2026-09-11T01:04:26Z
dml_botadd lines in the window BEFORE the press: 0
worldserver running started=2026-09-10T21:46:31.042646621Z restarts=0
03:04:27.930  InstallParty.add_named('Tsixmaster', 'Tsixalt')
03:04:29.873  added=True joined=True name='Tsixalt' unreadable=False
    blocker : ''
    sentence: Tsixalt joined the party.
[dml_botadd] Tsixmaster ran: .playerbots bot add Tsixalt

---- 7. AFTER the add -- the same rows, read again -- 03:04:33 CEST ----
SQL: SELECT * FROM acore_playerbots.playerbots_account_links;
SQL: SELECT COUNT(*) FROM acore_playerbots.playerbots_random_bots;
4166
-- acore_playerbots.ai_playerbot_texts: 1908 rows
-- acore_playerbots.ai_playerbot_texts_chance: 204 rows
-- acore_playerbots.playerbots_account_keys: 0 rows
-- acore_playerbots.playerbots_account_links: 0 rows
-- acore_playerbots.playerbots_account_type: 100 rows
-- acore_playerbots.playerbots_bis_gear: 6647 rows
-- acore_playerbots.playerbots_custom_strategy: 7 rows
-- acore_playerbots.playerbots_db_store: 4 rows
-- acore_playerbots.playerbots_dungeon_suggestion_abbrevation: 0 rows
-- acore_playerbots.playerbots_dungeon_suggestion_definition: 88 rows
-- acore_playerbots.playerbots_dungeon_suggestion_strategy: 0 rows
-- acore_playerbots.playerbots_enchants: 220 rows
-- acore_playerbots.playerbots_equip_cache: 0 rows
-- acore_playerbots.playerbots_guild_tasks: 0 rows
-- acore_playerbots.playerbots_item_info_cache: 0 rows
-- acore_playerbots.playerbots_preferred_mounts: 0 rows
-- acore_playerbots.playerbots_random_bots: 4166 rows
-- acore_playerbots.playerbots_rarity_cache: 0 rows
-- acore_playerbots.playerbots_rnditem_cache: 12640 rows
-- acore_playerbots.playerbots_speech: 209 rows
-- acore_playerbots.playerbots_speech_probability: 3 rows
-- acore_playerbots.playerbots_tele_cache: 0 rows
-- acore_playerbots.playerbots_travelnode: 3781 rows
-- acore_playerbots.playerbots_travelnode_link: 15041 rows
-- acore_playerbots.playerbots_travelnode_path: 1404959 rows
-- acore_playerbots.playerbots_weightscale_data: 275 rows
-- acore_playerbots.playerbots_weightscales: 32 rows
-- acore_playerbots.updates: 31 rows
-- acore_playerbots.updates_include: 3 rows
-- acore_playerbots.version_db_playerbots: 0 rows
SQL: SELECT id, username, online, last_ip, last_login FROM acore_auth.account WHERE username LIKE 'T26%' ORDER BY id;
119	T26MASTER	1	172.26.0.1	2026-09-11 01:02:10
120	T26MATE	0	127.0.0.1	NULL
121	T26FRIEND	0	127.0.0.1	NULL
SQL: SELECT guid, account, name, online, logout_time, totaltime, at_login FROM acore_characters.characters WHERE name IN ('Tsixmaster','Tsixalt') ORDER BY guid;
1006	119	Tsixmaster	1	1788898532	0	0
1007	119	Tsixalt	1	1789088669	0	0
SQL: SELECT gm.guid AS group_id, gm.memberGuid, gm.memberFlags, gm.subgroup, gm.roles, c.name, c.account FROM acore_characters.group_member gm JOIN acore_characters.characters c ON c.guid = gm.memberGuid ORDER BY gm.guid, gm.memberGuid;
6	1006	0	0	0	Tsixmaster	119
6	1007	0	0	0	Tsixalt	119
SQL: SELECT * FROM acore_characters.groups;
6	1006	3	1006	2	0	0	0	0	0	0	0	0	0	0	0	0

---- 8. the module's own bot list again, now that there IS one -- 03:04:36 CEST ----
worldserver running started=2026-09-10T21:46:31.042646621Z restarts=0
COMMAND: playerbots bot list
outcome=no reason=''
text='### USAGE: .playerbots ...\r\nPossible subcommands:\r\n|- playerbots debug ...\r\n|- playerbots gtask\r\n|- playerbots pmon\r\n|- playerbots rndbot\r\n'

---- 9. a random bot for comparison -- the marker's own case -- 03:04:37 CEST ----
SQL: SELECT c.guid, c.name, c.account, a.username, c.online FROM acore_characters.characters c JOIN acore_auth.account a ON a.id = c.account WHERE c.online = 1 AND a.username LIKE 'RNDBOT%' LIMIT 3;
1	Jurnaar	1	RNDBOT0	1
2	Nore	1	RNDBOT0	1
3	Dumgorem	1	RNDBOT0	1
SQL: SELECT id, username, online FROM acore_auth.account WHERE username LIKE 'RNDBOT%' ORDER BY id LIMIT 3;
1	RNDBOT0	1
2	RNDBOT1	1
3	RNDBOT2	1

---- done -- 03:04:38 CEST ----
step 22 finished 03:04:38 CEST
