Warning: Permanently added 'yulon-ubuntu2' (ED25519) to the list of known hosts.
==============================================================
T26 live round 2, step 23 -- the panel's party, the dismissal, and Dismiss all -- 03:22:09 CEST -- yulon-ubuntu
==============================================================

---- 0. the ground -- nothing standing, and the code this presses -- 03:22:09 CEST ----
745364e8aaf78ed342c86d470189c93f  /home/pk/t26-live/pylauncher/yulon/party.py
2881:def altbot_store_path(config_dir: Path | None = None) -> Path:
2887:class AltbotMemory:
3173:                    also=self._altbots.names(master),
3331:        standing = self.members(master)
SQL: SELECT guid, name, account, online FROM acore_characters.characters WHERE name LIKE 'Tsix%' ORDER BY guid;
1006	Tsixmaster	119	1
1007	Tsixalt	119	0
1008	Tsixmate	120	0
1009	Tsixfriend	121	0
SQL: SELECT COUNT(*) FROM acore_characters.group_member;
0
worldserver running started=2026-09-10T21:46:31.042646621Z restarts=0
03:22:11.865  InstallParty.state('Tsixmaster')
    ready=True blocker='' problem=''
    members : ()
    the panel's summary line: This character's party has no bots in it yet.
    remembered by this app  : ()

---- 1. ADD the alt through the app's own Add this character -- 03:22:11 CEST ----
dml_botadd lines in the window BEFORE the press: 0
group_member rows before: 0
worldserver running started=2026-09-10T21:46:31.042646621Z restarts=0
03:22:13.027  InstallParty.add_named('Tsixmaster', 'Tsixalt')
03:22:15.684  added=True joined=True name='Tsixalt' unreadable=False
    blocker : ''
    sentence: Tsixalt joined the party.
[dml_botadd] Tsixmaster ran: .playerbots bot add Tsixalt
SQL: SELECT gm.guid AS group_id, gm.memberGuid, c.name, c.account, c.online FROM acore_characters.group_member gm JOIN acore_characters.characters c ON c.guid = gm.memberGuid ORDER BY gm.guid, gm.memberGuid;
9	1006	Tsixmaster	119	1
9	1007	Tsixalt	119	1

---- 2. MUST-FIX 2 -- what the PANEL draws, and the line it prints under the report -- 03:22:16 CEST ----
worldserver running started=2026-09-10T21:46:31.042646621Z restarts=0
03:22:18.191  InstallParty.state('Tsixmaster')
    ready=True blocker='' problem=''
    members : (Member(name='Tsixalt', guid=1007, klass=1, level=1),)
    the panel's summary line: 1 bot in this party.
    remembered by this app  : ('Tsixalt',)

---- 3. MUST-FIX 3 -- the dismissal, with the group table read by hand either side -- 03:22:18 CEST ----
dml_uninvite lines in the window BEFORE the press: 0
>>> group_member BEFORE:
9	1006	Tsixmaster
9	1007	Tsixalt
worldserver running started=2026-09-10T21:46:31.042646621Z restarts=0
03:22:19.945  InstallParty.remove('Tsixmaster', 'Tsixalt') -> removed=True logged_out=True
    sentence: Tsixalt left the party.
>>> group_member AFTER:
[dml_uninvite] removed Tsixalt from group
[dml_whisper] Tsixmaster -> Tsixalt: logout
worldserver running started=2026-09-10T21:46:31.042646621Z restarts=0
03:22:22.402  InstallParty.state('Tsixmaster')
    ready=True blocker='' problem=''
    members : ()
    the panel's summary line: This character's party has no bots in it yet.
    remembered by this app  : ()

---- 4. the SAME dismissal again -- round 1 answered removed=True here -- 03:22:22 CEST ----
dml_uninvite lines in the window BEFORE the press: 0
worldserver running started=2026-09-10T21:46:31.042646621Z restarts=0
03:22:23.809  InstallParty.remove('Tsixmaster', 'Tsixalt') -> removed=False logged_out=False
    sentence: Tsixalt is not in Tsixmaster's party, so nothing was sent. A dismissal is read back by watching the row leave the group table, and there is no row to watch.
>>> the world's own log for that window (nothing should have been sent):
(no dml_ line above means nothing was sent)

---- 5. TWO altbots, so Dismiss all has something to dismiss -- 03:22:24 CEST ----
worldserver running started=2026-09-10T21:46:31.042646621Z restarts=0
COMMAND: guild create Tsixmaster T26Kinfolk
outcome=yes reason=''
text=''
worldserver running started=2026-09-10T21:46:31.042646621Z restarts=0
COMMAND: guild invite Tsixmate T26Kinfolk
outcome=yes reason=''
text=''
SQL: SELECT g.guildid, g.name, g.leaderguid FROM acore_characters.guild g WHERE g.name = 'T26Kinfolk';
24	T26Kinfolk	1006
dml_botadd lines in the window BEFORE the two presses: 0
worldserver running started=2026-09-10T21:46:31.042646621Z restarts=0
03:22:29.072  InstallParty.add_named('Tsixmaster', 'Tsixalt')
03:22:31.718  added=True joined=True name='Tsixalt' unreadable=False
    blocker : ''
    sentence: Tsixalt joined the party.
worldserver running started=2026-09-10T21:46:31.042646621Z restarts=0
03:22:32.567  InstallParty.add_named('Tsixmaster', 'Tsixmate')
03:22:35.111  added=True joined=True name='Tsixmate' unreadable=False
    blocker : ''
    sentence: Tsixmate joined the party.
[dml_botadd] Tsixmaster ran: .playerbots bot add Tsixalt
[dml_botadd] Tsixmaster ran: .playerbots bot add Tsixmate
SQL: SELECT gm.guid AS group_id, gm.memberGuid, c.name, c.account, c.online FROM acore_characters.group_member gm JOIN acore_characters.characters c ON c.guid = gm.memberGuid ORDER BY gm.guid, gm.memberGuid;
10	1006	Tsixmaster	119	1
10	1007	Tsixalt	119	1
10	1008	Tsixmate	120	1
worldserver running started=2026-09-10T21:46:31.042646621Z restarts=0
03:22:37.705  InstallParty.state('Tsixmaster')
    ready=True blocker='' problem=''
    members : (Member(name='Tsixalt', guid=1007, klass=1, level=1), Member(name='Tsixmate', guid=1008, klass=1, level=1))
    the panel's summary line: 2 bots in this party.
    remembered by this app  : ('Tsixalt', 'Tsixmate')

---- 6. DISMISS ALL -- 03:22:37 CEST ----
dml_uninvite lines in the window BEFORE the press: 0
worldserver running started=2026-09-10T21:46:31.042646621Z restarts=0
03:22:39.142  InstallParty.remove_all('Tsixmaster', (1007, 1008))
03:22:39.998  attempted=2 blocker=''
    Tsixalt: removed=True logged_out=True
      Tsixalt left the party.
    Tsixmate: removed=True logged_out=True
      Tsixmate left the party.
    sentence: 2 bots left the party: Tsixalt, Tsixmate.
>>> the world's own log for that window:
[dml_uninvite] removed Tsixalt from group
[dml_whisper] Tsixmaster -> Tsixalt: logout
[dml_uninvite] removed Tsixmate from group
[dml_whisper] Tsixmaster -> Tsixmate: logout
SQL: SELECT COUNT(*) FROM acore_characters.group_member;
0
SQL: SELECT guid, name, account, online FROM acore_characters.characters WHERE name LIKE 'Tsix%' ORDER BY guid;
1006	Tsixmaster	119	1
1007	Tsixalt	119	0
1008	Tsixmate	120	0
1009	Tsixfriend	121	0
worldserver running started=2026-09-10T21:46:31.042646621Z restarts=0
03:22:42.609  InstallParty.state('Tsixmaster')
    ready=True blocker='' problem=''
    members : ()
    the panel's summary line: This character's party has no bots in it yet.
    remembered by this app  : ()

---- 7. the app's own record, and where it lives -- 03:22:42 CEST ----
worldserver running started=2026-09-10T21:46:31.042646621Z restarts=0
()
platform.config_dir() = /home/pk/.local/share/yulon
-rw-rw-r-- 1 pk pk 20 Sep 11 03:22 /home/pk/.local/share/yulon/party-altbots.json
{
  "243c46e3": {}
}
---- done -- 03:22:43 CEST ----
step 23 finished 03:22:43 CEST
