Warning: Permanently added 'yulon-ubuntu2' (ED25519) to the list of known hosts.
==============================================================
T26 live round 2, step 25 -- the box as found -- 03:25:19 CEST -- yulon-ubuntu
==============================================================

---- the client is out of the world first -- 03:25:19 CEST ----
worldserver running started=2026-09-10T21:46:31.042646621Z restarts=0
COMMAND: server info
outcome=yes reason=''
text='AzerothCore rev. 413bea61a85e+ 2026-09-04 09:03:49 -0700 (HEAD branch) (Unix, RelWithDebInfo, Static)\r\nConnected players: 0. Characters in world: 501.\r\nConnection peak: 1.\r\nMinimum account security level to log in: 0.\r\nServer uptime: 3 hour(s) 38 minute(s) 49 second(s)\r\nUpdate time diff: 6ms. Last 500 diffs summary:\r\n|- Mean: 38ms\r\n|- Median: 6ms\r\n|- Percentiles (95, 99, max): 127ms, 131ms, 139ms\r\n'
SQL: SELECT guid, name, account, online FROM acore_characters.characters WHERE name LIKE 'Tsix%' ORDER BY guid;
1006	Tsixmaster	119	1
1007	Tsixalt	119	0
1008	Tsixmate	120	0
1009	Tsixfriend	121	0
SQL: SELECT COUNT(*) FROM acore_characters.group_member;
0

---- the guild this lane made, deleted -- 03:25:20 CEST ----
SQL: SELECT guildid, name FROM acore_characters.guild WHERE name = 'T26Kinfolk';
24	T26Kinfolk
worldserver running started=2026-09-10T21:46:31.042646621Z restarts=0
COMMAND: guild delete T26Kinfolk
outcome=yes reason=''
text=''
SQL: SELECT COUNT(*) FROM acore_characters.guild;
20
SQL: SELECT COUNT(*) FROM acore_characters.guild_member;
300

---- the three throwaway accounts deleted, with their characters -- 03:25:23 CEST ----
worldserver running started=2026-09-10T21:46:31.042646621Z restarts=0
COMMAND: account delete T26MASTER
outcome=yes reason=''
text='Account deleted: T26MASTER\r\n'
worldserver running started=2026-09-10T21:46:31.042646621Z restarts=0
COMMAND: account delete T26MATE
outcome=yes reason=''
text='Account deleted: T26MATE\r\n'
worldserver running started=2026-09-10T21:46:31.042646621Z restarts=0
COMMAND: account delete T26FRIEND
outcome=yes reason=''
text='Account deleted: T26FRIEND\r\n'
SQL: SELECT id, username FROM acore_auth.account WHERE username LIKE 'T26%';
SQL: SELECT guid, name FROM acore_characters.characters WHERE name LIKE 'Tsix%';

---- no orphaned rows anywhere those characters could have left one -- 03:25:26 CEST ----
SQL: SELECT COUNT(*) FROM acore_characters.group_member WHERE memberGuid BETWEEN 1006 AND 1009;
0
SQL: SELECT COUNT(*) FROM acore_characters.guild_member WHERE guid BETWEEN 1006 AND 1009;
0
SQL: SELECT COUNT(*) FROM acore_playerbots.playerbots_account_links;
0
SQL: SELECT COUNT(*) FROM acore_playerbots.playerbots_account_keys;
0
SQL: SELECT COUNT(*) FROM acore_auth.account_access WHERE id BETWEEN 119 AND 121;
0
SQL: SELECT COUNT(*) FROM acore_auth.realmcharacters WHERE acctid BETWEEN 119 AND 121;
0
SQL: SELECT COUNT(*) FROM acore_characters.characters WHERE account BETWEEN 119 AND 121;
0

---- this lane's one new file on the box, and it goes too -- 03:25:26 CEST ----
platform.config_dir() = /home/pk/.local/share/yulon
-rw-rw-r-- 1 pk pk 20 Sep 11 03:22 /home/pk/.local/share/yulon/party-altbots.json
{
  "243c46e3": {}
}after removing it:
ls: cannot access '/home/pk/.local/share/yulon/party-altbots.json': No such file or directory
what is left in that directory:
total 12
drwxrwxr-x 2 pk pk 4096 Sep  8 22:25 credentials
drwxrwxr-x 2 pk pk 4096 Sep  9 13:44 logs
drwxrwxr-x 3 pk pk 4096 Sep 10 22:05 manifests

---- EVERY number step 01 read, read back -- 03:25:26 CEST ----
ac-worldserver	Up 4 hours
ac-authserver	Up 4 hours
ac-database	Up 4 hours (healthy)
ac-worldserver: started=2026-09-10T21:46:31.042646621Z restarts=0 status=running
ac-authserver: started=2026-09-10T21:46:31.045490563Z restarts=0 status=running
ac-database: started=2026-09-10T21:46:25.318964154Z restarts=0 status=running
SQL: SELECT COUNT(*) FROM acore_auth.account;
103
SQL: SELECT COUNT(*) FROM acore_auth.account_access;
3
SQL: SELECT COUNT(*) FROM acore_characters.characters;
1001
SQL: SELECT COUNT(*) FROM acore_characters.characters WHERE online = 1;
500
SQL: SELECT COUNT(*) FROM acore_characters.guild;
20
SQL: SELECT COUNT(*) FROM acore_characters.guild_member;
300
SQL: SELECT COUNT(*) FROM acore_characters.groups;
0
SQL: SELECT COUNT(*) FROM acore_characters.group_member;
0
SQL: SELECT account_type, COUNT(*) FROM acore_playerbots.playerbots_account_type GROUP BY account_type;
1	50
2	50
SQL: SELECT COUNT(*) FROM acore_playerbots.playerbots_random_bots;
4171

---- the owner's things -- 03:25:27 CEST ----
-rw-r--r-- 1 pk pk 37294 2026-09-09 02:06 /home/pk/wowserver/env/dist/etc/modules/lua_scripts/LootPet2.lua
06190339b54de63d8fd95f3210fcc298  /home/pk/wowserver/env/dist/etc/modules/lua_scripts/LootPet2.lua
706:Logger.ALE=4,Console Server
SQL: SELECT address, localAddress, localSubnetMask FROM acore_auth.realmlist;
100.99.204.5	100.99.204.5	255.255.255.0
SQL: SELECT id, username, last_login FROM acore_auth.account WHERE username IN ('PERZI','YULONADMIN','YULON_243C46E3') ORDER BY id;
101	YULON_243C46E3	NULL
102	PERZI	2026-09-08 23:24:16
103	YULONADMIN	NULL
SQL: SELECT guid, account, name, level, online FROM acore_characters.characters WHERE name = 'Pakka';
1001	102	Pakka	6	0
bd8d55ae591adfed443f174ed1311c61  /home/pk/wowserver/env/dist/etc/modules/playerbots.conf

---- the bridge -- six scripts, the same bytes, and the world still answers -- 03:25:28 CEST ----
total 104
-rw-rw-r-- 1 pk pk  3167 2026-09-08 20:53 dml_addclass.lua
-rw-r--r-- 1 pk pk  5005 2026-09-10 21:32 dml_botadd.lua
-rw-rw-r-- 1 pk pk  2379 2026-09-08 20:53 dml_bridge_ping.lua
-rw-rw-r-- 1 pk pk  1276 2026-09-08 20:53 dml_login.lua
-rw-r--r-- 1 pk pk  5926 2026-09-10 18:31 dml_uninvite.lua
-rw-rw-r-- 1 pk pk  1737 2026-09-08 20:53 dml_whisper.lua
-rw-r--r-- 1 pk pk 37294 2026-09-09 02:06 LootPet2.lua
-rw-r--r-- 1 pk pk 31216 2026-09-08 23:04 LootPet.lua.bak-20260909-002427
8e0d6a0cb68c935ae256343f08c69d38  /home/pk/wowserver/env/dist/etc/modules/lua_scripts/dml_addclass.lua
958b0966ec795e655868178a1f643ba1  /home/pk/wowserver/env/dist/etc/modules/lua_scripts/dml_botadd.lua
c1cc8dfc75558d1dd4d15253aa1b99c1  /home/pk/wowserver/env/dist/etc/modules/lua_scripts/dml_bridge_ping.lua
29d64c674c1a0f9e85def3aba9c79499  /home/pk/wowserver/env/dist/etc/modules/lua_scripts/dml_login.lua
3a8dcdb503b023be4e9a526fb70fe499  /home/pk/wowserver/env/dist/etc/modules/lua_scripts/dml_uninvite.lua
2cf5d7163336b5efd48611868974ccb0  /home/pk/wowserver/env/dist/etc/modules/lua_scripts/dml_whisper.lua
worldserver running started=2026-09-10T21:46:31.042646621Z restarts=0
COMMAND: dml_bridge_ping
outcome=yes reason=''
text='DML-BRIDGE-READY dml_bridge_ping\r\n'
worldserver running started=2026-09-10T21:46:31.042646621Z restarts=0
facts: Facts(server_installed=True, world_running=True, engine_cloned=True, engine_in_binary=True, conf_present=True, engine_enabled=True, script_path='/azerothcore/env/dist/etc/modules/lua_scripts', deployed=('LootPet2.lua', 'dml_addclass.lua', 'dml_botadd.lua', 'dml_bridge_ping.lua', 'dml_login.lua', 'dml_uninvite.lua', 'dml_whisper.lua'), bridge_answered=True)
ready: True  blocker: None

---- the module clone, still pinned and unmodified -- 03:25:30 CEST ----
b949b50bfcdd4fab937781bac2d7765e39330e4b

---- done -- 03:25:30 CEST ----
step 25 finished 03:25:30 CEST
