2026-09-11 03:24:36 +02:00
DESKTOP-FP27AUV
=== the three client files this lane rewrites, restored again at the END of round 2 ===
[2026-09-11 03:24:37 +02:00] === stage restore  label=shot  session=0 ===
[2026-09-11 03:24:37 +02:00] --- the three files BEFORE this restore ---
[2026-09-11 03:24:37 +02:00]   C:\clients\WoW-WotLK-3.3.5a-min\Data\enUS\realmlist.wtf :
[2026-09-11 03:24:37 +02:00]     set realmlist 100.99.204.5
[2026-09-11 03:24:37 +02:00]   C:\clients\WoW-WotLK-3.3.5a-min\realmlist.wtf :
[2026-09-11 03:24:37 +02:00]     set realmlist 100.99.204.5
[2026-09-11 03:24:37 +02:00]   C:\clients\WoW-WotLK-3.3.5a-min\WTF\Config.wtf :
[2026-09-11 03:24:37 +02:00]     SET locale "enUS"
[2026-09-11 03:24:37 +02:00]     SET hwDetect "0"
[2026-09-11 03:24:37 +02:00]     SET gxRefresh "60"
[2026-09-11 03:24:37 +02:00]     SET gxMultisampleQuality "0.000000"
[2026-09-11 03:24:37 +02:00]     SET gxFixLag "0"
[2026-09-11 03:24:37 +02:00]     SET videoOptionsVersion "3"
[2026-09-11 03:24:37 +02:00]     SET Gamma "1.000000"
[2026-09-11 03:24:37 +02:00]     SET showToolsUI "1"
[2026-09-11 03:24:37 +02:00]     SET Sound_OutputDriverName "System Default"
[2026-09-11 03:24:37 +02:00]     SET Sound_MusicVolume "0"
[2026-09-11 03:24:37 +02:00]     SET Sound_AmbienceVolume "0.60000002384186"
[2026-09-11 03:24:37 +02:00]     SET farclip "397"
[2026-09-11 03:24:37 +02:00]     SET specular "1"
[2026-09-11 03:24:37 +02:00]     SET groundEffectDensity "24"
[2026-09-11 03:24:37 +02:00]     SET projectedTextures "1"
[2026-09-11 03:24:37 +02:00]     SET portal "en"
[2026-09-11 03:24:37 +02:00]     SET gxVSync "0"
[2026-09-11 03:24:37 +02:00]     SET accounttype "LK"
[2026-09-11 03:24:37 +02:00]     SET realmName "Yulon ubuntu2"
[2026-09-11 03:24:37 +02:00]     SET mouseSpeed "1"
[2026-09-11 03:24:37 +02:00]     SET gameTip "13"
[2026-09-11 03:24:37 +02:00]     SET checkAddonVersion "0"
[2026-09-11 03:24:37 +02:00]     SET showGameTips "0"
[2026-09-11 03:24:37 +02:00]     SET Sound_VoiceChatInputDriverName "System Default"
[2026-09-11 03:24:37 +02:00]     SET Sound_VoiceChatOutputDriverName "System Default"
[2026-09-11 03:24:37 +02:00]     SET Sound_MasterVolume "0.30000001192093"
[2026-09-11 03:24:37 +02:00]     SET uiScale "0.70999997854233"
[2026-09-11 03:24:37 +02:00]     SET useUiScale "1"
[2026-09-11 03:24:37 +02:00]     SET timingTestError "0"
[2026-09-11 03:24:37 +02:00]     SET Sound_EnableSFX "0"
[2026-09-11 03:24:37 +02:00]     SET Sound_EnableAmbience "0"
[2026-09-11 03:24:37 +02:00]     SET Sound_EnableMusic "0"
[2026-09-11 03:24:37 +02:00]     SET realmlist "100.99.204.5"
[2026-09-11 03:24:37 +02:00]     SET gxWindow "1"
[2026-09-11 03:24:37 +02:00]     SET readTOS "1"
[2026-09-11 03:24:37 +02:00]     SET readEULA "1"
[2026-09-11 03:24:37 +02:00]     SET movie "0"
[2026-09-11 03:24:37 +02:00]     SET chatLog "1"
[2026-09-11 03:24:37 +02:00] restored C:\clients\WoW-WotLK-3.3.5a-min\Data\enUS\realmlist.wtf
[2026-09-11 03:24:37 +02:00] restored C:\clients\WoW-WotLK-3.3.5a-min\realmlist.wtf
[2026-09-11 03:24:37 +02:00] restored C:\clients\WoW-WotLK-3.3.5a-min\WTF\Config.wtf
[2026-09-11 03:24:37 +02:00] --- the three files AFTER this restore ---
[2026-09-11 03:24:37 +02:00]   C:\clients\WoW-WotLK-3.3.5a-min\Data\enUS\realmlist.wtf :
[2026-09-11 03:24:37 +02:00]     set realmlist 172.30.48.189
[2026-09-11 03:24:37 +02:00]   C:\clients\WoW-WotLK-3.3.5a-min\realmlist.wtf :
[2026-09-11 03:24:37 +02:00]     set realmlist 172.30.48.189
[2026-09-11 03:24:37 +02:00]   C:\clients\WoW-WotLK-3.3.5a-min\WTF\Config.wtf :
[2026-09-11 03:24:37 +02:00]     SET locale "enUS"
[2026-09-11 03:24:37 +02:00]     SET hwDetect "0"
[2026-09-11 03:24:37 +02:00]     SET gxRefresh "60"
[2026-09-11 03:24:37 +02:00]     SET gxMultisampleQuality "0.000000"
[2026-09-11 03:24:37 +02:00]     SET gxFixLag "0"
[2026-09-11 03:24:37 +02:00]     SET videoOptionsVersion "3"
[2026-09-11 03:24:37 +02:00]     SET Gamma "1.000000"
[2026-09-11 03:24:37 +02:00]     SET showToolsUI "1"
[2026-09-11 03:24:37 +02:00]     SET Sound_OutputDriverName "System Default"
[2026-09-11 03:24:37 +02:00]     SET Sound_MusicVolume "0"
[2026-09-11 03:24:37 +02:00]     SET Sound_AmbienceVolume "0.60000002384186"
[2026-09-11 03:24:37 +02:00]     SET farclip "397"
[2026-09-11 03:24:37 +02:00]     SET specular "1"
[2026-09-11 03:24:37 +02:00]     SET groundEffectDensity "24"
[2026-09-11 03:24:37 +02:00]     SET projectedTextures "1"
[2026-09-11 03:24:37 +02:00]     SET portal "en"
[2026-09-11 03:24:37 +02:00]     SET gxVSync "0"
[2026-09-11 03:24:37 +02:00]     SET accounttype "LK"
[2026-09-11 03:24:37 +02:00]     SET realmName "Yulon ubuntu2"
[2026-09-11 03:24:37 +02:00]     SET mouseSpeed "1"
[2026-09-11 03:24:37 +02:00]     SET gameTip "13"
[2026-09-11 03:24:37 +02:00]     SET checkAddonVersion "0"
[2026-09-11 03:24:37 +02:00]     SET showGameTips "0"
[2026-09-11 03:24:37 +02:00]     SET Sound_VoiceChatInputDriverName "System Default"
[2026-09-11 03:24:37 +02:00]     SET Sound_VoiceChatOutputDriverName "System Default"
[2026-09-11 03:24:37 +02:00]     SET Sound_MasterVolume "0.30000001192093"
[2026-09-11 03:24:37 +02:00]     SET uiScale "0.70999997854233"
[2026-09-11 03:24:37 +02:00]     SET useUiScale "1"
[2026-09-11 03:24:37 +02:00]     SET timingTestError "0"
[2026-09-11 03:24:37 +02:00]     SET Sound_EnableSFX "0"
[2026-09-11 03:24:37 +02:00]     SET Sound_EnableAmbience "0"
[2026-09-11 03:24:37 +02:00]     SET Sound_EnableMusic "0"
[2026-09-11 03:24:37 +02:00]     SET gxWindow "1"
[2026-09-11 03:24:37 +02:00]     SET readTOS "1"
[2026-09-11 03:24:37 +02:00]     SET readEULA "1"
[2026-09-11 03:24:37 +02:00]     SET movie "0"
[2026-09-11 03:24:37 +02:00]     SET realmlist "172.30.48.189"
=== the portproxy put back ===



Listen on ipv4:             Connect to ipv4:

Address         Port        Address         Port
--------------- ----------  --------------- ----------
0.0.0.0         2222        172.30.51.173   22
0.0.0.0         3724        172.30.48.189   3724
0.0.0.0         8085        172.30.48.189   8085

pw.txt still there: False
C:\Users\PK\t26 still there: False
the T26Client task: ERROR: The system cannot find the file specified.
a client running: False
