[2026-09-11 02:59:49 +02:00] === stage restore  label=shot  session=0 ===
[2026-09-11 02:59:49 +02:00] --- the three files BEFORE this restore ---
[2026-09-11 02:59:49 +02:00]   C:\clients\WoW-WotLK-3.3.5a-min\Data\enUS\realmlist.wtf :
[2026-09-11 02:59:49 +02:00]     set realmlist 172.30.48.189
[2026-09-11 02:59:49 +02:00]   C:\clients\WoW-WotLK-3.3.5a-min\realmlist.wtf :
[2026-09-11 02:59:49 +02:00]     set realmlist 172.30.48.189
[2026-09-11 02:59:49 +02:00]   C:\clients\WoW-WotLK-3.3.5a-min\WTF\Config.wtf :
[2026-09-11 02:59:49 +02:00]     SET locale "enUS"
[2026-09-11 02:59:49 +02:00]     SET hwDetect "0"
[2026-09-11 02:59:49 +02:00]     SET gxRefresh "60"
[2026-09-11 02:59:49 +02:00]     SET gxMultisampleQuality "0.000000"
[2026-09-11 02:59:49 +02:00]     SET gxFixLag "0"
[2026-09-11 02:59:49 +02:00]     SET videoOptionsVersion "3"
[2026-09-11 02:59:49 +02:00]     SET Gamma "1.000000"
[2026-09-11 02:59:49 +02:00]     SET showToolsUI "1"
[2026-09-11 02:59:49 +02:00]     SET Sound_OutputDriverName "System Default"
[2026-09-11 02:59:49 +02:00]     SET Sound_MusicVolume "0"
[2026-09-11 02:59:49 +02:00]     SET Sound_AmbienceVolume "0.60000002384186"
[2026-09-11 02:59:49 +02:00]     SET farclip "397"
[2026-09-11 02:59:49 +02:00]     SET specular "1"
[2026-09-11 02:59:49 +02:00]     SET groundEffectDensity "24"
[2026-09-11 02:59:49 +02:00]     SET projectedTextures "1"
[2026-09-11 02:59:49 +02:00]     SET portal "en"
[2026-09-11 02:59:49 +02:00]     SET gxVSync "0"
[2026-09-11 02:59:49 +02:00]     SET accounttype "LK"
[2026-09-11 02:59:49 +02:00]     SET realmName "Yulon ubuntu2"
[2026-09-11 02:59:49 +02:00]     SET mouseSpeed "1"
[2026-09-11 02:59:49 +02:00]     SET gameTip "13"
[2026-09-11 02:59:49 +02:00]     SET checkAddonVersion "0"
[2026-09-11 02:59:49 +02:00]     SET showGameTips "0"
[2026-09-11 02:59:49 +02:00]     SET Sound_VoiceChatInputDriverName "System Default"
[2026-09-11 02:59:49 +02:00]     SET Sound_VoiceChatOutputDriverName "System Default"
[2026-09-11 02:59:49 +02:00]     SET Sound_MasterVolume "0.30000001192093"
[2026-09-11 02:59:49 +02:00]     SET uiScale "0.70999997854233"
[2026-09-11 02:59:49 +02:00]     SET useUiScale "1"
[2026-09-11 02:59:49 +02:00]     SET timingTestError "0"
[2026-09-11 02:59:49 +02:00]     SET Sound_EnableSFX "0"
[2026-09-11 02:59:49 +02:00]     SET Sound_EnableAmbience "0"
[2026-09-11 02:59:49 +02:00]     SET Sound_EnableMusic "0"
[2026-09-11 02:59:49 +02:00]     SET gxWindow "1"
[2026-09-11 02:59:49 +02:00]     SET readTOS "1"
[2026-09-11 02:59:49 +02:00]     SET readEULA "1"
[2026-09-11 02:59:49 +02:00]     SET movie "0"
[2026-09-11 02:59:49 +02:00]     SET realmlist "172.30.48.189"
[2026-09-11 02:59:50 +02:00] restored C:\clients\WoW-WotLK-3.3.5a-min\Data\enUS\realmlist.wtf
[2026-09-11 02:59:50 +02:00] restored C:\clients\WoW-WotLK-3.3.5a-min\realmlist.wtf
[2026-09-11 02:59:50 +02:00] restored C:\clients\WoW-WotLK-3.3.5a-min\WTF\Config.wtf
[2026-09-11 02:59:50 +02:00] --- the three files AFTER this restore ---
[2026-09-11 02:59:50 +02:00]   C:\clients\WoW-WotLK-3.3.5a-min\Data\enUS\realmlist.wtf :
[2026-09-11 02:59:50 +02:00]     set realmlist 172.30.48.189
[2026-09-11 02:59:50 +02:00]   C:\clients\WoW-WotLK-3.3.5a-min\realmlist.wtf :
[2026-09-11 02:59:50 +02:00]     set realmlist 172.30.48.189
[2026-09-11 02:59:50 +02:00]   C:\clients\WoW-WotLK-3.3.5a-min\WTF\Config.wtf :
[2026-09-11 02:59:50 +02:00]     SET locale "enUS"
[2026-09-11 02:59:50 +02:00]     SET hwDetect "0"
[2026-09-11 02:59:50 +02:00]     SET gxRefresh "60"
[2026-09-11 02:59:50 +02:00]     SET gxMultisampleQuality "0.000000"
[2026-09-11 02:59:50 +02:00]     SET gxFixLag "0"
[2026-09-11 02:59:50 +02:00]     SET videoOptionsVersion "3"
[2026-09-11 02:59:50 +02:00]     SET Gamma "1.000000"
[2026-09-11 02:59:50 +02:00]     SET showToolsUI "1"
[2026-09-11 02:59:50 +02:00]     SET Sound_OutputDriverName "System Default"
[2026-09-11 02:59:50 +02:00]     SET Sound_MusicVolume "0"
[2026-09-11 02:59:50 +02:00]     SET Sound_AmbienceVolume "0.60000002384186"
[2026-09-11 02:59:50 +02:00]     SET farclip "397"
[2026-09-11 02:59:50 +02:00]     SET specular "1"
[2026-09-11 02:59:50 +02:00]     SET groundEffectDensity "24"
[2026-09-11 02:59:50 +02:00]     SET projectedTextures "1"
[2026-09-11 02:59:50 +02:00]     SET portal "en"
[2026-09-11 02:59:50 +02:00]     SET gxVSync "0"
[2026-09-11 02:59:50 +02:00]     SET accounttype "LK"
[2026-09-11 02:59:50 +02:00]     SET realmName "Yulon ubuntu2"
[2026-09-11 02:59:50 +02:00]     SET mouseSpeed "1"
[2026-09-11 02:59:50 +02:00]     SET gameTip "13"
[2026-09-11 02:59:50 +02:00]     SET checkAddonVersion "0"
[2026-09-11 02:59:50 +02:00]     SET showGameTips "0"
[2026-09-11 02:59:50 +02:00]     SET Sound_VoiceChatInputDriverName "System Default"
[2026-09-11 02:59:50 +02:00]     SET Sound_VoiceChatOutputDriverName "System Default"
[2026-09-11 02:59:50 +02:00]     SET Sound_MasterVolume "0.30000001192093"
[2026-09-11 02:59:50 +02:00]     SET uiScale "0.70999997854233"
[2026-09-11 02:59:50 +02:00]     SET useUiScale "1"
[2026-09-11 02:59:50 +02:00]     SET timingTestError "0"
[2026-09-11 02:59:50 +02:00]     SET Sound_EnableSFX "0"
[2026-09-11 02:59:50 +02:00]     SET Sound_EnableAmbience "0"
[2026-09-11 02:59:50 +02:00]     SET Sound_EnableMusic "0"
[2026-09-11 02:59:50 +02:00]     SET gxWindow "1"
[2026-09-11 02:59:50 +02:00]     SET readTOS "1"
[2026-09-11 02:59:50 +02:00]     SET readEULA "1"
[2026-09-11 02:59:50 +02:00]     SET movie "0"
[2026-09-11 02:59:50 +02:00]     SET realmlist "172.30.48.189"
[2026-09-11 03:00:08 +02:00] === stage restore  label=shot  session=0 ===
[2026-09-11 03:00:08 +02:00] --- the three files BEFORE this restore ---
[2026-09-11 03:00:08 +02:00]   C:\clients\WoW-WotLK-3.3.5a-min\Data\enUS\realmlist.wtf :
[2026-09-11 03:00:08 +02:00]     set realmlist 172.30.48.189
[2026-09-11 03:00:08 +02:00]   C:\clients\WoW-WotLK-3.3.5a-min\realmlist.wtf :
[2026-09-11 03:00:08 +02:00]     set realmlist 172.30.48.189
[2026-09-11 03:00:08 +02:00]   C:\clients\WoW-WotLK-3.3.5a-min\WTF\Config.wtf :
[2026-09-11 03:00:08 +02:00]     SET locale "enUS"
[2026-09-11 03:00:08 +02:00]     SET hwDetect "0"
[2026-09-11 03:00:08 +02:00]     SET gxRefresh "60"
[2026-09-11 03:00:08 +02:00]     SET gxMultisampleQuality "0.000000"
[2026-09-11 03:00:08 +02:00]     SET gxFixLag "0"
[2026-09-11 03:00:08 +02:00]     SET videoOptionsVersion "3"
[2026-09-11 03:00:08 +02:00]     SET Gamma "1.000000"
[2026-09-11 03:00:08 +02:00]     SET showToolsUI "1"
[2026-09-11 03:00:08 +02:00]     SET Sound_OutputDriverName "System Default"
[2026-09-11 03:00:08 +02:00]     SET Sound_MusicVolume "0"
[2026-09-11 03:00:08 +02:00]     SET Sound_AmbienceVolume "0.60000002384186"
[2026-09-11 03:00:08 +02:00]     SET farclip "397"
[2026-09-11 03:00:08 +02:00]     SET specular "1"
[2026-09-11 03:00:08 +02:00]     SET groundEffectDensity "24"
[2026-09-11 03:00:08 +02:00]     SET projectedTextures "1"
[2026-09-11 03:00:08 +02:00]     SET portal "en"
[2026-09-11 03:00:08 +02:00]     SET gxVSync "0"
[2026-09-11 03:00:08 +02:00]     SET accounttype "LK"
[2026-09-11 03:00:08 +02:00]     SET realmName "Yulon ubuntu2"
[2026-09-11 03:00:08 +02:00]     SET mouseSpeed "1"
[2026-09-11 03:00:08 +02:00]     SET gameTip "13"
[2026-09-11 03:00:08 +02:00]     SET checkAddonVersion "0"
[2026-09-11 03:00:08 +02:00]     SET showGameTips "0"
[2026-09-11 03:00:08 +02:00]     SET Sound_VoiceChatInputDriverName "System Default"
[2026-09-11 03:00:08 +02:00]     SET Sound_VoiceChatOutputDriverName "System Default"
[2026-09-11 03:00:08 +02:00]     SET Sound_MasterVolume "0.30000001192093"
[2026-09-11 03:00:08 +02:00]     SET uiScale "0.70999997854233"
[2026-09-11 03:00:08 +02:00]     SET useUiScale "1"
[2026-09-11 03:00:08 +02:00]     SET timingTestError "0"
[2026-09-11 03:00:08 +02:00]     SET Sound_EnableSFX "0"
[2026-09-11 03:00:08 +02:00]     SET Sound_EnableAmbience "0"
[2026-09-11 03:00:08 +02:00]     SET Sound_EnableMusic "0"
[2026-09-11 03:00:08 +02:00]     SET gxWindow "1"
[2026-09-11 03:00:08 +02:00]     SET readTOS "1"
[2026-09-11 03:00:08 +02:00]     SET readEULA "1"
[2026-09-11 03:00:08 +02:00]     SET movie "0"
[2026-09-11 03:00:08 +02:00]     SET realmlist "172.30.48.189"
[2026-09-11 03:00:08 +02:00] restored C:\clients\WoW-WotLK-3.3.5a-min\Data\enUS\realmlist.wtf
[2026-09-11 03:00:08 +02:00] restored C:\clients\WoW-WotLK-3.3.5a-min\realmlist.wtf
[2026-09-11 03:00:08 +02:00] restored C:\clients\WoW-WotLK-3.3.5a-min\WTF\Config.wtf
[2026-09-11 03:00:08 +02:00] --- the three files AFTER this restore ---
[2026-09-11 03:00:08 +02:00]   C:\clients\WoW-WotLK-3.3.5a-min\Data\enUS\realmlist.wtf :
[2026-09-11 03:00:08 +02:00]     set realmlist 172.30.48.189
[2026-09-11 03:00:08 +02:00]   C:\clients\WoW-WotLK-3.3.5a-min\realmlist.wtf :
[2026-09-11 03:00:08 +02:00]     set realmlist 172.30.48.189
[2026-09-11 03:00:08 +02:00]   C:\clients\WoW-WotLK-3.3.5a-min\WTF\Config.wtf :
[2026-09-11 03:00:08 +02:00]     SET locale "enUS"
[2026-09-11 03:00:08 +02:00]     SET hwDetect "0"
[2026-09-11 03:00:08 +02:00]     SET gxRefresh "60"
[2026-09-11 03:00:08 +02:00]     SET gxMultisampleQuality "0.000000"
[2026-09-11 03:00:08 +02:00]     SET gxFixLag "0"
[2026-09-11 03:00:08 +02:00]     SET videoOptionsVersion "3"
[2026-09-11 03:00:08 +02:00]     SET Gamma "1.000000"
[2026-09-11 03:00:08 +02:00]     SET showToolsUI "1"
[2026-09-11 03:00:08 +02:00]     SET Sound_OutputDriverName "System Default"
[2026-09-11 03:00:08 +02:00]     SET Sound_MusicVolume "0"
[2026-09-11 03:00:08 +02:00]     SET Sound_AmbienceVolume "0.60000002384186"
[2026-09-11 03:00:08 +02:00]     SET farclip "397"
[2026-09-11 03:00:08 +02:00]     SET specular "1"
[2026-09-11 03:00:08 +02:00]     SET groundEffectDensity "24"
[2026-09-11 03:00:08 +02:00]     SET projectedTextures "1"
[2026-09-11 03:00:08 +02:00]     SET portal "en"
[2026-09-11 03:00:08 +02:00]     SET gxVSync "0"
[2026-09-11 03:00:08 +02:00]     SET accounttype "LK"
[2026-09-11 03:00:08 +02:00]     SET realmName "Yulon ubuntu2"
[2026-09-11 03:00:08 +02:00]     SET mouseSpeed "1"
[2026-09-11 03:00:08 +02:00]     SET gameTip "13"
[2026-09-11 03:00:08 +02:00]     SET checkAddonVersion "0"
[2026-09-11 03:00:08 +02:00]     SET showGameTips "0"
[2026-09-11 03:00:08 +02:00]     SET Sound_VoiceChatInputDriverName "System Default"
[2026-09-11 03:00:08 +02:00]     SET Sound_VoiceChatOutputDriverName "System Default"
[2026-09-11 03:00:08 +02:00]     SET Sound_MasterVolume "0.30000001192093"
[2026-09-11 03:00:08 +02:00]     SET uiScale "0.70999997854233"
[2026-09-11 03:00:08 +02:00]     SET useUiScale "1"
[2026-09-11 03:00:08 +02:00]     SET timingTestError "0"
[2026-09-11 03:00:08 +02:00]     SET Sound_EnableSFX "0"
[2026-09-11 03:00:08 +02:00]     SET Sound_EnableAmbience "0"
[2026-09-11 03:00:08 +02:00]     SET Sound_EnableMusic "0"
[2026-09-11 03:00:08 +02:00]     SET gxWindow "1"
[2026-09-11 03:00:08 +02:00]     SET readTOS "1"
[2026-09-11 03:00:08 +02:00]     SET readEULA "1"
[2026-09-11 03:00:08 +02:00]     SET movie "0"
[2026-09-11 03:00:08 +02:00]     SET realmlist "172.30.48.189"
[2026-09-11 03:01:28 +02:00] === stage config  label=shot  session=1 ===
[2026-09-11 03:01:28 +02:00] wrote 'set realmlist 100.99.204.5' into C:\clients\WoW-WotLK-3.3.5a-min\realmlist.wtf
[2026-09-11 03:01:28 +02:00] wrote 'set realmlist 100.99.204.5' into C:\clients\WoW-WotLK-3.3.5a-min\WTF\Config.wtf
[2026-09-11 03:01:28 +02:00] wrote 'set realmlist 100.99.204.5' into C:\clients\WoW-WotLK-3.3.5a-min\Data\enUS\realmlist.wtf
[2026-09-11 03:01:28 +02:00] asked for a 1024x768 window and chatLog on
[2026-09-11 03:01:28 +02:00]   Config.wtf: SET locale "enUS"
[2026-09-11 03:01:28 +02:00]   Config.wtf: SET hwDetect "0"
[2026-09-11 03:01:28 +02:00]   Config.wtf: SET gxRefresh "60"
[2026-09-11 03:01:28 +02:00]   Config.wtf: SET gxMultisampleQuality "0.000000"
[2026-09-11 03:01:28 +02:00]   Config.wtf: SET gxFixLag "0"
[2026-09-11 03:01:28 +02:00]   Config.wtf: SET videoOptionsVersion "3"
[2026-09-11 03:01:28 +02:00]   Config.wtf: SET Gamma "1.000000"
[2026-09-11 03:01:28 +02:00]   Config.wtf: SET showToolsUI "1"
[2026-09-11 03:01:28 +02:00]   Config.wtf: SET Sound_OutputDriverName "System Default"
[2026-09-11 03:01:28 +02:00]   Config.wtf: SET Sound_MusicVolume "0"
[2026-09-11 03:01:28 +02:00]   Config.wtf: SET Sound_AmbienceVolume "0.60000002384186"
[2026-09-11 03:01:28 +02:00]   Config.wtf: SET farclip "397"
[2026-09-11 03:01:28 +02:00]   Config.wtf: SET specular "1"
[2026-09-11 03:01:29 +02:00]   Config.wtf: SET groundEffectDensity "24"
[2026-09-11 03:01:29 +02:00]   Config.wtf: SET projectedTextures "1"
[2026-09-11 03:01:29 +02:00]   Config.wtf: SET portal "en"
[2026-09-11 03:01:29 +02:00]   Config.wtf: SET gxVSync "0"
[2026-09-11 03:01:29 +02:00]   Config.wtf: SET accounttype "LK"
[2026-09-11 03:01:29 +02:00]   Config.wtf: SET realmName "Yulon ubuntu2"
[2026-09-11 03:01:29 +02:00]   Config.wtf: SET mouseSpeed "1"
[2026-09-11 03:01:29 +02:00]   Config.wtf: SET gameTip "13"
[2026-09-11 03:01:29 +02:00]   Config.wtf: SET checkAddonVersion "0"
[2026-09-11 03:01:29 +02:00]   Config.wtf: SET showGameTips "0"
[2026-09-11 03:01:29 +02:00]   Config.wtf: SET Sound_VoiceChatInputDriverName "System Default"
[2026-09-11 03:01:29 +02:00]   Config.wtf: SET Sound_VoiceChatOutputDriverName "System Default"
[2026-09-11 03:01:29 +02:00]   Config.wtf: SET Sound_MasterVolume "0.30000001192093"
[2026-09-11 03:01:29 +02:00]   Config.wtf: SET uiScale "0.70999997854233"
[2026-09-11 03:01:29 +02:00]   Config.wtf: SET useUiScale "1"
[2026-09-11 03:01:29 +02:00]   Config.wtf: SET timingTestError "0"
[2026-09-11 03:01:29 +02:00]   Config.wtf: SET Sound_EnableSFX "0"
[2026-09-11 03:01:29 +02:00]   Config.wtf: SET Sound_EnableAmbience "0"
[2026-09-11 03:01:29 +02:00]   Config.wtf: SET Sound_EnableMusic "0"
[2026-09-11 03:01:29 +02:00]   Config.wtf: set realmlist 100.99.204.5
[2026-09-11 03:01:29 +02:00]   Config.wtf: SET gxWindow "1"
[2026-09-11 03:01:29 +02:00]   Config.wtf: SET gxMaximize "0"
[2026-09-11 03:01:29 +02:00]   Config.wtf: SET gxResolution "1024x768"
[2026-09-11 03:01:29 +02:00]   Config.wtf: SET readTOS "1"
[2026-09-11 03:01:29 +02:00]   Config.wtf: SET readEULA "1"
[2026-09-11 03:01:29 +02:00]   Config.wtf: SET movie "0"
[2026-09-11 03:01:29 +02:00]   Config.wtf: SET chatLog "1"
[2026-09-11 03:01:32 +02:00] === stage launch  label=r2-01-login  session=1 ===
[2026-09-11 03:01:34 +02:00] started wow.exe from C:\clients\WoW-WotLK-3.3.5a-min
[2026-09-11 03:01:36 +02:00] window handle: 656796
[2026-09-11 03:01:55 +02:00] photographed C:\Users\PK\t26\shots\r2-01-login.png
[2026-09-11 03:01:55 +02:00] photographed C:\Users\PK\t26\shots\r2-01-login-client.png
[2026-09-11 03:02:06 +02:00] === stage login  label=r2-02-chars  session=1 ===
[2026-09-11 03:02:09 +02:00] typed the account T26MASTER and its password (the password is not in this log)
[2026-09-11 03:02:09 +02:00] sent the login
[2026-09-11 03:02:31 +02:00] photographed C:\Users\PK\t26\shots\r2-02-chars.png
[2026-09-11 03:02:31 +02:00] photographed C:\Users\PK\t26\shots\r2-02-chars-client.png
[2026-09-11 03:02:34 +02:00] === stage keys  label=r2-03-in-world  session=1 ===
[2026-09-11 03:02:35 +02:00] sent keys {ENTER}
[2026-09-11 03:03:31 +02:00] photographed C:\Users\PK\t26\shots\r2-03-in-world.png
[2026-09-11 03:03:32 +02:00] photographed C:\Users\PK\t26\shots\r2-03-in-world-client.png
[2026-09-11 03:20:16 +02:00] === stage type  label=r2-04-leaveparty  session=1 ===
[2026-09-11 03:20:19 +02:00] typed into the chat line: /script LeaveParty{(}{)}
[2026-09-11 03:20:24 +02:00] photographed C:\Users\PK\t26\shots\r2-04-leaveparty.png
[2026-09-11 03:20:24 +02:00] photographed C:\Users\PK\t26\shots\r2-04-leaveparty-client.png
[2026-09-11 03:24:31 +02:00] === stage quit  label=r2-05-quit  session=1 ===
[2026-09-11 03:24:33 +02:00] closed the client; still running: False
[2026-09-11 03:24:37 +02:00] === stage restore  label=shot  session=0 ===
[2026-09-11 03:24:37 +02:00] --- the three files BEFORE this restore ---
[2026-09-11 03:24:37 +02:00]   C:\clients\WoW-WotLK-3.3.5a-min\Data\enUS\realmlist.wtf :
[2026-09-11 03:24:37 +02:00]     set realmlist 100.99.204.5
[2026-09-11 03:24:37 +02:00]   C:\clients\WoW-WotLK-3.3.5a-min\realmlist.wtf :
[2026-09-11 03:24:37 +02:00]     set realmlist 100.99.204.5
[2026-09-11 03:24:37 +02:00]   C:\clients\WoW-WotLK-3.3.5a-min\WTF\Config.wtf :
[2026-09-11 03:24:37 +02:00]     SET locale "enUS"
[2026-09-11 03:24:37 +02:00]     SET hwDetect "0"
[2026-09-11 03:24:37 +02:00]     SET gxRefresh "60"
[2026-09-11 03:24:37 +02:00]     SET gxMultisampleQuality "0.000000"
[2026-09-11 03:24:37 +02:00]     SET gxFixLag "0"
[2026-09-11 03:24:37 +02:00]     SET videoOptionsVersion "3"
[2026-09-11 03:24:37 +02:00]     SET Gamma "1.000000"
[2026-09-11 03:24:37 +02:00]     SET showToolsUI "1"
[2026-09-11 03:24:37 +02:00]     SET Sound_OutputDriverName "System Default"
[2026-09-11 03:24:37 +02:00]     SET Sound_MusicVolume "0"
[2026-09-11 03:24:37 +02:00]     SET Sound_AmbienceVolume "0.60000002384186"
[2026-09-11 03:24:37 +02:00]     SET farclip "397"
[2026-09-11 03:24:37 +02:00]     SET specular "1"
[2026-09-11 03:24:37 +02:00]     SET groundEffectDensity "24"
[2026-09-11 03:24:37 +02:00]     SET projectedTextures "1"
[2026-09-11 03:24:37 +02:00]     SET portal "en"
[2026-09-11 03:24:37 +02:00]     SET gxVSync "0"
[2026-09-11 03:24:37 +02:00]     SET accounttype "LK"
[2026-09-11 03:24:37 +02:00]     SET realmName "Yulon ubuntu2"
[2026-09-11 03:24:37 +02:00]     SET mouseSpeed "1"
[2026-09-11 03:24:37 +02:00]     SET gameTip "13"
[2026-09-11 03:24:37 +02:00]     SET checkAddonVersion "0"
[2026-09-11 03:24:37 +02:00]     SET showGameTips "0"
[2026-09-11 03:24:37 +02:00]     SET Sound_VoiceChatInputDriverName "System Default"
[2026-09-11 03:24:37 +02:00]     SET Sound_VoiceChatOutputDriverName "System Default"
[2026-09-11 03:24:37 +02:00]     SET Sound_MasterVolume "0.30000001192093"
[2026-09-11 03:24:37 +02:00]     SET uiScale "0.70999997854233"
[2026-09-11 03:24:37 +02:00]     SET useUiScale "1"
[2026-09-11 03:24:37 +02:00]     SET timingTestError "0"
[2026-09-11 03:24:37 +02:00]     SET Sound_EnableSFX "0"
[2026-09-11 03:24:37 +02:00]     SET Sound_EnableAmbience "0"
[2026-09-11 03:24:37 +02:00]     SET Sound_EnableMusic "0"
[2026-09-11 03:24:37 +02:00]     SET realmlist "100.99.204.5"
[2026-09-11 03:24:37 +02:00]     SET gxWindow "1"
[2026-09-11 03:24:37 +02:00]     SET readTOS "1"
[2026-09-11 03:24:37 +02:00]     SET readEULA "1"
[2026-09-11 03:24:37 +02:00]     SET movie "0"
[2026-09-11 03:24:37 +02:00]     SET chatLog "1"
[2026-09-11 03:24:37 +02:00] restored C:\clients\WoW-WotLK-3.3.5a-min\Data\enUS\realmlist.wtf
[2026-09-11 03:24:37 +02:00] restored C:\clients\WoW-WotLK-3.3.5a-min\realmlist.wtf
[2026-09-11 03:24:37 +02:00] restored C:\clients\WoW-WotLK-3.3.5a-min\WTF\Config.wtf
[2026-09-11 03:24:37 +02:00] --- the three files AFTER this restore ---
[2026-09-11 03:24:37 +02:00]   C:\clients\WoW-WotLK-3.3.5a-min\Data\enUS\realmlist.wtf :
[2026-09-11 03:24:37 +02:00]     set realmlist 172.30.48.189
[2026-09-11 03:24:37 +02:00]   C:\clients\WoW-WotLK-3.3.5a-min\realmlist.wtf :
[2026-09-11 03:24:37 +02:00]     set realmlist 172.30.48.189
[2026-09-11 03:24:37 +02:00]   C:\clients\WoW-WotLK-3.3.5a-min\WTF\Config.wtf :
[2026-09-11 03:24:37 +02:00]     SET locale "enUS"
[2026-09-11 03:24:37 +02:00]     SET hwDetect "0"
[2026-09-11 03:24:37 +02:00]     SET gxRefresh "60"
[2026-09-11 03:24:37 +02:00]     SET gxMultisampleQuality "0.000000"
[2026-09-11 03:24:37 +02:00]     SET gxFixLag "0"
[2026-09-11 03:24:37 +02:00]     SET videoOptionsVersion "3"
[2026-09-11 03:24:37 +02:00]     SET Gamma "1.000000"
[2026-09-11 03:24:37 +02:00]     SET showToolsUI "1"
[2026-09-11 03:24:37 +02:00]     SET Sound_OutputDriverName "System Default"
[2026-09-11 03:24:37 +02:00]     SET Sound_MusicVolume "0"
[2026-09-11 03:24:37 +02:00]     SET Sound_AmbienceVolume "0.60000002384186"
[2026-09-11 03:24:37 +02:00]     SET farclip "397"
[2026-09-11 03:24:37 +02:00]     SET specular "1"
[2026-09-11 03:24:37 +02:00]     SET groundEffectDensity "24"
[2026-09-11 03:24:37 +02:00]     SET projectedTextures "1"
[2026-09-11 03:24:37 +02:00]     SET portal "en"
[2026-09-11 03:24:37 +02:00]     SET gxVSync "0"
[2026-09-11 03:24:37 +02:00]     SET accounttype "LK"
[2026-09-11 03:24:37 +02:00]     SET realmName "Yulon ubuntu2"
[2026-09-11 03:24:37 +02:00]     SET mouseSpeed "1"
[2026-09-11 03:24:37 +02:00]     SET gameTip "13"
[2026-09-11 03:24:37 +02:00]     SET checkAddonVersion "0"
[2026-09-11 03:24:37 +02:00]     SET showGameTips "0"
[2026-09-11 03:24:37 +02:00]     SET Sound_VoiceChatInputDriverName "System Default"
[2026-09-11 03:24:37 +02:00]     SET Sound_VoiceChatOutputDriverName "System Default"
[2026-09-11 03:24:37 +02:00]     SET Sound_MasterVolume "0.30000001192093"
[2026-09-11 03:24:37 +02:00]     SET uiScale "0.70999997854233"
[2026-09-11 03:24:37 +02:00]     SET useUiScale "1"
[2026-09-11 03:24:37 +02:00]     SET timingTestError "0"
[2026-09-11 03:24:37 +02:00]     SET Sound_EnableSFX "0"
[2026-09-11 03:24:37 +02:00]     SET Sound_EnableAmbience "0"
[2026-09-11 03:24:37 +02:00]     SET Sound_EnableMusic "0"
[2026-09-11 03:24:37 +02:00]     SET gxWindow "1"
[2026-09-11 03:24:37 +02:00]     SET readTOS "1"
[2026-09-11 03:24:37 +02:00]     SET readEULA "1"
[2026-09-11 03:24:37 +02:00]     SET movie "0"
[2026-09-11 03:24:37 +02:00]     SET realmlist "172.30.48.189"
