[2026-09-11 01:53:55 +02:00] === stage config  label=shot  session=1 ===
[2026-09-11 01:53:55 +02:00] wrote 'set realmlist 100.99.204.5' into C:\clients\WoW-WotLK-3.3.5a-min\realmlist.wtf
[2026-09-11 01:53:55 +02:00] wrote 'set realmlist 100.99.204.5' into C:\clients\WoW-WotLK-3.3.5a-min\WTF\Config.wtf
[2026-09-11 01:53:55 +02:00] wrote 'set realmlist 100.99.204.5' into C:\clients\WoW-WotLK-3.3.5a-min\Data\enUS\realmlist.wtf
[2026-09-11 01:53:55 +02:00] asked for a 1024x768 window and chatLog on
[2026-09-11 01:53:55 +02:00]   Config.wtf: SET locale "enUS"
[2026-09-11 01:53:55 +02:00]   Config.wtf: SET hwDetect "0"
[2026-09-11 01:53:55 +02:00]   Config.wtf: SET gxRefresh "60"
[2026-09-11 01:53:55 +02:00]   Config.wtf: SET gxMultisampleQuality "0.000000"
[2026-09-11 01:53:55 +02:00]   Config.wtf: SET gxFixLag "0"
[2026-09-11 01:53:55 +02:00]   Config.wtf: SET videoOptionsVersion "3"
[2026-09-11 01:53:55 +02:00]   Config.wtf: SET Gamma "1.000000"
[2026-09-11 01:53:55 +02:00]   Config.wtf: SET showToolsUI "1"
[2026-09-11 01:53:55 +02:00]   Config.wtf: SET Sound_OutputDriverName "System Default"
[2026-09-11 01:53:55 +02:00]   Config.wtf: SET Sound_MusicVolume "0"
[2026-09-11 01:53:55 +02:00]   Config.wtf: SET Sound_AmbienceVolume "0.60000002384186"
[2026-09-11 01:53:55 +02:00]   Config.wtf: SET farclip "397"
[2026-09-11 01:53:55 +02:00]   Config.wtf: SET specular "1"
[2026-09-11 01:53:55 +02:00]   Config.wtf: SET groundEffectDensity "24"
[2026-09-11 01:53:55 +02:00]   Config.wtf: SET projectedTextures "1"
[2026-09-11 01:53:55 +02:00]   Config.wtf: SET portal "en"
[2026-09-11 01:53:55 +02:00]   Config.wtf: SET gxVSync "0"
[2026-09-11 01:53:55 +02:00]   Config.wtf: SET accounttype "LK"
[2026-09-11 01:53:55 +02:00]   Config.wtf: SET realmName "Yulon ubuntu2"
[2026-09-11 01:53:55 +02:00]   Config.wtf: SET mouseSpeed "1"
[2026-09-11 01:53:55 +02:00]   Config.wtf: SET gameTip "13"
[2026-09-11 01:53:55 +02:00]   Config.wtf: SET checkAddonVersion "0"
[2026-09-11 01:53:55 +02:00]   Config.wtf: SET showGameTips "0"
[2026-09-11 01:53:55 +02:00]   Config.wtf: SET Sound_VoiceChatInputDriverName "System Default"
[2026-09-11 01:53:55 +02:00]   Config.wtf: SET Sound_VoiceChatOutputDriverName "System Default"
[2026-09-11 01:53:55 +02:00]   Config.wtf: SET Sound_MasterVolume "0.30000001192093"
[2026-09-11 01:53:55 +02:00]   Config.wtf: SET uiScale "0.70999997854233"
[2026-09-11 01:53:55 +02:00]   Config.wtf: SET useUiScale "1"
[2026-09-11 01:53:55 +02:00]   Config.wtf: SET timingTestError "0"
[2026-09-11 01:53:55 +02:00]   Config.wtf: SET Sound_EnableSFX "0"
[2026-09-11 01:53:55 +02:00]   Config.wtf: SET Sound_EnableAmbience "0"
[2026-09-11 01:53:55 +02:00]   Config.wtf: SET Sound_EnableMusic "0"
[2026-09-11 01:53:55 +02:00]   Config.wtf: set realmlist 100.99.204.5
[2026-09-11 01:53:55 +02:00]   Config.wtf: SET gxWindow "1"
[2026-09-11 01:53:55 +02:00]   Config.wtf: SET gxMaximize "0"
[2026-09-11 01:53:55 +02:00]   Config.wtf: SET gxResolution "1024x768"
[2026-09-11 01:53:55 +02:00]   Config.wtf: SET readTOS "1"
[2026-09-11 01:53:55 +02:00]   Config.wtf: SET readEULA "1"
[2026-09-11 01:53:55 +02:00]   Config.wtf: SET movie "0"
[2026-09-11 01:53:55 +02:00]   Config.wtf: SET chatLog "1"
[2026-09-11 01:54:03 +02:00] === stage launch  label=01-login-screen  session=1 ===
[2026-09-11 01:54:05 +02:00] started wow.exe from C:\clients\WoW-WotLK-3.3.5a-min
[2026-09-11 01:54:20 +02:00] window handle: 329150
[2026-09-11 01:54:46 +02:00] photographed C:\Users\PK\t26\shots\01-login-screen.png
[2026-09-11 01:55:17 +02:00] === stage shoot  label=01b-login-screen  session=1 ===
[2026-09-11 01:55:18 +02:00] photographed C:\Users\PK\t26\shots\01b-login-screen.png
[2026-09-11 01:55:39 +02:00] === stage login  label=02-after-login  session=1 ===
[2026-09-11 01:55:43 +02:00] typed the account T26MASTER and its password (the password is not in this log)
[2026-09-11 01:55:43 +02:00] sent the login
[2026-09-11 01:56:05 +02:00] photographed C:\Users\PK\t26\shots\02-after-login.png
[2026-09-11 01:56:31 +02:00] === stage keys  label=03-in-world  session=1 ===
[2026-09-11 01:56:32 +02:00] sent keys {ENTER}
[2026-09-11 01:57:29 +02:00] photographed C:\Users\PK\t26\shots\03-in-world.png
[2026-09-11 01:58:24 +02:00] === stage click  label=04-tutorial-closed  session=1 ===
[2026-09-11 01:58:25 +02:00] clicked 0.219,0.612 -> 672,617
[2026-09-11 01:58:31 +02:00] photographed C:\Users\PK\t26\shots\04-tutorial-closed.png
[2026-09-11 01:58:45 +02:00] === stage type  label=05-chatlog-on  session=1 ===
[2026-09-11 01:58:47 +02:00] typed into the chat line: /chatlog
[2026-09-11 01:58:52 +02:00] photographed C:\Users\PK\t26\shots\05-chatlog-on.png
[2026-09-11 01:59:27 +02:00] === stage type  label=06a  session=1 ===
[2026-09-11 01:59:29 +02:00] typed into the chat line: /console
[2026-09-11 01:59:33 +02:00] photographed C:\Users\PK\t26\shots\06a.png
[2026-09-11 01:59:36 +02:00] === stage click  label=06b-tutorial-closed  session=1 ===
[2026-09-11 01:59:38 +02:00] clicked 0.219,0.594 -> 672,603
[2026-09-11 01:59:42 +02:00] photographed C:\Users\PK\t26\shots\06b-tutorial-closed.png
[2026-09-11 01:59:46 +02:00] === stage shoot  label=06c  session=1 ===
[2026-09-11 01:59:47 +02:00] photographed C:\Users\PK\t26\shots\06c.png
[2026-09-11 02:00:58 +02:00] === stage shoot  label=07b  session=1 ===
[2026-09-11 02:00:59 +02:00] photographed C:\Users\PK\t26\shots\07b.png
[2026-09-11 02:00:59 +02:00] photographed C:\Users\PK\t26\shots\07b-client.png
[2026-09-11 02:01:28 +02:00] === stage type  label=07c  session=1 ===
[2026-09-11 02:01:31 +02:00] typed into the chat line: /console showTutorials 0
[2026-09-11 02:01:35 +02:00] photographed C:\Users\PK\t26\shots\07c.png
[2026-09-11 02:01:35 +02:00] photographed C:\Users\PK\t26\shots\07c-client.png
[2026-09-11 02:02:07 +02:00] === stage click  label=08-tut1  session=1 ===
[2026-09-11 02:02:08 +02:00] clicked 0.2207,0.59 -> 674,600
[2026-09-11 02:02:11 +02:00] photographed C:\Users\PK\t26\shots\08-tut1.png
[2026-09-11 02:02:11 +02:00] photographed C:\Users\PK\t26\shots\08-tut1-client.png
[2026-09-11 02:02:14 +02:00] === stage click  label=08-tut2  session=1 ===
[2026-09-11 02:02:16 +02:00] clicked 0.2207,0.59 -> 674,600
[2026-09-11 02:02:19 +02:00] photographed C:\Users\PK\t26\shots\08-tut2.png
[2026-09-11 02:02:19 +02:00] photographed C:\Users\PK\t26\shots\08-tut2-client.png
[2026-09-11 02:02:22 +02:00] === stage click  label=08-tut3  session=1 ===
[2026-09-11 02:02:23 +02:00] clicked 0.2207,0.59 -> 674,600
[2026-09-11 02:02:26 +02:00] photographed C:\Users\PK\t26\shots\08-tut3.png
[2026-09-11 02:02:27 +02:00] photographed C:\Users\PK\t26\shots\08-tut3-client.png
[2026-09-11 02:06:06 +02:00] === stage shoot  label=09-after-claim1  session=1 ===
[2026-09-11 02:06:08 +02:00] photographed C:\Users\PK\t26\shots\09-after-claim1.png
[2026-09-11 02:06:08 +02:00] photographed C:\Users\PK\t26\shots\09-after-claim1-client.png
[2026-09-11 02:07:59 +02:00] === stage shoot  label=10-after-claim2  session=1 ===
[2026-09-11 02:08:00 +02:00] photographed C:\Users\PK\t26\shots\10-after-claim2.png
[2026-09-11 02:08:00 +02:00] photographed C:\Users\PK\t26\shots\10-after-claim2-client.png
[2026-09-11 02:20:11 +02:00] === stage shoot  label=11-claim1-and-4  session=1 ===
[2026-09-11 02:20:12 +02:00] photographed C:\Users\PK\t26\shots\11-claim1-and-4.png
[2026-09-11 02:20:12 +02:00] photographed C:\Users\PK\t26\shots\11-claim1-and-4-client.png
[2026-09-11 02:20:59 +02:00] === stage shoot  label=12-claim2  session=1 ===
[2026-09-11 02:21:00 +02:00] photographed C:\Users\PK\t26\shots\12-claim2.png
[2026-09-11 02:21:01 +02:00] photographed C:\Users\PK\t26\shots\12-claim2-client.png
[2026-09-11 02:21:43 +02:00] === stage shoot  label=13-claim3  session=1 ===
[2026-09-11 02:21:44 +02:00] photographed C:\Users\PK\t26\shots\13-claim3.png
[2026-09-11 02:21:44 +02:00] photographed C:\Users\PK\t26\shots\13-claim3-client.png
[2026-09-11 02:23:17 +02:00] === stage shoot  label=14-after-teardown  session=1 ===
[2026-09-11 02:23:18 +02:00] photographed C:\Users\PK\t26\shots\14-after-teardown.png
[2026-09-11 02:23:18 +02:00] photographed C:\Users\PK\t26\shots\14-after-teardown-client.png
[2026-09-11 02:23:20 +02:00] === stage quit  label=15-quit  session=1 ===
[2026-09-11 02:23:22 +02:00] closed the client; still running: False
