[15:45:25] ### 8.9a WINDOWS gate driver, stage claimshot, 2026-09-08T15:45:25.306708+02:00 ###
[15:45:25] ### box: yulon-win11, Windows-10-10.0.26200-SP0, tree: C:\gate ###
[15:45:25] ANNOUNCE: 8.9a Windows: the ownership refusals as the tab shows them
[15:45:26] saved the real claim (280 bytes) to C:\gate89a\yulon-install.json.saved
[15:45:26] GROUND: ownership with the real claim in place: OWNED
[15:45:26] ===== variant 04-owned =====
[15:45:26] claim on disk: True (280 bytes)
[15:45:26] ownership answer: OWNED
python.exe : 2026-09-08 15:45:32 INFO [yulon.channel_setup] no usable credential at 
C:\Users\pk\AppData\Roaming\yulon\credentials\wow-wotlk-6d51a632.json: FileNotFoundError
At C:\gate\run1.ps1:4 char:5
+     & $py $drv $stage 2>&1 | Out-File -Encoding utf8 "C:/gate/log-$st ...
+     ~~~~~~~~~~~~~~~~~~~~~~
    + CategoryInfo          : NotSpecified: (2026-09-08 15:4...leNotFoundError:String) [], Remote 
   Exception
    + FullyQualifiedErrorId : NativeCommandError
 
2026-09-08 15:45:32 INFO [yulon.channel_setup] no usable credential at 
C:\Users\pk\AppData\Roaming\yulon\credentials\wow-wotlk-5a15f8fd.json: FileNotFoundError
2026-09-08 15:45:33 INFO [yulon.channel_setup] no usable credential at 
C:\Users\pk\AppData\Roaming\yulon\credentials\wow-wotlk-643123e5.json: FileNotFoundError
This plugin does not support propagateSizeHints()
[15:45:33] window built: 3 controller tab(s), catalog view: True
2026-09-08 15:45:34 WARNING [yulon.docker] could not read the state of ac-worldserver: error: no 
such object: ac-worldserver
2026-09-08 15:45:34 WARNING [yulon.docker] could not read the state of ac-worldserver: error: no 
such object: ac-worldserver
2026-09-08 15:45:34 WARNING [yulon.docker] could not read the state of ac-worldserver: error: no 
such object: ac-worldserver
2026-09-08 15:45:34 INFO [yulon.update] update check: current=0.6.59 latest=v0.6.59Public 
newer=False
2026-09-08 15:45:38 WARNING [yulon.docker] could not read the state of ac-worldserver: error: no 
such object: ac-worldserver
2026-09-08 15:45:38 WARNING [yulon.docker] could not read the state of ac-worldserver: error: no 
such object: ac-worldserver
2026-09-08 15:45:38 WARNING [yulon.docker] could not read the state of ac-worldserver: error: no 
such object: ac-worldserver
[15:45:39]   plan came back: after 6.0s
[15:45:39] --- what the tab shows ---
This removes D:\wow-server (2.4 GB) and this server's Docker project yulon-wow-wotlk-643123e5:
  containers: none left
  images: 4 built for this install
  volumes removed: yulon-wow-wotlk-643123e5_client-data, yulon-wow-wotlk-643123e5_db-data
  your characters go with the database volume.
It does not touch your backups ù an uninstall that deleted them would make "Keep my characters" pointless in the one case it matters; your WoW client folder, including any files a module put into it; firewall rules, port forwards and anything else on the host; Docker, WSL, and every other dependency Yu'lon provisioned; another install of this game in another folder ù different path, different install id, different project; this install's saved log snapshots, its stored server credential, and ù if you keep your characters ù the copy of the database password that opens the volume they are in, all under Yu'lon's own config directory.
Could not determine: this install has no containers left
[15:45:39] --- end ---
[15:45:39] confirm button visible: True
[15:45:39]   screenshot: 04-owned-tab.png

[15:45:39] ===== variant 05-unknown-truncated =====
[15:45:39] claim on disk: True (16 bytes)
[15:45:39] ownership answer: UNKNOWN
2026-09-08 15:45:39 INFO [yulon.channel_setup] no usable credential at 
C:\Users\pk\AppData\Roaming\yulon\credentials\wow-wotlk-6d51a632.json: FileNotFoundError
2026-09-08 15:45:39 INFO [yulon.channel_setup] no usable credential at 
C:\Users\pk\AppData\Roaming\yulon\credentials\wow-wotlk-5a15f8fd.json: FileNotFoundError
2026-09-08 15:45:40 INFO [yulon.channel_setup] no usable credential at 
C:\Users\pk\AppData\Roaming\yulon\credentials\wow-wotlk-643123e5.json: FileNotFoundError
This plugin does not support propagateSizeHints()
[15:45:40] window built: 3 controller tab(s), catalog view: True
[15:45:40]   plan came back: after 0.1s
[15:45:40] --- what the tab shows ---
There is an install record in D:\wow-server that Yu'lon cannot read, so it cannot prove this install is its own. Nothing was removed.
[15:45:40] --- end ---
[15:45:40] confirm button visible: False
[15:45:40]   screenshot: 05-unknown-truncated-tab.png
2026-09-08 15:45:40 INFO [yulon.update] update check: current=0.6.59 latest=v0.6.59Public 
newer=False
2026-09-08 15:45:40 WARNING [yulon.docker] could not read the state of ac-worldserver: error: no 
such object: ac-worldserver
2026-09-08 15:45:40 WARNING [yulon.docker] could not read the state of ac-worldserver: error: no 
such object: ac-worldserver
2026-09-08 15:45:40 WARNING [yulon.docker] could not read the state of ac-worldserver: error: no 
such object: ac-worldserver

[15:45:40] ===== variant 06-unknown-newer-version =====
[15:45:40] claim on disk: True (153 bytes)
2026-09-08 15:45:40 WARNING [yulon.catalog.native] D:\wow-server\.yulon-install.json says version 
99; this build understands 1. Refusing rather than rewriting it.
[15:45:40] ownership answer: UNKNOWN
2026-09-08 15:45:40 INFO [yulon.channel_setup] no usable credential at 
C:\Users\pk\AppData\Roaming\yulon\credentials\wow-wotlk-6d51a632.json: FileNotFoundError
2026-09-08 15:45:40 INFO [yulon.channel_setup] no usable credential at 
C:\Users\pk\AppData\Roaming\yulon\credentials\wow-wotlk-5a15f8fd.json: FileNotFoundError
2026-09-08 15:45:41 INFO [yulon.channel_setup] no usable credential at 
C:\Users\pk\AppData\Roaming\yulon\credentials\wow-wotlk-643123e5.json: FileNotFoundError
This plugin does not support propagateSizeHints()
[15:45:41] window built: 3 controller tab(s), catalog view: True
2026-09-08 15:45:41 WARNING [yulon.catalog.native] D:\wow-server\.yulon-install.json says version 
99; this build understands 1. Refusing rather than rewriting it.
2026-09-08 15:45:41 WARNING [yulon.catalog.native] D:\wow-server\.yulon-install.json says version 
99; this build understands 1. Refusing rather than rewriting it.
[15:45:41]   plan came back: after 0.1s
[15:45:41] --- what the tab shows ---
There is an install record in D:\wow-server that Yu'lon cannot read, so it cannot prove this install is its own. D:\wow-server holds an install record written by a newer version of Yu'lon (the record says version 99; this one understands 1). It was left exactly as it is and nothing was written, because rewriting it here would throw away whatever the newer version put in it. Update Yu'lon, or install into another folder. Nothing was removed.
[15:45:41] --- end ---
[15:45:41] confirm button visible: False
[15:45:41]   screenshot: 06-unknown-newer-version-tab.png
2026-09-08 15:45:41 WARNING [yulon.docker] could not read the state of ac-worldserver: error: no 
such object: ac-worldserver
2026-09-08 15:45:41 WARNING [yulon.docker] could not read the state of ac-worldserver: error: no 
such object: ac-worldserver
2026-09-08 15:45:41 WARNING [yulon.docker] could not read the state of ac-worldserver: error: no 
such object: ac-worldserver
2026-09-08 15:45:41 INFO [yulon.update] update check: current=0.6.59 latest=v0.6.59Public 
newer=False

[15:45:41] ===== variant 07-unclaimed-no-record =====
[15:45:41] claim on disk: False (0 bytes)
[15:45:41] ownership answer: UNCLAIMED
2026-09-08 15:45:41 INFO [yulon.channel_setup] no usable credential at 
C:\Users\pk\AppData\Roaming\yulon\credentials\wow-wotlk-6d51a632.json: FileNotFoundError
2026-09-08 15:45:41 INFO [yulon.channel_setup] no usable credential at 
C:\Users\pk\AppData\Roaming\yulon\credentials\wow-wotlk-5a15f8fd.json: FileNotFoundError
2026-09-08 15:45:41 INFO [yulon.channel_setup] no usable credential at 
C:\Users\pk\AppData\Roaming\yulon\credentials\wow-wotlk-643123e5.json: FileNotFoundError
This plugin does not support propagateSizeHints()
[15:45:42] window built: 3 controller tab(s), catalog view: True
2026-09-08 15:45:42 WARNING [yulon.docker] could not read the state of ac-worldserver: error: no 
such object: ac-worldserver
2026-09-08 15:45:42 WARNING [yulon.docker] could not read the state of ac-worldserver: error: no 
such object: ac-worldserver
[15:45:42]   plan came back: after 0.1s
[15:45:42] --- what the tab shows ---
Nothing here says Yu'lon installed it: there is no install record in D:\wow-server, so this folder is not Yu'lon's to delete. Nothing was removed.
[15:45:42] --- end ---
[15:45:42] confirm button visible: False
[15:45:42]   screenshot: 07-unclaimed-no-record-tab.png
2026-09-08 15:45:42 WARNING [yulon.docker] could not read the state of ac-worldserver: error: no 
such object: ac-worldserver
2026-09-08 15:45:42 INFO [yulon.update] update check: current=0.6.59 latest=v0.6.59Public 
newer=False

[15:45:42] claim restored; ownership answer is OWNED again
[15:45:42] --- do the refusals differ from one another? ---
[15:45:42] truncated vs newer-version read the same: False
[15:45:42] truncated vs unclaimed read the same: False
