[15:46:47] ### 8.9a WINDOWS gate driver, stage startup, 2026-09-08T15:46:47.513131+02:00 ###
[15:46:47] ### box: yulon-win11, Windows-10-10.0.26200-SP0, tree: C:\gate ###
[15:46:47] ANNOUNCE: 8.9a Windows: starting the WotLK stack for the running-server clause
[15:46:47] -- stopping the neighbouring TBC stack first (this box has 10 GB)
[15:48:59] tbc-mangosd
tbc-realmd
tbc-db
[15:49:00] ===== GROUND: startup, after the neighbour was stopped =====
[15:49:00] docker ps -a:
tbc-mangosd	Exited (139) 1 second ago
tbc-realmd	Exited (0) 2 minutes ago
tbc-db	Exited (0) 2 minutes ago
[15:49:00] docker volume ls:
yulon-wow-tbc-5f51e177_db-data
yulon-wow-wotlk-643123e5_client-data
yulon-wow-wotlk-643123e5_db-data
[15:49:01] docker images:
yulon.local/cmangos-tbc-server:native-5f51e177
yulon.local/ac-wotlk-db-import:native-643123e5
yulon.local/ac-wotlk-authserver:native-643123e5
yulon.local/ac-wotlk-worldserver:native-643123e5
yulon.local/ac-wotlk-client-data:native-643123e5
mariadb:11
mysql:8.4
alpine/git:<none>
[15:49:01] D:\wow-server exists: True
[15:49:01]   .yulon-install.json present: True
[15:49:01]   .git present: True
[15:49:01] ownership answer for D:\wow-server: OWNED
[15:49:01] C:\Users\pk\AppData\Roaming\yulon\state.json exists: True
[15:49:01] state.json installs: [('wow-wotlk', 'C:\\Users\\pk\\wow-server-playerbots'), ('wow-wotlk', 'C:\\Users\\pk\\wow test install\\wow-server-playerbots'), ('wow-wotlk', 'D:\\wow-server')]
[15:49:01] ===== end ground =====

python.exe : 2026-09-08 15:49:07 INFO [yulon.channel_setup] no usable credential at 
C:\Users\pk\AppData\Roaming\yulon\credentials\wow-wotlk-6d51a632.json: FileNotFoundError
At C:\gate\run2.ps1:4 char:5
+     & $py $drv $stage 2>&1 | Out-File -Encoding utf8 "C:/gate/log-$st ...
+     ~~~~~~~~~~~~~~~~~~~~~~
    + CategoryInfo          : NotSpecified: (2026-09-08 15:4...leNotFoundError:String) [], Remote 
   Exception
    + FullyQualifiedErrorId : NativeCommandError
 
2026-09-08 15:49:08 INFO [yulon.channel_setup] no usable credential at 
C:\Users\pk\AppData\Roaming\yulon\credentials\wow-wotlk-5a15f8fd.json: FileNotFoundError
2026-09-08 15:49:08 INFO [yulon.channel_setup] no usable credential at 
C:\Users\pk\AppData\Roaming\yulon\credentials\wow-wotlk-643123e5.json: FileNotFoundError
This plugin does not support propagateSizeHints()
[15:49:08] window built: 3 controller tab(s), catalog view: True
[15:49:08] start button enabled: True
[15:49:08] -- press: Start
2026-09-08 15:49:09 INFO [yulon.docker] start_staged(): `compose up -d --no-deps ac-database 
ac-authserver ac-worldserver` in D:\wow-server
2026-09-08 15:49:10 INFO [yulon.update] update check: current=0.6.59 latest=v0.6.59Public 
newer=False
2026-09-08 15:49:10 WARNING [yulon.docker] could not read the state of ac-worldserver: error: no 
such object: ac-worldserver
2026-09-08 15:49:10 WARNING [yulon.docker] could not read the state of ac-worldserver: error: no 
such object: ac-worldserver
2026-09-08 15:49:10 WARNING [yulon.docker] could not read the state of ac-worldserver: error: no 
such object: ac-worldserver
[15:49:25]   start finished: after 17.1s
[15:49:25] took 17.1s
[15:49:25] status label: 'status: startingà'
[15:49:25] problem label: ''
2026-09-08 15:49:26 INFO [yulon.controller_wow_wotlk.accounts] creating account YULON_643123E5
2026-09-08 15:49:27 INFO [yulon.controller_wow_wotlk.accounts] granting GM level 3 to account 101
2026-09-08 15:49:27 INFO [yulon.channel_setup] the command channel for wow-wotlk did not answer 
yet; not saving anything
[15:49:27] ===== GROUND: startup, after Start =====
[15:49:28] docker ps -a:
ac-worldserver	Up 3 seconds
ac-authserver	Up 3 seconds
ac-database	Up 14 seconds (healthy)
tbc-mangosd	Exited (139) 28 seconds ago
tbc-realmd	Exited (0) 2 minutes ago
tbc-db	Exited (0) 2 minutes ago
[15:49:28] docker volume ls:
yulon-wow-tbc-5f51e177_db-data
yulon-wow-wotlk-643123e5_client-data
yulon-wow-wotlk-643123e5_db-data
[15:49:28] docker images:
yulon.local/cmangos-tbc-server:native-5f51e177
yulon.local/ac-wotlk-db-import:native-643123e5
yulon.local/ac-wotlk-authserver:native-643123e5
yulon.local/ac-wotlk-worldserver:native-643123e5
yulon.local/ac-wotlk-client-data:native-643123e5
mariadb:11
mysql:8.4
alpine/git:<none>
[15:49:28] D:\wow-server exists: True
[15:49:28]   .yulon-install.json present: True
[15:49:28]   .git present: True
[15:49:28] ownership answer for D:\wow-server: OWNED
[15:49:28] C:\Users\pk\AppData\Roaming\yulon\state.json exists: True
[15:49:28] state.json installs: [('wow-wotlk', 'C:\\Users\\pk\\wow-server-playerbots'), ('wow-wotlk', 'C:\\Users\\pk\\wow test install\\wow-server-playerbots'), ('wow-wotlk', 'D:\\wow-server')]
[15:49:28] ===== end ground =====

