This plugin does not support propagateSizeHints()
=== GROUND, read before anything is done ===
containers: ['ac-authserver', 'ac-client-data-init', 'ac-database', 'ac-db-import', 'ac-worldserver']
import service: 'ac-db-import'
allowed_modules(/home/pk/wowserver) = 'mod-playerbots'
importer_sees_modules() = True
ledger: {'world': 2974, 'characters': 31, 'auth': 23}
module clone on disk: False
creature 601026 in creature_template: 0
worldserver.conf Creatures.CustomIDs: Creatures.CustomIDs = "190010,55005,999991,25462,98888,601014,34567,34568"
  contains 601026: False
services.module_updates wired: True
services.module_sql wired:     True
button 'Check for updates' enabled=True
button 'Apply module SQL' enabled=True
=== CLAUSE 1: the commits-behind figure equals the same query by hand ===
--- what the tab shows (0.0s) ---
Asking each installed module's upstream how far behind it is…
--- end ---
SHOT 1-commits-behind.png  ac-worldserver alive at capture: True
BY HAND mod-playerbots: rev-list --count HEAD..FETCH_HEAD = '0' (app said 0)
        HEAD=b949b50 FETCH_HEAD=b949b50
CLAUSE 1: PASS
done
QThread: Destroyed while thread '' is still running
