This plugin does not support propagateSizeHints()
=== CLAUSE 1: the commits-behind figure equals the same query by hand ===
--- what the tab shows (1.0s) ---
mod-playerbots: 0 commits behind
--- end ---
SHOT 1-commits-behind.png  ac-worldserver alive at capture: True
BY HAND mod-playerbots: rev-list --count HEAD..FETCH_HEAD = '0' (app said 0)
        HEAD=b949b50 FETCH_HEAD=b949b50
CLAUSE 1: PASS
=== CLAUSE 2: SQL for the import one-shot is REPORTED PENDING, never claimed done ===
2026-09-08 10:56:05 INFO [yulon.apply] install mod-npc-beastmaster: 3 step(s), 0 skipped, 2 left unapplied, rebuild=True
--- ApplyReport.done ---
  clone https://github.com/azerothcore/mod-npc-beastmaster.git → modules/mod-npc-beastmaster
  touch include.sh
  activate env/dist/etc/modules/mod_npc_beastmaster.conf from conf/mod_npc_beastmaster.conf.dist
--- ApplyReport.pending_sql ---
  db=world path=data/sql/db-world/*.sql files=['data/sql/db-world/beastmaster_tames.sql', 'data/sql/db-world/beastmaster_tames_inserts.sql', 'data/sql/db-world/npc_beastmaster.sql']
  db=characters path=data/sql/db-characters/*.sql files=['data/sql/db-characters/track_tamed_pets.sql']
--- ApplyReport.skipped ---
rebuild_required=True restart=True
steps in `done` mentioning sql (must be none): []
SHOT 2-pending-not-done.png  ac-worldserver alive at capture: True
allowed_modules() now: 'mod-npc-beastmaster,mod-playerbots'
worldserver.conf Creatures.CustomIDs after install: Creatures.CustomIDs = "190010,55005,999991,25462,98888,601014,34567,34568"
CLAUSE 2: PASS
done
