This plugin does not support propagateSizeHints()
=== CLAUSE 1 again, against a checkout that really IS behind ===
HEAD before the rewind: 99dbd9b73f63c39b0773c575bea7a8add8049ccf
is-shallow-repository: 'true'  (the app clones modules shallow, so HEAD~3 does not exist until it is deepened)
fetch --deepen 10 -> rc=0 
reset --hard HEAD~3 -> rc=0 HEAD is now at 0461e30 chore: .conf option to disable howl sound effect (#72)
HEAD after  the rewind: 0461e303394b4813abb0f66517634711407f0e01
the three commits skipped: 99dbd9b fix: resolve action ID collisions, spell retention on login, and hook registration (#77)
03de2d3 Merge pull request #76 from Nyeriah/fix-removed-columns
8517eeb fix: remove scale/mechanic_immune_mask/spell_school_immune_mask from creature_template SQL
f28945b Update NpcBeastmaster.cpp (#73)

=== CLAUSE 1: the commits-behind figure equals the same query by hand ===
--- what the tab shows (1.5s) ---
mod-npc-beastmaster: 4 commits behind
mod-playerbots: 0 commits behind
--- end ---
SHOT 1b-commits-behind-nonzero.png  ac-worldserver alive at capture: True
BY HAND mod-npc-beastmaster: rev-list --count HEAD..FETCH_HEAD = '4' (app said 4)
        HEAD=0461e30 FETCH_HEAD=99dbd9b
BY HAND mod-playerbots: rev-list --count HEAD..FETCH_HEAD = '0' (app said 0)
        HEAD=b949b50 FETCH_HEAD=b949b50
CLAUSE 1: PASS
=== CLAUSE 3: refused while the world is running, and NO ROWS WRITTEN ===
ground: ac-worldserver alive = True, ac-authserver alive = True
ledger BEFORE: {'world': 2974, 'characters': 31, 'auth': 23}
creature 601026 BEFORE: 0
2026-09-08 10:57:51 WARNING [yulon.ui.widgets.job] background job failed: DockerCommandError: ac-worldserver, ac-authserver are running. The importer writes to the databases underneath them, and a running worldserver holds characters in memory and saves them back over whatever it finds. Press Stop first, then try again.
--- what the tab shows ---
Running the importer over the modules installed here. What it prints:
FAILED: ac-worldserver, ac-authserver are running. The importer writes to the databases underneath them, and a running worldserver holds characters in memory and saves them back over whatever it finds. Press Stop first, then try again.
--- end ---
SHOT 3-refused-world-up.png  ac-worldserver alive at capture: True
ledger AFTER:  {'world': 2974, 'characters': 31, 'auth': 23}
rows written by the refused press: {'world': 0, 'characters': 0, 'auth': 0}
creature 601026 AFTER: 0
containers created by the press: []
button enabled again: True  took 1.0s
CLAUSE 3: PASS
done
QThread: Destroyed while thread '' is still running
