This plugin does not support propagateSizeHints()
=== CLAUSE 5: the running server shows it, not the file ===
ac-worldserver alive: True
2026-09-08 11:01:01 INFO [yulon.controller_wow_wotlk.console] console → ac-worldserver: ['.server', 'debug']
--- .server debug ---
  AzerothCore rev. 413bea61a85e+ 2026-09-04 09:03:49 -0700 (Playerbot branch) (Unix, RelWithDebInfo, Static)
  Connected players: 0. Characters in world: 120.
  Connection peak: 0.
  Minimum account security level to log in: 0.
  Server uptime: 1 minute(s) 3 second(s)
  Update time diff: 1ms. Last 500 diffs summary:
  |- Mean: 39ms
  |- Median: 2ms
  |- Percentiles (95, 99, max): 226ms, 256ms, 681ms
  Using SSL version: OpenSSL 3.0.13 30 Jan 2024 (library: OpenSSL 3.0.13 30 Jan 2024)
  Using Boost version: 1.83.0
  Using CMake version: 3.28.3
  Using MySQL version: 80046
  Found MySQL Executable: /usr/bin/mysql
  Compiled on: Linux 7.0.0-30-generic
  Worldserver listening connections on port 8085
  Realmlist (Realm Id: 1) configured in port 8085
  VMAPs status: Enabled. LineOfSight: true, getHeight: true, indoorCheck: true
  MMAPs status: Enabled
  maps directory located in /azerothcore/env/dist/data/maps. Total size: 291014951 bytes
  vmaps directory located in /azerothcore/env/dist/data/vmaps. Total size: 657797442 bytes
  mmaps directory located in /azerothcore/env/dist/data/mmaps. Total size: 2191781904 bytes
  Default DBC locale: enUS.
  All available DBC locales: enUS
  Using World DB: ACDB 335.17-dev
  Using Playerbots DB Revision:
  Latest LoginDatabase update: acore_cms_subscriptions.sql
  Latest CharacterDatabase update: trasmorg.sql
  Latest WorldDatabase update: trasm_world_VendorItems.sql
  LoginDatabase queue size: 0
  CharacterDatabase queue size: 919
  WorldDatabase queue size: 0
  PlayerbotsDatabase queue size: 322
  List of enabled modules:
  |- mod-playerbots
2026-09-08 11:01:04 INFO [yulon.controller_wow_wotlk.console] console → ac-worldserver: ['.lookup', 'creature']
--- .lookup creature White Fang ---
  601026 - White Fang
SHOT 7-running-server-states-it.png  ac-worldserver alive at capture: True
--- the conf key, in the running server's own load ---
  [0m[36mLoading Creature Custom IDs Config...
  [0m[36mLoading Modules Configuration...
gossip complaints in this boot: 0
creature_template row for 601026 (entry gossip_menu_id npcflag flags_extra): 601026	0	4194433	2
complaint naming 601026: none
done
