This plugin does not support propagateSizeHints()
=== CLAUSE 5: what the running server does and does not show about config ===
ac-worldserver alive: True
--- worldserver.conf, on disk ---
  vmap.enableLOS    = 1
  vmap.enableHeight = 1
  vmap.enableIndoorCheck = 1
  MoveMaps.Enable = 1
  DBC.Locale = 255
  Creatures.CustomIDs = "190010,55005,999991,25462,98888,601014,34567,34568"
2026-09-08 11:02:21 INFO [yulon.controller_wow_wotlk.console] console → ac-worldserver: ['.server', 'debug']
--- the same values, as the RUNNING server states them (.server debug) ---
  |- Mean: 36ms
  |- Median: 6ms
  |- Percentiles (95, 99, max): 125ms, 140ms, 278ms
  VMAPs status: Enabled. LineOfSight: true, getHeight: true, indoorCheck: true
  MMAPs status: Enabled
  Default DBC locale: enUS.
  All available DBC locales: enUS
  List of enabled modules:
  |- mod-playerbots
--- the module's own conf, and why the running server cannot show it ---
  /home/pk/wowserver/env/dist/etc/modules/mod_npc_beastmaster.conf on disk: True
  compiled modules the server lists: ['|- mod-playerbots']
  [0m[36mLoading Modules Configuration...
  [31;1m> Config::LoadFile: Failed open file '/azerothcore/env/dist/etc/modules/playerbots.conf'
  [0m[0m[36m> Not found modules config files
SHOT 8-config-and-the-running-server.png  ac-worldserver alive at capture: True
done
