This plugin does not support propagateSizeHints()
=== GROUND, read before anything is done ===
containers: ['ac-authserver', 'ac-client-data-init', 'ac-database', 'ac-db-import', 'ac-worldserver']
import service: 'ac-db-import'
allowed_modules(/home/pk/wowserver) = 'mod-npc-beastmaster,mod-playerbots'
importer_sees_modules() = True
ledger: {'world': 2977, 'characters': 32, 'auth': 23}
module clone on disk: False
creature 601026 in creature_template: 1
worldserver.conf Creatures.CustomIDs: Creatures.CustomIDs = "190010,55005,999991,25462,98888,601014,34567,34568"
  contains 601026: False
services.module_updates wired: True
services.module_sql wired:     True
button 'Check for updates' enabled=True
button 'Apply module SQL' enabled=True
=== CLAUSE 1: the commits-behind figure equals the same query by hand ===
--- what the tab shows (1.5s) ---
mod-npc-beastmaster: 0 commits behind
mod-playerbots: 0 commits behind
--- end ---
SHOT 1-commits-behind.png  ac-worldserver alive at capture: True
BY HAND mod-npc-beastmaster: rev-list --count HEAD..FETCH_HEAD = '0' (app said 0)
        HEAD=99dbd9b FETCH_HEAD=99dbd9b
BY HAND mod-playerbots: rev-list --count HEAD..FETCH_HEAD = '0' (app said 0)
        HEAD=b949b50 FETCH_HEAD=b949b50
CLAUSE 1: PASS
=== CLAUSE 2: SQL for the import one-shot is REPORTED PENDING, never claimed done ===
2026-09-08 11:05:54 INFO [yulon.apply] install mod-1v1-arena: 2 step(s), 0 skipped, 1 left unapplied, rebuild=True
--- ApplyReport.done ---
  clone https://github.com/azerothcore/mod-1v1-arena.git → modules/mod-1v1-arena
  activate env/dist/etc/modules/1v1arena.conf from conf/1v1arena.conf.dist
--- ApplyReport.pending_sql ---
  db=characters path=data/sql/db-characters/*.sql files=[]
--- ApplyReport.skipped ---
rebuild_required=True restart=True
steps in `done` mentioning sql (must be none): []
SHOT 2-pending-not-done.png  ac-worldserver alive at capture: True
allowed_modules() now: 'mod-1v1-arena,mod-npc-beastmaster,mod-playerbots'
worldserver.conf Creatures.CustomIDs after install: Creatures.CustomIDs = "190010,55005,999991,25462,98888,601014,34567,34568"
CLAUSE 2: PASS
=== CLAUSE 3: refused while the world is running, and NO ROWS WRITTEN ===
ground: ac-worldserver alive = True, ac-authserver alive = True
ledger BEFORE: {'world': 2977, 'characters': 32, 'auth': 23}
creature 601026 BEFORE: 1
2026-09-08 11:05:55 WARNING [yulon.ui.widgets.job] background job failed: DockerCommandError: ac-worldserver, ac-authserver are running. The importer writes to the databases underneath them, and a running worldserver holds characters in memory and saves them back over whatever it finds. Press Stop first, then try again.
--- what the tab shows ---
Running the importer over the modules installed here. What it prints:
FAILED: ac-worldserver, ac-authserver are running. The importer writes to the databases underneath them, and a running worldserver holds characters in memory and saves them back over whatever it finds. Press Stop first, then try again.
--- end ---
SHOT 3-refused-world-up.png  ac-worldserver alive at capture: True
ledger AFTER:  {'world': 2977, 'characters': 32, 'auth': 23}
rows written by the refused press: {'world': 0, 'characters': 0, 'auth': 0}
creature 601026 AFTER: 1
containers created by the press: []
button enabled again: True  took 1.1s
CLAUSE 3: PASS
done
QThread: Destroyed while thread '' is still running
timeout: the monitored command dumped core
