This plugin does not support propagateSizeHints()
=== stopping this install through the app's own Stop ===
ledger with the database still UP: {'world': 2977, 'characters': 32, 'auth': 23}
2026-09-08 11:06:44 INFO [yulon.logsnap] saved ac-worldserver's log to /home/pk/.local/share/yulon/logs/wow-wotlk-243c46e3-20260908T090644Z.log
2026-09-08 11:07:27 INFO [yulon.docker] stop_staged(): stopped; containers kept for a fast restart
stopped in 43.9s; ac-worldserver alive = False
SHOT 4-stopped.png  ac-worldserver alive at capture: False
=== CLAUSE 4: it applies once the server is stopped ===
ground: ac-worldserver alive = False, ac-authserver alive = False
ledger unreadable with the database down ({'world': -1, 'characters': -1, 'auth': -1}); using the count taken before the stop, with nothing run in between
ledger BEFORE: {'world': 2977, 'characters': 32, 'auth': 23}
creature 601026 BEFORE: 
2026-09-08 11:07:28 INFO [yulon.docker] start_database(): starting ac-database alone
2026-09-08 11:07:35 WARNING [yulon.docker] apply_module_sql(): running ac-db-import for modules: mod-1v1-arena,mod-npc-beastmaster,mod-playerbots
--- what the tab shows (10.0s) ---
Running the importer over the modules installed here. What it prints:
Starting dbimport...
[36mAzerothCore rev. 413bea61a85e+ 2026-09-04 09:03:49 -0700 (Playerbot branch) (Unix, RelWithDebInfo, Static) (dbimport)
[0m[36m<Ctrl-C> to stop.
[0m[36m   █████╗ ███████╗███████╗██████╗  ██████╗ ████████╗██╗  ██╗
[0m[36m  ██╔══██╗╚══███╔╝██╔════╝██╔══██╗██╔═══██╗╚══██╔══╝██║  ██║
[0m[36m  ███████║  ███╔╝ █████╗  ██████╔╝██║   ██║   ██║   ███████║
[0m[36m  ██╔══██║ ███╔╝  ██╔══╝  ██╔══██╗██║   ██║   ██║   ██╔══██║
[0m[36m  ██║  ██║███████╗███████╗██║  ██║╚██████╔╝   ██║   ██║  ██║
[0m[36m  ╚═╝  ╚═╝╚══════╝╚══════╝╚═╝  ╚═╝ ╚═════╝    ╚═╝   ╚═╝  ╚═╝
[0m[36m                                 ██████╗ ██████╗ ██████╗ ███████╗
[0m[36m                                ██╔════╝██╔═══██╗██╔══██╗██╔════╝
[0m[36m                                ██║     ██║   ██║██████╔╝█████╗
[0m[36m                                ██║     ██║   ██║██╔══██╗██╔══╝
[0m[36m                                ╚██████╗╚██████╔╝██║  ██║███████╗
[0m[36m                                 ╚═════╝ ╚═════╝ ╚═╝  ╚═╝╚══════╝
[0m[36m     AzerothCore 3.3.5a  -  www.azerothcore.org
[0m[36m> Using configuration file:       /azerothcore/env/dist/etc/dbimport.conf
[0m[36m> Using SSL version:              OpenSSL 3.0.13 30 Jan 2024 (library: OpenSSL 3.0.13 30 Jan 2024)
[0m[36m> Using Boost version:            1.83.0
[0m[36m
[0m[36mConfiguration field WorldDatabaseInfo was overridden with environment variable.
[0m[36mConfiguration field CharacterDatabaseInfo was overridden with environment variable.
[0m[36mConfiguration field LoginDatabaseInfo was overridden with environment variable.
[0m[36mConfiguration field Updates.AllowedModules was overridden with environment variable.
[0m[36mConfiguration field LogsDir was overridden with environment variable.
[0m[36mLoading modules: mod-1v1-arena,mod-npc-beastmaster,mod-playerbots
[0m[36mOpening DatabasePool 'acore_auth'. Asynchronous connections: 1, synchronous connections: 1.
[0m[36mMySQL client library: 8.0.46
[0m[36mMySQL server ver: 8.4.11
[0m[36mConnected to MySQL database at ac-database
[0m[36mMySQL client library: 8.0.46
[0m[36mMySQL server ver: 8.4.11
[0m[36mConnected to MySQL database at ac-database
[0m[36mDatabasePool 'acore_auth' opened successfully. 2 total connections running.
[0m[36m
[0m[36mOpening DatabasePool 'acore_characters'. Asynchronous connections: 1, synchronous connections: 1.
[0m[36mMySQL client library: 8.0.46
[0m[36mMySQL server ver: 8.4.11
[0m[36mConnected to MySQL database at ac-database
[0m[36mMySQL client library: 8.0.46
[0m[36mMySQL server ver: 8.4.11
[0m[36mConnected to MySQL database at ac-database
[0m[36mDatabasePool 'acore_characters' opened successfully. 2 total connections running.
[0m[36m
[0m[36mOpening DatabasePool 'acore_world'. Asynchronous connections: 1, synchronous connections: 1.
[0m[36mMySQL client library: 8.0.46
[0m[36mMySQL server ver: 8.4.11
[0m[36mConnected to MySQL database at ac-database
[0m[36mMySQL client library: 8.0.46
[0m[36mMySQL server ver: 8.4.11
[0m[36mConnected to MySQL database at ac-database
[0m[36mDatabasePool 'acore_world' opened successfully. 2 total connections running.
[0m[36m
[0m[36mUpdating Auth database...
[0m[36m>> Auth database is up-to-date! Containing 13 new and 10 archived updates.
[0m[36m
[0m[36mUpdating Character database...
[0m[36m>> Character database is up-to-date! Containing 10 new and 22 archived updates.
[0m[36m
[0m[36mUpdating World database...
[0m[36m>> Applying update "1v1_Battlemaster.sql" '8CD4090'...
[0m[36m>> Applied 1 query. Containing 771 new and 2206 archived updates.
[0m[36m
[0m[36mStarted database connection pool.
[0m[36mHalting process...
[0m[36mClosing down DatabasePool 'acore_characters'. Waiting for 0 queries to finish...
[0m[36mAsynchronous connections on DatabasePool 'acore_characters' terminated. Proceeding with synchronous connections.
[0m[36mAll connections on DatabasePool 'acore_characters' closed.
[0m[36mClosing down DatabasePool 'acore_world'. Waiting for 0 queries to finish...
[0m[36mAsynchronous connections on DatabasePool 'acore_world' terminated. Proceeding with synchronous connections.
[0m[36mAll connections on DatabasePool 'acore_world' closed.
[0m[36mClosing down DatabasePool 'acore_auth'. Waiting for 0 queries to finish...
[0m[36mAsynchronous connections on DatabasePool 'acore_auth' terminated. Proceeding with synchronous connections.
[0m[36mAll connections on DatabasePool 'acore_auth' closed.
[0m
cp: warning: behavior of -n is non-portable and may change in future; use --update=none instead
cp: warning: behavior of -n is non-portable and may change in future; use --update=none instead
The importer finished. Any '>> Applying update <file>.sql' line above is a file that was applied just now; a module already recorded in the database's `updates` table correctly gets nothing. Modules with C++ code still need a rebuild — that is a separate job.
--- end ---
SHOT 5-applied-world-down.png  ac-worldserver alive at capture: False
ledger AFTER:  {'world': 2978, 'characters': 32, 'auth': 23}
rows written: {'world': 1, 'characters': 0, 'auth': 0}
creature 601026 AFTER: 1
new updates rows: 1v1_Battlemaster.sql
beastmaster_tames.sql
npc_beastmaster.sql
beastmaster_tames_inserts.sql
mod_solo_craft.sql
trasm_world_NPC.sql
CLAUSE 4: PASS
=== starting the install again (the restart the module asks for) ===
2026-09-08 11:07:38 INFO [yulon.docker] start_staged(): `compose up -d --no-deps ac-database ac-authserver ac-worldserver` in /home/pk/wowserver
start returned in 1.3s
SHOT 6-started.png  ac-worldserver alive at capture: True
done
QThread: Destroyed while thread '' is still running
timeout: the monitored command dumped core
