This plugin does not support propagateSizeHints()
=== starting the install again (the restart the module asks for) ===
2026-09-08 11:08:21 INFO [yulon.docker] start_staged(): `compose up -d --no-deps ac-database ac-authserver ac-worldserver` in /home/pk/wowserver
start returned in 0.9s
world reached its ready marker: True
SHOT 6-started.png  ac-worldserver alive at capture: True
=== CLAUSE 5: the running server shows it, not the file ===
ac-worldserver alive: True
2026-09-08 11:08:22 INFO [yulon.controller_wow_wotlk.console] console → ac-worldserver: ['.server', 'debug']
--- .server debug ---
  AzerothCore rev. 413bea61a85e+ 2026-09-04 09:03:49 -0700 (Playerbot branch) (Unix, RelWithDebInfo, Static)
  Connected players: 0. Characters in world: 60.
  Connection peak: 0.
  Minimum account security level to log in: 0.
  Server uptime: 42 second(s)
  Update time diff: 1ms. Last 500 diffs summary:
  |- Mean: 10ms
  |- Median: 1ms
  |- Percentiles (95, 99, max): 75ms, 105ms, 272ms
  Using SSL version: OpenSSL 3.0.13 30 Jan 2024 (library: OpenSSL 3.0.13 30 Jan 2024)
  Using Boost version: 1.83.0
  Using CMake version: 3.28.3
  Using MySQL version: 80046
  Found MySQL Executable: /usr/bin/mysql
  Compiled on: Linux 7.0.0-30-generic
  Worldserver listening connections on port 8085
  Realmlist (Realm Id: 1) configured in port 8085
  VMAPs status: Enabled. LineOfSight: true, getHeight: true, indoorCheck: true
  MMAPs status: Enabled
  maps directory located in /azerothcore/env/dist/data/maps. Total size: 291014951 bytes
  vmaps directory located in /azerothcore/env/dist/data/vmaps. Total size: 657797442 bytes
  mmaps directory located in /azerothcore/env/dist/data/mmaps. Total size: 2191781904 bytes
  Default DBC locale: enUS.
  All available DBC locales: enUS
  Using World DB: ACDB 335.17-dev
  Using Playerbots DB Revision:
  Latest LoginDatabase update: acore_cms_subscriptions.sql
  Latest CharacterDatabase update: trasmorg.sql
  Latest WorldDatabase update: trasm_world_VendorItems.sql
  LoginDatabase queue size: 0
  CharacterDatabase queue size: 740
  WorldDatabase queue size: 0
  PlayerbotsDatabase queue size: 817
  List of enabled modules:
  |- mod-playerbots
2026-09-08 11:08:25 INFO [yulon.controller_wow_wotlk.console] console → ac-worldserver: ['.lookup', 'creature']
--- .lookup creature White Fang ---
  601026 - White Fang
SHOT 7-running-server-states-it.png  ac-worldserver alive at capture: True
--- the conf key, in the running server's own load ---
  [0m[36mLoading Creature Custom IDs Config...
  [0m[36mLoading Creature Custom IDs Config...
  [0m[36mLoading Modules Configuration...
  [0m[36mLoading Modules Configuration...
gossip complaints in this boot: 0
creature_template row for 601026 (entry gossip_menu_id npcflag flags_extra): 601026	0	4194433	2
complaint naming 601026: none
=== CLAUSE 5: what the running server does and does not show about config ===
ac-worldserver alive: True
--- worldserver.conf, on disk ---
  vmap.enableLOS    = 1
  vmap.enableHeight = 1
  vmap.enableIndoorCheck = 1
  MoveMaps.Enable = 1
  DBC.Locale = 255
  Creatures.CustomIDs = "190010,55005,999991,25462,98888,601014,34567,34568"
2026-09-08 11:08:29 INFO [yulon.controller_wow_wotlk.console] console → ac-worldserver: ['.server', 'debug']
--- the same values, as the RUNNING server states them (.server debug) ---
  |- Mean: 25ms
  |- Median: 1ms
  |- Percentiles (95, 99, max): 110ms, 239ms, 472ms
  VMAPs status: Enabled. LineOfSight: true, getHeight: true, indoorCheck: true
  MMAPs status: Enabled
  Default DBC locale: enUS.
  All available DBC locales: enUS
  List of enabled modules:
  |- mod-playerbots
--- the module's own conf, and why the running server cannot show it ---
  /home/pk/wowserver/env/dist/etc/modules/mod_npc_beastmaster.conf on disk: True
  compiled modules the server lists: ['|- mod-playerbots']
  [0m[36mLoading Modules Configuration...
  [31;1m> Config::LoadFile: Failed open file '/azerothcore/env/dist/etc/modules/playerbots.conf'
  [0m[0m[36m> Not found modules config files
  [0m[36mLoading Modules Configuration...
  [31;1m> Config::LoadFile: Failed open file '/azerothcore/env/dist/etc/modules/playerbots.conf'
  [0m[0m[36m> Not found modules config files
SHOT 8-config-and-the-running-server.png  ac-worldserver alive at capture: True
done
