This plugin does not support propagateSizeHints()
=== CLAUSE 1 again, against a checkout that really IS behind ===
HEAD before the rewind: 5ef5708d031f3b02283e6e599aa655bd320d904e
is-shallow-repository: 'true'  (the app clones modules shallow, so HEAD~3 does not exist until it is deepened)
fetch --deepen 10 -> rc=0 
reset --hard HEAD~3 -> rc=0 HEAD is now at 2b85db9 Arena 1v1: Apply Deserter on invite AFK and early leave (#69)
HEAD after  the rewind: 2b85db943c9e12c429ad4a7de7e01df053660448
the three commits skipped: 5ef5708 fix(DB/World): add missing 'q1v1 stats' to DELETE before INSERT (#76)
ba7fefb Merge pull request #75 from Nyeriah/fix-removed-columns
cae07bd fix: remove scale/mechanic_immune_mask/spell_school_immune_mask from creature_template SQL
d44caf1 feat: add conf for disabling deserter for unrated (#74)

=== CLAUSE 1: the commits-behind figure equals the same query by hand ===
--- what the tab shows (2.0s) ---
mod-1v1-arena: 4 commits behind
mod-npc-beastmaster: 0 commits behind
mod-playerbots: 0 commits behind
--- end ---
SHOT 1b-commits-behind-nonzero.png  ac-worldserver alive at capture: True
BY HAND mod-1v1-arena: rev-list --count HEAD..FETCH_HEAD = '4' (app said 4)
        HEAD=2b85db9 FETCH_HEAD=5ef5708
BY HAND mod-npc-beastmaster: rev-list --count HEAD..FETCH_HEAD = '0' (app said 0)
        HEAD=99dbd9b FETCH_HEAD=99dbd9b
BY HAND mod-playerbots: rev-list --count HEAD..FETCH_HEAD = '0' (app said 0)
        HEAD=b949b50 FETCH_HEAD=b949b50
CLAUSE 1: PASS
done
