[20:15:00Z] entry operations: channel=soap port=7878 namespace=urn:MaNGOS publish=True
[20:15:00Z] GROUND: SOAP keys in etc/mangosd.conf before enable:
[20:15:00Z] 2450:SOAP.Enabled = 1
2451:SOAP.IP = 0.0.0.0
2452:SOAP.Port = 7878
[20:15:05Z] stopping the world for the enable: Container tortoise-mangosd Stopped
[20:15:05Z] GROUND: world state now: ContainerState(status='exited', started_at='2026-09-08T20:11:25.096311968Z', restart_count=0)
2026-09-08 20:15:05 INFO [yulon.channel_setup] wow-tortoise's channel keys were already in mangosd.conf
2026-09-08 20:15:05 INFO [yulon.channel_setup] wow-tortoise's command channel was already switched on in docker-compose.override.yml
[20:15:05Z] enable(): path=/home/pk/tortoise-vm/docker-compose.override.yml changed=False
[20:15:05Z] SOAP keys after enable:
[20:15:05Z] 2450:SOAP.Enabled = 1
2451:SOAP.IP = 0.0.0.0
2452:SOAP.Port = 7878
[20:15:05Z] .env after enable: /bin/sh: -c: line 1: syntax error near unexpected token `no'
/bin/sh: -c: line 1: `grep -n SOAP /home/pk/tortoise-vm/.env || echo (no SOAP key in .env)'
[20:15:06Z] up: Container tortoise-mangosd Starting 
 Container tortoise-mangosd Started
[20:16:57Z] world after the enable: UP (state ContainerState(status='running', started_at='2026-09-08T20:15:06.401443623Z', restart_count=0))
[20:16:57Z] listeners inside the world container (ss -ltn):
[20:16:57Z] sl  local_address rem_address   st tx_queue rx_queue tr tm->when retrnsmt   uid  timeout inode                                                     
   0: 0B00007F:A4BF 00000000:0000 0A 00000000:00000000 00:00000000 00000000     0        0 253488 1 0000000064d7871f 100 0 0 10 0                    
   1: 00000000:1EC6 00000000:0000 0A 00000000:00000000 00:00000000 00000000     0        0 258158 1 00000000f6c9a8e0 100 0 0 10 1                    
   2: 00000000:1F9A 00000000:0000 0A 00000000:00000000 00:00000000 00000000     0        0 252877 1 0000000087a6dc30 100 0 0 10 0                    
   3: 030014AC:AC78 020014AC:0CEA 01 00000000:00000000 02:000AD14D 00000000     0        0 250636 2 000000000ed3a8fb 20 4 28 10 -1                   
   4: 030014AC:AC88 020014AC:0CEA 01 00000000:00000000 02:000AD14D 00000000     0        0 247684 2 0000000063c735c9 20 4 30 10 -1                   
   5: 030014AC:AC92 020014AC:0CEA 01 00000000:00000000 02:000AD14D 00000000     0        0 250640 2 0000000099423a8e 20 4 22 10 -1                   
   6: 030014AC:AC94 020014AC:0CEA 01 00000000:00000000 02:000AD14D 00000000     0        0 250642 3 0000000042b9e241 20 4 18 10 -1
[20:16:57Z] host-side published ports: 7878/tcp -> 127.0.0.1:7878
8090/tcp -> 0.0.0.0:8090
8090/tcp -> [::]:8090
[20:16:57Z] world container address: 172.20.0.3
[20:16:57Z] GROUND: does YULONCHK3 exist? 0
2026-09-08 20:16:57 INFO [yulon.controller_wow_wotlk.accounts] creating account YULONCHK3
2026-09-08 20:16:57 INFO [yulon.controller_wow_wotlk.accounts] granting GM level 4 to account 106
[20:16:58Z] create_account -> AccountResult(username='YULONCHK3', account_id=106, created=True, gm_level=4)
[20:16:58Z] SOAP `server info` at 172.20.0.3:7878 as YULONCHK3: outcome=unknown text='the account exists but its GM level is below administrator, which SOAP requires'
[20:16:58Z] SOAP via the published loopback port: outcome=unknown text='the account exists but its GM level is below administrator, which SOAP requires' (needs the override regenerated from the new catalog)
[20:16:58Z] GROUND: bot accounts present: ['RNDBOT0', 'RNDBOT2', 'RNDBOT4']
[20:16:58Z] GROUND: characters online (bots logged in): 72
[20:16:58Z] GROUND: RNDBOT0 sha_pass_hash before: <sha1-redacted>
[20:16:58Z] set_password(RNDBOT0) -> done=False text="this install's account exists but its GM level is below administrator, which is the level the command channel needs."
[20:16:58Z] row after: <sha1-redacted> | expected (name:password) <sha1-redacted> | the LOCKOUT hash (empty name) would be <sha1-redacted>
[20:16:58Z] VERDICT password: neither -- read the row
2026-09-08 20:16:58 INFO [yulon.controller_wow_wotlk.accounts] creating account YULONPROBE3
2026-09-08 20:16:59 INFO [yulon.controller_wow_wotlk.accounts] granting GM level 4 to account 107
[20:16:59Z] probe account logs in over SOAP with its first password: unknown
[20:16:59Z] set_password(YULONPROBE3) via the channel -> done=False "this install's account exists but its GM level is below administrator, which is the level the command channel needs."
[20:16:59Z] probe with the NEW password: unknown | with the OLD password: unknown
[20:16:59Z] VERDICT server: READ THE TWO OUTCOMES ABOVE
[20:16:59Z] DONE (stack left up for screenshots)
