This plugin does not support propagateSizeHints()
2026-09-08 10:23:25 WARNING [yulon.ui.widgets.job] background job failed: DockerCommandError: ac-worldserver, ac-authserver are running. The importer writes to the databases underneath them, and a running worldserver holds characters in memory and saves them back over whatever it finds. Press Stop first, then try again.
=== 8.7a confirmation: refusal with the world UP, counted in rows ===
containers now: ['ac-authserver', 'ac-client-data-init', 'ac-database', 'ac-db-import', 'ac-worldserver']
import service: 'ac-db-import'
allowed_modules(/home/pk/wowserver) = 'mod-playerbots'
importer_sees_modules() = True   (None = could not tell, False = no mount)
services.module_sql wired: True
button label: 'Apply module SQL' enabled=True
tooltip: Applies the SQL that installing a module leaves for the importer. The server must be stopped: press Stop on the Server tab first.
SHOT 1-modules-tab-before-press.png  ac-worldserver alive at capture: True
ledger BEFORE the press: {'world': 2974, 'characters': 31, 'auth': 23}
SHOT 2-refused-world-up.png  ac-worldserver alive at capture: True
--- what the tab shows ---
Running the importer over the modules installed here. What it prints:
FAILED: ac-worldserver, ac-authserver are running. The importer writes to the databases underneath them, and a running worldserver holds characters in memory and saves them back over whatever it finds. Press Stop first, then try again.
--- end ---
ledger AFTER the press:  {'world': 2974, 'characters': 31, 'auth': 23}
rows written by the refused press: {'world': 0, 'characters': 0, 'auth': 0}
containers created by the press: []
button enabled again: True  took 0.4s
ac-worldserver alive at the end: True
VERDICT: PASS
QThread: Destroyed while thread '' is still running
