# what the RUNNING worldserver says about module configuration
# captured 2026-09-08T10:25:52+02:00 by 8.7a lane 2, read-only; uptime at capture was 33 min (started after the module SQL apply)

## module .conf files ON DISK under env/dist/etc/modules:
playerbots.conf.dist
Solocraft.conf
transmog.conf

## modules/ on disk (what allowed_modules() lists):
CMakeLists.txt
create_module.sh
how_to_make_a_module.md
mod-playerbots
ModulesLoader.cpp.in.cmake
ModulesPCH.h
ModulesScriptLoader.h

## the running server own report:
Loading Modules Configuration...
> Config::LoadFile: Failed open file '/azerothcore/env/dist/etc/modules/playerbots.conf'
> Not found modules config files
> Config: Found config value 'Playerbots.Updates.EnableDatabases' from environment variable 'AC_PLAYERBOTS_UPDATES_ENABLE_DATABASES'.
> Config: Found config value 'PlayerbotsDatabaseInfo' from environment variable 'AC_PLAYERBOTS_DATABASE_INFO'.
> Config: Found config value 'AiPlayerbot.RandomBotAutologin' from environment variable 'AC_AI_PLAYERBOT_RANDOM_BOT_AUTOLOGIN'.
> Config: Found config value 'AiPlayerbot.MinRandomBots' from environment variable 'AC_AI_PLAYERBOT_MIN_RANDOM_BOTS'.
> Config: Found config value 'AiPlayerbot.MaxRandomBots' from environment variable 'AC_AI_PLAYERBOT_MAX_RANDOM_BOTS'.
> Config: Found config value 'AiPlayerbot.CommandServerPort' from environment variable 'AC_AI_PLAYERBOT_COMMAND_SERVER_PORT'.
