This plugin does not support propagateSizeHints()
2026-09-08 10:25:33 INFO [yulon.controller_wow_wotlk.console] console → ac-worldserver: ['server', 'info']
2026-09-08 10:25:36 INFO [yulon.controller_wow_wotlk.console] console → ac-worldserver: ['lookup', 'creature']
=== 8.7a: what the RUNNING world says ===
console usable on this host: True
--- sending 'server info' to the live worldserver ---
  answered in 3.7s
--- sending 'lookup creature Warpweaver' to the live worldserver ---
  answered in 3.7s
--- console transcript ---
[10:25:33] > server info
[10:25:36] AzerothCore rev. 413bea61a85e+ 2026-09-04 09:03:49 -0700 (Playerbot branch) (Unix, RelWithDebInfo, Static)
[10:25:36] Connected players: 0. Characters in world: 500.
[10:25:36] Connection peak: 0.
[10:25:36] Minimum account security level to log in: 0.
[10:25:36] Server uptime: 33 minute(s) 22 second(s)
[10:25:36] Update time diff: 2ms. Last 500 diffs summary:
[10:25:36] |- Mean: 35ms
[10:25:36] |- Median: 6ms
[10:25:36] |- Percentiles (95, 99, max): 116ms, 122ms, 128ms
[10:25:36] > lookup creature Warpweaver
[10:25:40] 190010 - Warpweaver
[10:25:40] 190011 - Ethereal Warpweaver
--- end ---
SHOT 3-running-world-answers-lookup-190010.png  ac-worldserver alive at capture: True
the running world knows creature 190010 by name: True
ac-worldserver alive at the end: True
VERDICT: PASS
