# the updates ledger, read by hand on the box by 8.7a lane 2 at 2026-09-08T10:26:15+02:00
# database timestamps are UTC; the box clock is CEST (UTC+2).

## acore_world.updates, newest first
name	state	timestamp
mod_solo_craft.sql	MODULE	2026-09-08 07:51:53
trasm_world_texts.sql	MODULE	2026-09-08 07:48:53
trasm_world_NPC.sql	MODULE	2026-09-08 07:48:53
trasm_world_VendorItems.sql	MODULE	2026-09-08 07:48:53
2026_05_09_migrate_strings_to_module_string.sql	MODULE	2026-09-08 07:48:52
2026_07_23_transmog_claim_strings.sql	MODULE	2026-09-08 07:48:52
aoe_loot_module_string.sql	MODULE	2026-09-07 20:27:25
playerbots_rpg_races.sql	MODULE	2026-09-04 23:05:20
emotetextsound_dbc.sql	MODULE	2026-09-04 23:05:19
2026_08_28_01.sql	RELEASED	2026-09-04 23:05:19
2026_08_27_11.sql	RELEASED	2026-09-04 23:05:19
2026_08_27_10.sql	RELEASED	2026-09-04 23:05:19

## acore_characters.updates, newest first
name	state	timestamp
mod_solo_craft.sql	MODULE	2026-09-08 07:51:53
trasmorg.sql	MODULE	2026-09-08 07:48:51
playerbots_names.sql	MODULE	2026-09-04 23:04:09
playerbots_arena_team_names.sql	MODULE	2026-09-04 23:04:06
2026_08_15_00.sql	RELEASED	2026-09-04 23:04:06
2026_07_22_00.sql	RELEASED	2026-09-04 23:04:06

## row counts now
world	characters	auth
2974	31	23

## the module NPC the applied SQL created
entry	name
190010	Warpweaver
