=== 7.10 re-run sweep started 2026-09-09T05:05:51+02:00 ===
code under test : /home/pk/lane710b/checkout at 2c9bd2119d5b8e042b21dc99cfa40a70909fdffc
interpreter     : /home/pk/dads-mmo-lab/pylauncher/.venv/bin/python  (Python 3.12.3)
PySide6         : 6.11.2
pydantic        : 2.13.5
yulon imported  : /home/pk/lane710b/checkout/pylauncher/yulon/__init__.py
box             : yulon-ubuntu  Linux 7.0.0-31-generic
docker          : Docker version 29.1.3, build 29.1.3-0ubuntu3~24.04.2
server dir      : /home/pk/wowserver
drivers         : /home/pk/lane710b/drivers (the 2026-09-05 drivers; see drivers.diff for every change)
QT_QPA_PLATFORM : offscreen
network_plan_probe exit 0
realmlist.address before the sweep: 100.99.204.5
sweep_driver.py exit 0  2s
sweep_driver2.py exit 0  5s
sweep_driver3.py exit 0  46s
wait_ready after restore exit 0
sweep_driver4.py exit 0  1s
widget_driver.py exit 1  9s
=== 7.10 re-run sweep finished 2026-09-09T05:07:46+02:00 ===
