=== sweep_driver.py ===
started (local): 2026-09-09T05:05:53+02:00
command: /home/pk/dads-mmo-lab/pylauncher/.venv/bin/python /home/pk/lane710b/drivers/sweep_driver.py
---

==================== Loading catalog entry + building ControllerServices.for_wotlk (real GUI wiring) ====================
yulon package under test: /home/pk/lane710b/checkout/pylauncher/yulon/__init__.py
entry: wow-wotlk WoW WotLK
services built OK: ControllerServices(controller=<yulon.controller.Controller object at 0x7318b777e000>, logs_source=<function _assemble.<locals>.<lambda> at 0x7318b77bcae0>, send_console=<function _for_wotlk.<locals>.<lambda> at 0x7318b77bc5e0>, store=<yulon.manifest_store.ManifestStore object at 0x7318b7cc7b30>, applier=<yulon.apply.Applier object at 0x7318b777e330>, network_plan=<function _assemble.<locals>.<lambda> at 0x7318b77bcb80>, network_apply=<function _assemble.<locals>.<lambda> at 0x7318b77bcc20>, create_account=<function _for_wotlk.<locals>.<lambda> at 0x7318b77bc680>, backup=<function _for_wotlk.<locals>.<lambda> at 0x7318b77bc900>, backups_dir=<function _assemble.<locals>.<lambda> at 0x7318b77bccc0>, plan_restore=<function _for_wotlk.<locals>.<lambda> at 0x7318b77bc9a0>, restore=<function _for_wotlk.<locals>.<lambda> at 0x7318b77bca40>, interrupted_restore=<function _assemble.<locals>.<lambda> at 0x7318b77bcd60>, forget_interrupted=<function _assemble.<locals>.<lambda> at 0x7318b77bce00>, dashboard=<bound method Dashboard.tick of <yulon.dashboard.Dashboard object at 0x7318b777d7f0>>, log_snapshot=<yulon.logsnap.Recorder object at 0x7318b777d910>, channel_setup=<yulon.channel_setup.InstallChannel object at 0x7318b777eb40>, bots=<yulon.ui.controller_view._BotBrowser object at 0x7318b777d310>, console_probe=None, uninstall=<yulon.purge.Uninstaller object at 0x7318b777e030>, accounts=<yulon.useraccounts.InstallAccounts object at 0x7318b777d400>, my_party=<yulon.party.InstallParty object at 0x7318b777e120>, play=<yulon.play.InstallPlay object at 0x7318b777e0f0>, module_sql=<function _for_wotlk.<locals>.<lambda> at 0x7318b77bc720>, module_updates=<function _for_wotlk.<locals>.<lambda> at 0x7318b77bc7c0>, module_from_link=<function derive_link at 0x7318b78bc4a0>, module_from_folder=<function derive_folder at 0x7318b78bc540>, module_install_custom=<function install_custom.<locals>.install at 0x7318b77bc860>, module_forget=<function forget at 0x7318b78bc680>, rebuild=<function rebuild_for_app.<locals>.rebuild at 0x7318b77bcea0>)

==================== Controller status() ====================
status: InstallStatus(db=True, auth=True, world=True)
[OK] status() -> db=True auth=True world=True

==================== Controller import_state() ====================
import_state: ImportState(state='populated', detail='103 rows in acore_auth.account, 1001 rows in acore_characters.characters', complete=True)
[OK] import_state() -> ImportState(state='populated', detail='103 rows in acore_auth.account, 1001 rows in acore_characters.characters', complete=True)

==================== Controller port_conflicts() ====================
port_conflicts: []
[OK] port_conflicts() -> []


=== SUMMARY SO FAR ===
OK status() -> db=True auth=True world=True
OK import_state() -> ImportState(state='populated', detail='103 rows in acore_auth.account, 1001 rows in acore_characters.characters', complete=True)
OK port_conflicts() -> []
--- exit code: 0   elapsed: 2s   finished: 2026-09-09T05:05:55+02:00
