=== sweep_driver3.py ===
started (local): 2026-09-09T05:06:00+02:00
command: /home/pk/dads-mmo-lab/pylauncher/.venv/bin/python /home/pk/lane710b/drivers/sweep_driver3.py
---
2026-09-09 05:06:18 INFO [yulon.controller_wow_wotlk.maintenance] backed up 4 database(s) into /home/pk/wowserver/sql_scripts/backups: acore_auth (82535 bytes), acore_characters (10341129 bytes), acore_playerbots (62407237 bytes), acore_world (306399612 bytes)
2026-09-09 05:06:18 INFO [yulon.controller_wow_wotlk.maintenance] restore of 20260909_050601_acore_auth.sql refused: ac-worldserver, ac-authserver are running. A restore has to happen with the game servers stopped: the worldserver keeps characters in memory and saves them back, so it would overwrite the restored data within minutes. Stop the server and try again.
ac-authserver
ac-worldserver
2026-09-09 05:06:41 INFO [yulon.controller_wow_wotlk.maintenance] backed up 1 database(s) into /home/pk/wowserver/sql_scripts/backups: acore_auth (82635 bytes)
2026-09-09 05:06:41 WARNING [yulon.controller_wow_wotlk.maintenance] restoring acore_auth from /home/pk/wowserver/sql_scripts/backups/20260909_050601_acore_auth.sql
2026-09-09 05:06:44 INFO [yulon.controller_wow_wotlk.maintenance] restored acore_auth from /home/pk/wowserver/sql_scripts/backups/20260909_050601_acore_auth.sql
2026-09-09 05:06:45 INFO [yulon.docker] start_staged(): `compose up -d --no-deps ac-database ac-authserver ac-worldserver` in /home/pk/wowserver

==================== Backup: services.backup() live, while server is running ====================
BackupReport: BackupReport(directory=PosixPath('/home/pk/wowserver/sql_scripts/backups'), dumps=(Dump(database='acore_auth', path=PosixPath('/home/pk/wowserver/sql_scripts/backups/20260909_050601_acore_auth.sql'), size_bytes=82535), Dump(database='acore_characters', path=PosixPath('/home/pk/wowserver/sql_scripts/backups/20260909_050601_acore_characters.sql'), size_bytes=10341129), Dump(database='acore_playerbots', path=PosixPath('/home/pk/wowserver/sql_scripts/backups/20260909_050601_acore_playerbots.sql'), size_bytes=62407237), Dump(database='acore_world', path=PosixPath('/home/pk/wowserver/sql_scripts/backups/20260909_050601_acore_world.sql'), size_bytes=306399612)), missing_core=(), server_was_running=True)
dumps: [('acore_auth', PosixPath('/home/pk/wowserver/sql_scripts/backups/20260909_050601_acore_auth.sql'), 82535), ('acore_characters', PosixPath('/home/pk/wowserver/sql_scripts/backups/20260909_050601_acore_characters.sql'), 10341129), ('acore_playerbots', PosixPath('/home/pk/wowserver/sql_scripts/backups/20260909_050601_acore_playerbots.sql'), 62407237), ('acore_world', PosixPath('/home/pk/wowserver/sql_scripts/backups/20260909_050601_acore_world.sql'), 306399612)]
[OK] backup() -> 4 dump(s) in /home/pk/wowserver/sql_scripts/backups, server_was_running=True

==================== Verify: maintenance.verify_dump() on each dump ====================
  verify_dump(20260909_050601_acore_auth.sql) -> 82535 bytes
  verify_dump(20260909_050601_acore_characters.sql) -> 10341129 bytes
  verify_dump(20260909_050601_acore_playerbots.sql) -> 62407237 bytes
  verify_dump(20260909_050601_acore_world.sql) -> 306399612 bytes
[OK] verify_dump() passed for all 4 dump(s)

==================== Restore refusal: plan_restore() while world/auth are running ====================
plan.refusals (should be non-empty, server running): ('ac-worldserver, ac-authserver are running. A restore has to happen with the game servers stopped: the worldserver keeps characters in memory and saves them back, so it would overwrite the restored data within minutes. Stop the server and try again.',)
[OK] plan_restore() correctly refused while running: ('ac-worldserver, ac-authserver are running. A restore has to happen with the game servers stopped: the worldserver keeps characters in memory and saves them back, so it would overwrite the restored data within minutes. Stop the server and try again.',)

==================== Stopping ac-authserver + ac-worldserver only (db stays up, as restore requires) ====================
[OK] docker stop ac-authserver ac-worldserver succeeded

==================== Restore: plan_restore() + restore() with db up, world/auth down ====================
plan2.refusals (should now be empty): ()
plan2.databases: ('acore_auth',) token: d083037b797619c8
[OK] plan_restore() allowed the restore with world/auth stopped
RestoreReport: RestoreReport(backup=PosixPath('/home/pk/wowserver/sql_scripts/backups/20260909_050601_acore_auth.sql'), databases=('acore_auth',), safety_backup=(PosixPath('/home/pk/wowserver/sql_scripts/backups/20260909_050641_pre-restore_acore_auth.sql'),))
[OK] restore() succeeded: restored ('acore_auth',) from /home/pk/wowserver/sql_scripts/backups/20260909_050601_acore_auth.sql

==================== Restarting the install (controller.start()) ====================
[OK] controller.start() issued


=== SUMMARY (phase 3) ===
OK backup() -> 4 dump(s) in /home/pk/wowserver/sql_scripts/backups, server_was_running=True
OK verify_dump() passed for all 4 dump(s)
OK plan_restore() correctly refused while running: ('ac-worldserver, ac-authserver are running. A restore has to happen with the game servers stopped: the worldserver keeps characters in memory and saves them back, so it would overwrite the restored data within minutes. Stop the server and try again.',)
OK docker stop ac-authserver ac-worldserver succeeded
OK plan_restore() allowed the restore with world/auth stopped
OK restore() succeeded: restored ('acore_auth',) from /home/pk/wowserver/sql_scripts/backups/20260909_050601_acore_auth.sql
OK controller.start() issued
--- exit code: 0   elapsed: 46s   finished: 2026-09-09T05:06:46+02:00
