=== sweep_driver2.py ===
started (local): 2026-09-09T05:05:55+02:00
command: /home/pk/dads-mmo-lab/pylauncher/.venv/bin/python /home/pk/lane710b/drivers/sweep_driver2.py
---
2026-09-09 05:05:57 INFO [yulon.update] update check: current=0.6.59 latest=v0.6.59Public newer=False
2026-09-09 05:05:57 INFO [yulon.controller_wow_wotlk.console] console → ac-worldserver: ['server', 'info']

==================== Modules: ManifestStore + Applier (GUI 'Modules' tab wiring) ====================
store: <yulon.manifest_store.ManifestStore object at 0x782b2c290620> applier: <yulon.apply.Applier object at 0x782b2c290470>
  kind='module': index loaded, 21 items
  kind='ale': index loaded, 7 items
  kind='mod': index loaded, 11 items
  kind='keg': index loaded, 2 items
[OK] ManifestStore.load_index() callable for all 4 manifest kinds (module/ale/mod/keg)

==================== Networking: plan(lan) / plan(internet) ====================
mode=lan: ready=True warnings=("Yu'lon opened the game ports in ufw's rule list but did NOT run `ufw enable`: turning a firewall on can only take reachability away, it is no part of making a server reachable, and on a machine you reach over SSH it takes away your own way in — which is exactly what it did to the box that found this (bug-checklist §39). ufw is left as you had it. To turn it on yourself, allow your SSH port FIRST: `sudo ufw allow <your ssh port>/tcp`, then `sudo ufw enable`.",)
[OK] network_plan('lan') -> ready=True
mode=internet: ready=True warnings=("Yu'lon opened the game ports in ufw's rule list but did NOT run `ufw enable`: turning a firewall on can only take reachability away, it is no part of making a server reachable, and on a machine you reach over SSH it takes away your own way in — which is exactly what it did to the box that found this (bug-checklist §39). ufw is left as you had it. To turn it on yourself, allow your SSH port FIRST: `sudo ufw allow <your ssh port>/tcp`, then `sudo ufw enable`.",)
[OK] network_plan('internet') -> ready=True

==================== Maintenance: repair_import() refusal on a populated DB ====================
current import_state: ImportState(state='populated', detail='103 rows in acore_auth.account, 1001 rows in acore_characters.characters', complete=True)
repair_import() correctly refused: ac-worldserver, ac-authserver are running. The import rewrites the databases underneath them, and a running worldserver holds characters in memory and saves them back over whatever it finds. Press Stop first, then try again.
[OK] repair_import() refused on populated DB: ac-worldserver, ac-authserver are running. The import rewrites the databases underneath them, and a running worldserver holds characters in memory and saves them back over whatever it finds. Press Stop first, then try again.

==================== Self-update check ====================
check_for_update(): UpdateCheck(current='0.6.59', latest='v0.6.59Public', available=False, url='https://github.com/DadsMmoLab/dads-mmo-lab/releases/tag/v0.6.59Public', error=None)
[OK] check_for_update() -> current=0.6.59 latest=v0.6.59Public available=False error=None

==================== Console: send_console('server info') ====================
console reply: ConsoleReply(command='server info', lines=('AzerothCore rev. 413bea61a85e+ 2026-09-04 09:03:49 -0700 (HEAD branch) (Unix, RelWithDebInfo, Static)', 'Connected players: 0. Characters in world: 500.', 'Connection peak: 0.', 'Minimum account security level to log in: 0.', 'Server uptime: 48 minute(s) 12 second(s)', 'Update time diff: 3ms. Last 500 diffs summary:', '|- Mean: 37ms', '|- Median: 5ms', '|- Percentiles (95, 99, max): 129ms, 136ms, 139ms'), prompted=True)
[OK] send_console('server info') -> 9 line(s), prompted=True: ConsoleReply(command='server info', lines=('AzerothCore rev. 413bea61a85e+ 2026-09-04 09:03:49 -0700 (HEAD branch) (Unix, RelWithDebInfo, Static)', 'Connected players: 0. Characters in world: 500.', 'Connection peak: 0.', 'Minimum account security level to log in: 0.', 'Server uptime: 48 minute(s) 1

==================== Log panel streaming: logs_source() sample ====================
sample lines: ['\x1b[0m\x1b[36m    hunter: 50, avg lvl: 39.9', '\x1b[0m\x1b[36m    rogue: 50, avg lvl: 30.3', '\x1b[0m\x1b[36m    priest: 50, avg lvl: 33.6', '\x1b[0m\x1b[36m    dk: 50, avg lvl: 64.7', '\x1b[0m\x1b[36m    shaman: 50, avg lvl: 36.9']
[OK] logs_source() yielded 5 live line(s)


=== SUMMARY (phase 2) ===
OK ManifestStore.load_index() callable for all 4 manifest kinds (module/ale/mod/keg)
OK network_plan('lan') -> ready=True
OK network_plan('internet') -> ready=True
OK repair_import() refused on populated DB: ac-worldserver, ac-authserver are running. The import rewrites the databases underneath them, and a running worldserver holds characters in memory and saves them back over whatever it finds. Press Stop first, then try again.
OK check_for_update() -> current=0.6.59 latest=v0.6.59Public available=False error=None
OK send_console('server info') -> 9 line(s), prompted=True: ConsoleReply(command='server info', lines=('AzerothCore rev. 413bea61a85e+ 2026-09-04 09:03:49 -0700 (HEAD branch) (Unix, RelWithDebInfo, Static)', 'Connected players: 0. Characters in world: 500.', 'Connection peak: 0.', 'Minimum account security level to log in: 0.', 'Server uptime: 48 minute(s) 1
OK logs_source() yielded 5 live line(s)
--- exit code: 0   elapsed: 5s   finished: 2026-09-09T05:06:00+02:00
