=== sweep_driver3.py ===
started (local): 2026-09-05T22:08:11+02:00
command: /home/pk/p7/venv/bin/python /home/pk/p7/drivers/sweep_driver3.py
---
Traceback (most recent call last):
  File "/home/pk/p7/checkout/pylauncher/yulon/controller_wow_wotlk/maintenance.py", line 1327, in _census
    return set(source())
               ^^^^^^^^
  File "/home/pk/p7/checkout/pylauncher/yulon/controller_wow_wotlk/maintenance.py", line 1323, in census
    return docker_ctl.status(wsl_distro=wsl_distro)
           ^^^^^^^^^^^^^^^^^^^^^^^^^^^^^^^^^^^^^^^^
  File "/home/pk/p7/checkout/pylauncher/yulon/docker.py", line 1798, in status
    proc = _run(
           ^^^^^
  File "/home/pk/p7/checkout/pylauncher/yulon/docker.py", line 273, in _run
    raise DockerCommandError(
yulon.docker.DockerCommandError: docker ps --format {{.Names}} exited 1: permission denied while trying to connect to the docker API at unix:///var/run/docker.sock

The above exception was the direct cause of the following exception:

Traceback (most recent call last):
  File "/home/pk/p7/drivers/sweep_driver3.py", line 49, in <module>
    report = services.backup()
             ^^^^^^^^^^^^^^^^^
  File "/home/pk/p7/checkout/pylauncher/yulon/ui/controller_view.py", line 403, in <lambda>
    backup=lambda: wotlk_maintenance.backup(
                   ^^^^^^^^^^^^^^^^^^^^^^^^^
  File "/home/pk/p7/checkout/pylauncher/yulon/controller_wow_wotlk/maintenance.py", line 502, in backup
    names = _census(running, wsl_distro=wsl_distro)
            ^^^^^^^^^^^^^^^^^^^^^^^^^^^^^^^^^^^^^^^
  File "/home/pk/p7/checkout/pylauncher/yulon/controller_wow_wotlk/maintenance.py", line 1329, in _census
    raise MaintenanceError(
yulon.controller_wow_wotlk.maintenance.MaintenanceError: could not ask Docker what is running, so nothing about this server can be established: docker ps --format {{.Names}} exited 1: permission denied while trying to connect to the docker API at unix:///var/run/docker.sock
Traceback (most recent call last):
  File "/home/pk/p7/drivers/sweep_driver3.py", line 62, in <module>
    raise RuntimeError("no report from backup() step")
RuntimeError: no report from backup() step
Traceback (most recent call last):
  File "/home/pk/p7/drivers/sweep_driver3.py", line 73, in <module>
    pick = report.dumps[0].path
           ^^^^^^^^^^^^
AttributeError: 'NoneType' object has no attribute 'dumps'
ac-authserver
ac-worldserver
Traceback (most recent call last):
  File "/home/pk/p7/drivers/sweep_driver3.py", line 96, in <module>
    pick = report.dumps[0].path
           ^^^^^^^^^^^^
AttributeError: 'NoneType' object has no attribute 'dumps'
Traceback (most recent call last):
  File "/home/pk/p7/drivers/sweep_driver3.py", line 113, in <module>
    services.controller.start()
  File "/home/pk/p7/checkout/pylauncher/yulon/controller.py", line 205, in start
    conflicts = self.port_conflicts()
                ^^^^^^^^^^^^^^^^^^^^^
  File "/home/pk/p7/checkout/pylauncher/yulon/controller.py", line 188, in port_conflicts
    for name in docker.port_conflicts_for(self.spec, wsl_distro=self.wsl_distro)
                ^^^^^^^^^^^^^^^^^^^^^^^^^^^^^^^^^^^^^^^^^^^^^^^^^^^^^^^^^^^^^^^^
  File "/home/pk/p7/checkout/pylauncher/yulon/docker.py", line 2275, in port_conflicts_for
    return port_conflicts(spec.ports, wsl_distro=wsl_distro)
           ^^^^^^^^^^^^^^^^^^^^^^^^^^^^^^^^^^^^^^^^^^^^^^^^^
  File "/home/pk/p7/checkout/pylauncher/yulon/docker.py", line 2248, in port_conflicts
    proc = _run(["ps", "--format", "{{.Names}}\t{{.Ports}}"], wsl_distro=wsl_distro)
           ^^^^^^^^^^^^^^^^^^^^^^^^^^^^^^^^^^^^^^^^^^^^^^^^^^^^^^^^^^^^^^^^^^^^^^^^^
  File "/home/pk/p7/checkout/pylauncher/yulon/docker.py", line 273, in _run
    raise DockerCommandError(
yulon.docker.DockerCommandError: docker ps --format {{.Names}}	{{.Ports}} exited 1: permission denied while trying to connect to the docker API at unix:///var/run/docker.sock

==================== Backup: services.backup() live, while server is running ====================
[FAIL] backup()

==================== Verify: maintenance.verify_dump() on each dump ====================
[FAIL] verify_dump()

==================== Restore refusal: plan_restore() while world/auth are running ====================
[FAIL] plan_restore() refusal check

==================== Stopping ac-authserver + ac-worldserver only (db stays up, as restore requires) ====================
[OK] docker stop ac-authserver ac-worldserver succeeded

==================== Restore: plan_restore() + restore() with db up, world/auth down ====================
[FAIL] restore()

==================== Restarting the install (controller.start()) ====================
[FAIL] controller.start()


=== SUMMARY (phase 3) ===
FAIL backup()
FAIL verify_dump()
FAIL plan_restore() refusal check
OK docker stop ac-authserver ac-worldserver succeeded
FAIL restore()
FAIL controller.start()
--- exit code: 0   elapsed: 39s   finished: 2026-09-05T22:08:50+02:00
