=== sweep_driver2.py ===
started (local): 2026-09-05T22:08:06+02:00
command: /home/pk/p7/venv/bin/python /home/pk/p7/drivers/sweep_driver2.py
---
2026-09-05 22:08:08 INFO [yulon.update] update check: current=0.6.59 latest=v0.6.59Public newer=False
2026-09-05 22:08:08 INFO [yulon.controller_wow_wotlk.console] console → ac-worldserver: ['server', 'info']
Traceback (most recent call last):
  File "/home/pk/p7/drivers/sweep_driver2.py", line 108, in <module>
    for line in it:
  File "/home/pk/p7/checkout/pylauncher/yulon/docker.py", line 2351, in follow_logs
    for line in runner.stream([*prefix, "logs", "-f", "--tail", str(tail), container]):
  File "/home/pk/p7/checkout/pylauncher/yulon/runner.py", line 363, in _stream_lines
    raise subprocess.CalledProcessError(proc.returncode, command)
subprocess.CalledProcessError: Command '['docker', 'logs', '-f', '--tail', '200', 'ac-worldserver']' returned non-zero exit status 1.

==================== Modules: ManifestStore + Applier (GUI 'Modules' tab wiring) ====================
store: <yulon.manifest_store.ManifestStore object at 0x76250fd71550> applier: <yulon.apply.Applier object at 0x76250fd71520>
  kind='module': index loaded, 21 items
  kind='ale': index loaded, 7 items
  kind='mod': index loaded, 11 items
  kind='keg': index loaded, 2 items
[OK] ManifestStore.load_index() callable for all 4 manifest kinds (module/ale/mod/keg)

==================== Networking: plan(lan) / plan(internet) ====================
mode=lan: ready=True warnings=("Yu'lon opened the game ports in ufw's rule list but did NOT run `ufw enable`: turning a firewall on can only take reachability away, it is no part of making a server reachable, and on a machine you reach over SSH it takes away your own way in — which is exactly what it did to the box that found this (bug-checklist §39). ufw is left as you had it. To turn it on yourself, allow your SSH port FIRST: `sudo ufw allow <your ssh port>/tcp`, then `sudo ufw enable`.",)
[OK] network_plan('lan') -> ready=True
mode=internet: ready=True warnings=("Yu'lon opened the game ports in ufw's rule list but did NOT run `ufw enable`: turning a firewall on can only take reachability away, it is no part of making a server reachable, and on a machine you reach over SSH it takes away your own way in — which is exactly what it did to the box that found this (bug-checklist §39). ufw is left as you had it. To turn it on yourself, allow your SSH port FIRST: `sudo ufw allow <your ssh port>/tcp`, then `sudo ufw enable`.",)
[OK] network_plan('internet') -> ready=True

==================== Maintenance: repair_import() refusal on a populated DB ====================
current import_state: ImportState(state='unreadable', detail='could not list the databases: permission denied while trying to connect to the docker API at unix:///var/run/docker.sock', complete=False)
repair_import() correctly refused: could not ask Docker what is running, so the stop cannot be confirmed
[OK] repair_import() refused on populated DB: could not ask Docker what is running, so the stop cannot be confirmed

==================== Self-update check ====================
check_for_update(): UpdateCheck(current='0.6.59', latest='v0.6.59Public', available=False, url='https://github.com/DadsMmoLab/dads-mmo-lab/releases/tag/v0.6.59Public', error=None)
[OK] check_for_update() -> current=0.6.59 latest=v0.6.59Public available=False error=None

==================== Console: send_console('server info') ====================
console reply: ConsoleReply(command='server info', lines=('permission denied while trying to connect to the docker API at unix:///var/run/docker.sock',), prompted=False)
[OK] send_console('server info') -> ConsoleReply(command='server info', lines=('permission denied while trying to connect to the docker API at unix:///var/run/docker.sock',), prompted=False)

==================== Log panel streaming: logs_source() sample ====================
[FAIL] logs_source


=== SUMMARY (phase 2) ===
OK ManifestStore.load_index() callable for all 4 manifest kinds (module/ale/mod/keg)
OK network_plan('lan') -> ready=True
OK network_plan('internet') -> ready=True
OK repair_import() refused on populated DB: could not ask Docker what is running, so the stop cannot be confirmed
OK check_for_update() -> current=0.6.59 latest=v0.6.59Public available=False error=None
OK send_console('server info') -> ConsoleReply(command='server info', lines=('permission denied while trying to connect to the docker API at unix:///var/run/docker.sock',), prompted=False)
FAIL logs_source
--- exit code: 0   elapsed: 5s   finished: 2026-09-05T22:08:11+02:00
