=== sweep_driver.py ===
started (local): 2026-09-05T22:08:05+02:00
command: /home/pk/p7/venv/bin/python /home/pk/p7/drivers/sweep_driver.py
---
Traceback (most recent call last):
  File "/home/pk/p7/drivers/sweep_driver.py", line 48, in <module>
    status = services.controller.status()
             ^^^^^^^^^^^^^^^^^^^^^^^^^^^^
  File "/home/pk/p7/checkout/pylauncher/yulon/controller.py", line 159, in status
    running = set(docker.status(wsl_distro=self.wsl_distro))
                  ^^^^^^^^^^^^^^^^^^^^^^^^^^^^^^^^^^^^^^^^^
  File "/home/pk/p7/checkout/pylauncher/yulon/docker.py", line 1798, in status
    proc = _run(
           ^^^^^
  File "/home/pk/p7/checkout/pylauncher/yulon/docker.py", line 273, in _run
    raise DockerCommandError(
yulon.docker.DockerCommandError: docker ps --format {{.Names}} exited 1: permission denied while trying to connect to the docker API at unix:///var/run/docker.sock
Traceback (most recent call last):
  File "/home/pk/p7/drivers/sweep_driver.py", line 64, in <module>
    conflicts = services.controller.port_conflicts()
                ^^^^^^^^^^^^^^^^^^^^^^^^^^^^^^^^^^^^
  File "/home/pk/p7/checkout/pylauncher/yulon/controller.py", line 188, in port_conflicts
    for name in docker.port_conflicts_for(self.spec, wsl_distro=self.wsl_distro)
                ^^^^^^^^^^^^^^^^^^^^^^^^^^^^^^^^^^^^^^^^^^^^^^^^^^^^^^^^^^^^^^^^
  File "/home/pk/p7/checkout/pylauncher/yulon/docker.py", line 2275, in port_conflicts_for
    return port_conflicts(spec.ports, wsl_distro=wsl_distro)
           ^^^^^^^^^^^^^^^^^^^^^^^^^^^^^^^^^^^^^^^^^^^^^^^^^
  File "/home/pk/p7/checkout/pylauncher/yulon/docker.py", line 2248, in port_conflicts
    proc = _run(["ps", "--format", "{{.Names}}\t{{.Ports}}"], wsl_distro=wsl_distro)
           ^^^^^^^^^^^^^^^^^^^^^^^^^^^^^^^^^^^^^^^^^^^^^^^^^^^^^^^^^^^^^^^^^^^^^^^^^
  File "/home/pk/p7/checkout/pylauncher/yulon/docker.py", line 273, in _run
    raise DockerCommandError(
yulon.docker.DockerCommandError: docker ps --format {{.Names}}	{{.Ports}} exited 1: permission denied while trying to connect to the docker API at unix:///var/run/docker.sock

==================== Loading catalog entry + building ControllerServices.for_wotlk (real GUI wiring) ====================
entry: wow-wotlk WoW WotLK
services built OK: ControllerServices(controller=<yulon.controller.Controller object at 0x701aa98abad0>, logs_source=<function _assemble.<locals>.<lambda> at 0x701aa9785bc0>, send_console=<function _for_wotlk.<locals>.<lambda> at 0x701aa97858a0>, store=<yulon.manifest_store.ManifestStore object at 0x701aa98abb00>, applier=<yulon.apply.Applier object at 0x701aa98abaa0>, network_plan=<function _assemble.<locals>.<lambda> at 0x701aa9785c60>, network_apply=<function _assemble.<locals>.<lambda> at 0x701aa9785d00>, create_account=<function _for_wotlk.<locals>.<lambda> at 0x701aa9785940>, backup=<function _for_wotlk.<locals>.<lambda> at 0x701aa97859e0>, backups_dir=<function _assemble.<locals>.<lambda> at 0x701aa9785da0>, plan_restore=<function _for_wotlk.<locals>.<lambda> at 0x701aa9785a80>, restore=<function _for_wotlk.<locals>.<lambda> at 0x701aa9785b20>, interrupted_restore=<function _assemble.<locals>.<lambda> at 0x701aa9785e40>, forget_interrupted=<function _assemble.<locals>.<lambda> at 0x701aa9785ee0>)

==================== Controller status() ====================
[FAIL] status()

==================== Controller import_state() ====================
import_state: ImportState(state='unreadable', detail='could not list the databases: permission denied while trying to connect to the docker API at unix:///var/run/docker.sock', complete=False)
[OK] import_state() -> ImportState(state='unreadable', detail='could not list the databases: permission denied while trying to connect to the docker API at unix:///var/run/docker.sock', complete=False)

==================== Controller port_conflicts() ====================
[FAIL] port_conflicts()


=== SUMMARY SO FAR ===
FAIL status()
OK import_state() -> ImportState(state='unreadable', detail='could not list the databases: permission denied while trying to connect to the docker API at unix:///var/run/docker.sock', complete=False)
FAIL port_conflicts()
--- exit code: 0   elapsed: 1s   finished: 2026-09-05T22:08:06+02:00
