=== what the two presses left on the daemon, and why ===

docker images -a, after both presses:
<none>:<none> 7c1ecf94b44e 504MB
yulon.local/ac-wotlk-db-import:native-243c46e3 a55f34201a7a 1.57GB
yulon.local/ac-wotlk-worldserver:native-243c46e3 cad2566406d2 1.06GB
<none>:<none> 7d9b7c745a82 336MB
yulon.local/ac-wotlk-authserver:native-243c46e3 1024b0a2fb43 336MB
<none>:<none> dcaadcf6692d 1.57GB
<none>:<none> 92252d77483e 147MB
yulon.local/ac-wotlk-client-data:native-243c46e3 ffa9094ed5ba 147MB
mysql:8.4 3466ba4a4828 1.12GB
alpine/git:<none> c0280cf95723 138MB

dangling:
7c1ecf94b44e 504MB 21 minutes ago
7d9b7c745a82 336MB 6 hours ago
dcaadcf6692d 1.57GB 6 hours ago
92252d77483e 147MB 7 hours ago

PRESS 2 deleted its own broken build in the same millisecond it let the name go:
1788920265801300203 untag yulon.local/ac-wotlk-worldserver:native-243c46e3-failed
1788920265801902812 delete sha256:04e184df08cacdc5522cd0285aa10b48d3d06f67916a6bcf49ba88f57c2d2e04
1788920265838543650 untag yulon.local/ac-wotlk-authserver:native-243c46e3-failed
1788920265839112458 delete sha256:f2f3594789fd1a0f2339595eadc12e7499aeb9cf8f6bc81f33886d0cefb09aa1

PRESS 1s images (7c1ecf94b44e world, 7d9b7c745a82 auth) were never let go -- the
defect -- and press 2 MOVED the -failed name onto its own build, orphaning them.
A tag move does not delete what it moved off, so they are dangling, 840 MB.

=== cleaned by hand, by id, at 2026-09-09T02:25:14Z ===
Deleted: sha256:7c1ecf94b44e782ce8fb2418a75e0b267e0efc481069756574bb0bf776d0b3a4
Deleted: sha256:7d9b7c745a82702f3f07fd49b728800a0c3a4df232e8c4258505810bc6b79bd1
images afterwards:
yulon.local/ac-wotlk-db-import:native-243c46e3 a55f34201a7a 1.57GB
yulon.local/ac-wotlk-worldserver:native-243c46e3 cad2566406d2 1.06GB
yulon.local/ac-wotlk-authserver:native-243c46e3 1024b0a2fb43 336MB
<none>:<none> dcaadcf6692d 1.57GB
<none>:<none> 92252d77483e 147MB
yulon.local/ac-wotlk-client-data:native-243c46e3 ffa9094ed5ba 147MB
mysql:8.4 3466ba4a4828 1.12GB
alpine/git:<none> c0280cf95723 138MB
