=== SABOTAGE: the build's own source, so the build's OUTPUT is what fails ===
  ground: main_cpp_carries_the_marker = False
  ground: running_world_prints_the_marker = False
  ground: git_status = ''
--- the diff, as git sees it ---
diff --git a/src/server/apps/worldserver/Main.cpp b/src/server/apps/worldserver/Main.cpp
index 2f1fe1e92..7109ff7b1 100644
--- a/src/server/apps/worldserver/Main.cpp
+++ b/src/server/apps/worldserver/Main.cpp
@@ -121,6 +121,16 @@ variables_map GetConsoleArguments(int argc, char** argv, fs::path& configFile, [
 /// Launch the Azeroth server
 int main(int argc, char** argv)
 {
+    // YULON GATE 2026-09-09: a deliberately broken BUILD OUTPUT for the
+    // rollback-restore press. This compiles; the worldserver it produces
+    // exits at once, so the rebuild's readiness wait fails and
+    // `_restore_rollback()` has to put the previous build back. Reverted
+    // with `git checkout --` the moment the press is over.
+    if (argc >= 0)
+    {
+        std::cerr << "YULON-GATE-SABOTAGE: this worldserver build exits immediately (rollback-restore press, 2026-09-09)" << std::endl;
+        return 1;
+    }
     Acore::Impl::CurrentServerProcessHolder::_type = SERVER_PROCESS_WORLDSERVER;
     signal(SIGABRT, &Acore::AbortHandler);
 

  after: main_cpp_carries_the_marker = True
  after: running_world_prints_the_marker = False
  after: git_status = 'M src/server/apps/worldserver/Main.cpp'
world (untouched by this step): running id=2754d6dcd5d7 pid=170230 restarts=0 started=2026-09-08T23:07:57.748764677Z image=cad2566406d2 exit=0
