=== docker image events, from a second process ===
started 2026-09-09T02:17:02Z, --since 20s
1788920226564141136 tag yulon.local/ac-wotlk-worldserver:native-243c46e3-rollback
1788920226623844518 tag yulon.local/ac-wotlk-authserver:native-243c46e3-rollback
1788920226683291397 tag yulon.local/ac-wotlk-db-import:native-243c46e3-rollback
1788920226747071539 tag yulon.local/ac-wotlk-client-data:native-243c46e3-rollback
1788920228483733100 create sha256:cc5cdfed37f8d60a50466769fcc3bf351592f9a7781436bd3cb0cd219b10cd73
1788920228495803779 tag yulon.local/ac-wotlk-client-data:native-243c46e3
1788920229196727234 create sha256:f2f3594789fd1a0f2339595eadc12e7499aeb9cf8f6bc81f33886d0cefb09aa1
1788920229201423103 create sha256:04e184df08cacdc5522cd0285aa10b48d3d06f67916a6bcf49ba88f57c2d2e04
1788920229211162647 tag yulon.local/ac-wotlk-authserver:native-243c46e3
1788920229216225722 tag yulon.local/ac-wotlk-worldserver:native-243c46e3
1788920229754079267 create sha256:ced8d92518973d555f5ff27cfdfd458e4dee16873b565b9b8d195a3315c8f33e
1788920229770628611 tag yulon.local/ac-wotlk-db-import:native-243c46e3
1788920254303901732 tag yulon.local/ac-wotlk-worldserver:native-243c46e3-failed
1788920254383176199 tag yulon.local/ac-wotlk-authserver:native-243c46e3-failed
1788920254454921455 tag yulon.local/ac-wotlk-db-import:native-243c46e3-failed
1788920254510856578 tag yulon.local/ac-wotlk-client-data:native-243c46e3-failed
1788920254571501071 tag yulon.local/ac-wotlk-worldserver:native-243c46e3
1788920254632293765 tag yulon.local/ac-wotlk-authserver:native-243c46e3
1788920254695226291 tag yulon.local/ac-wotlk-db-import:native-243c46e3
1788920254753492949 tag yulon.local/ac-wotlk-client-data:native-243c46e3
1788920254838130995 untag yulon.local/ac-wotlk-db-import:native-243c46e3-failed
1788920254838723803 delete sha256:ced8d92518973d555f5ff27cfdfd458e4dee16873b565b9b8d195a3315c8f33e
1788920254873548516 untag yulon.local/ac-wotlk-client-data:native-243c46e3-failed
1788920254874019323 delete sha256:cc5cdfed37f8d60a50466769fcc3bf351592f9a7781436bd3cb0cd219b10cd73
1788920265801300203 untag yulon.local/ac-wotlk-worldserver:native-243c46e3-failed
1788920265801902812 delete sha256:04e184df08cacdc5522cd0285aa10b48d3d06f67916a6bcf49ba88f57c2d2e04
1788920265838543650 untag yulon.local/ac-wotlk-authserver:native-243c46e3-failed
1788920265839112458 delete sha256:f2f3594789fd1a0f2339595eadc12e7499aeb9cf8f6bc81f33886d0cefb09aa1
1788920295668017414 untag yulon.local/ac-wotlk-worldserver:native-243c46e3-rollback
1788920295695893522 untag yulon.local/ac-wotlk-authserver:native-243c46e3-rollback
1788920295723628328 untag yulon.local/ac-wotlk-db-import:native-243c46e3-rollback
1788920295751115330 untag yulon.local/ac-wotlk-client-data:native-243c46e3-rollback
