=== docker image events, from a second process ===
started 2026-09-09T02:02:25Z, --since 30s
1788919357417537211 tag yulon.local/ac-wotlk-worldserver:native-243c46e3-rollback
1788919357474601448 tag yulon.local/ac-wotlk-authserver:native-243c46e3-rollback
1788919357535134031 tag yulon.local/ac-wotlk-db-import:native-243c46e3-rollback
1788919357591397858 tag yulon.local/ac-wotlk-client-data:native-243c46e3-rollback
1788919359770076412 create sha256:62833bd29277d724cc17699c3ede8451ac6865bc58916f3a2c37b255a67b389a
1788919359782862477 tag yulon.local/ac-wotlk-client-data:native-243c46e3
1788919419850792990 create sha256:09d66f0211c5777e6c0016b32cd37b2d85f948ab6e38af47a92b4819bc166f3d
1788919419851515404 create sha256:7d9b7c745a82702f3f07fd49b728800a0c3a4df232e8c4258505810bc6b79bd1
1788919419867954220 tag yulon.local/ac-wotlk-authserver:native-243c46e3
1788919419870725773 tag yulon.local/ac-wotlk-db-import:native-243c46e3
1788919429829066745 create sha256:7c1ecf94b44e782ce8fb2418a75e0b267e0efc481069756574bb0bf776d0b3a4
1788919429844557441 tag yulon.local/ac-wotlk-worldserver:native-243c46e3
1788919456021761303 tag yulon.local/ac-wotlk-worldserver:native-243c46e3-failed
1788919456077935061 tag yulon.local/ac-wotlk-authserver:native-243c46e3-failed
1788919456136818771 tag yulon.local/ac-wotlk-db-import:native-243c46e3-failed
1788919456191284997 tag yulon.local/ac-wotlk-client-data:native-243c46e3-failed
1788919456252100743 tag yulon.local/ac-wotlk-worldserver:native-243c46e3
1788919456312178575 tag yulon.local/ac-wotlk-authserver:native-243c46e3
1788919456373228426 tag yulon.local/ac-wotlk-db-import:native-243c46e3
1788919456431651527 tag yulon.local/ac-wotlk-client-data:native-243c46e3
1788919456509547894 untag yulon.local/ac-wotlk-db-import:native-243c46e3-failed
1788919456510207807 delete sha256:09d66f0211c5777e6c0016b32cd37b2d85f948ab6e38af47a92b4819bc166f3d
1788919456544039144 untag yulon.local/ac-wotlk-client-data:native-243c46e3-failed
1788919456544565254 delete sha256:62833bd29277d724cc17699c3ede8451ac6865bc58916f3a2c37b255a67b389a
1788919504965991859 untag yulon.local/ac-wotlk-worldserver:native-243c46e3-rollback
1788919504994788588 untag yulon.local/ac-wotlk-authserver:native-243c46e3-rollback
1788919505021077471 untag yulon.local/ac-wotlk-db-import:native-243c46e3-rollback
1788919505052208643 untag yulon.local/ac-wotlk-client-data:native-243c46e3-rollback
