=== THE PRESS: rebuild_for_app(entry, server_dir)(cancel), on a build that cannot come up ===
ground (from /home/pk/restore-gate-out/ground.json, read 2026-09-09T02:16:52Z):
  yulon.local/ac-wotlk-authserver:native-243c46e3  1024b0a2fb43
  yulon.local/ac-wotlk-client-data:native-243c46e3  ffa9094ed5ba
  yulon.local/ac-wotlk-db-import:native-243c46e3  a55f34201a7a
  yulon.local/ac-wotlk-worldserver:native-243c46e3  cad2566406d2
  world: running id=a91156260035 pid=265379 restarts=0 started=2026-09-09T02:04:26.371637836Z image=cad2566406d2 exit=0
now:   world = running id=a91156260035 pid=265379 restarts=0 started=2026-09-09T02:04:26.371637836Z image=cad2566406d2 exit=0
now:   install image ids = {
  "yulon.local/ac-wotlk-authserver:native-243c46e3": "1024b0a2fb43",
  "yulon.local/ac-wotlk-client-data:native-243c46e3": "ffa9094ed5ba",
  "yulon.local/ac-wotlk-db-import:native-243c46e3": "a55f34201a7a",
  "yulon.local/ac-wotlk-worldserver:native-243c46e3": "cad2566406d2"
}
now:   -rollback tags = []
now:   -failed   tags = ['yulon.local/ac-wotlk-authserver:native-243c46e3-failed 7d9b7c745a82 336MB', 'yulon.local/ac-wotlk-worldserver:native-243c46e3-failed 7c1ecf94b44e 504MB']
now:   Main.cpp carries the marker = True
--- the press ---
[02:17:06Z] Rebuilding WoW WotLK in /home/pk/wowserver
[02:17:06Z] You can stop this at any time; stopping before the containers are replaced leaves the server you have now exactly as it is. This does three things and nothing else: it compiles the server again from the source and modules in the folder below, it replaces the running containers so the new build is what starts, and it waits for the server to come back up. It does not fetch anything, does not rewrite your settings, and does not touch your database — your characters, accounts and the module SQL already applied are not read or written by this. The server is DOWN from the moment the containers are replaced until it reports ready.
2026-09-09 04:17:06 INFO [yulon.docker] tagged yulon.local/ac-wotlk-worldserver:native-243c46e3 as yulon.local/ac-wotlk-worldserver:native-243c46e3-rollback
2026-09-09 04:17:06 INFO [yulon.docker] tagged yulon.local/ac-wotlk-authserver:native-243c46e3 as yulon.local/ac-wotlk-authserver:native-243c46e3-rollback
2026-09-09 04:17:06 INFO [yulon.docker] tagged yulon.local/ac-wotlk-db-import:native-243c46e3 as yulon.local/ac-wotlk-db-import:native-243c46e3-rollback
2026-09-09 04:17:06 INFO [yulon.docker] tagged yulon.local/ac-wotlk-client-data:native-243c46e3 as yulon.local/ac-wotlk-client-data:native-243c46e3-rollback
[02:17:06Z] Kept the build you have now as a rollback (4 images tagged -rollback). If the new build does not come up it is put back automatically.
2026-09-09 04:17:06 INFO [yulon.platform] holding this machine awake for the build: systemd-inhibit --what=idle:sleep --who=Yu'lon --why=installing a server sleep infinity
[02:17:06Z] Step 1 of 3 (33%): build
[02:17:06Z] --- build
[02:17:06Z] Stopping now leaves Docker finishing the build step it is already on, in the background. That is deliberate: the work it has done is kept, and starting this install again picks up from there instead of compiling it all a second time.
[02:17:06Z] This server is already built; a rebuild was asked for, so the compile runs anyway. That is the whole point of the button — a module added after the last build is only in the worldserver once it has been compiled in.
[02:17:06Z] Building the server. The output below is live. This is the same compile an install does, and it takes as long.
2026-09-09 04:17:06 INFO [yulon.docker] build_staged(): `docker compose -f docker-compose.yml -f docker-compose.override.yml -f docker-compose.build.yml build --progress plain` in /home/pk/wowserver
[02:17:06Z] --progress is a global compose flag, better use `docker compose --progress xx build ...
[02:17:07Z] #1 [internal] load local bake definitions
[02:17:07Z] #1 reading from stdin 2.17kB done
[02:17:07Z] #1 DONE 0.0s
[02:17:07Z] 
[02:17:07Z] #2 [ac-db-import internal] load build definition from Dockerfile
[02:17:07Z] #2 transferring dockerfile: 9.07kB done
[02:17:07Z] #2 DONE 0.0s
[02:17:07Z] 
[02:17:07Z] #3 [ac-worldserver internal] load metadata for docker.io/library/ubuntu:24.04
[02:17:08Z] #3 DONE 1.0s
[02:17:08Z] 
[02:17:08Z] #4 [ac-client-data-init internal] load .dockerignore
[02:17:08Z] #4 transferring context: 261B done
[02:17:08Z] #4 DONE 0.0s
[02:17:08Z] 
[02:17:08Z] #5 [ac-client-data-init internal] load build context
[02:17:08Z] #5 transferring context: 6.69kB 0.0s done
[02:17:08Z] #5 DONE 0.0s
[02:17:08Z] 
[02:17:08Z] #6 [ac-client-data-init skeleton 1/4] FROM docker.io/library/ubuntu:24.04@sha256:33ceb71981b602c1a7443a53469e4dba065f7503eab3078a2d7a57a2ab987517
[02:17:08Z] #6 resolve docker.io/library/ubuntu:24.04@sha256:33ceb71981b602c1a7443a53469e4dba065f7503eab3078a2d7a57a2ab987517 0.0s done
[02:17:08Z] #6 DONE 0.1s
[02:17:08Z] 
[02:17:08Z] #7 [ac-client-data-init client-data 2/3] RUN userdel --remove ubuntu   && addgroup --gid "1000" "acore"   && adduser --disabled-password --gecos '' --uid "1000" --gid "1000" "acore"   && passwd -d "acore"   && chown -R "acore:acore" /azerothcore
[02:17:08Z] #7 CACHED
[02:17:08Z] 
[02:17:08Z] #8 [ac-client-data-init skeleton 2/4] RUN mkdir -pv         /azerothcore/bin                           /azerothcore/data                          /azerothcore/deps                          /azerothcore/env/dist/bin                  /azerothcore/env/dist/data/Cameras         /azerothcore/env/dist/data/dbc             /azerothcore/env/dist/data/maps            /azerothcore/env/dist/data/mmaps           /azerothcore/env/dist/data/vmaps           /azerothcore/env/dist/logs                 /azerothcore/env/dist/temp                 /azerothcore/env/dist/etc                  /azerothcore/modules                       /azerothcore/src                           /azerothcore/build
[02:17:08Z] #8 CACHED
[02:17:08Z] 
[02:17:08Z] #9 [ac-client-data-init skeleton 3/4] RUN apt-get update                                                           && apt-get install -y --no-install-recommends tzdata ca-certificates     && ln -snf "/usr/share/zoneinfo/Etc/UTC" /etc/localtime                      && echo "Etc/UTC" > /etc/timezone                                              && dpkg-reconfigure --frontend noninteractive tzdata                     && rm -rf /var/lib/apt/lists/*
[02:17:08Z] #9 CACHED
[02:17:08Z] 
[02:17:08Z] #10 [ac-client-data-init skeleton 4/4] WORKDIR /azerothcore
[02:17:08Z] #10 CACHED
[02:17:08Z] 
[02:17:08Z] #11 [ac-client-data-init client-data 1/3] RUN apt-get update &&     apt-get install -y curl unzip adduser &&     rm -rf /var/lib/apt/lists/*
[02:17:08Z] #11 CACHED
[02:17:08Z] 
[02:17:08Z] #12 [ac-client-data-init client-data 3/3] COPY --chown=acore:acore apps apps
[02:17:08Z] #12 CACHED
[02:17:08Z] 
[02:17:08Z] #13 [ac-client-data-init] exporting to image
[02:17:08Z] #13 exporting layers done
[02:17:08Z] #13 exporting manifest sha256:0a7d1346df0c1a6a7e487784e5d8370a08c8f6fa9adeda9674ee86b92e40b97e done
[02:17:08Z] #13 exporting config sha256:ef8ff95179a4cddb398c9b1fd0f2ee1a3f67b3a22d9901d59e654a01c6172daf done
[02:17:08Z] #13 exporting attestation manifest sha256:db2f744b7bbda1d449cfbf2260f7027e8b506e3b8bb2ab527a1df6e643036b6a 0.1s done
[02:17:08Z] #13 exporting manifest list sha256:cc5cdfed37f8d60a50466769fcc3bf351592f9a7781436bd3cb0cd219b10cd73 0.0s done
[02:17:08Z] #13 naming to yulon.local/ac-wotlk-client-data:native-243c46e3
[02:17:08Z] #13 naming to yulon.local/ac-wotlk-client-data:native-243c46e3 done
[02:17:08Z] #13 unpacking to yulon.local/ac-wotlk-client-data:native-243c46e3 0.0s done
[02:17:08Z] #13 DONE 0.2s
[02:17:08Z] 
[02:17:08Z] #14 [ac-worldserver internal] load build context
[02:17:08Z] #14 ...
[02:17:08Z] 
[02:17:08Z] #15 [ac-client-data-init] resolving provenance for metadata file
[02:17:08Z] #15 DONE 0.0s
[02:17:08Z] 
[02:17:08Z] #14 [ac-worldserver internal] load build context
[02:17:08Z] #14 transferring context: 332.45kB 0.4s done
[02:17:08Z] #14 DONE 0.5s
[02:17:08Z] 
[02:17:08Z] #16 [ac-worldserver worldserver 1/1] COPY --chown=acore:acore      --from=build      /azerothcore/env/dist/bin/worldserver /azerothcore/env/dist/bin/worldserver
[02:17:08Z] #16 CACHED
[02:17:08Z] 
[02:17:08Z] #17 [ac-worldserver build 2/8] COPY CMakeLists.txt /azerothcore/CMakeLists.txt
[02:17:08Z] #17 CACHED
[02:17:08Z] 
[02:17:08Z] #9 [ac-worldserver skeleton 3/4] RUN apt-get update                                                           && apt-get install -y --no-install-recommends tzdata ca-certificates     && ln -snf "/usr/share/zoneinfo/Etc/UTC" /etc/localtime                      && echo "Etc/UTC" > /etc/timezone                                              && dpkg-reconfigure --frontend noninteractive tzdata                     && rm -rf /var/lib/apt/lists/*
[02:17:08Z] #9 CACHED
[02:17:08Z] 
[02:17:08Z] #10 [ac-worldserver skeleton 4/4] WORKDIR /azerothcore
[02:17:08Z] #10 CACHED
[02:17:08Z] 
[02:17:08Z] #18 [ac-worldserver build 6/8] COPY modules /azerothcore/modules
[02:17:08Z] #18 CACHED
[02:17:08Z] 
[02:17:08Z] #19 [ac-worldserver build 8/8] RUN --mount=type=cache,target=/ccache,sharing=locked     --mount=type=bind,target=/azerothcore/.git,source=.git     git config --global --add safe.directory /azerothcore     && cmake /azerothcore        -G Ninja        -DCMAKE_INSTALL_PREFIX="/azerothcore/env/dist"         -DAPPS_BUILD="all"                                     -DTOOLS_BUILD="all"                          -DSCRIPTS="static"                                  -DMODULES="static"                                  -DWITH_WARNINGS="ON"                      -DCMAKE_BUILD_TYPE="RelWithDebInfo"                            -DCMAKE_CXX_COMPILER="clang++"                         -DCMAKE_C_COMPILER="clang"                             -DCMAKE_CXX_COMPILER_LAUNCHER="ccache"                 -DCMAKE_C_COMPILER_LAUNCHER="ccache"                   -DBoost_USE_STATIC_LIBS="ON"                        && cmake --build . --config "RelWithDebInfo" -j $(($(nproc) + 1))     && cmake --install . --config "RelWithDebInfo"
[02:17:08Z] #19 CACHED
[02:17:08Z] 
[02:17:08Z] #20 [ac-worldserver build 5/8] COPY src /azerothcore/src
[02:17:08Z] #20 CACHED
[02:17:08Z] 
[02:17:08Z] #8 [ac-worldserver skeleton 2/4] RUN mkdir -pv         /azerothcore/bin                           /azerothcore/data                          /azerothcore/deps                          /azerothcore/env/dist/bin                  /azerothcore/env/dist/data/Cameras         /azerothcore/env/dist/data/dbc             /azerothcore/env/dist/data/maps            /azerothcore/env/dist/data/mmaps           /azerothcore/env/dist/data/vmaps           /azerothcore/env/dist/logs                 /azerothcore/env/dist/temp                 /azerothcore/env/dist/etc                  /azerothcore/modules                       /azerothcore/src                           /azerothcore/build
[02:17:08Z] #8 CACHED
[02:17:08Z] 
[02:17:08Z] #21 [ac-worldserver runtime 1/4] RUN apt-get update     && apt-get install -y --no-install-recommends       libmysqlclient21 libreadline8 libicu74 libncurses5-dev       gettext-base default-mysql-client       adduser     && rm -rf /var/lib/apt/lists/*
[02:17:08Z] #21 CACHED
[02:17:08Z] 
[02:17:08Z] #22 [ac-worldserver build 1/8] RUN apt-get update                                                         && apt-get install -y --no-install-recommends                                 build-essential ccache libtool cmake-data ninja-build cmake clang            git lsb-base curl unzip default-mysql-client openssl                          default-libmysqlclient-dev libboost-all-dev libssl-dev libmysql++-dev         libreadline-dev zlib1g-dev libbz2-dev libncurses5-dev liblzma-dev      && rm -rf /var/lib/apt/lists/*
[02:17:08Z] #22 CACHED
[02:17:08Z] 
[02:17:08Z] #23 [ac-worldserver build 7/8] WORKDIR /azerothcore/build
[02:17:08Z] #23 CACHED
[02:17:08Z] 
[02:17:08Z] #24 [ac-worldserver build 3/8] COPY conf /azerothcore/conf
[02:17:08Z] #24 CACHED
[02:17:08Z] 
[02:17:08Z] #25 [ac-worldserver runtime 2/4] COPY --from=build /azerothcore/env/dist/etc/ /azerothcore/env/ref/etc
[02:17:08Z] #25 CACHED
[02:17:08Z] 
[02:17:08Z] #26 [ac-worldserver runtime 3/4] RUN userdel --remove ubuntu   && addgroup --gid "1000" "acore"   && adduser --disabled-password --gecos '' --uid "1000" --gid "1000" "acore"   && passwd -d "acore"   && chown -R "acore:acore" /azerothcore
[02:17:08Z] #26 CACHED
[02:17:08Z] 
[02:17:08Z] #27 [ac-worldserver runtime 4/4] COPY --chown=1000:1000      --chmod=755      apps/docker/entrypoint.sh /azerothcore/entrypoint.sh
[02:17:08Z] #27 CACHED
[02:17:08Z] 
[02:17:08Z] #28 [ac-worldserver build 4/8] COPY deps /azerothcore/deps
[02:17:08Z] #28 CACHED
[02:17:08Z] 
[02:17:08Z] #29 [ac-authserver authserver 1/1] COPY --chown=acore:acore      --from=build      /azerothcore/env/dist/bin/authserver /azerothcore/env/dist/bin/authserver
[02:17:08Z] #29 CACHED
[02:17:08Z] 
[02:17:08Z] #30 [ac-worldserver] exporting to image
[02:17:08Z] #30 exporting layers done
[02:17:08Z] #30 exporting manifest sha256:8ff18a653dbd1853b452b9752a4a0ac8960a0f31f1cdb152f461b36e6f1b40ba done
[02:17:08Z] #30 exporting config sha256:4764edf9c30c81130fcffad021383ffeabdaf8cf4f7b926cfe7a53b68bb7cc67 done
[02:17:08Z] #30 exporting attestation manifest sha256:2972ff74b3b0683953f3a8692666950e89cd42ae8d53bec9a94693772f533a3b
[02:17:09Z] #30 exporting attestation manifest sha256:2972ff74b3b0683953f3a8692666950e89cd42ae8d53bec9a94693772f533a3b 0.1s done
[02:17:09Z] #30 exporting manifest list sha256:04e184df08cacdc5522cd0285aa10b48d3d06f67916a6bcf49ba88f57c2d2e04
[02:17:09Z] #30 ...
[02:17:09Z] 
[02:17:09Z] #31 [ac-db-import internal] load build context
[02:17:09Z] #31 transferring context: 814.95kB 0.8s done
[02:17:09Z] #31 DONE 0.8s
[02:17:09Z] 
[02:17:09Z] #32 [ac-db-import build 8/8] RUN --mount=type=cache,target=/ccache,sharing=locked     --mount=type=bind,target=/azerothcore/.git,source=.git     git config --global --add safe.directory /azerothcore     && cmake /azerothcore        -G Ninja        -DCMAKE_INSTALL_PREFIX="/azerothcore/env/dist"         -DAPPS_BUILD="all"                                     -DTOOLS_BUILD="all"                          -DSCRIPTS="static"                                  -DMODULES="static"                                  -DWITH_WARNINGS="ON"                      -DCMAKE_BUILD_TYPE="RelWithDebInfo"                            -DCMAKE_CXX_COMPILER="clang++"                         -DCMAKE_C_COMPILER="clang"                             -DCMAKE_CXX_COMPILER_LAUNCHER="ccache"                 -DCMAKE_C_COMPILER_LAUNCHER="ccache"                   -DBoost_USE_STATIC_LIBS="ON"                        && cmake --build . --config "RelWithDebInfo" -j $(($(nproc) + 1))     && cmake --install . --config "RelWithDebInfo"
[02:17:09Z] #32 CACHED
[02:17:09Z] 
[02:17:09Z] #33 [ac-db-import db-import 2/3] COPY --chown=acore:acore     modules modules
[02:17:09Z] #33 CACHED
[02:17:09Z] 
[02:17:09Z] #21 [ac-db-import runtime 1/4] RUN apt-get update     && apt-get install -y --no-install-recommends       libmysqlclient21 libreadline8 libicu74 libncurses5-dev       gettext-base default-mysql-client       adduser     && rm -rf /var/lib/apt/lists/*
[02:17:09Z] #21 CACHED
[02:17:09Z] 
[02:17:09Z] #34 [ac-db-import runtime 2/4] COPY --from=build /azerothcore/env/dist/etc/ /azerothcore/env/ref/etc
[02:17:09Z] #34 CACHED
[02:17:09Z] 
[02:17:09Z] #35 [ac-db-import db-import 1/3] COPY --chown=acore:acore     data data
[02:17:09Z] #35 CACHED
[02:17:09Z] 
[02:17:09Z] #36 [ac-db-import build 5/8] COPY src /azerothcore/src
[02:17:09Z] #36 CACHED
[02:17:09Z] 
[02:17:09Z] #22 [ac-db-import build 1/8] RUN apt-get update                                                         && apt-get install -y --no-install-recommends                                 build-essential ccache libtool cmake-data ninja-build cmake clang            git lsb-base curl unzip default-mysql-client openssl                          default-libmysqlclient-dev libboost-all-dev libssl-dev libmysql++-dev         libreadline-dev zlib1g-dev libbz2-dev libncurses5-dev liblzma-dev      && rm -rf /var/lib/apt/lists/*
[02:17:09Z] #22 CACHED
[02:17:09Z] 
[02:17:09Z] #37 [ac-db-import build 3/8] COPY conf /azerothcore/conf
[02:17:09Z] #37 CACHED
[02:17:09Z] 
[02:17:09Z] #38 [ac-db-import build 6/8] COPY modules /azerothcore/modules
[02:17:09Z] #38 CACHED
[02:17:09Z] 
[02:17:09Z] #39 [ac-db-import runtime 3/4] RUN userdel --remove ubuntu   && addgroup --gid "1000" "acore"   && adduser --disabled-password --gecos '' --uid "1000" --gid "1000" "acore"   && passwd -d "acore"   && chown -R "acore:acore" /azerothcore
[02:17:09Z] #39 CACHED
[02:17:09Z] 
[02:17:09Z] #40 [ac-db-import runtime 4/4] COPY --chown=1000:1000      --chmod=755      apps/docker/entrypoint.sh /azerothcore/entrypoint.sh
[02:17:09Z] #40 CACHED
[02:17:09Z] 
[02:17:09Z] #41 [ac-db-import build 7/8] WORKDIR /azerothcore/build
[02:17:09Z] #41 CACHED
[02:17:09Z] 
[02:17:09Z] #8 [ac-db-import skeleton 2/4] RUN mkdir -pv         /azerothcore/bin                           /azerothcore/data                          /azerothcore/deps                          /azerothcore/env/dist/bin                  /azerothcore/env/dist/data/Cameras         /azerothcore/env/dist/data/dbc             /azerothcore/env/dist/data/maps            /azerothcore/env/dist/data/mmaps           /azerothcore/env/dist/data/vmaps           /azerothcore/env/dist/logs                 /azerothcore/env/dist/temp                 /azerothcore/env/dist/etc                  /azerothcore/modules                       /azerothcore/src                           /azerothcore/build
[02:17:09Z] #8 CACHED
[02:17:09Z] 
[02:17:09Z] #9 [ac-db-import skeleton 3/4] RUN apt-get update                                                           && apt-get install -y --no-install-recommends tzdata ca-certificates     && ln -snf "/usr/share/zoneinfo/Etc/UTC" /etc/localtime                      && echo "Etc/UTC" > /etc/timezone                                              && dpkg-reconfigure --frontend noninteractive tzdata                     && rm -rf /var/lib/apt/lists/*
[02:17:09Z] #9 CACHED
[02:17:09Z] 
[02:17:09Z] #42 [ac-db-import build 4/8] COPY deps /azerothcore/deps
[02:17:09Z] #42 CACHED
[02:17:09Z] 
[02:17:09Z] #10 [ac-db-import skeleton 4/4] WORKDIR /azerothcore
[02:17:09Z] #10 CACHED
[02:17:09Z] 
[02:17:09Z] #43 [ac-db-import build 2/8] COPY CMakeLists.txt /azerothcore/CMakeLists.txt
[02:17:09Z] #43 CACHED
[02:17:09Z] 
[02:17:09Z] #44 [ac-db-import db-import 3/3] COPY --chown=acore:acore     --from=build      /azerothcore/env/dist/bin/dbimport /azerothcore/env/dist/bin/dbimport
[02:17:09Z] #44 CACHED
[02:17:09Z] 
[02:17:09Z] #30 [ac-worldserver] exporting to image
[02:17:09Z] #30 exporting manifest list sha256:04e184df08cacdc5522cd0285aa10b48d3d06f67916a6bcf49ba88f57c2d2e04 0.1s done
[02:17:09Z] #30 naming to yulon.local/ac-wotlk-worldserver:native-243c46e3 0.0s done
[02:17:09Z] #30 unpacking to yulon.local/ac-wotlk-worldserver:native-243c46e3 0.0s done
[02:17:09Z] #30 DONE 0.4s
[02:17:09Z] 
[02:17:09Z] #45 [ac-authserver] exporting to image
[02:17:09Z] #45 exporting layers done
[02:17:09Z] #45 exporting manifest sha256:2ac5e03d1ed0e915591a6ea144df72e764487c33f872b2585531f4643ce3da86 done
[02:17:09Z] #45 exporting config sha256:e098d6da9e962ec3b17f27eef6967dd084f76e093cfbd20343a1df93971da499 done
[02:17:09Z] #45 exporting attestation manifest sha256:874ca831a4cf49dfe3aa584871afaf39dc425794191a030f7ee0842aa0357e7c 0.1s done
[02:17:09Z] #45 exporting manifest list sha256:f2f3594789fd1a0f2339595eadc12e7499aeb9cf8f6bc81f33886d0cefb09aa1 0.1s done
[02:17:09Z] #45 naming to yulon.local/ac-wotlk-authserver:native-243c46e3 0.1s done
[02:17:09Z] #45 unpacking to yulon.local/ac-wotlk-authserver:native-243c46e3 0.0s done
[02:17:09Z] #45 DONE 0.4s
[02:17:09Z] 
[02:17:09Z] #46 [ac-db-import] exporting to image
[02:17:09Z] #46 exporting layers done
[02:17:09Z] #46 exporting manifest sha256:8472635dbedc480f0da287d1b3739d78e4c41c272ee679780d13849f13962776 0.0s done
[02:17:09Z] #46 exporting config sha256:700ccff354ef30eb84bc81d6612f8c39bea50b05ea901f38c63d99734b36cbee 0.0s done
[02:17:09Z] #46 exporting attestation manifest sha256:9b32a5b363faab281a40f62180101c54b61a6514b6b4c69e960492e86e72e2e6
[02:17:09Z] #46 exporting attestation manifest sha256:9b32a5b363faab281a40f62180101c54b61a6514b6b4c69e960492e86e72e2e6 0.2s done
[02:17:09Z] #46 exporting manifest list sha256:ced8d92518973d555f5ff27cfdfd458e4dee16873b565b9b8d195a3315c8f33e
[02:17:09Z] #46 exporting manifest list sha256:ced8d92518973d555f5ff27cfdfd458e4dee16873b565b9b8d195a3315c8f33e 0.1s done
[02:17:09Z] #46 naming to yulon.local/ac-wotlk-db-import:native-243c46e3 0.0s done
[02:17:09Z] #46 unpacking to yulon.local/ac-wotlk-db-import:native-243c46e3 0.0s done
[02:17:09Z] #46 DONE 0.6s
[02:17:09Z] 
[02:17:09Z] #47 [ac-authserver] resolving provenance for metadata file
[02:17:10Z] #47 DONE 0.2s
[02:17:10Z] 
[02:17:10Z] #48 [ac-worldserver] resolving provenance for metadata file
[02:17:10Z] #48 DONE 0.1s
[02:17:10Z] 
[02:17:10Z] #49 [ac-db-import] resolving provenance for metadata file
[02:17:10Z] #49 DONE 0.0s
[02:17:10Z]  yulon.local/ac-wotlk-authserver:native-243c46e3  Built
[02:17:10Z]  yulon.local/ac-wotlk-client-data:native-243c46e3  Built
[02:17:10Z]  yulon.local/ac-wotlk-db-import:native-243c46e3  Built
[02:17:10Z]  yulon.local/ac-wotlk-worldserver:native-243c46e3  Built
[02:17:10Z] The build finished.
[02:17:10Z] Step 2 of 3 (66%): recreate
[02:17:10Z] --- recreate
[02:17:10Z] Replacing the running containers so the new build is what starts.
2026-09-09 04:17:10 INFO [yulon.docker] start_staged(): `compose up -d --force-recreate --no-deps ac-database ac-authserver ac-worldserver` in /home/pk/wowserver
[02:17:29Z] The containers were replaced.
[02:17:29Z] Step 3 of 3 (100%): ready
[02:17:29Z] --- ready
[02:17:29Z] Waiting for the database.
[02:17:29Z] Waiting for the world server. A first boot loads the whole world and can take many minutes; this waits as long as the server keeps printing, and calls it stuck after 30 minutes with nothing new.
2026-09-09 04:17:34 WARNING [yulon.docker] ac-worldserver restarted 4 times while being waited on; that is a crash loop, not a slow start
[02:17:34Z] Putting the build from before this rebuild back.
2026-09-09 04:17:34 INFO [yulon.docker] tagged yulon.local/ac-wotlk-worldserver:native-243c46e3 as yulon.local/ac-wotlk-worldserver:native-243c46e3-failed
2026-09-09 04:17:34 INFO [yulon.docker] tagged yulon.local/ac-wotlk-authserver:native-243c46e3 as yulon.local/ac-wotlk-authserver:native-243c46e3-failed
2026-09-09 04:17:34 INFO [yulon.docker] tagged yulon.local/ac-wotlk-db-import:native-243c46e3 as yulon.local/ac-wotlk-db-import:native-243c46e3-failed
2026-09-09 04:17:34 INFO [yulon.docker] tagged yulon.local/ac-wotlk-client-data:native-243c46e3 as yulon.local/ac-wotlk-client-data:native-243c46e3-failed
2026-09-09 04:17:34 INFO [yulon.docker] tagged yulon.local/ac-wotlk-worldserver:native-243c46e3-rollback as yulon.local/ac-wotlk-worldserver:native-243c46e3
2026-09-09 04:17:34 INFO [yulon.docker] tagged yulon.local/ac-wotlk-authserver:native-243c46e3-rollback as yulon.local/ac-wotlk-authserver:native-243c46e3
2026-09-09 04:17:34 INFO [yulon.docker] tagged yulon.local/ac-wotlk-db-import:native-243c46e3-rollback as yulon.local/ac-wotlk-db-import:native-243c46e3
2026-09-09 04:17:34 INFO [yulon.docker] tagged yulon.local/ac-wotlk-client-data:native-243c46e3-rollback as yulon.local/ac-wotlk-client-data:native-243c46e3
2026-09-09 04:17:34 WARNING [yulon.docker] could not remove image yulon.local/ac-wotlk-worldserver:native-243c46e3-failed: Error response from daemon: conflict: unable to delete yulon.local/ac-wotlk-worldserver:native-243c46e3-failed (must be forced) - container 5a8bbfe60c57 is using its referenced image 04e184df08ca
2026-09-09 04:17:34 WARNING [yulon.docker] could not remove image yulon.local/ac-wotlk-authserver:native-243c46e3-failed: Error response from daemon: conflict: unable to delete yulon.local/ac-wotlk-authserver:native-243c46e3-failed (must be forced) - container 885b95005fe4 is using its referenced image f2f3594789fd
2026-09-09 04:17:34 INFO [yulon.docker] removed image yulon.local/ac-wotlk-db-import:native-243c46e3-failed
2026-09-09 04:17:34 INFO [yulon.docker] removed image yulon.local/ac-wotlk-client-data:native-243c46e3-failed
[02:17:34Z] Replacing the running containers so the new build is what starts.
2026-09-09 04:17:34 INFO [yulon.docker] start_staged(): `compose up -d --force-recreate --no-deps ac-database ac-authserver ac-worldserver` in /home/pk/wowserver
[02:17:45Z] The containers were replaced.
2026-09-09 04:17:45 INFO [yulon.docker] removed image yulon.local/ac-wotlk-worldserver:native-243c46e3-failed
2026-09-09 04:17:45 INFO [yulon.docker] removed image yulon.local/ac-wotlk-authserver:native-243c46e3-failed
[02:17:45Z] Waiting for the world server. A first boot loads the whole world and can take many minutes; this waits as long as the server keeps printing, and calls it stuck after 30 minutes with nothing new.
[02:18:15Z] The server is up.
2026-09-09 04:18:15 INFO [yulon.docker] removed image yulon.local/ac-wotlk-worldserver:native-243c46e3-rollback
2026-09-09 04:18:15 INFO [yulon.docker] removed image yulon.local/ac-wotlk-authserver:native-243c46e3-rollback
2026-09-09 04:18:15 INFO [yulon.docker] removed image yulon.local/ac-wotlk-db-import:native-243c46e3-rollback
2026-09-09 04:18:15 INFO [yulon.docker] removed image yulon.local/ac-wotlk-client-data:native-243c46e3-rollback
[02:18:15Z] PRESS raised InstallerError after 69.5s
--- the sentence the user reads, verbatim ---
The server started but never reported ready: ac-worldserver restarted 5 times while this waited, which is a crash loop and not a slow start. `docker compose logs ac-worldserver` in /home/pk/wowserver has what it printed before each one. The build from before this rebuild was put back and is running again. Before it was replaced, ac-worldserver had printed:
cp: warning: behavior of -n is non-portable and may change in future; use --update=none instead
cp: warning: behavior of -n is non-portable and may change in future; use --update=none instead
Starting worldserver...
YULON-GATE-SABOTAGE: this worldserver build exits immediately (rollback-restore press, 2026-09-09)
What the new build wrote into the database on its first start, if anything, is NOT put back by this -- the lines above say whether its updater ran -- so the old build is running on the database as the new one left it.
--- end of the sentence ---
after: world = running id=cd68db8cd6b7 pid=278886 restarts=0 started=2026-09-09T02:17:45.442756934Z image=cad2566406d2 exit=0
after: auth  = running id=fe398d5be6da pid=278888 restarts=0 started=2026-09-09T02:17:45.43906938Z image=1024b0a2fb43 exit=0
after: install image ids = {
  "yulon.local/ac-wotlk-authserver:native-243c46e3": "1024b0a2fb43",
  "yulon.local/ac-wotlk-client-data:native-243c46e3": "ffa9094ed5ba",
  "yulon.local/ac-wotlk-db-import:native-243c46e3": "a55f34201a7a",
  "yulon.local/ac-wotlk-worldserver:native-243c46e3": "cad2566406d2"
}
after: -rollback tags (must be none) = []
after: -failed   tags (must be none) = []
--- last_error recorded in the install's own state file ---
'The server started but never reported ready: ac-worldserver restarted 5 times while this waited, which is a crash loop and not a slow start. `docker compose logs ac-worldserver` in /home/pk/wowserver has what it printed before each one. The build from before this rebuild was put back and is running again. Before it was replaced, ac-worldserver had printed:\ncp: warning: behavior of -n is non-portable and may change in future; use --update=none instead\ncp: warning: behavior of -n is non-portable and may change in future; use --update=none instead\nStarting worldserver...\nYULON-GATE-SABOTAGE: this worldserver build exits immediately (rollback-restore press, 2026-09-09)\nWhat the new build wrote into the database on its first start, if anything, is NOT put back by this -- the lines above say whether its updater ran -- so the old build is running on the database as the new one left it.'
PRESS OUTCOME: raised InstallerError
