=== tag watch started 2026-09-09T02:02:26Z ===
GROUND, before the press has done anything:
  alpine/git:<none> c0280cf95723
  mysql:8.4 3466ba4a4828
  yulon.local/ac-wotlk-authserver:native-243c46e3 1024b0a2fb43
  yulon.local/ac-wotlk-client-data:native-243c46e3 ffa9094ed5ba
  yulon.local/ac-wotlk-db-import:native-243c46e3 a55f34201a7a
  yulon.local/ac-wotlk-worldserver:native-243c46e3 cad2566406d2
  world: running id=2754d6dcd5d7 pid=170230 restarts=0 image=cad2566406d2
--- 2026-09-09T02:02:26Z ---
  suffixed count: 0
  world: running id=2754d6dcd5d7 pid=170230 restarts=0 image=cad2566406d2
--- 2026-09-09T02:02:29Z ---
  suffixed count: 0
  world: running id=2754d6dcd5d7 pid=170230 restarts=0 image=cad2566406d2
--- 2026-09-09T02:02:33Z ---
  suffixed count: 0
  world: running id=2754d6dcd5d7 pid=170230 restarts=0 image=cad2566406d2
--- 2026-09-09T02:02:36Z ---
  suffixed count: 0
  world: running id=2754d6dcd5d7 pid=170230 restarts=0 image=cad2566406d2
--- 2026-09-09T02:02:39Z ---
  SUFFIXED yulon.local/ac-wotlk-authserver:native-243c46e3-rollback 1024b0a2fb43
  SUFFIXED yulon.local/ac-wotlk-client-data:native-243c46e3-rollback ffa9094ed5ba
  SUFFIXED yulon.local/ac-wotlk-db-import:native-243c46e3-rollback a55f34201a7a
  SUFFIXED yulon.local/ac-wotlk-worldserver:native-243c46e3-rollback cad2566406d2
  suffixed count: 4
  world: running id=2754d6dcd5d7 pid=170230 restarts=0 image=cad2566406d2
--- 2026-09-09T02:02:43Z ---
  SUFFIXED yulon.local/ac-wotlk-authserver:native-243c46e3-rollback 1024b0a2fb43
  SUFFIXED yulon.local/ac-wotlk-client-data:native-243c46e3-rollback ffa9094ed5ba
  SUFFIXED yulon.local/ac-wotlk-db-import:native-243c46e3-rollback a55f34201a7a
  SUFFIXED yulon.local/ac-wotlk-worldserver:native-243c46e3-rollback cad2566406d2
  suffixed count: 4
  world: running id=2754d6dcd5d7 pid=170230 restarts=0 image=cad2566406d2
--- 2026-09-09T02:02:46Z ---
  SUFFIXED yulon.local/ac-wotlk-authserver:native-243c46e3-rollback 1024b0a2fb43
  SUFFIXED yulon.local/ac-wotlk-client-data:native-243c46e3-rollback ffa9094ed5ba
  SUFFIXED yulon.local/ac-wotlk-db-import:native-243c46e3-rollback a55f34201a7a
  SUFFIXED yulon.local/ac-wotlk-worldserver:native-243c46e3-rollback cad2566406d2
  suffixed count: 4
  world: running id=2754d6dcd5d7 pid=170230 restarts=0 image=cad2566406d2
--- 2026-09-09T02:02:50Z ---
  SUFFIXED yulon.local/ac-wotlk-authserver:native-243c46e3-rollback 1024b0a2fb43
  SUFFIXED yulon.local/ac-wotlk-client-data:native-243c46e3-rollback ffa9094ed5ba
  SUFFIXED yulon.local/ac-wotlk-db-import:native-243c46e3-rollback a55f34201a7a
  SUFFIXED yulon.local/ac-wotlk-worldserver:native-243c46e3-rollback cad2566406d2
  suffixed count: 4
  world: running id=2754d6dcd5d7 pid=170230 restarts=0 image=cad2566406d2
--- 2026-09-09T02:02:53Z ---
  SUFFIXED yulon.local/ac-wotlk-authserver:native-243c46e3-rollback 1024b0a2fb43
  SUFFIXED yulon.local/ac-wotlk-client-data:native-243c46e3-rollback ffa9094ed5ba
  SUFFIXED yulon.local/ac-wotlk-db-import:native-243c46e3-rollback a55f34201a7a
  SUFFIXED yulon.local/ac-wotlk-worldserver:native-243c46e3-rollback cad2566406d2
  suffixed count: 4
  world: running id=2754d6dcd5d7 pid=170230 restarts=0 image=cad2566406d2
--- 2026-09-09T02:02:57Z ---
  SUFFIXED yulon.local/ac-wotlk-authserver:native-243c46e3-rollback 1024b0a2fb43
  SUFFIXED yulon.local/ac-wotlk-client-data:native-243c46e3-rollback ffa9094ed5ba
  SUFFIXED yulon.local/ac-wotlk-db-import:native-243c46e3-rollback a55f34201a7a
  SUFFIXED yulon.local/ac-wotlk-worldserver:native-243c46e3-rollback cad2566406d2
  suffixed count: 4
  world: running id=2754d6dcd5d7 pid=170230 restarts=0 image=cad2566406d2
--- 2026-09-09T02:03:01Z ---
  SUFFIXED yulon.local/ac-wotlk-authserver:native-243c46e3-rollback 1024b0a2fb43
  SUFFIXED yulon.local/ac-wotlk-client-data:native-243c46e3-rollback ffa9094ed5ba
  SUFFIXED yulon.local/ac-wotlk-db-import:native-243c46e3-rollback a55f34201a7a
  SUFFIXED yulon.local/ac-wotlk-worldserver:native-243c46e3-rollback cad2566406d2
  suffixed count: 4
  world: running id=2754d6dcd5d7 pid=170230 restarts=0 image=cad2566406d2
--- 2026-09-09T02:03:04Z ---
  SUFFIXED yulon.local/ac-wotlk-authserver:native-243c46e3-rollback 1024b0a2fb43
  SUFFIXED yulon.local/ac-wotlk-client-data:native-243c46e3-rollback ffa9094ed5ba
  SUFFIXED yulon.local/ac-wotlk-db-import:native-243c46e3-rollback a55f34201a7a
  SUFFIXED yulon.local/ac-wotlk-worldserver:native-243c46e3-rollback cad2566406d2
  suffixed count: 4
  world: running id=2754d6dcd5d7 pid=170230 restarts=0 image=cad2566406d2
--- 2026-09-09T02:03:08Z ---
  SUFFIXED yulon.local/ac-wotlk-authserver:native-243c46e3-rollback 1024b0a2fb43
  SUFFIXED yulon.local/ac-wotlk-client-data:native-243c46e3-rollback ffa9094ed5ba
  SUFFIXED yulon.local/ac-wotlk-db-import:native-243c46e3-rollback a55f34201a7a
  SUFFIXED yulon.local/ac-wotlk-worldserver:native-243c46e3-rollback cad2566406d2
  suffixed count: 4
  world: running id=2754d6dcd5d7 pid=170230 restarts=0 image=cad2566406d2
--- 2026-09-09T02:03:11Z ---
  SUFFIXED yulon.local/ac-wotlk-authserver:native-243c46e3-rollback 1024b0a2fb43
  SUFFIXED yulon.local/ac-wotlk-client-data:native-243c46e3-rollback ffa9094ed5ba
  SUFFIXED yulon.local/ac-wotlk-db-import:native-243c46e3-rollback a55f34201a7a
  SUFFIXED yulon.local/ac-wotlk-worldserver:native-243c46e3-rollback cad2566406d2
  suffixed count: 4
  world: running id=2754d6dcd5d7 pid=170230 restarts=0 image=cad2566406d2
--- 2026-09-09T02:03:15Z ---
  SUFFIXED yulon.local/ac-wotlk-authserver:native-243c46e3-rollback 1024b0a2fb43
  SUFFIXED yulon.local/ac-wotlk-client-data:native-243c46e3-rollback ffa9094ed5ba
  SUFFIXED yulon.local/ac-wotlk-db-import:native-243c46e3-rollback a55f34201a7a
  SUFFIXED yulon.local/ac-wotlk-worldserver:native-243c46e3-rollback cad2566406d2
  suffixed count: 4
  world: running id=2754d6dcd5d7 pid=170230 restarts=0 image=cad2566406d2
--- 2026-09-09T02:03:18Z ---
  SUFFIXED yulon.local/ac-wotlk-authserver:native-243c46e3-rollback 1024b0a2fb43
  SUFFIXED yulon.local/ac-wotlk-client-data:native-243c46e3-rollback ffa9094ed5ba
  SUFFIXED yulon.local/ac-wotlk-db-import:native-243c46e3-rollback a55f34201a7a
  SUFFIXED yulon.local/ac-wotlk-worldserver:native-243c46e3-rollback cad2566406d2
  suffixed count: 4
  world: running id=2754d6dcd5d7 pid=170230 restarts=0 image=cad2566406d2
--- 2026-09-09T02:03:22Z ---
  SUFFIXED yulon.local/ac-wotlk-authserver:native-243c46e3-rollback 1024b0a2fb43
  SUFFIXED yulon.local/ac-wotlk-client-data:native-243c46e3-rollback ffa9094ed5ba
  SUFFIXED yulon.local/ac-wotlk-db-import:native-243c46e3-rollback a55f34201a7a
  SUFFIXED yulon.local/ac-wotlk-worldserver:native-243c46e3-rollback cad2566406d2
  suffixed count: 4
  world: running id=2754d6dcd5d7 pid=170230 restarts=0 image=cad2566406d2
--- 2026-09-09T02:03:25Z ---
  SUFFIXED yulon.local/ac-wotlk-authserver:native-243c46e3-rollback 1024b0a2fb43
  SUFFIXED yulon.local/ac-wotlk-client-data:native-243c46e3-rollback ffa9094ed5ba
  SUFFIXED yulon.local/ac-wotlk-db-import:native-243c46e3-rollback a55f34201a7a
  SUFFIXED yulon.local/ac-wotlk-worldserver:native-243c46e3-rollback cad2566406d2
  suffixed count: 4
  world: running id=2754d6dcd5d7 pid=170230 restarts=0 image=cad2566406d2
--- 2026-09-09T02:03:28Z ---
  SUFFIXED yulon.local/ac-wotlk-authserver:native-243c46e3-rollback 1024b0a2fb43
  SUFFIXED yulon.local/ac-wotlk-client-data:native-243c46e3-rollback ffa9094ed5ba
  SUFFIXED yulon.local/ac-wotlk-db-import:native-243c46e3-rollback a55f34201a7a
  SUFFIXED yulon.local/ac-wotlk-worldserver:native-243c46e3-rollback cad2566406d2
  suffixed count: 4
  world: running id=2754d6dcd5d7 pid=170230 restarts=0 image=cad2566406d2
--- 2026-09-09T02:03:32Z ---
  SUFFIXED yulon.local/ac-wotlk-authserver:native-243c46e3-rollback 1024b0a2fb43
  SUFFIXED yulon.local/ac-wotlk-client-data:native-243c46e3-rollback ffa9094ed5ba
  SUFFIXED yulon.local/ac-wotlk-db-import:native-243c46e3-rollback a55f34201a7a
  SUFFIXED yulon.local/ac-wotlk-worldserver:native-243c46e3-rollback cad2566406d2
  suffixed count: 4
  world: running id=2754d6dcd5d7 pid=170230 restarts=0 image=cad2566406d2
--- 2026-09-09T02:03:35Z ---
  SUFFIXED yulon.local/ac-wotlk-authserver:native-243c46e3-rollback 1024b0a2fb43
  SUFFIXED yulon.local/ac-wotlk-client-data:native-243c46e3-rollback ffa9094ed5ba
  SUFFIXED yulon.local/ac-wotlk-db-import:native-243c46e3-rollback a55f34201a7a
  SUFFIXED yulon.local/ac-wotlk-worldserver:native-243c46e3-rollback cad2566406d2
  suffixed count: 4
  world: running id=2754d6dcd5d7 pid=170230 restarts=0 image=cad2566406d2
--- 2026-09-09T02:03:39Z ---
  SUFFIXED yulon.local/ac-wotlk-authserver:native-243c46e3-rollback 1024b0a2fb43
  SUFFIXED yulon.local/ac-wotlk-client-data:native-243c46e3-rollback ffa9094ed5ba
  SUFFIXED yulon.local/ac-wotlk-db-import:native-243c46e3-rollback a55f34201a7a
  SUFFIXED yulon.local/ac-wotlk-worldserver:native-243c46e3-rollback cad2566406d2
  suffixed count: 4
  world: running id=2754d6dcd5d7 pid=170230 restarts=0 image=cad2566406d2
--- 2026-09-09T02:03:42Z ---
  SUFFIXED yulon.local/ac-wotlk-authserver:native-243c46e3-rollback 1024b0a2fb43
  SUFFIXED yulon.local/ac-wotlk-client-data:native-243c46e3-rollback ffa9094ed5ba
  SUFFIXED yulon.local/ac-wotlk-db-import:native-243c46e3-rollback a55f34201a7a
  SUFFIXED yulon.local/ac-wotlk-worldserver:native-243c46e3-rollback cad2566406d2
  suffixed count: 4
  world: running id=2754d6dcd5d7 pid=170230 restarts=0 image=cad2566406d2
--- 2026-09-09T02:03:45Z ---
  SUFFIXED yulon.local/ac-wotlk-authserver:native-243c46e3-rollback 1024b0a2fb43
  SUFFIXED yulon.local/ac-wotlk-client-data:native-243c46e3-rollback ffa9094ed5ba
  SUFFIXED yulon.local/ac-wotlk-db-import:native-243c46e3-rollback a55f34201a7a
  SUFFIXED yulon.local/ac-wotlk-worldserver:native-243c46e3-rollback cad2566406d2
  suffixed count: 4
  world: running id=2754d6dcd5d7 pid=170230 restarts=0 image=cad2566406d2
--- 2026-09-09T02:03:49Z ---
  SUFFIXED yulon.local/ac-wotlk-authserver:native-243c46e3-rollback 1024b0a2fb43
  SUFFIXED yulon.local/ac-wotlk-client-data:native-243c46e3-rollback ffa9094ed5ba
  SUFFIXED yulon.local/ac-wotlk-db-import:native-243c46e3-rollback a55f34201a7a
  SUFFIXED yulon.local/ac-wotlk-worldserver:native-243c46e3-rollback cad2566406d2
  suffixed count: 4
  world: running id=2754d6dcd5d7 pid=170230 restarts=0 image=cad2566406d2
--- 2026-09-09T02:03:52Z ---
  SUFFIXED yulon.local/ac-wotlk-authserver:native-243c46e3-rollback 1024b0a2fb43
  SUFFIXED yulon.local/ac-wotlk-client-data:native-243c46e3-rollback ffa9094ed5ba
  SUFFIXED yulon.local/ac-wotlk-db-import:native-243c46e3-rollback a55f34201a7a
  SUFFIXED yulon.local/ac-wotlk-worldserver:native-243c46e3-rollback cad2566406d2
  suffixed count: 4
  world: running id=2754d6dcd5d7 pid=170230 restarts=0 image=cad2566406d2
--- 2026-09-09T02:03:56Z ---
  SUFFIXED yulon.local/ac-wotlk-authserver:native-243c46e3-rollback 1024b0a2fb43
  SUFFIXED yulon.local/ac-wotlk-client-data:native-243c46e3-rollback ffa9094ed5ba
  SUFFIXED yulon.local/ac-wotlk-db-import:native-243c46e3-rollback a55f34201a7a
  SUFFIXED yulon.local/ac-wotlk-worldserver:native-243c46e3-rollback cad2566406d2
  suffixed count: 4
  world: running id=2754d6dcd5d7 pid=170230 restarts=0 image=cad2566406d2
--- 2026-09-09T02:03:59Z ---
  SUFFIXED yulon.local/ac-wotlk-authserver:native-243c46e3-rollback 1024b0a2fb43
  SUFFIXED yulon.local/ac-wotlk-client-data:native-243c46e3-rollback ffa9094ed5ba
  SUFFIXED yulon.local/ac-wotlk-db-import:native-243c46e3-rollback a55f34201a7a
  SUFFIXED yulon.local/ac-wotlk-worldserver:native-243c46e3-rollback cad2566406d2
  suffixed count: 4
  world: running id=2754d6dcd5d7 pid=170230 restarts=0 image=cad2566406d2
--- 2026-09-09T02:04:02Z ---
  SUFFIXED yulon.local/ac-wotlk-authserver:native-243c46e3-rollback 1024b0a2fb43
  SUFFIXED yulon.local/ac-wotlk-client-data:native-243c46e3-rollback ffa9094ed5ba
  SUFFIXED yulon.local/ac-wotlk-db-import:native-243c46e3-rollback a55f34201a7a
  SUFFIXED yulon.local/ac-wotlk-worldserver:native-243c46e3-rollback cad2566406d2
  suffixed count: 4
  world: running id=2754d6dcd5d7 pid=170230 restarts=0 image=cad2566406d2
--- 2026-09-09T02:04:06Z ---
  SUFFIXED yulon.local/ac-wotlk-authserver:native-243c46e3-rollback 1024b0a2fb43
  SUFFIXED yulon.local/ac-wotlk-client-data:native-243c46e3-rollback ffa9094ed5ba
  SUFFIXED yulon.local/ac-wotlk-db-import:native-243c46e3-rollback a55f34201a7a
  SUFFIXED yulon.local/ac-wotlk-worldserver:native-243c46e3-rollback cad2566406d2
  suffixed count: 4
  world: created id=31769acad1c4 pid=0 restarts=0 image=7c1ecf94b44e
--- 2026-09-09T02:04:09Z ---
  SUFFIXED yulon.local/ac-wotlk-authserver:native-243c46e3-rollback 1024b0a2fb43
  SUFFIXED yulon.local/ac-wotlk-client-data:native-243c46e3-rollback ffa9094ed5ba
  SUFFIXED yulon.local/ac-wotlk-db-import:native-243c46e3-rollback a55f34201a7a
  SUFFIXED yulon.local/ac-wotlk-worldserver:native-243c46e3-rollback cad2566406d2
  suffixed count: 4
  world: created id=31769acad1c4 pid=0 restarts=0 image=7c1ecf94b44e
--- 2026-09-09T02:04:13Z ---
  SUFFIXED yulon.local/ac-wotlk-authserver:native-243c46e3-rollback 1024b0a2fb43
  SUFFIXED yulon.local/ac-wotlk-client-data:native-243c46e3-rollback ffa9094ed5ba
  SUFFIXED yulon.local/ac-wotlk-db-import:native-243c46e3-rollback a55f34201a7a
  SUFFIXED yulon.local/ac-wotlk-worldserver:native-243c46e3-rollback cad2566406d2
  suffixed count: 4
  world: running id=31769acad1c4 pid=264075 restarts=4 image=7c1ecf94b44e
--- 2026-09-09T02:04:16Z ---
  SUFFIXED yulon.local/ac-wotlk-authserver:native-243c46e3-failed 7d9b7c745a82
  SUFFIXED yulon.local/ac-wotlk-authserver:native-243c46e3-rollback 1024b0a2fb43
  SUFFIXED yulon.local/ac-wotlk-client-data:native-243c46e3-rollback ffa9094ed5ba
  SUFFIXED yulon.local/ac-wotlk-db-import:native-243c46e3-rollback a55f34201a7a
  SUFFIXED yulon.local/ac-wotlk-worldserver:native-243c46e3-failed 7c1ecf94b44e
  SUFFIXED yulon.local/ac-wotlk-worldserver:native-243c46e3-rollback cad2566406d2
  suffixed count: 6
  world: restarting id=31769acad1c4 pid=0 restarts=6 image=7c1ecf94b44e
--- 2026-09-09T02:04:19Z ---
  SUFFIXED yulon.local/ac-wotlk-authserver:native-243c46e3-failed 7d9b7c745a82
  SUFFIXED yulon.local/ac-wotlk-authserver:native-243c46e3-rollback 1024b0a2fb43
  SUFFIXED yulon.local/ac-wotlk-client-data:native-243c46e3-rollback ffa9094ed5ba
  SUFFIXED yulon.local/ac-wotlk-db-import:native-243c46e3-rollback a55f34201a7a
  SUFFIXED yulon.local/ac-wotlk-worldserver:native-243c46e3-failed 7c1ecf94b44e
  SUFFIXED yulon.local/ac-wotlk-worldserver:native-243c46e3-rollback cad2566406d2
  suffixed count: 6
  world: restarting id=31769acad1c4 pid=0 restarts=7 image=7c1ecf94b44e
--- 2026-09-09T02:04:23Z ---
  SUFFIXED yulon.local/ac-wotlk-authserver:native-243c46e3-failed 7d9b7c745a82
  SUFFIXED yulon.local/ac-wotlk-authserver:native-243c46e3-rollback 1024b0a2fb43
  SUFFIXED yulon.local/ac-wotlk-client-data:native-243c46e3-rollback ffa9094ed5ba
  SUFFIXED yulon.local/ac-wotlk-db-import:native-243c46e3-rollback a55f34201a7a
  SUFFIXED yulon.local/ac-wotlk-worldserver:native-243c46e3-failed 7c1ecf94b44e
  SUFFIXED yulon.local/ac-wotlk-worldserver:native-243c46e3-rollback cad2566406d2
  suffixed count: 6
  world: created id=a91156260035 pid=0 restarts=0 image=cad2566406d2
--- 2026-09-09T02:04:26Z ---
  SUFFIXED yulon.local/ac-wotlk-authserver:native-243c46e3-failed 7d9b7c745a82
  SUFFIXED yulon.local/ac-wotlk-authserver:native-243c46e3-rollback 1024b0a2fb43
  SUFFIXED yulon.local/ac-wotlk-client-data:native-243c46e3-rollback ffa9094ed5ba
  SUFFIXED yulon.local/ac-wotlk-db-import:native-243c46e3-rollback a55f34201a7a
  SUFFIXED yulon.local/ac-wotlk-worldserver:native-243c46e3-failed 7c1ecf94b44e
  SUFFIXED yulon.local/ac-wotlk-worldserver:native-243c46e3-rollback cad2566406d2
  suffixed count: 6
  world: running id=a91156260035 pid=265379 restarts=0 image=cad2566406d2
--- 2026-09-09T02:04:30Z ---
  SUFFIXED yulon.local/ac-wotlk-authserver:native-243c46e3-failed 7d9b7c745a82
  SUFFIXED yulon.local/ac-wotlk-authserver:native-243c46e3-rollback 1024b0a2fb43
  SUFFIXED yulon.local/ac-wotlk-client-data:native-243c46e3-rollback ffa9094ed5ba
  SUFFIXED yulon.local/ac-wotlk-db-import:native-243c46e3-rollback a55f34201a7a
  SUFFIXED yulon.local/ac-wotlk-worldserver:native-243c46e3-failed 7c1ecf94b44e
  SUFFIXED yulon.local/ac-wotlk-worldserver:native-243c46e3-rollback cad2566406d2
  suffixed count: 6
  world: running id=a91156260035 pid=265379 restarts=0 image=cad2566406d2
--- 2026-09-09T02:04:33Z ---
  SUFFIXED yulon.local/ac-wotlk-authserver:native-243c46e3-failed 7d9b7c745a82
  SUFFIXED yulon.local/ac-wotlk-authserver:native-243c46e3-rollback 1024b0a2fb43
  SUFFIXED yulon.local/ac-wotlk-client-data:native-243c46e3-rollback ffa9094ed5ba
  SUFFIXED yulon.local/ac-wotlk-db-import:native-243c46e3-rollback a55f34201a7a
  SUFFIXED yulon.local/ac-wotlk-worldserver:native-243c46e3-failed 7c1ecf94b44e
  SUFFIXED yulon.local/ac-wotlk-worldserver:native-243c46e3-rollback cad2566406d2
  suffixed count: 6
  world: running id=a91156260035 pid=265379 restarts=0 image=cad2566406d2
--- 2026-09-09T02:04:36Z ---
  SUFFIXED yulon.local/ac-wotlk-authserver:native-243c46e3-failed 7d9b7c745a82
  SUFFIXED yulon.local/ac-wotlk-authserver:native-243c46e3-rollback 1024b0a2fb43
  SUFFIXED yulon.local/ac-wotlk-client-data:native-243c46e3-rollback ffa9094ed5ba
  SUFFIXED yulon.local/ac-wotlk-db-import:native-243c46e3-rollback a55f34201a7a
  SUFFIXED yulon.local/ac-wotlk-worldserver:native-243c46e3-failed 7c1ecf94b44e
  SUFFIXED yulon.local/ac-wotlk-worldserver:native-243c46e3-rollback cad2566406d2
  suffixed count: 6
  world: running id=a91156260035 pid=265379 restarts=0 image=cad2566406d2
--- 2026-09-09T02:04:40Z ---
  SUFFIXED yulon.local/ac-wotlk-authserver:native-243c46e3-failed 7d9b7c745a82
  SUFFIXED yulon.local/ac-wotlk-authserver:native-243c46e3-rollback 1024b0a2fb43
  SUFFIXED yulon.local/ac-wotlk-client-data:native-243c46e3-rollback ffa9094ed5ba
  SUFFIXED yulon.local/ac-wotlk-db-import:native-243c46e3-rollback a55f34201a7a
  SUFFIXED yulon.local/ac-wotlk-worldserver:native-243c46e3-failed 7c1ecf94b44e
  SUFFIXED yulon.local/ac-wotlk-worldserver:native-243c46e3-rollback cad2566406d2
  suffixed count: 6
  world: running id=a91156260035 pid=265379 restarts=0 image=cad2566406d2
--- 2026-09-09T02:04:43Z ---
  SUFFIXED yulon.local/ac-wotlk-authserver:native-243c46e3-failed 7d9b7c745a82
  SUFFIXED yulon.local/ac-wotlk-authserver:native-243c46e3-rollback 1024b0a2fb43
  SUFFIXED yulon.local/ac-wotlk-client-data:native-243c46e3-rollback ffa9094ed5ba
  SUFFIXED yulon.local/ac-wotlk-db-import:native-243c46e3-rollback a55f34201a7a
  SUFFIXED yulon.local/ac-wotlk-worldserver:native-243c46e3-failed 7c1ecf94b44e
  SUFFIXED yulon.local/ac-wotlk-worldserver:native-243c46e3-rollback cad2566406d2
  suffixed count: 6
  world: running id=a91156260035 pid=265379 restarts=0 image=cad2566406d2
--- 2026-09-09T02:04:47Z ---
  SUFFIXED yulon.local/ac-wotlk-authserver:native-243c46e3-failed 7d9b7c745a82
  SUFFIXED yulon.local/ac-wotlk-authserver:native-243c46e3-rollback 1024b0a2fb43
  SUFFIXED yulon.local/ac-wotlk-client-data:native-243c46e3-rollback ffa9094ed5ba
  SUFFIXED yulon.local/ac-wotlk-db-import:native-243c46e3-rollback a55f34201a7a
  SUFFIXED yulon.local/ac-wotlk-worldserver:native-243c46e3-failed 7c1ecf94b44e
  SUFFIXED yulon.local/ac-wotlk-worldserver:native-243c46e3-rollback cad2566406d2
  suffixed count: 6
  world: running id=a91156260035 pid=265379 restarts=0 image=cad2566406d2
--- 2026-09-09T02:04:50Z ---
  SUFFIXED yulon.local/ac-wotlk-authserver:native-243c46e3-failed 7d9b7c745a82
  SUFFIXED yulon.local/ac-wotlk-authserver:native-243c46e3-rollback 1024b0a2fb43
  SUFFIXED yulon.local/ac-wotlk-client-data:native-243c46e3-rollback ffa9094ed5ba
  SUFFIXED yulon.local/ac-wotlk-db-import:native-243c46e3-rollback a55f34201a7a
  SUFFIXED yulon.local/ac-wotlk-worldserver:native-243c46e3-failed 7c1ecf94b44e
  SUFFIXED yulon.local/ac-wotlk-worldserver:native-243c46e3-rollback cad2566406d2
  suffixed count: 6
  world: running id=a91156260035 pid=265379 restarts=0 image=cad2566406d2
--- 2026-09-09T02:04:53Z ---
  SUFFIXED yulon.local/ac-wotlk-authserver:native-243c46e3-failed 7d9b7c745a82
  SUFFIXED yulon.local/ac-wotlk-authserver:native-243c46e3-rollback 1024b0a2fb43
  SUFFIXED yulon.local/ac-wotlk-client-data:native-243c46e3-rollback ffa9094ed5ba
  SUFFIXED yulon.local/ac-wotlk-db-import:native-243c46e3-rollback a55f34201a7a
  SUFFIXED yulon.local/ac-wotlk-worldserver:native-243c46e3-failed 7c1ecf94b44e
  SUFFIXED yulon.local/ac-wotlk-worldserver:native-243c46e3-rollback cad2566406d2
  suffixed count: 6
  world: running id=a91156260035 pid=265379 restarts=0 image=cad2566406d2
--- 2026-09-09T02:04:57Z ---
  SUFFIXED yulon.local/ac-wotlk-authserver:native-243c46e3-failed 7d9b7c745a82
  SUFFIXED yulon.local/ac-wotlk-authserver:native-243c46e3-rollback 1024b0a2fb43
  SUFFIXED yulon.local/ac-wotlk-client-data:native-243c46e3-rollback ffa9094ed5ba
  SUFFIXED yulon.local/ac-wotlk-db-import:native-243c46e3-rollback a55f34201a7a
  SUFFIXED yulon.local/ac-wotlk-worldserver:native-243c46e3-failed 7c1ecf94b44e
  SUFFIXED yulon.local/ac-wotlk-worldserver:native-243c46e3-rollback cad2566406d2
  suffixed count: 6
  world: running id=a91156260035 pid=265379 restarts=0 image=cad2566406d2
--- 2026-09-09T02:05:00Z ---
  SUFFIXED yulon.local/ac-wotlk-authserver:native-243c46e3-failed 7d9b7c745a82
  SUFFIXED yulon.local/ac-wotlk-authserver:native-243c46e3-rollback 1024b0a2fb43
  SUFFIXED yulon.local/ac-wotlk-client-data:native-243c46e3-rollback ffa9094ed5ba
  SUFFIXED yulon.local/ac-wotlk-db-import:native-243c46e3-rollback a55f34201a7a
  SUFFIXED yulon.local/ac-wotlk-worldserver:native-243c46e3-failed 7c1ecf94b44e
  SUFFIXED yulon.local/ac-wotlk-worldserver:native-243c46e3-rollback cad2566406d2
  suffixed count: 6
  world: running id=a91156260035 pid=265379 restarts=0 image=cad2566406d2
--- 2026-09-09T02:05:04Z ---
  SUFFIXED yulon.local/ac-wotlk-authserver:native-243c46e3-failed 7d9b7c745a82
  SUFFIXED yulon.local/ac-wotlk-authserver:native-243c46e3-rollback 1024b0a2fb43
  SUFFIXED yulon.local/ac-wotlk-client-data:native-243c46e3-rollback ffa9094ed5ba
  SUFFIXED yulon.local/ac-wotlk-db-import:native-243c46e3-rollback a55f34201a7a
  SUFFIXED yulon.local/ac-wotlk-worldserver:native-243c46e3-failed 7c1ecf94b44e
  SUFFIXED yulon.local/ac-wotlk-worldserver:native-243c46e3-rollback cad2566406d2
  suffixed count: 6
  world: running id=a91156260035 pid=265379 restarts=0 image=cad2566406d2
--- 2026-09-09T02:05:07Z ---
  SUFFIXED yulon.local/ac-wotlk-authserver:native-243c46e3-failed 7d9b7c745a82
  SUFFIXED yulon.local/ac-wotlk-worldserver:native-243c46e3-failed 7c1ecf94b44e
  suffixed count: 2
  world: running id=a91156260035 pid=265379 restarts=0 image=cad2566406d2
=== the press has finished; one last reading ===
2026-09-09T02:05:07Z
  alpine/git:<none> c0280cf95723
  mysql:8.4 3466ba4a4828
  yulon.local/ac-wotlk-authserver:native-243c46e3 1024b0a2fb43
  yulon.local/ac-wotlk-authserver:native-243c46e3-failed 7d9b7c745a82
  yulon.local/ac-wotlk-client-data:native-243c46e3 ffa9094ed5ba
  yulon.local/ac-wotlk-db-import:native-243c46e3 a55f34201a7a
  yulon.local/ac-wotlk-worldserver:native-243c46e3 cad2566406d2
  yulon.local/ac-wotlk-worldserver:native-243c46e3-failed 7c1ecf94b44e
  world: running id=a91156260035 pid=265379 restarts=0 image=cad2566406d2
