=== tag watch started 2026-09-09T02:17:03Z ===
GROUND, before the press has done anything:
  alpine/git:<none> c0280cf95723
  mysql:8.4 3466ba4a4828
  yulon.local/ac-wotlk-authserver:native-243c46e3 1024b0a2fb43
  yulon.local/ac-wotlk-authserver:native-243c46e3-failed 7d9b7c745a82
  yulon.local/ac-wotlk-client-data:native-243c46e3 ffa9094ed5ba
  yulon.local/ac-wotlk-db-import:native-243c46e3 a55f34201a7a
  yulon.local/ac-wotlk-worldserver:native-243c46e3 cad2566406d2
  yulon.local/ac-wotlk-worldserver:native-243c46e3-failed 7c1ecf94b44e
  world: running id=a91156260035 pid=265379 restarts=0 image=cad2566406d2
--- 2026-09-09T02:17:03Z ---
  SUFFIXED yulon.local/ac-wotlk-authserver:native-243c46e3-failed 7d9b7c745a82
  SUFFIXED yulon.local/ac-wotlk-worldserver:native-243c46e3-failed 7c1ecf94b44e
  suffixed count: 2
  world: running id=a91156260035 pid=265379 restarts=0 image=cad2566406d2
--- 2026-09-09T02:17:06Z ---
  SUFFIXED yulon.local/ac-wotlk-authserver:native-243c46e3-failed 7d9b7c745a82
  SUFFIXED yulon.local/ac-wotlk-authserver:native-243c46e3-rollback 1024b0a2fb43
  SUFFIXED yulon.local/ac-wotlk-db-import:native-243c46e3-rollback a55f34201a7a
  SUFFIXED yulon.local/ac-wotlk-worldserver:native-243c46e3-failed 7c1ecf94b44e
  SUFFIXED yulon.local/ac-wotlk-worldserver:native-243c46e3-rollback cad2566406d2
  suffixed count: 6
  world: running id=a91156260035 pid=265379 restarts=0 image=cad2566406d2
--- 2026-09-09T02:17:10Z ---
  SUFFIXED yulon.local/ac-wotlk-authserver:native-243c46e3-failed 7d9b7c745a82
  SUFFIXED yulon.local/ac-wotlk-authserver:native-243c46e3-rollback 1024b0a2fb43
  SUFFIXED yulon.local/ac-wotlk-client-data:native-243c46e3-rollback ffa9094ed5ba
  SUFFIXED yulon.local/ac-wotlk-db-import:native-243c46e3-rollback a55f34201a7a
  SUFFIXED yulon.local/ac-wotlk-worldserver:native-243c46e3-failed 7c1ecf94b44e
  SUFFIXED yulon.local/ac-wotlk-worldserver:native-243c46e3-rollback cad2566406d2
  suffixed count: 6
  world: running id=a91156260035 pid=265379 restarts=0 image=cad2566406d2
--- 2026-09-09T02:17:13Z ---
  SUFFIXED yulon.local/ac-wotlk-authserver:native-243c46e3-failed 7d9b7c745a82
  SUFFIXED yulon.local/ac-wotlk-authserver:native-243c46e3-rollback 1024b0a2fb43
  SUFFIXED yulon.local/ac-wotlk-client-data:native-243c46e3-rollback ffa9094ed5ba
  SUFFIXED yulon.local/ac-wotlk-db-import:native-243c46e3-rollback a55f34201a7a
  SUFFIXED yulon.local/ac-wotlk-worldserver:native-243c46e3-failed 7c1ecf94b44e
  SUFFIXED yulon.local/ac-wotlk-worldserver:native-243c46e3-rollback cad2566406d2
  suffixed count: 6
  world: running id=a91156260035 pid=265379 restarts=0 image=cad2566406d2
--- 2026-09-09T02:17:16Z ---
  SUFFIXED yulon.local/ac-wotlk-authserver:native-243c46e3-failed 7d9b7c745a82
  SUFFIXED yulon.local/ac-wotlk-authserver:native-243c46e3-rollback 1024b0a2fb43
  SUFFIXED yulon.local/ac-wotlk-client-data:native-243c46e3-rollback ffa9094ed5ba
  SUFFIXED yulon.local/ac-wotlk-db-import:native-243c46e3-rollback a55f34201a7a
  SUFFIXED yulon.local/ac-wotlk-worldserver:native-243c46e3-failed 7c1ecf94b44e
  SUFFIXED yulon.local/ac-wotlk-worldserver:native-243c46e3-rollback cad2566406d2
  suffixed count: 6
  world: running id=a91156260035 pid=265379 restarts=0 image=cad2566406d2
--- 2026-09-09T02:17:20Z ---
  SUFFIXED yulon.local/ac-wotlk-authserver:native-243c46e3-failed 7d9b7c745a82
  SUFFIXED yulon.local/ac-wotlk-authserver:native-243c46e3-rollback 1024b0a2fb43
  SUFFIXED yulon.local/ac-wotlk-client-data:native-243c46e3-rollback ffa9094ed5ba
  SUFFIXED yulon.local/ac-wotlk-db-import:native-243c46e3-rollback a55f34201a7a
  SUFFIXED yulon.local/ac-wotlk-worldserver:native-243c46e3-failed 7c1ecf94b44e
  SUFFIXED yulon.local/ac-wotlk-worldserver:native-243c46e3-rollback cad2566406d2
  suffixed count: 6
  world: running id=a91156260035 pid=265379 restarts=0 image=cad2566406d2
--- 2026-09-09T02:17:23Z ---
  SUFFIXED yulon.local/ac-wotlk-authserver:native-243c46e3-failed 7d9b7c745a82
  SUFFIXED yulon.local/ac-wotlk-authserver:native-243c46e3-rollback 1024b0a2fb43
  SUFFIXED yulon.local/ac-wotlk-client-data:native-243c46e3-rollback ffa9094ed5ba
  SUFFIXED yulon.local/ac-wotlk-db-import:native-243c46e3-rollback a55f34201a7a
  SUFFIXED yulon.local/ac-wotlk-worldserver:native-243c46e3-failed 7c1ecf94b44e
  SUFFIXED yulon.local/ac-wotlk-worldserver:native-243c46e3-rollback cad2566406d2
  suffixed count: 6
  world: created id=5a8bbfe60c57 pid=0 restarts=0 image=04e184df08ca
--- 2026-09-09T02:17:27Z ---
  SUFFIXED yulon.local/ac-wotlk-authserver:native-243c46e3-failed 7d9b7c745a82
  SUFFIXED yulon.local/ac-wotlk-authserver:native-243c46e3-rollback 1024b0a2fb43
  SUFFIXED yulon.local/ac-wotlk-client-data:native-243c46e3-rollback ffa9094ed5ba
  SUFFIXED yulon.local/ac-wotlk-db-import:native-243c46e3-rollback a55f34201a7a
  SUFFIXED yulon.local/ac-wotlk-worldserver:native-243c46e3-failed 7c1ecf94b44e
  SUFFIXED yulon.local/ac-wotlk-worldserver:native-243c46e3-rollback cad2566406d2
  suffixed count: 6
  world: created id=5a8bbfe60c57 pid=0 restarts=0 image=04e184df08ca
--- 2026-09-09T02:17:30Z ---
  SUFFIXED yulon.local/ac-wotlk-authserver:native-243c46e3-failed 7d9b7c745a82
  SUFFIXED yulon.local/ac-wotlk-authserver:native-243c46e3-rollback 1024b0a2fb43
  SUFFIXED yulon.local/ac-wotlk-client-data:native-243c46e3-rollback ffa9094ed5ba
  SUFFIXED yulon.local/ac-wotlk-db-import:native-243c46e3-rollback a55f34201a7a
  SUFFIXED yulon.local/ac-wotlk-worldserver:native-243c46e3-failed 7c1ecf94b44e
  SUFFIXED yulon.local/ac-wotlk-worldserver:native-243c46e3-rollback cad2566406d2
  suffixed count: 6
  world: restarting id=5a8bbfe60c57 pid=0 restarts=4 image=04e184df08ca
--- 2026-09-09T02:17:34Z ---
  SUFFIXED yulon.local/ac-wotlk-authserver:native-243c46e3-failed 7d9b7c745a82
  SUFFIXED yulon.local/ac-wotlk-authserver:native-243c46e3-rollback 1024b0a2fb43
  SUFFIXED yulon.local/ac-wotlk-client-data:native-243c46e3-rollback ffa9094ed5ba
  SUFFIXED yulon.local/ac-wotlk-db-import:native-243c46e3-rollback a55f34201a7a
  SUFFIXED yulon.local/ac-wotlk-worldserver:native-243c46e3-failed 7c1ecf94b44e
  SUFFIXED yulon.local/ac-wotlk-worldserver:native-243c46e3-rollback cad2566406d2
  suffixed count: 6
  world: restarting id=5a8bbfe60c57 pid=0 restarts=6 image=04e184df08ca
--- 2026-09-09T02:17:37Z ---
  SUFFIXED yulon.local/ac-wotlk-authserver:native-243c46e3-failed f2f3594789fd
  SUFFIXED yulon.local/ac-wotlk-authserver:native-243c46e3-rollback 1024b0a2fb43
  SUFFIXED yulon.local/ac-wotlk-client-data:native-243c46e3-rollback ffa9094ed5ba
  SUFFIXED yulon.local/ac-wotlk-db-import:native-243c46e3-rollback a55f34201a7a
  SUFFIXED yulon.local/ac-wotlk-worldserver:native-243c46e3-failed 04e184df08ca
  SUFFIXED yulon.local/ac-wotlk-worldserver:native-243c46e3-rollback cad2566406d2
  suffixed count: 6
  world: restarting id=5a8bbfe60c57 pid=0 restarts=7 image=04e184df08ca
--- 2026-09-09T02:17:40Z ---
  SUFFIXED yulon.local/ac-wotlk-authserver:native-243c46e3-failed f2f3594789fd
  SUFFIXED yulon.local/ac-wotlk-authserver:native-243c46e3-rollback 1024b0a2fb43
  SUFFIXED yulon.local/ac-wotlk-client-data:native-243c46e3-rollback ffa9094ed5ba
  SUFFIXED yulon.local/ac-wotlk-db-import:native-243c46e3-rollback a55f34201a7a
  SUFFIXED yulon.local/ac-wotlk-worldserver:native-243c46e3-failed 04e184df08ca
  SUFFIXED yulon.local/ac-wotlk-worldserver:native-243c46e3-rollback cad2566406d2
  suffixed count: 6
  world: created id=cd68db8cd6b7 pid=0 restarts=0 image=cad2566406d2
--- 2026-09-09T02:17:44Z ---
  SUFFIXED yulon.local/ac-wotlk-authserver:native-243c46e3-failed f2f3594789fd
  SUFFIXED yulon.local/ac-wotlk-authserver:native-243c46e3-rollback 1024b0a2fb43
  SUFFIXED yulon.local/ac-wotlk-client-data:native-243c46e3-rollback ffa9094ed5ba
  SUFFIXED yulon.local/ac-wotlk-db-import:native-243c46e3-rollback a55f34201a7a
  SUFFIXED yulon.local/ac-wotlk-worldserver:native-243c46e3-failed 04e184df08ca
  SUFFIXED yulon.local/ac-wotlk-worldserver:native-243c46e3-rollback cad2566406d2
  suffixed count: 6
  world: created id=cd68db8cd6b7 pid=0 restarts=0 image=cad2566406d2
--- 2026-09-09T02:17:47Z ---
  SUFFIXED yulon.local/ac-wotlk-authserver:native-243c46e3-rollback 1024b0a2fb43
  SUFFIXED yulon.local/ac-wotlk-client-data:native-243c46e3-rollback ffa9094ed5ba
  SUFFIXED yulon.local/ac-wotlk-db-import:native-243c46e3-rollback a55f34201a7a
  SUFFIXED yulon.local/ac-wotlk-worldserver:native-243c46e3-rollback cad2566406d2
  suffixed count: 4
  world: running id=cd68db8cd6b7 pid=278886 restarts=0 image=cad2566406d2
--- 2026-09-09T02:17:51Z ---
  SUFFIXED yulon.local/ac-wotlk-authserver:native-243c46e3-rollback 1024b0a2fb43
  SUFFIXED yulon.local/ac-wotlk-client-data:native-243c46e3-rollback ffa9094ed5ba
  SUFFIXED yulon.local/ac-wotlk-db-import:native-243c46e3-rollback a55f34201a7a
  SUFFIXED yulon.local/ac-wotlk-worldserver:native-243c46e3-rollback cad2566406d2
  suffixed count: 4
  world: running id=cd68db8cd6b7 pid=278886 restarts=0 image=cad2566406d2
--- 2026-09-09T02:17:54Z ---
  SUFFIXED yulon.local/ac-wotlk-authserver:native-243c46e3-rollback 1024b0a2fb43
  SUFFIXED yulon.local/ac-wotlk-client-data:native-243c46e3-rollback ffa9094ed5ba
  SUFFIXED yulon.local/ac-wotlk-db-import:native-243c46e3-rollback a55f34201a7a
  SUFFIXED yulon.local/ac-wotlk-worldserver:native-243c46e3-rollback cad2566406d2
  suffixed count: 4
  world: running id=cd68db8cd6b7 pid=278886 restarts=0 image=cad2566406d2
--- 2026-09-09T02:17:57Z ---
  SUFFIXED yulon.local/ac-wotlk-authserver:native-243c46e3-rollback 1024b0a2fb43
  SUFFIXED yulon.local/ac-wotlk-client-data:native-243c46e3-rollback ffa9094ed5ba
  SUFFIXED yulon.local/ac-wotlk-db-import:native-243c46e3-rollback a55f34201a7a
  SUFFIXED yulon.local/ac-wotlk-worldserver:native-243c46e3-rollback cad2566406d2
  suffixed count: 4
  world: running id=cd68db8cd6b7 pid=278886 restarts=0 image=cad2566406d2
--- 2026-09-09T02:18:01Z ---
  SUFFIXED yulon.local/ac-wotlk-authserver:native-243c46e3-rollback 1024b0a2fb43
  SUFFIXED yulon.local/ac-wotlk-client-data:native-243c46e3-rollback ffa9094ed5ba
  SUFFIXED yulon.local/ac-wotlk-db-import:native-243c46e3-rollback a55f34201a7a
  SUFFIXED yulon.local/ac-wotlk-worldserver:native-243c46e3-rollback cad2566406d2
  suffixed count: 4
  world: running id=cd68db8cd6b7 pid=278886 restarts=0 image=cad2566406d2
--- 2026-09-09T02:18:04Z ---
  SUFFIXED yulon.local/ac-wotlk-authserver:native-243c46e3-rollback 1024b0a2fb43
  SUFFIXED yulon.local/ac-wotlk-client-data:native-243c46e3-rollback ffa9094ed5ba
  SUFFIXED yulon.local/ac-wotlk-db-import:native-243c46e3-rollback a55f34201a7a
  SUFFIXED yulon.local/ac-wotlk-worldserver:native-243c46e3-rollback cad2566406d2
  suffixed count: 4
  world: running id=cd68db8cd6b7 pid=278886 restarts=0 image=cad2566406d2
--- 2026-09-09T02:18:08Z ---
  SUFFIXED yulon.local/ac-wotlk-authserver:native-243c46e3-rollback 1024b0a2fb43
  SUFFIXED yulon.local/ac-wotlk-client-data:native-243c46e3-rollback ffa9094ed5ba
  SUFFIXED yulon.local/ac-wotlk-db-import:native-243c46e3-rollback a55f34201a7a
  SUFFIXED yulon.local/ac-wotlk-worldserver:native-243c46e3-rollback cad2566406d2
  suffixed count: 4
  world: running id=cd68db8cd6b7 pid=278886 restarts=0 image=cad2566406d2
--- 2026-09-09T02:18:11Z ---
  SUFFIXED yulon.local/ac-wotlk-authserver:native-243c46e3-rollback 1024b0a2fb43
  SUFFIXED yulon.local/ac-wotlk-client-data:native-243c46e3-rollback ffa9094ed5ba
  SUFFIXED yulon.local/ac-wotlk-db-import:native-243c46e3-rollback a55f34201a7a
  SUFFIXED yulon.local/ac-wotlk-worldserver:native-243c46e3-rollback cad2566406d2
  suffixed count: 4
  world: running id=cd68db8cd6b7 pid=278886 restarts=0 image=cad2566406d2
--- 2026-09-09T02:18:14Z ---
  SUFFIXED yulon.local/ac-wotlk-authserver:native-243c46e3-rollback 1024b0a2fb43
  SUFFIXED yulon.local/ac-wotlk-client-data:native-243c46e3-rollback ffa9094ed5ba
  SUFFIXED yulon.local/ac-wotlk-db-import:native-243c46e3-rollback a55f34201a7a
  SUFFIXED yulon.local/ac-wotlk-worldserver:native-243c46e3-rollback cad2566406d2
  suffixed count: 4
  world: running id=cd68db8cd6b7 pid=278886 restarts=0 image=cad2566406d2
--- 2026-09-09T02:18:18Z ---
  suffixed count: 0
  world: running id=cd68db8cd6b7 pid=278886 restarts=0 image=cad2566406d2
=== the press has finished; one last reading ===
2026-09-09T02:18:18Z
  alpine/git:<none> c0280cf95723
  mysql:8.4 3466ba4a4828
  yulon.local/ac-wotlk-authserver:native-243c46e3 1024b0a2fb43
  yulon.local/ac-wotlk-client-data:native-243c46e3 ffa9094ed5ba
  yulon.local/ac-wotlk-db-import:native-243c46e3 a55f34201a7a
  yulon.local/ac-wotlk-worldserver:native-243c46e3 cad2566406d2
  world: running id=cd68db8cd6b7 pid=278886 restarts=0 image=cad2566406d2
