=== GROUND, read before anything is installed or written ===
[08:02:33Z] server_dir=/home/pk/wowserver  out=/home/pk/arac-gate-out
containers up: ac-authserver Up 5 hours, ac-database Up 6 hours (healthy), ac-worldserver Up 5 hours
world:    running pid=308725 restarts=0 started=2026-09-09T03:06:45.852973725Z
database: running pid=278473 restarts=0 started=2026-09-09T02:17:39.714383429Z
auth:     running pid=310360 restarts=0 started=2026-09-09T03:07:26.45112673Z
--- mod-arac on disk: ground ---
  modules/mod-arac is a dir                    False
  files in it                                  []
  marker .arac_sql_applied                     False
  any mod_arac conf under env/dist/etc/modules []
  modules/ on disk                             ['.gitkeep', 'CMakeLists.txt', 'ModulesLoader.cpp.in.cmake', 'ModulesPCH.h', 'ModulesScriptLoader.h', 'create_module.sh', 'how_to_make_a_module.md', 'mod-ale', 'mod-playerbots']
manifest: mod-arac 'All Races All Classes (ARAC)'
  sql steps: [('world', 'data/sql/db-world/arac.sql', 'direct', 'install')]
  build.rebuild=False
  server_dbc=['patch-contents/DBFilesContent']  client=['Patch-A.MPQ']
applier: sql=DockerSql client_dir=None dbc=None
the seam, asked now: world_running() = True
--- counts: GROUND ---
  rows playercreateinfo                      62
  rows playercreateinfo_action               283
  rows playercreateinfo_skills               77
  rows playercreateinfo_spell_custom         0
  rows player_totem_model                    20
  rows quest_template                        9464
  checksum playercreateinfo                  1375550933
  checksum playercreateinfo_action           1810990106
  checksum playercreateinfo_skills           1381324222
  checksum playercreateinfo_spell_custom     0
  checksum player_totem_model                58188735
  checksum quest_template                    4127409649
  skills_still_to_change                     5
  quests_still_to_change                     635
  quests_at_1791                             12
  totem_rows_for_arac_races                  0
saved /home/pk/arac-gate-out/counts-ground.json
world at the end of the ground reading: running pid=308725 restarts=0 started=2026-09-09T03:06:45.852973725Z
