=== PRESS 1: install mod-arac through the app's applier, WORLD UP ===
ground: containers up = ac-authserver Up 5 hours, ac-database Up 6 hours (healthy), ac-worldserver Up 5 hours
ground: world = running pid=308725 restarts=0 started=2026-09-09T03:06:45.852973725Z
ground: the seam says world_running() = True
--- mod-arac on disk: before press 1 ---
  modules/mod-arac is a dir                    False
  files in it                                  []
  marker .arac_sql_applied                     False
  any mod_arac conf under env/dist/etc/modules []
  modules/ on disk                             ['.gitkeep', 'CMakeLists.txt', 'ModulesLoader.cpp.in.cmake', 'ModulesPCH.h', 'ModulesScriptLoader.h', 'create_module.sh', 'how_to_make_a_module.md', 'mod-ale', 'mod-playerbots']
--- counts: before press 1 ---
  rows playercreateinfo                      62
  rows playercreateinfo_action               283
  rows playercreateinfo_skills               77
  rows playercreateinfo_spell_custom         0
  rows player_totem_model                    20
  rows quest_template                        9464
  checksum playercreateinfo                  1375550933
  checksum playercreateinfo_action           1810990106
  checksum playercreateinfo_skills           1381324222
  checksum playercreateinfo_spell_custom     0
  checksum player_totem_model                58188735
  checksum quest_template                    4127409649
  skills_still_to_change                     5
  quests_still_to_change                     635
  quests_at_1791                             12
  totem_rows_for_arac_races                  0
drift from the ground reading: none
[08:02:57Z] --- the press ---
ApplyError: mod-arac: the world server is running, and it holds world in memory and writes back over whatever it finds there. No SQL was run and no rows were written: sql data/sql/db-world/arac.sql → world. Press Stop, then install again — the steps this run already took repeat, and the SQL follows them.
names the step: True
says no rows were written: True
[08:02:59Z] OUTCOME: REFUSED
--- mod-arac on disk: after press 1 ---
  modules/mod-arac is a dir                    True
  files in it                                  ['.git', '.github', '.yulon-clone.json', 'LICENSE', 'Patch-A.MPQ', 'README.md', 'data', 'icon.png', 'icons.png', 'images', 'include.sh', 'patch-contents']
  marker .arac_sql_applied                     False
  any mod_arac conf under env/dist/etc/modules []
  modules/ on disk                             ['.gitkeep', 'CMakeLists.txt', 'ModulesLoader.cpp.in.cmake', 'ModulesPCH.h', 'ModulesScriptLoader.h', 'create_module.sh', 'how_to_make_a_module.md', 'mod-ale', 'mod-arac', 'mod-playerbots']
--- counts: after press 1 ---
  rows playercreateinfo                      62
  rows playercreateinfo_action               283
  rows playercreateinfo_skills               77
  rows playercreateinfo_spell_custom         0
  rows player_totem_model                    20
  rows quest_template                        9464
  checksum playercreateinfo                  1375550933
  checksum playercreateinfo_action           1810990106
  checksum playercreateinfo_skills           1381324222
  checksum playercreateinfo_spell_custom     0
  checksum player_totem_model                58188735
  checksum quest_template                    4127409649
  skills_still_to_change                     5
  quests_still_to_change                     635
  quests_at_1791                             12
  totem_rows_for_arac_races                  0
saved /home/pk/arac-gate-out/counts-after-refusal.json
COUNTS CHANGED BY THE REFUSED PRESS: nothing -- identical, every reading
world: running pid=308725 restarts=0 started=2026-09-09T03:06:45.852973725Z
