=== PRESS 2: the same step, WORLD STOPPED ===
ground: containers up = 
ground: world = exited pid=0 restarts=0 started=2026-09-09T03:06:45.852973725Z
ground: database = exited pid=0 restarts=0 started=2026-09-09T02:17:39.714383429Z
ground: the seam says world_running() = False
--- mod-arac on disk: before press 2 ---
  modules/mod-arac is a dir                    True
  files in it                                  ['.git', '.github', '.yulon-clone.json', 'LICENSE', 'Patch-A.MPQ', 'README.md', 'data', 'icon.png', 'icons.png', 'images', 'include.sh', 'patch-contents']
  marker .arac_sql_applied                     False
  any mod_arac conf under env/dist/etc/modules []
  modules/ on disk                             ['.gitkeep', 'CMakeLists.txt', 'ModulesLoader.cpp.in.cmake', 'ModulesPCH.h', 'ModulesScriptLoader.h', 'create_module.sh', 'how_to_make_a_module.md', 'mod-ale', 'mod-arac', 'mod-playerbots']
--- counts: before press 2 ---
  rows playercreateinfo                      UNREADABLE (SQL failed (query → acore_world): Error response from daemon: container 3c922e8e7c78d62c2ab93177595b2cd99d168cd738e392ca1b1e80d6e83e1b5f is not running)
  rows playercreateinfo_action               UNREADABLE (SQL failed (query → acore_world): Error response from daemon: container 3c922e8e7c78d62c2ab93177595b2cd99d168cd738e392ca1b1e80d6e83e1b5f is not running)
  rows playercreateinfo_skills               UNREADABLE (SQL failed (query → acore_world): Error response from daemon: container 3c922e8e7c78d62c2ab93177595b2cd99d168cd738e392ca1b1e80d6e83e1b5f is not running)
  rows playercreateinfo_spell_custom         UNREADABLE (SQL failed (query → acore_world): Error response from daemon: container 3c922e8e7c78d62c2ab93177595b2cd99d168cd738e392ca1b1e80d6e83e1b5f is not running)
  rows player_totem_model                    UNREADABLE (SQL failed (query → acore_world): Error response from daemon: container 3c922e8e7c78d62c2ab93177595b2cd99d168cd738e392ca1b1e80d6e83e1b5f is not running)
  rows quest_template                        UNREADABLE (SQL failed (query → acore_world): Error response from daemon: container 3c922e8e7c78d62c2ab93177595b2cd99d168cd738e392ca1b1e80d6e83e1b5f is not running)
  checksum playercreateinfo                  UNREADABLE (SQL failed (query → acore_world): Error response from daemon: container 3c922e8e7c78d62c2ab93177595b2cd99d168cd738e392ca1b1e80d6e83e1b5f is not running)
  checksum playercreateinfo_action           UNREADABLE (SQL failed (query → acore_world): Error response from daemon: container 3c922e8e7c78d62c2ab93177595b2cd99d168cd738e392ca1b1e80d6e83e1b5f is not running)
  checksum playercreateinfo_skills           UNREADABLE (SQL failed (query → acore_world): Error response from daemon: container 3c922e8e7c78d62c2ab93177595b2cd99d168cd738e392ca1b1e80d6e83e1b5f is not running)
  checksum playercreateinfo_spell_custom     UNREADABLE (SQL failed (query → acore_world): Error response from daemon: container 3c922e8e7c78d62c2ab93177595b2cd99d168cd738e392ca1b1e80d6e83e1b5f is not running)
  checksum player_totem_model                UNREADABLE (SQL failed (query → acore_world): Error response from daemon: container 3c922e8e7c78d62c2ab93177595b2cd99d168cd738e392ca1b1e80d6e83e1b5f is not running)
  checksum quest_template                    UNREADABLE (SQL failed (query → acore_world): Error response from daemon: container 3c922e8e7c78d62c2ab93177595b2cd99d168cd738e392ca1b1e80d6e83e1b5f is not running)
  skills_still_to_change                     UNREADABLE (SQL failed (query → acore_world): Error response from daemon: container 3c922e8e7c78d62c2ab93177595b2cd99d168cd738e392ca1b1e80d6e83e1b5f is not running)
  quests_still_to_change                     UNREADABLE (SQL failed (query → acore_world): Error response from daemon: container 3c922e8e7c78d62c2ab93177595b2cd99d168cd738e392ca1b1e80d6e83e1b5f is not running)
  quests_at_1791                             UNREADABLE (SQL failed (query → acore_world): Error response from daemon: container 3c922e8e7c78d62c2ab93177595b2cd99d168cd738e392ca1b1e80d6e83e1b5f is not running)
  totem_rows_for_arac_races                  UNREADABLE (SQL failed (query → acore_world): Error response from daemon: container 3c922e8e7c78d62c2ab93177595b2cd99d168cd738e392ca1b1e80d6e83e1b5f is not running)
[08:05:20Z] --- the press ---
ApplyError: SQL failed (arac.sql → acore_world): Error response from daemon: container 3c922e8e7c78d62c2ab93177595b2cd99d168cd738e392ca1b1e80d6e83e1b5f is not running
[08:05:21Z] OUTCOME: FAILED
--- mod-arac on disk: after press 2 ---
  modules/mod-arac is a dir                    True
  files in it                                  ['.git', '.github', '.yulon-clone.json', 'LICENSE', 'Patch-A.MPQ', 'README.md', 'data', 'icon.png', 'icons.png', 'images', 'include.sh', 'patch-contents']
  marker .arac_sql_applied                     False
  any mod_arac conf under env/dist/etc/modules []
  modules/ on disk                             ['.gitkeep', 'CMakeLists.txt', 'ModulesLoader.cpp.in.cmake', 'ModulesPCH.h', 'ModulesScriptLoader.h', 'create_module.sh', 'how_to_make_a_module.md', 'mod-ale', 'mod-arac', 'mod-playerbots']
--- counts: after press 2 ---
  rows playercreateinfo                      UNREADABLE (SQL failed (query → acore_world): Error response from daemon: container 3c922e8e7c78d62c2ab93177595b2cd99d168cd738e392ca1b1e80d6e83e1b5f is not running)
  rows playercreateinfo_action               UNREADABLE (SQL failed (query → acore_world): Error response from daemon: container 3c922e8e7c78d62c2ab93177595b2cd99d168cd738e392ca1b1e80d6e83e1b5f is not running)
  rows playercreateinfo_skills               UNREADABLE (SQL failed (query → acore_world): Error response from daemon: container 3c922e8e7c78d62c2ab93177595b2cd99d168cd738e392ca1b1e80d6e83e1b5f is not running)
  rows playercreateinfo_spell_custom         UNREADABLE (SQL failed (query → acore_world): Error response from daemon: container 3c922e8e7c78d62c2ab93177595b2cd99d168cd738e392ca1b1e80d6e83e1b5f is not running)
  rows player_totem_model                    UNREADABLE (SQL failed (query → acore_world): Error response from daemon: container 3c922e8e7c78d62c2ab93177595b2cd99d168cd738e392ca1b1e80d6e83e1b5f is not running)
  rows quest_template                        UNREADABLE (SQL failed (query → acore_world): Error response from daemon: container 3c922e8e7c78d62c2ab93177595b2cd99d168cd738e392ca1b1e80d6e83e1b5f is not running)
  checksum playercreateinfo                  UNREADABLE (SQL failed (query → acore_world): Error response from daemon: container 3c922e8e7c78d62c2ab93177595b2cd99d168cd738e392ca1b1e80d6e83e1b5f is not running)
  checksum playercreateinfo_action           UNREADABLE (SQL failed (query → acore_world): Error response from daemon: container 3c922e8e7c78d62c2ab93177595b2cd99d168cd738e392ca1b1e80d6e83e1b5f is not running)
  checksum playercreateinfo_skills           UNREADABLE (SQL failed (query → acore_world): Error response from daemon: container 3c922e8e7c78d62c2ab93177595b2cd99d168cd738e392ca1b1e80d6e83e1b5f is not running)
  checksum playercreateinfo_spell_custom     UNREADABLE (SQL failed (query → acore_world): Error response from daemon: container 3c922e8e7c78d62c2ab93177595b2cd99d168cd738e392ca1b1e80d6e83e1b5f is not running)
  checksum player_totem_model                UNREADABLE (SQL failed (query → acore_world): Error response from daemon: container 3c922e8e7c78d62c2ab93177595b2cd99d168cd738e392ca1b1e80d6e83e1b5f is not running)
  checksum quest_template                    UNREADABLE (SQL failed (query → acore_world): Error response from daemon: container 3c922e8e7c78d62c2ab93177595b2cd99d168cd738e392ca1b1e80d6e83e1b5f is not running)
  skills_still_to_change                     UNREADABLE (SQL failed (query → acore_world): Error response from daemon: container 3c922e8e7c78d62c2ab93177595b2cd99d168cd738e392ca1b1e80d6e83e1b5f is not running)
  quests_still_to_change                     UNREADABLE (SQL failed (query → acore_world): Error response from daemon: container 3c922e8e7c78d62c2ab93177595b2cd99d168cd738e392ca1b1e80d6e83e1b5f is not running)
  quests_at_1791                             UNREADABLE (SQL failed (query → acore_world): Error response from daemon: container 3c922e8e7c78d62c2ab93177595b2cd99d168cd738e392ca1b1e80d6e83e1b5f is not running)
  totem_rows_for_arac_races                  UNREADABLE (SQL failed (query → acore_world): Error response from daemon: container 3c922e8e7c78d62c2ab93177595b2cd99d168cd738e392ca1b1e80d6e83e1b5f is not running)
saved /home/pk/arac-gate-out/counts-after-success.json
COUNTS CHANGED BY THIS PRESS:
    nothing
world: exited pid=0 restarts=0 started=2026-09-09T03:06:45.852973725Z   database: exited pid=0 restarts=0 started=2026-09-09T02:17:39.714383429Z
