=== PRESS 2: the same step, WORLD STOPPED ===
ground: containers up = ac-database Up About a minute (healthy)
ground: world = exited pid=0 restarts=0 started=2026-09-09T03:06:45.852973725Z
ground: database = running pid=403938 restarts=0 started=2026-09-09T08:05:42.732676577Z
ground: the seam says world_running() = False
--- mod-arac on disk: before press 2 ---
  modules/mod-arac is a dir                    True
  files in it                                  ['.git', '.github', '.yulon-clone.json', 'LICENSE', 'Patch-A.MPQ', 'README.md', 'data', 'icon.png', 'icons.png', 'images', 'include.sh', 'patch-contents']
  marker .arac_sql_applied                     False
  any mod_arac conf under env/dist/etc/modules []
  modules/ on disk                             ['.gitkeep', 'CMakeLists.txt', 'ModulesLoader.cpp.in.cmake', 'ModulesPCH.h', 'ModulesScriptLoader.h', 'create_module.sh', 'how_to_make_a_module.md', 'mod-ale', 'mod-arac', 'mod-playerbots']
--- counts: before press 2 ---
  rows playercreateinfo                      100
  rows playercreateinfo_action               488
  rows playercreateinfo_skills               77
  rows playercreateinfo_spell_custom         7219
  rows player_totem_model                    40
  rows quest_template                        9464
  checksum playercreateinfo                  773387713
  checksum playercreateinfo_action           3925301461
  checksum playercreateinfo_skills           4287417897
  checksum playercreateinfo_spell_custom     840767378
  checksum player_totem_model                3963586888
  checksum quest_template                    1875883529
  skills_still_to_change                     0
  quests_still_to_change                     0
  quests_at_1791                             647
  totem_rows_for_arac_races                  20
[08:06:57Z] --- the press ---
2026-09-09 10:06:58 INFO [yulon.apply] install mod-arac: 2 step(s), 2 skipped, 0 left unapplied, rebuild=False
saved the tab's own rendering to /home/pk/arac-gate-out/success-report.txt
ApplyReport action=install item=mod-arac
done:
  clone https://github.com/heyitsbench/mod-arac.git → modules/mod-arac
  sql data/sql/db-world/arac.sql → world
skipped:
  client Patch-A.MPQ: no client dir configured
  server_dbc patch-contents/DBFilesContent: no DBC copier configured
pending_sql:
rebuild_required=False  restart_recommended=True
[08:06:58Z] OUTCOME: APPLIED
--- mod-arac on disk: after press 2 ---
  modules/mod-arac is a dir                    True
  files in it                                  ['.git', '.github', '.yulon-clone.json', 'LICENSE', 'Patch-A.MPQ', 'README.md', 'data', 'icon.png', 'icons.png', 'images', 'include.sh', 'patch-contents']
  marker .arac_sql_applied                     False
  any mod_arac conf under env/dist/etc/modules []
  modules/ on disk                             ['.gitkeep', 'CMakeLists.txt', 'ModulesLoader.cpp.in.cmake', 'ModulesPCH.h', 'ModulesScriptLoader.h', 'create_module.sh', 'how_to_make_a_module.md', 'mod-ale', 'mod-arac', 'mod-playerbots']
--- counts: after press 2 ---
  rows playercreateinfo                      100
  rows playercreateinfo_action               488
  rows playercreateinfo_skills               77
  rows playercreateinfo_spell_custom         7219
  rows player_totem_model                    40
  rows quest_template                        9464
  checksum playercreateinfo                  773387713
  checksum playercreateinfo_action           3925301461
  checksum playercreateinfo_skills           4287417897
  checksum playercreateinfo_spell_custom     840767378
  checksum player_totem_model                3963586888
  checksum quest_template                    1875883529
  skills_still_to_change                     0
  quests_still_to_change                     0
  quests_at_1791                             647
  totem_rows_for_arac_races                  20
saved /home/pk/arac-gate-out/counts-after-success.json
COUNTS CHANGED BY THIS PRESS:
    nothing
world: exited pid=0 restarts=0 started=2026-09-09T03:06:45.852973725Z   database: running pid=403938 restarts=0 started=2026-09-09T08:05:42.732676577Z
