=== RESTORE the six tables from the pre-press dump ===
ground: world = exited pid=0 restarts=0 started=2026-09-09T03:06:45.852973725Z  (must NOT be running)
--- counts: before restore ---
  rows playercreateinfo                      100
  rows playercreateinfo_action               488
  rows playercreateinfo_skills               77
  rows playercreateinfo_spell_custom         7219
  rows player_totem_model                    40
  rows quest_template                        9464
  checksum playercreateinfo                  773387713
  checksum playercreateinfo_action           3925301461
  checksum playercreateinfo_skills           4287417897
  checksum playercreateinfo_spell_custom     840767378
  checksum player_totem_model                3963586888
  checksum quest_template                    1875883529
  skills_still_to_change                     0
  quests_still_to_change                     0
  quests_at_1791                             647
  totem_rows_for_arac_races                  20
argv: ['docker', 'exec', '-i', '-e', 'MYSQL_PWD', 'ac-database', 'mysql', '-uroot', 'acore_world']   from /home/pk/arac-gate-out/world-six-tables-before.sql (7038460 bytes)
rc=0 stderr=''
--- counts: after restore ---
  rows playercreateinfo                      62
  rows playercreateinfo_action               283
  rows playercreateinfo_skills               77
  rows playercreateinfo_spell_custom         0
  rows player_totem_model                    20
  rows quest_template                        9464
  checksum playercreateinfo                  1375550933
  checksum playercreateinfo_action           1810990106
  checksum playercreateinfo_skills           1381324222
  checksum playercreateinfo_spell_custom     0
  checksum player_totem_model                58188735
  checksum quest_template                    4127409649
  skills_still_to_change                     5
  quests_still_to_change                     635
  quests_at_1791                             12
  totem_rows_for_arac_races                  0
saved /home/pk/arac-gate-out/counts-after-restore.json
DIFFERENT FROM THE GROUND AFTER THE RESTORE:
    nothing -- every count and every checksum is the ground reading
