[14:44:04Z] =========== rehearsal, part 2: which head migrations collide with the head base ===========
[14:44:25Z] round 1: SKIP 20260903063722_world 34F86966897E9206E13773D73C2232677DA2FFED :: [1062] Duplicate entry '44070' for key 'PRIMARY' VERDICT FAILED 1 
[14:45:38Z] round 2: SKIP 20260903063722_world 34F86966897E9206E13773D73C2232677DA2FFED :: [1062] Duplicate entry '51818-0' for key 'PRIMARY' VERDICT UP 15 
[14:45:38Z] --- after ---
173 903 2 
[DB Auto-Updater] Found 2 possible migrations for character.
[DB Auto-Updater] Found 173 possible migrations for world.
[DB Auto-Updater] Attempting to execute update 20260903115534_world.
[DB Auto-Updater] Attempting to execute update 20260903141940_world.
[DB Auto-Updater] Attempting to execute update 20260903183000_world.
[DB Auto-Updater] Attempting to execute update 20260903190000_world.
[DB Auto-Updater] Attempting to execute update 20260903191647_world.
[DB Auto-Updater] Attempting to execute update 20260903214500_world.
[DB Auto-Updater] Attempting to execute update 20260903233000_world.
[DB Auto-Updater] Attempting to execute update 20260904020000_world_transport_manifest.
[DB Auto-Updater] Attempting to execute update 20260905075842_world.
[DB Auto-Updater] Attempting to execute update 20260905103856_world.
[DB Auto-Updater] Attempting to execute update 20260905175321_world.
[DB Auto-Updater] Attempting to execute update 20260905183441_world.
[DB Auto-Updater] Attempting to execute update 20260906134216_world.
[DB Auto-Updater] Attempting to execute update 20260906174121_world.
[DB Auto-Updater] Attempting to execute update 20260906190000_world.
World server is up and running! Loading time: 1 minutes 1 seconds
[0 ms] SQL: SELECT itemLowGuid, itemEntry, itemCount, action, timestamp FROM character_item_logs WHERE playerLowGuid = '197' ORDER BY timestamp DESC
[0 ms] SQL: SELECT guid, spell, spec FROM `character_spell_dual_spec` WHERE guid = '197'
[0 ms] SQL: SELECT `target_guid`, `time` FROM `whisper_targets` WHERE `account` = 37
[0 ms] SQL: SELECT `title`, `active` FROM `character_titles` WHERE `guid` = '503'
[2 ms] SQL: DELETE FROM ai_playerbot_random_bots WHERE owner = 0 AND bot = '503' AND event = 'login'
[1 ms] SQL: SELECT action_line FROM ai_playerbot_custom_strategy WHERE name = 'say' and owner = '503' order by idx
[1 ms] SQL: SELECT action_line FROM ai_playerbot_custom_strategy WHERE name = 'say' and owner = '0' order by idx
[1 ms] SQL: SELECT 1 FROM character_social WHERE flags='1' and friend='503'
stopped
[14:45:50Z] DONE
