
[17:55:15] client=C:\clients\WoW-WotLK-3.3.5a-min realmlist=172.30.55.155 account=GATE84W label=play3
[17:55:15] wrote realmlist into C:\clients\WoW-WotLK-3.3.5a-min\WTF\Config.wtf
[17:55:15] wrote realmlist into C:\clients\WoW-WotLK-3.3.5a-min\Data\enUS\realmlist.wtf
[17:55:17] started Wow.exe as pid 12644
[17:55:19] window handle 7473234 after 2s
[17:55:34] raised the client window 7473234; the foreground is now 7473234 (the same: True)
[17:55:36] sent the login
[17:55:56] photographed play3-1-character-screen  (the client process is alive: True)
[17:55:57] raised the client window 7473234; the foreground is now 7473234 (the same: True)
[17:55:57] entering the world
[17:56:42] photographed play3-2-in-world  (the client process is alive: True)
[17:56:43] raised the client window 7473234; the foreground is now 7473234 (the same: True)
[17:56:46] targeted self with F1 and sent .die from the client's own chat line
[17:56:54] photographed play3-2b-dead  (the client process is alive: True)
[17:57:09] photographed play3-hold-01  (the client process is alive: True)
[17:57:24] photographed play3-hold-02  (the client process is alive: True)
[17:57:40] photographed play3-hold-03  (the client process is alive: True)
[17:57:55] photographed play3-hold-04  (the client process is alive: True)
[17:58:10] photographed play3-hold-05  (the client process is alive: True)
[17:58:25] photographed play3-hold-06  (the client process is alive: True)
[17:58:40] photographed play3-hold-07  (the client process is alive: True)
[17:58:55] photographed play3-hold-08  (the client process is alive: True)
