
[18:08:31] client=C:\clients\WoW-WotLK-3.3.5a-min realmlist=172.30.55.155 account=GATE84W label=play6-mail
[18:08:31] wrote realmlist into C:\clients\WoW-WotLK-3.3.5a-min\WTF\Config.wtf
[18:08:31] wrote realmlist into C:\clients\WoW-WotLK-3.3.5a-min\Data\enUS\realmlist.wtf
[18:08:33] started Wow.exe as pid 10924
[18:08:35] window handle 5048696 after 2s
[18:08:50] raised the client window 5048696; the foreground is now 5048696 (the same: True)
[18:08:52] sent the login
[18:09:12] photographed play6-mail-1-character-screen  (the client process is alive: True)
[18:09:13] raised the client window 5048696; the foreground is now 5048696 (the same: True)
[18:09:13] entering the world
[18:09:21] photographed play6-mail-2a-rename-prompt  (the client process is alive: True)
[18:09:22] answered the rename prompt with Amvezgate
[18:09:29] photographed play6-mail-2a-rename-answered  (the client process is alive: True)
[18:09:29] raised the client window 5048696; the foreground is now 5048696 (the same: True)
[18:09:29] entering the world again, after the rename
[18:10:15] photographed play6-mail-2-in-world  (the client process is alive: True)
[18:10:30] photographed play6-mail-hold-01  (the client process is alive: True)
[18:10:45] photographed play6-mail-hold-02  (the client process is alive: True)
[18:11:00] photographed play6-mail-hold-03  (the client process is alive: True)
[18:11:15] photographed play6-mail-hold-04  (the client process is alive: True)
[18:11:31] photographed play6-mail-hold-05  (the client process is alive: True)
[18:11:46] photographed play6-mail-hold-06  (the client process is alive: True)
[18:11:46] closed the client
