
[17:31:32] client=C:\clients\WoW-WotLK-3.3.5a-min realmlist=172.30.55.155 account=GATE84W label=play1
[17:31:32] wrote realmlist into C:\clients\WoW-WotLK-3.3.5a-min\WTF\Config.wtf
[17:31:32] wrote realmlist into C:\clients\WoW-WotLK-3.3.5a-min\Data\enUS\realmlist.wtf
[17:31:34] started Wow.exe as pid 2996
[17:31:36] window handle 12452458 after 2s
[17:31:50] raised the client window 12452458; the foreground is now 12452458 (the same: True)
[17:31:53] sent the login
[17:32:13] photographed play1-1-character-screen  (the client process is alive: True)
[17:32:14] raised the client window 12452458; the foreground is now 12452458 (the same: True)
[17:32:14] entering the world
[17:32:59] photographed play1-2-in-world  (the client process is alive: True)
[17:33:14] photographed play1-hold-01  (the client process is alive: True)
[17:33:29] photographed play1-hold-02  (the client process is alive: True)
[17:33:44] photographed play1-hold-03  (the client process is alive: True)
[17:34:00] photographed play1-hold-04  (the client process is alive: True)
[17:34:15] photographed play1-hold-05  (the client process is alive: True)
[17:34:30] photographed play1-hold-06  (the client process is alive: True)
[17:34:45] photographed play1-hold-07  (the client process is alive: True)
[17:35:00] photographed play1-hold-08  (the client process is alive: True)
[17:35:16] photographed play1-hold-09  (the client process is alive: True)
[17:35:31] photographed play1-hold-10  (the client process is alive: True)
[17:35:46] photographed play1-hold-11  (the client process is alive: True)
[17:36:01] photographed play1-hold-12  (the client process is alive: True)
[17:36:16] photographed play1-hold-13  (the client process is alive: True)
[17:36:32] photographed play1-hold-14  (the client process is alive: True)
[17:36:47] photographed play1-hold-15  (the client process is alive: True)
[17:37:02] photographed play1-hold-16  (the client process is alive: True)
[17:37:17] photographed play1-hold-17  (the client process is alive: True)
[17:37:32] photographed play1-hold-18  (the client process is alive: True)
[17:37:47] photographed play1-hold-19  (the client process is alive: True)
[17:38:03] photographed play1-hold-20  (the client process is alive: True)
[17:38:03] raised the client window 12452458; the foreground is now 12452458 (the same: True)
[17:38:06] asked /who Aegli
[17:38:16] photographed play1-3-who  (the client process is alive: True)
[17:38:16] closed the client
