=== tbc-mangosd exit code and shutdown words, after the 7.9 re-run stop_staged() presses ===
captured (local): 2026-09-08T23:59:16+02:00

--- docker inspect: all three TBC containers, exit code and when they finished ---
/tbc-mangosd exit=139 started=2026-09-08T21:54:13.414909796Z finished=2026-09-08T21:55:27.669534862Z restarts=0 oom=false
/tbc-realmd exit=0 started=2026-09-08T21:54:13.416323438Z finished=2026-09-08T21:55:26.538471473Z restarts=0 oom=false
/tbc-db exit=0 started=2026-09-08T21:54:07.727635087Z finished=2026-09-08T21:55:27.943916809Z restarts=0 oom=false

--- counts over the WHOLE container log, not a tail window ---
Critical Error lines: 13
deleted but still in world lines: 13
Lost connection to MySQL lines: 3
total log lines: 36580

--- the last 12 lines of the container log (the shutdown itself) ---
Server uptime: 1 Minute(s) 4 Second(s).
mangos>Gameobject (GUID: 78606) not created: Entry 0 does not exist in `gameobject_template`. Map: 0  (X: 1682.834229 Y: -1010.237671 Z: 79.042580) ang: 4.625124 rotation0: 0.000000 rotation1: 0.000000 rotation2: -0.737277 rotation3: 0.675591
Gameobject (GUID: 78618) not created: Entry 0 does not exist in `gameobject_template`. Map: 0  (X: 1832.735718 Y: -1031.804321 Z: 83.729584) ang: 5.393069 rotation0: 0.000000 rotation1: 0.000000 rotation2: -0.430511 rotation3: 0.902586
Gameobject (GUID: 78615) not created: Entry 0 does not exist in `gameobject_template`. Map: 0  (X: 1882.887817 Y: -1053.469971 Z: 78.626709) ang: 2.652894 rotation0: 0.000000 rotation1: 0.000000 rotation2: 0.970295 rotation3: 0.241925
AbstractPathMovementGenerator::Initialize Path empty for unit name Krennnas entry 0 dbguid 150.
Avg Diff: 129. Sessions online: 0.
Max Diff: 788.
Object::~Object (GUID: 181646 TypeId: 5) deleted but still in world!!
Critical Error: A condition which must never be false was found to be false. Server was shut down to protect data integrity.
If this error is occurring frequently, please recompile the software in debug mode to get more details.

~Object(): false
