=== gate-79-controller-surface.py wow-tbc /home/pk/tbc-7.4c ===
code under test : /home/pk/lane79/checkout at 96a129dcd03866e3ac997d1be1e690553f92c535
interpreter     : /home/pk/gate81b-venv/bin/python (Python 3.11.15)
PySide6         : 6.11.2
started (local) : 2026-09-08T23:40:09+02:00
---
game=wow-tbc server_dir=/home/pk/tbc-7.4c
containers: world=tbc-mangosd auth=tbc-realmd db=tbc-db auth_port=3724

====================== baseline ======================
status: db=False auth=False world=False
running: {'tbc-mangosd': False, 'tbc-realmd': False, 'tbc-db': False}
not all up; starting first so the console and backup have a server
2026-09-08 23:40:10 INFO [yulon.docker] start_staged(): `compose up -d --no-deps tbc-db tbc-realmd tbc-mangosd` in /home/pk/tbc-7.4c
running now: {'tbc-mangosd': True, 'tbc-realmd': True, 'tbc-db': True}
[OK] the server reached this game's ready marker before the console step (64.7s waited, started_by_this_run=True)

====================== console.send_command() -- and what the attach did to the server ======================
tbc-mangosd before: {'pid': 2448339, 'restarts': 0, 'started_at': '2026-09-08T21:40:16.134577447Z'}
2026-09-08 23:41:21 INFO [yulon.controller_wow_wotlk.console] console → tbc-mangosd: ['server', 'info']
reply.command : 'server info'
reply.prompted: True
  | AbstractPathMovementGenerator::Initialize Path empty for unit name Ylla entry 0 dbguid 73.
  | CMaNGOS/0.18 (0000-00-00T00:00:00+00:00 - Git repository not found) for Linux_x64 (little-endian)
  | Using World DB: TBC-DB 1.11.0 'Vengeance One: A Cmangos Story' for CMaNGOS-TBC
  | Using creature EventAI: ACID 2.4.3 (The Burning Crusades) for CMaNGOS-TBC (2.4.3 Client)
  | Online players: 0 (max: 0)
  | Server uptime: 1 Minute(s)
tbc-mangosd after:  {'pid': 2448339, 'restarts': 0, 'started_at': '2026-09-08T21:40:16.134577447Z'}
[OK] send_command('server info') answered in 3.60s and left pid/RestartCount/StartedAt unchanged (pid 2448339, RestartCount 0)
[OK] the reply carries 6 line(s) cut on this core's own prompt

====================== backup() -- live, with the server running ======================
2026-09-08 23:41:30 INFO [yulon.controller_wow_wotlk.maintenance] backed up 4 database(s) into /home/pk/tbc-7.4c/sql_scripts/backups: characters (84154936 bytes), logs (4648 bytes), mangos (158550486 bytes), realmd (48307 bytes)
  dump: characters /home/pk/tbc-7.4c/sql_scripts/backups/20260908_234124_characters.sql 84154936 bytes
  dump: logs /home/pk/tbc-7.4c/sql_scripts/backups/20260908_234124_logs.sql 4648 bytes
  dump: mangos /home/pk/tbc-7.4c/sql_scripts/backups/20260908_234124_mangos.sql 158550486 bytes
  dump: realmd /home/pk/tbc-7.4c/sql_scripts/backups/20260908_234124_realmd.sql 48307 bytes
  missing_core: ()
[OK] backup() -> 4 dump(s) (characters, logs, mangos, realmd) in /home/pk/tbc-7.4c/sql_scripts/backups in 5.3s, server_was_running=True

====================== verify_dump() on every dump ======================
  verify_dump(20260908_234124_characters.sql) -> 84154936 bytes
  verify_dump(20260908_234124_logs.sql) -> 4648 bytes
  verify_dump(20260908_234124_mangos.sql) -> 158550486 bytes
  verify_dump(20260908_234124_realmd.sql) -> 48307 bytes
[OK] verify_dump() passed for all 4 dump(s)

====================== plan_restore() while the server is up -- it must REFUSE ======================
running when asked: {'tbc-mangosd': True, 'tbc-realmd': True, 'tbc-db': True}
2026-09-08 23:41:32 INFO [yulon.controller_wow_wotlk.maintenance] restore of 20260908_234124_characters.sql refused: tbc-mangosd, tbc-realmd are running. A restore has to happen with the game servers stopped: the worldserver keeps characters in memory and saves them back, so it would overwrite the restored data within minutes. Stop the server and try again.
refusals: ('tbc-mangosd, tbc-realmd are running. A restore has to happen with the game servers stopped: the worldserver keeps characters in memory and saves them back, so it would overwrite the restored data within minutes. Stop the server and try again.',)
[OK] plan_restore() refused while running: ['tbc-mangosd, tbc-realmd are running. A restore has to happen with the game servers stopped: the worldserver keeps characters in memory and saves them back, so it would overwrite the restored data within minutes. Stop the server and try again.']

====================== Controller.stop() -- the Stop button, which calls stop_staged() ======================
2026-09-08 23:41:32 INFO [yulon.logsnap] saved tbc-mangosd's log to /home/pk/.local/share/yulon/logs/wow-tbc-37f13213-20260908T214132Z.log
2026-09-08 23:41:34 INFO [yulon.docker] stop_staged(): stopped; containers kept for a fast restart
running after stop: {'tbc-mangosd': False, 'tbc-realmd': False, 'tbc-db': False}
[OK] stop_staged() took 2.2s and returned True; db, auth and world all down

====================== Controller.start() -- the Start button, which calls start_staged() ======================
2026-09-08 23:41:34 INFO [yulon.docker] start_staged(): `compose up -d --no-deps tbc-db tbc-realmd tbc-mangosd` in /home/pk/tbc-7.4c
running after start: {'tbc-mangosd': True, 'tbc-realmd': True, 'tbc-db': True}
[OK] start_staged() returned in 6.1s; all three up

====================== time from start_staged() to this game's own ready marker ======================
[OK] reached ready 62.6s after start_staged() returned

====================== restore round trip: db up, world+auth down -- EVERY dump, not just the first ======================
tbc-mangosd
tbc-realmd

-- characters (84154936 bytes)
   refusals: ()
   databases: ('characters',)  size_bytes: 84154936
   interrupted: None
2026-09-08 23:42:54 INFO [yulon.controller_wow_wotlk.maintenance] backed up 1 database(s) into /home/pk/tbc-7.4c/sql_scripts/backups: characters (84169372 bytes)
2026-09-08 23:42:54 WARNING [yulon.controller_wow_wotlk.maintenance] restoring characters from /home/pk/tbc-7.4c/sql_scripts/backups/20260908_234124_characters.sql
2026-09-08 23:43:08 INFO [yulon.controller_wow_wotlk.maintenance] restored characters from /home/pk/tbc-7.4c/sql_scripts/backups/20260908_234124_characters.sql
   restored ('characters',) in 18.0s (safety: ['20260908_234253_pre-restore_characters.sql'])

-- logs (4648 bytes)
   refusals: ()
   databases: ('logs',)  size_bytes: 4648
   interrupted: None
2026-09-08 23:43:08 INFO [yulon.controller_wow_wotlk.maintenance] backed up 1 database(s) into /home/pk/tbc-7.4c/sql_scripts/backups: logs (4648 bytes)
2026-09-08 23:43:08 WARNING [yulon.controller_wow_wotlk.maintenance] restoring logs from /home/pk/tbc-7.4c/sql_scripts/backups/20260908_234124_logs.sql
2026-09-08 23:43:09 INFO [yulon.controller_wow_wotlk.maintenance] restored logs from /home/pk/tbc-7.4c/sql_scripts/backups/20260908_234124_logs.sql
   restored ('logs',) in 0.5s (safety: ['20260908_234308_pre-restore_logs.sql'])

-- mangos (158550486 bytes)
   refusals: ()
   databases: ('mangos',)  size_bytes: 158550486
   interrupted: None
2026-09-08 23:43:20 INFO [yulon.controller_wow_wotlk.maintenance] backed up 1 database(s) into /home/pk/tbc-7.4c/sql_scripts/backups: mangos (158550486 bytes)
2026-09-08 23:43:20 WARNING [yulon.controller_wow_wotlk.maintenance] restoring mangos from /home/pk/tbc-7.4c/sql_scripts/backups/20260908_234124_mangos.sql
2026-09-08 23:43:43 INFO [yulon.controller_wow_wotlk.maintenance] restored mangos from /home/pk/tbc-7.4c/sql_scripts/backups/20260908_234124_mangos.sql
   restored ('mangos',) in 30.3s (safety: ['20260908_234318_pre-restore_mangos.sql'])

-- realmd (48307 bytes)
   refusals: ()
   databases: ('realmd',)  size_bytes: 48307
   interrupted: None
2026-09-08 23:43:44 INFO [yulon.controller_wow_wotlk.maintenance] backed up 1 database(s) into /home/pk/tbc-7.4c/sql_scripts/backups: realmd (48349 bytes)
2026-09-08 23:43:44 WARNING [yulon.controller_wow_wotlk.maintenance] restoring realmd from /home/pk/tbc-7.4c/sql_scripts/backups/20260908_234124_realmd.sql
2026-09-08 23:43:44 INFO [yulon.controller_wow_wotlk.maintenance] restored realmd from /home/pk/tbc-7.4c/sql_scripts/backups/20260908_234124_realmd.sql
   restored ('realmd',) in 0.7s (safety: ['20260908_234344_pre-restore_realmd.sql'])
[OK] restore() put back all 4 databases (characters, logs, mangos, realmd) in 49.6s total

====================== start again, and confirm the restored server comes back ready ======================
2026-09-08 23:43:44 INFO [yulon.docker] start_staged(): `compose up -d --no-deps tbc-db tbc-realmd tbc-mangosd` in /home/pk/tbc-7.4c
running: {'tbc-mangosd': True, 'tbc-realmd': True, 'tbc-db': True}
[OK] the restored server reached ready again in 64.9s

====================== SUMMARY ======================
OK the server reached this game's ready marker before the console step (64.7s waited, started_by_this_run=True)
OK send_command('server info') answered in 3.60s and left pid/RestartCount/StartedAt unchanged (pid 2448339, RestartCount 0)
OK the reply carries 6 line(s) cut on this core's own prompt
OK backup() -> 4 dump(s) (characters, logs, mangos, realmd) in /home/pk/tbc-7.4c/sql_scripts/backups in 5.3s, server_was_running=True
OK verify_dump() passed for all 4 dump(s)
OK plan_restore() refused while running: ['tbc-mangosd, tbc-realmd are running. A restore has to happen with the game servers stopped: the worldserver keeps characters in memory and saves them back, so it would overwrite the restored data within minutes. Stop the server and try again.']
OK stop_staged() took 2.2s and returned True; db, auth and world all down
OK start_staged() returned in 6.1s; all three up
OK reached ready 62.6s after start_staged() returned
OK restore() put back all 4 databases (characters, logs, mangos, realmd) in 49.6s total
OK the restored server reached ready again in 64.9s

TIMES {"baseline_start_staged_seconds": 6.110677242046222, "baseline_ready_seconds": 64.67119513312355, "console_seconds": 3.6028789980337024, "backup_seconds": 5.292236408917233, "stop_staged_seconds": 2.206461356021464, "start_staged_seconds": 6.1487338619772345, "ready_seconds": 62.62735829502344, "restore_seconds": 49.553545750910416, "ready_after_restore_seconds": 64.8716300248634}

11 passed, 0 failed
--- exit code: 0   elapsed: 281s   finished: 2026-09-08T23:44:50+02:00
