=== gate-79-controller-surface.py wow-tortoise /home/pk/tortoise-server ===
code under test : /home/pk/lane79/checkout at 96a129dcd03866e3ac997d1be1e690553f92c535
interpreter     : /home/pk/gate81b-venv/bin/python (Python 3.11.15)
PySide6         : 6.11.2
started (local) : 2026-09-08T23:48:44+02:00
---
game=wow-tortoise server_dir=/home/pk/tortoise-server
containers: world=tortoise-mangosd auth=tortoise-realmd db=tortoise-db auth_port=3724

====================== baseline ======================
status: db=False auth=False world=False
running: {'tortoise-mangosd': False, 'tortoise-realmd': False, 'tortoise-db': False}
not all up; starting first so the console and backup have a server
2026-09-08 23:48:45 INFO [yulon.docker] start_staged(): `compose up -d --no-deps tortoise-db tortoise-realmd tortoise-mangosd` in /home/pk/tortoise-server
running now: {'tortoise-mangosd': True, 'tortoise-realmd': True, 'tortoise-db': True}
[OK] the server reached this game's ready marker before the console step (76.5s waited, started_by_this_run=True)

====================== console.send_command() -- and what the attach did to the server ======================
tortoise-mangosd before: {'pid': 2462552, 'restarts': 0, 'started_at': '2026-09-08T21:48:51.193275027Z'}
2026-09-08 23:50:07 INFO [yulon.controller_wow_wotlk.console] console → tortoise-mangosd: ['server', 'info']
reply.command : 'server info'
reply.prompted: True
  | [0 ms] SQL: SELECT `title`, `active` FROM `character_titles` WHERE `guid` = '382'
  | [0 ms] SQL: SELECT action_line FROM ai_playerbot_custom_strategy WHERE name = 'say' and owner = '382' order by idx
  | [0 ms] SQL: SELECT action_line FROM ai_playerbot_custom_strategy WHERE name = 'say' and owner = '0' order by idx
  | Could not open bot log file ../logs/bot_events.csv (No such file or directory). Logging to it is off for this run.
  | [0 ms] SQL: SELECT 1 FROM character_social WHERE flags='1' and friend='382'
  | [0 ms] SQL: SELECT `target_guid`, `time` FROM `whisper_targets` WHERE `account` = 96
  | [0 ms] SQL: SELECT `title`, `active` FROM `character_titles` WHERE `guid` = '406'
  | [1 ms] SQL: DELETE FROM ai_playerbot_random_bots WHERE owner = 0 AND bot = '382' AND event = 'specLink'
  | [2 ms] SQL: INSERT INTO ai_playerbot_random_bots (owner, bot, `time`, validIn, event, `value`) VALUES ('0', '382', '1788904208', '1296000', 'specNo', '2')
  | [3 ms] SQL: DELETE FROM ai_playerbot_random_bots WHERE owner = 0 AND bot = '382' AND event = 'specNo'
  | [0 ms] SQL: SELECT action_line FROM ai_playerbot_custom_strategy WHERE name = 'say' and owner = '406' order by idx
  | [0 ms] SQL: SELECT action_line FROM ai_playerbot_custom_strategy WHERE name = 'say' and owner = '0' order by idx
  | [1 ms] SQL: SELECT 1 FROM character_social WHERE flags='1' and friend='406'
  | [0 ms] SQL: SELECT `target_guid`, `time` FROM `whisper_targets` WHERE `account` = 94
  | [0 ms] SQL: SELECT `title`, `active` FROM `character_titles` WHERE `guid` = '814'
  | [1 ms] SQL: SELECT action_line FROM ai_playerbot_custom_strategy WHERE name = 'say' and owner = '814' order by idx
  | [0 ms] SQL: SELECT action_line FROM ai_playerbot_custom_strategy WHERE name = 'say' and owner = '0' order by idx
  | [1 ms] SQL: SELECT 1 FROM character_social WHERE flags='1' and friend='814'
  | Core revision: unknown / 1970-01-01 00:00:00 +0000 / Linux_x64 (little-endian)
  | Players online: 0. Max online: 0.
  | Server uptime: 1 Minute 12 Seconds.
  | Server Time: Tue, 08.09.2026 21:50:07
tortoise-mangosd after:  {'pid': 2462552, 'restarts': 0, 'started_at': '2026-09-08T21:48:51.193275027Z'}
[OK] send_command('server info') answered in 3.61s and left pid/RestartCount/StartedAt unchanged (pid 2462552, RestartCount 0)
[OK] the reply carries 22 line(s) cut on this core's own prompt

====================== backup() -- live, with the server running ======================
2026-09-08 23:50:18 INFO [yulon.controller_wow_wotlk.maintenance] backed up 4 database(s) into /home/pk/tortoise-server/sql_scripts/backups: tw_char (61497749 bytes), tw_logon (112180 bytes), tw_logs (3177 bytes), tw_world (171361088 bytes)
  dump: tw_char /home/pk/tortoise-server/sql_scripts/backups/20260908_235011_tw_char.sql 61497749 bytes
  dump: tw_logon /home/pk/tortoise-server/sql_scripts/backups/20260908_235011_tw_logon.sql 112180 bytes
  dump: tw_logs /home/pk/tortoise-server/sql_scripts/backups/20260908_235011_tw_logs.sql 3177 bytes
  dump: tw_world /home/pk/tortoise-server/sql_scripts/backups/20260908_235011_tw_world.sql 171361088 bytes
  missing_core: ()
[OK] backup() -> 4 dump(s) (tw_char, tw_logon, tw_logs, tw_world) in /home/pk/tortoise-server/sql_scripts/backups in 6.4s, server_was_running=True

====================== verify_dump() on every dump ======================
  verify_dump(20260908_235011_tw_char.sql) -> 61497749 bytes
  verify_dump(20260908_235011_tw_logon.sql) -> 112180 bytes
  verify_dump(20260908_235011_tw_logs.sql) -> 3177 bytes
  verify_dump(20260908_235011_tw_world.sql) -> 171361088 bytes
[OK] verify_dump() passed for all 4 dump(s)

====================== plan_restore() while the server is up -- it must REFUSE ======================
running when asked: {'tortoise-mangosd': True, 'tortoise-realmd': True, 'tortoise-db': True}
2026-09-08 23:50:20 INFO [yulon.controller_wow_wotlk.maintenance] restore of 20260908_235011_tw_char.sql refused: tortoise-mangosd, tortoise-realmd are running. A restore has to happen with the game servers stopped: the worldserver keeps characters in memory and saves them back, so it would overwrite the restored data within minutes. Stop the server and try again.
refusals: ('tortoise-mangosd, tortoise-realmd are running. A restore has to happen with the game servers stopped: the worldserver keeps characters in memory and saves them back, so it would overwrite the restored data within minutes. Stop the server and try again.',)
[OK] plan_restore() refused while running: ['tortoise-mangosd, tortoise-realmd are running. A restore has to happen with the game servers stopped: the worldserver keeps characters in memory and saves them back, so it would overwrite the restored data within minutes. Stop the server and try again.']

====================== Controller.stop() -- the Stop button, which calls stop_staged() ======================
2026-09-08 23:50:20 INFO [yulon.logsnap] saved tortoise-mangosd's log to /home/pk/.local/share/yulon/logs/wow-tortoise-58c6fd1c-20260908T215020Z.log
2026-09-08 23:50:25 INFO [yulon.docker] stop_staged(): stopped; containers kept for a fast restart
running after stop: {'tortoise-mangosd': False, 'tortoise-realmd': False, 'tortoise-db': False}
[OK] stop_staged() took 5.2s and returned True; db, auth and world all down

====================== Controller.start() -- the Start button, which calls start_staged() ======================
2026-09-08 23:50:25 INFO [yulon.docker] start_staged(): `compose up -d --no-deps tortoise-db tortoise-realmd tortoise-mangosd` in /home/pk/tortoise-server
running after start: {'tortoise-mangosd': True, 'tortoise-realmd': True, 'tortoise-db': True}
[OK] start_staged() returned in 6.1s; all three up

====================== time from start_staged() to this game's own ready marker ======================
[OK] reached ready 69.2s after start_staged() returned

====================== restore round trip: db up, world+auth down -- EVERY dump, not just the first ======================
tortoise-mangosd
tortoise-realmd

-- tw_char (61497749 bytes)
   refusals: ()
   databases: ('tw_char',)  size_bytes: 61497749
   interrupted: None
2026-09-08 23:51:52 INFO [yulon.controller_wow_wotlk.maintenance] backed up 1 database(s) into /home/pk/tortoise-server/sql_scripts/backups: tw_char (61499344 bytes)
2026-09-08 23:51:52 WARNING [yulon.controller_wow_wotlk.maintenance] restoring tw_char from /home/pk/tortoise-server/sql_scripts/backups/20260908_235011_tw_char.sql
2026-09-08 23:52:03 INFO [yulon.controller_wow_wotlk.maintenance] restored tw_char from /home/pk/tortoise-server/sql_scripts/backups/20260908_235011_tw_char.sql
   restored ('tw_char',) in 14.0s (safety: ['20260908_235152_pre-restore_tw_char.sql'])

-- tw_logon (112180 bytes)
   refusals: ()
   databases: ('tw_logon',)  size_bytes: 112180
   interrupted: None
2026-09-08 23:52:04 INFO [yulon.controller_wow_wotlk.maintenance] backed up 1 database(s) into /home/pk/tortoise-server/sql_scripts/backups: tw_logon (112237 bytes)
2026-09-08 23:52:04 WARNING [yulon.controller_wow_wotlk.maintenance] restoring tw_logon from /home/pk/tortoise-server/sql_scripts/backups/20260908_235011_tw_logon.sql
2026-09-08 23:52:05 INFO [yulon.controller_wow_wotlk.maintenance] restored tw_logon from /home/pk/tortoise-server/sql_scripts/backups/20260908_235011_tw_logon.sql
   restored ('tw_logon',) in 1.0s (safety: ['20260908_235204_pre-restore_tw_logon.sql'])

-- tw_logs (3177 bytes)
   refusals: ()
   databases: ('tw_logs',)  size_bytes: 3177
   interrupted: None
2026-09-08 23:52:05 INFO [yulon.controller_wow_wotlk.maintenance] backed up 1 database(s) into /home/pk/tortoise-server/sql_scripts/backups: tw_logs (3177 bytes)
2026-09-08 23:52:05 WARNING [yulon.controller_wow_wotlk.maintenance] restoring tw_logs from /home/pk/tortoise-server/sql_scripts/backups/20260908_235011_tw_logs.sql
2026-09-08 23:52:05 INFO [yulon.controller_wow_wotlk.maintenance] restored tw_logs from /home/pk/tortoise-server/sql_scripts/backups/20260908_235011_tw_logs.sql
   restored ('tw_logs',) in 0.4s (safety: ['20260908_235205_pre-restore_tw_logs.sql'])

-- tw_world (171361088 bytes)
   refusals: ()
   databases: ('tw_world',)  size_bytes: 171361088
   interrupted: None
2026-09-08 23:52:18 INFO [yulon.controller_wow_wotlk.maintenance] backed up 1 database(s) into /home/pk/tortoise-server/sql_scripts/backups: tw_world (171361088 bytes)
2026-09-08 23:52:18 WARNING [yulon.controller_wow_wotlk.maintenance] restoring tw_world from /home/pk/tortoise-server/sql_scripts/backups/20260908_235011_tw_world.sql
2026-09-08 23:52:39 INFO [yulon.controller_wow_wotlk.maintenance] restored tw_world from /home/pk/tortoise-server/sql_scripts/backups/20260908_235011_tw_world.sql
   restored ('tw_world',) in 29.1s (safety: ['20260908_235215_pre-restore_tw_world.sql'])
[OK] restore() put back all 4 databases (tw_char, tw_logon, tw_logs, tw_world) in 44.5s total

====================== start again, and confirm the restored server comes back ready ======================
2026-09-08 23:52:39 INFO [yulon.docker] start_staged(): `compose up -d --no-deps tortoise-db tortoise-realmd tortoise-mangosd` in /home/pk/tortoise-server
running: {'tortoise-mangosd': True, 'tortoise-realmd': True, 'tortoise-db': True}
[OK] the restored server reached ready again in 69.9s

====================== SUMMARY ======================
OK the server reached this game's ready marker before the console step (76.5s waited, started_by_this_run=True)
OK send_command('server info') answered in 3.61s and left pid/RestartCount/StartedAt unchanged (pid 2462552, RestartCount 0)
OK the reply carries 22 line(s) cut on this core's own prompt
OK backup() -> 4 dump(s) (tw_char, tw_logon, tw_logs, tw_world) in /home/pk/tortoise-server/sql_scripts/backups in 6.4s, server_was_running=True
OK verify_dump() passed for all 4 dump(s)
OK plan_restore() refused while running: ['tortoise-mangosd, tortoise-realmd are running. A restore has to happen with the game servers stopped: the worldserver keeps characters in memory and saves them back, so it would overwrite the restored data within minutes. Stop the server and try again.']
OK stop_staged() took 5.2s and returned True; db, auth and world all down
OK start_staged() returned in 6.1s; all three up
OK reached ready 69.2s after start_staged() returned
OK restore() put back all 4 databases (tw_char, tw_logon, tw_logs, tw_world) in 44.5s total
OK the restored server reached ready again in 69.9s

TIMES {"baseline_start_staged_seconds": 6.098048838088289, "baseline_ready_seconds": 76.467998143984, "console_seconds": 3.6070747750345618, "backup_seconds": 6.397266593994573, "stop_staged_seconds": 5.171818375121802, "start_staged_seconds": 6.058528123889118, "ready_seconds": 69.17041189898737, "restore_seconds": 44.45211561000906, "ready_after_restore_seconds": 69.86067521199584}

11 passed, 0 failed
--- exit code: 0   elapsed: 306s   finished: 2026-09-08T23:53:50+02:00
