=== gate-79-controller-surface.py wow-vanilla /home/pk/vanilla-75b ===
code under test : /home/pk/lane79/checkout at 96a129dcd03866e3ac997d1be1e690553f92c535
interpreter     : /home/pk/gate81b-venv/bin/python (Python 3.11.15)
PySide6         : 6.11.2
started (local) : 2026-09-08T23:44:53+02:00
---
game=wow-vanilla server_dir=/home/pk/vanilla-75b
containers: world=vanilla-mangosd auth=vanilla-realmd db=vanilla-db auth_port=3724

====================== baseline ======================
status: db=False auth=False world=False
running: {'vanilla-mangosd': False, 'vanilla-realmd': False, 'vanilla-db': False}
not all up; starting first so the console and backup have a server
2026-09-08 23:44:53 INFO [yulon.docker] start_staged(): `compose up -d --no-deps vanilla-db vanilla-realmd vanilla-mangosd` in /home/pk/vanilla-75b
running now: {'vanilla-mangosd': True, 'vanilla-realmd': True, 'vanilla-db': True}
[OK] the server reached this game's ready marker before the console step (35.3s waited, started_by_this_run=True)

====================== console.send_command() -- and what the attach did to the server ======================
vanilla-mangosd before: {'pid': 2455986, 'restarts': 0, 'started_at': '2026-09-08T21:44:59.749950784Z'}
2026-09-08 23:45:35 INFO [yulon.controller_wow_wotlk.console] console → vanilla-mangosd: ['server', 'info']
reply.command : 'server info'
reply.prompted: True
  | CMaNGOS/0.18 (0000-00-00T00:00:00+00:00 - Git repository not found) for Linux_x64 (little-endian)
  | Using World DB: Classic DB version 1.12.1 "Melting Pot v2". For Classic core z2815.
  | Using creature EventAI: ACID 1.12.x (Classic) for CMaNGOS-CLASSIC (1.12.X Client)
  | Online players: 0 (max: 0) Queued players: 0 (max: 0)
  | Server uptime: 32 Second(s).
vanilla-mangosd after:  {'pid': 2455986, 'restarts': 0, 'started_at': '2026-09-08T21:44:59.749950784Z'}
[OK] send_command('server info') answered in 3.60s and left pid/RestartCount/StartedAt unchanged (pid 2455986, RestartCount 0)
[OK] the reply carries 5 line(s) cut on this core's own prompt

====================== backup() -- live, with the server running ======================
2026-09-08 23:45:42 INFO [yulon.controller_wow_wotlk.maintenance] backed up 5 database(s) into /home/pk/vanilla-75b/sql_scripts/backups: characters (54924509 bytes), classiclogs (1647 bytes), logs (4648 bytes), mangos (113674581 bytes), realmd (47080 bytes)
  dump: characters /home/pk/vanilla-75b/sql_scripts/backups/20260908_234539_characters.sql 54924509 bytes
  dump: classiclogs /home/pk/vanilla-75b/sql_scripts/backups/20260908_234539_classiclogs.sql 1647 bytes
  dump: logs /home/pk/vanilla-75b/sql_scripts/backups/20260908_234539_logs.sql 4648 bytes
  dump: mangos /home/pk/vanilla-75b/sql_scripts/backups/20260908_234539_mangos.sql 113674581 bytes
  dump: realmd /home/pk/vanilla-75b/sql_scripts/backups/20260908_234539_realmd.sql 47080 bytes
  missing_core: ()
[OK] backup() -> 5 dump(s) (characters, classiclogs, logs, mangos, realmd) in /home/pk/vanilla-75b/sql_scripts/backups in 3.6s, server_was_running=True

====================== verify_dump() on every dump ======================
  verify_dump(20260908_234539_characters.sql) -> 54924509 bytes
  verify_dump(20260908_234539_classiclogs.sql) -> 1647 bytes
  verify_dump(20260908_234539_logs.sql) -> 4648 bytes
  verify_dump(20260908_234539_mangos.sql) -> 113674581 bytes
  verify_dump(20260908_234539_realmd.sql) -> 47080 bytes
[OK] verify_dump() passed for all 5 dump(s)

====================== plan_restore() while the server is up -- it must REFUSE ======================
running when asked: {'vanilla-mangosd': True, 'vanilla-realmd': True, 'vanilla-db': True}
2026-09-08 23:45:44 INFO [yulon.controller_wow_wotlk.maintenance] restore of 20260908_234539_characters.sql refused: vanilla-mangosd, vanilla-realmd are running. A restore has to happen with the game servers stopped: the worldserver keeps characters in memory and saves them back, so it would overwrite the restored data within minutes. Stop the server and try again.
refusals: ('vanilla-mangosd, vanilla-realmd are running. A restore has to happen with the game servers stopped: the worldserver keeps characters in memory and saves them back, so it would overwrite the restored data within minutes. Stop the server and try again.',)
[OK] plan_restore() refused while running: ['vanilla-mangosd, vanilla-realmd are running. A restore has to happen with the game servers stopped: the worldserver keeps characters in memory and saves them back, so it would overwrite the restored data within minutes. Stop the server and try again.']

====================== Controller.stop() -- the Stop button, which calls stop_staged() ======================
2026-09-08 23:45:44 INFO [yulon.logsnap] saved vanilla-mangosd's log to /home/pk/.local/share/yulon/logs/wow-vanilla-06ced116-20260908T214544Z.log
2026-09-08 23:46:06 INFO [yulon.docker] stop_staged(): stopped; containers kept for a fast restart
running after stop: {'vanilla-mangosd': False, 'vanilla-realmd': False, 'vanilla-db': False}
[OK] stop_staged() took 22.3s and returned True; db, auth and world all down

====================== Controller.start() -- the Start button, which calls start_staged() ======================
2026-09-08 23:46:06 INFO [yulon.docker] start_staged(): `compose up -d --no-deps vanilla-db vanilla-realmd vanilla-mangosd` in /home/pk/vanilla-75b
running after start: {'vanilla-mangosd': True, 'vanilla-realmd': True, 'vanilla-db': True}
[OK] start_staged() returned in 6.1s; all three up

====================== time from start_staged() to this game's own ready marker ======================
[OK] reached ready 31.2s after start_staged() returned

====================== restore round trip: db up, world+auth down -- EVERY dump, not just the first ======================
vanilla-mangosd
vanilla-realmd

-- characters (54924509 bytes)
   refusals: ()
   databases: ('characters',)  size_bytes: 54924509
   interrupted: None
2026-09-08 23:47:12 INFO [yulon.controller_wow_wotlk.maintenance] backed up 1 database(s) into /home/pk/vanilla-75b/sql_scripts/backups: characters (54924656 bytes)
2026-09-08 23:47:12 WARNING [yulon.controller_wow_wotlk.maintenance] restoring characters from /home/pk/vanilla-75b/sql_scripts/backups/20260908_234539_characters.sql
2026-09-08 23:47:22 INFO [yulon.controller_wow_wotlk.maintenance] restored characters from /home/pk/vanilla-75b/sql_scripts/backups/20260908_234539_characters.sql
   restored ('characters',) in 12.9s (safety: ['20260908_234711_pre-restore_characters.sql'])

-- classiclogs (1647 bytes)
   refusals: ()
   databases: ('classiclogs',)  size_bytes: 1647
   interrupted: None
2026-09-08 23:47:22 INFO [yulon.controller_wow_wotlk.maintenance] backed up 1 database(s) into /home/pk/vanilla-75b/sql_scripts/backups: classiclogs (1647 bytes)
2026-09-08 23:47:22 WARNING [yulon.controller_wow_wotlk.maintenance] restoring classiclogs from /home/pk/vanilla-75b/sql_scripts/backups/20260908_234539_classiclogs.sql
2026-09-08 23:47:22 INFO [yulon.controller_wow_wotlk.maintenance] restored classiclogs from /home/pk/vanilla-75b/sql_scripts/backups/20260908_234539_classiclogs.sql
   restored ('classiclogs',) in 0.4s (safety: ['20260908_234722_pre-restore_classiclogs.sql'])

-- logs (4648 bytes)
   refusals: ()
   databases: ('logs',)  size_bytes: 4648
   interrupted: None
2026-09-08 23:47:23 INFO [yulon.controller_wow_wotlk.maintenance] backed up 1 database(s) into /home/pk/vanilla-75b/sql_scripts/backups: logs (4648 bytes)
2026-09-08 23:47:23 WARNING [yulon.controller_wow_wotlk.maintenance] restoring logs from /home/pk/vanilla-75b/sql_scripts/backups/20260908_234539_logs.sql
2026-09-08 23:47:23 INFO [yulon.controller_wow_wotlk.maintenance] restored logs from /home/pk/vanilla-75b/sql_scripts/backups/20260908_234539_logs.sql
   restored ('logs',) in 0.5s (safety: ['20260908_234723_pre-restore_logs.sql'])

-- mangos (113674581 bytes)
   refusals: ()
   databases: ('mangos',)  size_bytes: 113674581
   interrupted: None
2026-09-08 23:47:32 INFO [yulon.controller_wow_wotlk.maintenance] backed up 1 database(s) into /home/pk/vanilla-75b/sql_scripts/backups: mangos (113674581 bytes)
2026-09-08 23:47:32 WARNING [yulon.controller_wow_wotlk.maintenance] restoring mangos from /home/pk/vanilla-75b/sql_scripts/backups/20260908_234539_mangos.sql
2026-09-08 23:47:48 INFO [yulon.controller_wow_wotlk.maintenance] restored mangos from /home/pk/vanilla-75b/sql_scripts/backups/20260908_234539_mangos.sql
   restored ('mangos',) in 22.0s (safety: ['20260908_234730_pre-restore_mangos.sql'])

-- realmd (47080 bytes)
   refusals: ()
   databases: ('realmd',)  size_bytes: 47080
   interrupted: None
2026-09-08 23:47:48 INFO [yulon.controller_wow_wotlk.maintenance] backed up 1 database(s) into /home/pk/vanilla-75b/sql_scripts/backups: realmd (47122 bytes)
2026-09-08 23:47:48 WARNING [yulon.controller_wow_wotlk.maintenance] restoring realmd from /home/pk/vanilla-75b/sql_scripts/backups/20260908_234539_realmd.sql
2026-09-08 23:47:49 INFO [yulon.controller_wow_wotlk.maintenance] restored realmd from /home/pk/vanilla-75b/sql_scripts/backups/20260908_234539_realmd.sql
   restored ('realmd',) in 0.7s (safety: ['20260908_234748_pre-restore_realmd.sql'])
[OK] restore() put back all 5 databases (characters, classiclogs, logs, mangos, realmd) in 36.6s total

====================== start again, and confirm the restored server comes back ready ======================
2026-09-08 23:47:49 INFO [yulon.docker] start_staged(): `compose up -d --no-deps vanilla-db vanilla-realmd vanilla-mangosd` in /home/pk/vanilla-75b
running: {'vanilla-mangosd': True, 'vanilla-realmd': True, 'vanilla-db': True}
[OK] the restored server reached ready again in 31.2s

====================== SUMMARY ======================
OK the server reached this game's ready marker before the console step (35.3s waited, started_by_this_run=True)
OK send_command('server info') answered in 3.60s and left pid/RestartCount/StartedAt unchanged (pid 2455986, RestartCount 0)
OK the reply carries 5 line(s) cut on this core's own prompt
OK backup() -> 5 dump(s) (characters, classiclogs, logs, mangos, realmd) in /home/pk/vanilla-75b/sql_scripts/backups in 3.6s, server_was_running=True
OK verify_dump() passed for all 5 dump(s)
OK plan_restore() refused while running: ['vanilla-mangosd, vanilla-realmd are running. A restore has to happen with the game servers stopped: the worldserver keeps characters in memory and saves them back, so it would overwrite the restored data within minutes. Stop the server and try again.']
OK stop_staged() took 22.3s and returned True; db, auth and world all down
OK start_staged() returned in 6.1s; all three up
OK reached ready 31.2s after start_staged() returned
OK restore() put back all 5 databases (characters, classiclogs, logs, mangos, realmd) in 36.6s total
OK the restored server reached ready again in 31.2s

TIMES {"baseline_start_staged_seconds": 6.346292200963944, "baseline_ready_seconds": 35.2722879499197, "console_seconds": 3.604223557980731, "backup_seconds": 3.6493271270301193, "stop_staged_seconds": 22.25889507192187, "start_staged_seconds": 6.0927495220676064, "ready_seconds": 31.186659921891987, "restore_seconds": 36.621538147795945, "ready_after_restore_seconds": 31.219085476128384}

11 passed, 0 failed
--- exit code: 0   elapsed: 208s   finished: 2026-09-08T23:48:21+02:00
