=== shots79.py wow-tortoise /home/pk/tortoise-server ===
started (local): 2026-09-08T23:56:37+02:00
--- docker ps BEFORE the start (the ground this pass begins from) ---
r6	Up 3 days
---
status before start: db=False auth=False world=False
2026-09-08 23:56:38 INFO [yulon.docker] start_staged(): `compose up -d --no-deps tortoise-db tortoise-realmd tortoise-mangosd` in /home/pk/tortoise-server
start() returned in 6.1s
status after start : db=True auth=True world=True
ready=True after 70.5s
=== wow-tortoise at /home/pk/tortoise-server ===
containers: ['tortoise-db', 'tortoise-realmd', 'tortoise-mangosd']
up before anything: ['tortoise-db', 'tortoise-realmd', 'tortoise-mangosd']
This plugin does not support propagateSizeHints()
tabs: ['Server', 'Console', 'Accounts', 'Characters', 'Bots', 'Maintenance', 'Modules', 'Networking']
[OK]   the 5 s status poll is OFF, so only a click can fill status_label -- before any click: 'status: unknown'
       [shot] 2026-09-08T23:57:55+0200  wow-tortoise-server-tab-before-refresh.png  containers alive at capture: ['tortoise-db', 'tortoise-realmd', 'tortoise-mangosd']
       status_label -> 'status: db up, auth up, world up'
[OK]   the click filled the Server tab's status label from the live daemon -- status: db up, auth up, world up
[OK]   what the widget says agrees with `docker ps` read separately -- docker ps -> ['tortoise-db', 'tortoise-realmd', 'tortoise-mangosd']
       [shot] 2026-09-08T23:57:55+0200  wow-tortoise-server-tab-after-refresh.png  containers alive at capture: ['tortoise-db', 'tortoise-realmd', 'tortoise-mangosd']
[OK]   the console panel is empty before the Send click -- 0 chars
       [shot] 2026-09-08T23:57:56+0200  wow-tortoise-console-tab-before-send.png  containers alive at capture: ['tortoise-db', 'tortoise-realmd', 'tortoise-mangosd']
[OK]   the typed command reached the QLineEdit -- 'server info'
2026-09-08 23:57:56 INFO [yulon.controller_wow_wotlk.console] console → tortoise-mangosd: ['server', 'info']
       console reply, as the widget holds it:
         [23:57:59] [0 ms] SQL: SELECT `title`, `active` FROM `character_titles` WHERE `guid` = '578'
         [23:57:59] [0 ms] SQL: SELECT action_line FROM ai_playerbot_custom_strategy WHERE name = 'say' and owner = '578' order by idx
         [23:57:59] [1 ms] SQL: SELECT action_line FROM ai_playerbot_custom_strategy WHERE name = 'say' and owner = '0' order by idx
         [23:57:59] [0 ms] SQL: SELECT 1 FROM character_social WHERE flags='1' and friend='578'
         [23:57:59] Core revision: unknown / 1970-01-01 00:00:00 +0000 / Linux_x64 (little-endian)
         [23:57:59] Players online: 0. Max online: 0.
         [23:57:59] Server uptime: 1 Minute 7 Seconds.
         [23:57:59] Server Time: Tue, 08.09.2026 21:57:55
[OK]   the console round-trip came back through the widget and is not empty -- 2436 chars
       [shot] 2026-09-08T23:57:59+0200  wow-tortoise-console-tab-after-send.png  containers alive at capture: ['tortoise-db', 'tortoise-realmd', 'tortoise-mangosd']
up after everything: ['tortoise-db', 'tortoise-realmd', 'tortoise-mangosd']
RESULT: 6 OK, 0 FAIL
--- shots79 exit code: 0   finished: 2026-09-08T23:57:59+02:00
