=== T3 clause-35 run started 2026-09-09T12:19:47+02:00 ===
code under test : /home/pk/lane710b/checkout at 528f219e8c883bebdf2ee6c225f3d5468989442a
interpreter     : /home/pk/dads-mmo-lab/pylauncher/.venv/bin/python  (Python 3.12.3)
PySide6         : 6.11.2
pydantic        : 2.13.5
yulon imported  : /home/pk/lane710b/checkout/pylauncher/yulon/__init__.py
box             : yulon-ubuntu  Linux 7.0.0-31-generic   (hostname is the rebuild's; the machine is yulon-ubuntu2)
docker          : Docker version 29.1.3, build 29.1.3-0ubuntu3~24.04.2
server dir      : /home/pk/wowserver
drivers         : /home/pk/lane710b/drivers-t3
account         : WIDGET0909T3 (new tonight)
shots           : /home/pk/lane710b/out-t3/shots
QT_QPA_PLATFORM : offscreen
world pid       : 409560 (must be the same one when this script exits)
T3_ALLOW_FAILURE: 0
T3_REALM_ROW_ID : 1 (the row the restore's UPDATE targets; the check reads id 1)
clause35_falsify.py exit 0  3s
widget_driver.py exit 0  8s
=== T3 run finished 2026-09-09T12:20:12+02:00 ===
RUNNER EXIT STATUS (as seen by the invoking shell): 0
