=== widget_driver.py ===
started (local): 2026-09-09T11:35:41+02:00
command: /home/pk/dads-mmo-lab/pylauncher/.venv/bin/python /home/pk/lane710b/drivers-t3/widget_driver.py
---
==============================================================================
PART 1 -- ControllerView: six real buttons, pressed with QTest.mouseClick
==============================================================================
This plugin does not support propagateSizeHints()
[OK]   the 5 s status poll is OFF, so only a click can fill status_label -- before any click: 'status: unknown'
       [shot] 2026-09-09T11:35:42+0200  server-tab-before-refresh.png  containers alive at capture: ['ac-database', 'ac-authserver', 'ac-worldserver']

-- Server tab, Refresh
[OK]   Refresh is a real QPushButton with the text a user reads
       status_label -> 'status: db up, auth up, world up'
[OK]   the click filled the Server tab's status label from the live daemon -- status: db up, auth up, world up
[OK]   what the widget says agrees with `docker ps` read separately -- docker ps -> ['ac-authserver', 'ac-database', 'ac-worldserver']
       [shot] 2026-09-09T11:35:42+0200  server-tab-after-refresh.png  containers alive at capture: ['ac-database', 'ac-authserver', 'ac-worldserver']

-- Console tab, Send
       [shot] 2026-09-09T11:35:42+0200  console-tab-before-send.png  containers alive at capture: ['ac-database', 'ac-authserver', 'ac-worldserver']
[OK]   Send is enabled on Linux (a pty exists here)
[OK]   the typed command reached the QLineEdit -- 'server info'
2026-09-09 11:35:42 INFO [yulon.controller_wow_wotlk.console] console → ac-worldserver: ['server', 'info']
       console reply, as the widget holds it:
         [11:35:46] Minimum account security level to log in: 0.
         [11:35:46] Server uptime: 1 hour(s) 27 minute(s) 18 second(s)
         [11:35:46] Update time diff: 2ms. Last 500 diffs summary:
         [11:35:46] |- Mean: 37ms
         [11:35:46] |- Median: 6ms
         [11:35:46] |- Percentiles (95, 99, max): 128ms, 136ms, 142ms
[OK]   the console round-trip came back through the widget -- reply contains the core revision
[OK]   the QLineEdit was cleared after Send (send_console_command's own contract)
       [shot] 2026-09-09T11:35:46+0200  console-tab-after-send.png  containers alive at capture: ['ac-database', 'ac-authserver', 'ac-worldserver']

-- Accounts tab, Create
[OK]   the account does not exist before the click -- count=0
[OK]   the GM spin box was driven to 2 by two Up keys -- value=2
2026-09-09 11:35:46 INFO [yulon.controller_wow_wotlk.accounts] creating account WIDGET0909T3
2026-09-09 11:35:47 INFO [yulon.controller_wow_wotlk.accounts] granting GM level 2 to account 111
       account_report -> 'WIDGET0909T3: created (id 111), GM level 2.'
       the row, read by docker exec mysql: '111\tWIDGET0909T3\t32\t32\t2'
[OK]   the click wrote a real SRP6 account row (salt 32, verifier 32) -- 111	WIDGET0909T3	32	32	2
[OK]   the GM level the spin box showed is the GM level the DB got -- spin box 2, DB 2
       [shot] 2026-09-09T11:35:47+0200  accounts-tab-after-create.png  containers alive at capture: ['ac-database', 'ac-authserver', 'ac-worldserver']

-- Networking tab, Show plan (Apply is asserted dead and never clicked)
       [shot] 2026-09-09T11:35:47+0200  networking-tab-before-plan.png  containers alive at capture: ['ac-database', 'ac-authserver', 'ac-worldserver']
[OK]   Apply is DISABLED before any plan is shown -- the ufw lockout's button
[OK]   LAN is the default mode
       plan, as the widget renders it:
         Mode: lan   LAN IP: 172.30.48.189   public IP: -
         Ports: 3724, 8085   firewall: ufw
         Players set realmlist to: 172.30.48.189
         Firewall commands:
           ufw allow 3724/tcp
           ufw allow 8085/tcp
         Realmlist: UPDATE acore_auth.realmlist SET address='172.30.48.189', localAddress='172.30.48.189' WHERE id=1;
         Warnings:
           ⚠ Yu'lon opened the game ports in ufw's rule list but did NOT run `ufw enable`: turning a firewall on can only take reachability away, it is no part of making a server reachable, and on a machine you reach over SSH it takes away your own way in — which is exactly what it did to the box that found this (bug-checklist §39). ufw is left as you had it. To turn it on yourself, allow your SSH port FIRST: `sudo ufw allow <your ssh port>/tcp`, then `sudo ufw enable`.
       plan.lan_ip, the address the widget computed: '172.30.48.189'
       realmlist.address, read by docker exec mysql: '100.99.204.5'   (the row is NOT what this clause compares against; it is printed so a reader can see whether the two agree tonight)
[OK]   the plan the widget shows names the LAN address the widget itself computed -- plan.lan_ip='172.30.48.189', row='100.99.204.5', they DISAGREE -- which this clause no longer depends on
[OK]   the plan the widget shows names both ports
[OK]   Apply became enabled once a plan existed (and is still not clicked)
       [shot] 2026-09-09T11:35:47+0200  networking-tab-after-plan.png  containers alive at capture: ['ac-database', 'ac-authserver', 'ac-worldserver']

-- Maintenance tab, Refresh backups
[OK]   the backup Refresh is a real button
       backup list rows: 0
[OK]   the backup list came back without an error paragraph -- problem_label=''
       [shot] 2026-09-09T11:35:47+0200  maintenance-tab-after-refresh.png  containers alive at capture: ['ac-database', 'ac-authserver', 'ac-worldserver']

==============================================================================
PART 2 -- the INSTALL half, through CatalogView's own Install button
==============================================================================
This plugin does not support propagateSizeHints()
       [shot] 2026-09-09T11:35:47+0200  catalog-tiles-before-install-click.png  containers alive at capture: ['ac-database', 'ac-authserver', 'ac-worldserver']
[OK]   the WotLK tile's Install is a real, enabled QPushButton -- text='Install'
       free space on /home/pk before the click: 28.9 GB = 26.9 GiB
       preflight's floor is 48 GiB, so a space refusal is EXPECTED on this box
       the install's ports are held by a running server: True (docker ps -> ['ac-authserver', 'ac-database', 'ac-worldserver'])
2026-09-09 11:35:48 WARNING [yulon.ui.widgets.log_panel] log panel job failed: InstallerError: This machine cannot install the server yet:
free space on Docker's disk and the server folder: 27 GB free, and the install needs 48 GB (the server folder and Docker's disk share one drive, so both needs add up) Free some space, or install to a drive that has room, then try again.
the server's ports: ac-worldserver, ac-authserver already publish the ports this server needs Stop that server first (or remove its containers), then try again.
This plugin does not support propagateSizeHints()
       [modal] title='Install failed'
       [shot] 2026-09-09T11:35:49+0200  modal-01-install-failed.png  containers alive at capture: ['ac-database', 'ac-authserver', 'ac-worldserver']
       [modal] InstallerError: This machine cannot install the server yet:
       [modal] free space on Docker's disk and the server folder: 27 GB free, and the install needs 48 GB (the server folder and Docker's disk share one drive, so both needs add up) Free some space, or install to a drive that has room, then try again.
       [modal] the server's ports: ac-worldserver, ac-authserver already publish the ports this server needs Stop that server first (or remove its containers), then try again.
       [modal] clicking 'OK'
[OK]   the Install click reached the folder picker -- picked=[PosixPath('/home/pk/lane710b/p710-doomed-install')]
       install_finished message:
         InstallerError: This machine cannot install the server yet:
         free space on Docker's disk and the server folder: 27 GB free, and the install needs 48 GB (the server folder and Docker's disk share one drive, so both needs add up) Free some space, or install to a drive that has room, then try again.
         the server's ports: ac-worldserver, ac-authserver already publish the ports this server needs Stop that server first (or remove its containers), then try again.
[OK]   the preflight REFUSED rather than warned, and nothing was installed -- ok=False
[OK]   the refusal names the server's ports, which this box is under (a live server holds them: True) -- InstallerError: This machine cannot install the server yet:
[OK]   the refusal names free space, which this box is under (free 26.9 GiB against preflight's 48 GiB floor) -- expect_space_refusal=True
[OK]   the refusal reached the user as a modal dialog, not only a log line -- modals seen: ['Install failed']
[OK]   nothing was written into the chosen folder -- contents=[]
[OK]   no compose file, so nothing could be remembered as installed -- button still reads 'Install'
       [shot] 2026-09-09T11:35:49+0200  catalog-tiles-after-refusal.png  containers alive at capture: ['ac-database', 'ac-authserver', 'ac-worldserver']

-- LogPanel Stop: a real cancel, driven by the real button
[OK]   the panel's Stop button exists and is dead while idle
[OK]   Stop went live once a job was running
       [shot] 2026-09-09T11:35:49+0200  log-panel-while-following.png  containers alive at capture: ['ac-database', 'ac-authserver', 'ac-worldserver']
[OK]   the follow stopped after the click -- 11 lines had arrived first
[OK]   the panel reports it as CANCELLED, not as finished
       [shot] 2026-09-09T11:35:49+0200  log-panel-after-stop.png  containers alive at capture: ['ac-database', 'ac-authserver', 'ac-worldserver']
       panel.cancelled=True  panel.running=False

-- the honest cancel copy (catalog_view.py:753 composes this on a cancelled install)
       -- a folder with nothing in it: /home/pk/lane710b/p710-empty
         Stop was pressed, so WoW WotLK has NOT been remembered as an install and the app will not show a tab for it. Stopping undoes nothing and tidies nothing away — look in /home/pk/lane710b/p710-empty to see what the installer had got to (a download it was in the middle of may have removed its own leftovers; anything already finished stays). If the build had started, Docker keeps finishing the step it was on in the background — that is deliberate, and the finished pieces are what make a second attempt much faster, so do not clear Docker's build cache to tidy up. There is nothing in /home/pk/lane710b/p710-empty to carry on from. Press Install again and choose it to start over.
[OK]   the copy for a folder with nothing in it names that folder
       -- the folder holding the real, complete install: /home/pk/wowserver
         Stop was pressed, so WoW WotLK has NOT been remembered as an install and the app will not show a tab for it. Stopping undoes nothing and tidies nothing away — look in /home/pk/wowserver to see what the installer had got to (a download it was in the middle of may have removed its own leftovers; anything already finished stays). If the build had started, Docker keeps finishing the step it was on in the background — that is deliberate, and the finished pieces are what make a second attempt much faster, so do not clear Docker's build cache to tidy up. The compose files this app writes are there (docker-compose.yml, docker-compose.override.yml, docker-compose.build.yml), so if the build had already finished the server may be built and even running: press "Use existing…", choose /home/pk/wowserver, and the app will manage it from a tab — nothing is lost. If it had not, press Install again and choose /home/pk/wowserver: the installer carries on from the last stage recorded in /home/pk/wowserver/.yulon-install.json, and a stage is only skipped after what it left on disk has been checked.
[OK]   the copy for the folder holding the real, complete install names that folder
       NOTE: the 09-04 run could not drive this copy THROUGH a cancelled install,
       because that box refused every install at preflight. The re-run drives it in a
       second driver (widget_cancel_driver.py) with the live containers stopped, so
       ports are free and the install starts. Here it is only rendered.

==============================================================================
RESULT: 33 OK, 0 FAIL
==============================================================================
--- exit code: 0   elapsed: 8s   finished: 2026-09-09T11:35:49+02:00
