[23:05:50Z] GROUND, world   : {"status": "running", "running": "true", "restarts": 3, "started_at": "2026-09-08T23:05:07.068302915Z", "exit_code": 0, "pid": 166108, "policy": "unless-stopped"}
[23:05:50Z] GROUND, database: {"status": "running", "running": "true", "restarts": 0, "started_at": "2026-09-08T23:01:18.429443473Z", "exit_code": 0, "pid": 162493, "policy": "unless-stopped"}
[23:05:51Z] GROUND, watcher : _last_restarts=3 _strikes=0 _looping=False
[23:05:51Z] GROUND, the tab says: 'up — 0 players, 270 bots, up 43s'
[23:05:51Z] GROUND is why this is not a no-op: the tab is NOT saying `restart loop` here, and the watcher holds zero strikes.
[23:05:51Z] captured 3-tab-before-the-crash-loop.png: before the database is taken away: the tab is not saying restart loop
[23:05:51Z]    world container alive at this capture: true
[23:05:51Z]    the line on the tab   : 'up — 0 players, 270 bots, up 43s'
[23:05:51Z]    the words under it    : 'status: db up, auth up, world up'
[23:05:51Z]    'Turn on the command channel': visible=False enabled=True
[23:05:51Z] stopping the database (ac-database) so the world has nothing to connect to
[23:05:55Z] database now: {"status": "exited", "running": "false", "restarts": 0, "started_at": "2026-09-08T23:01:18.429443473Z", "exit_code": 0, "pid": 0, "policy": "unless-stopped"}
[23:05:55Z] killing the world's main process so the crash cycle starts now: sudo kill -9 166108
[23:06:06Z] poll  1: docker 'restarting'/10 (new 7) exit=1 | strikes=7 looping=True | tab 'restart loop — 10 restarts, this run up 1s'
[23:06:06Z]    ^ the THIRD new restart is on the board at poll 1
[23:06:06Z]    ^ the tab first said `restart loop` at poll 1
[23:06:06Z] captured 4-tab-three-strikes-reads-restart-loop.png: the watcher holds 7 strikes
[23:06:06Z]    world container alive at this capture: true
[23:06:06Z]    the line on the tab   : 'restart loop — 10 restarts, this run up 1s'
[23:06:06Z]    the words under it    : 'status: db down, auth up, world up'
[23:06:06Z]    'Turn on the command channel': visible=False enabled=False
[23:06:17Z] poll  2: docker 'restarting'/11 (new 8) exit=1 | strikes=8 looping=True | tab 'restart loop — 11 restarts, this run up 6s'
[23:06:28Z] poll  3: docker 'restarting'/12 (new 9) exit=1 | strikes=9 looping=True | tab 'restart loop — 12 restarts, this run up 3s'
[23:06:38Z] poll  4: docker 'restarting'/12 (new 9) exit=1 | strikes=9 looping=True | tab 'restart loop — 12 restarts, this run up 14s'
[23:06:49Z] poll  5: docker 'restarting'/12 (new 9) exit=1 | strikes=9 looping=True | tab 'restart loop — 12 restarts, this run up 24s'
[23:06:59Z] poll  6: docker 'restarting'/13 (new 10) exit=1 | strikes=10 looping=True | tab 'restart loop — 13 restarts, this run up 9s'
[23:06:59Z] 
[23:06:59Z] third NEW restart at poll           : 1
[23:06:59Z] first `restart loop` verdict at poll: 1
[23:06:59Z] putting the box back: the world stopped, the database started
[23:07:00Z] world   : {"status": "exited", "running": "false", "restarts": 13, "started_at": "2026-09-08T23:06:49.963215812Z", "exit_code": 1, "pid": 0, "policy": "unless-stopped"}
[23:07:00Z] database: {"status": "running", "running": "true", "restarts": 0, "started_at": "2026-09-08T23:07:00.016914772Z", "exit_code": 0, "pid": 169317, "policy": "unless-stopped"}
