[23:04:18Z] GROUND, world   : {"status": "running", "running": "true", "restarts": 0, "started_at": "2026-09-08T23:01:24.172253854Z", "exit_code": 0, "pid": 162770, "policy": "unless-stopped"}
[23:04:18Z] GROUND, database: {"status": "running", "running": "true", "restarts": 0, "started_at": "2026-09-08T23:01:18.429443473Z", "exit_code": 0, "pid": 162493, "policy": "unless-stopped"}
[23:04:19Z] GROUND, watcher : _last_restarts=0 _strikes=0 _looping=False
[23:04:19Z] GROUND, the tab says: 'up — 0 players, 500 bots, up 2m'
[23:04:19Z] GROUND is why this is not a no-op: zero strikes, and the tab already says `up`. The word has to CHANGE, and only on the third kill.
[23:04:19Z] 
[23:04:19Z] --- kill 1: sudo kill -9 162770 (the database stays UP) ---
[23:04:23Z] kill 1 probe  1: docker 'running'/1 exit=0 | strikes=1 looping=False | tab 'up — 0 players, 0 bots, up 3s'
[23:04:28Z] kill 1 probe  2: docker 'running'/1 exit=0 | strikes=1 looping=False | tab 'up — 0 players, 0 bots, up 8s'
[23:04:33Z] kill 1 probe  3: docker 'running'/1 exit=0 | strikes=1 looping=False | tab 'up — 0 players, 0 bots, up 12s'
[23:04:37Z] kill 1 probe  4: docker 'running'/1 exit=0 | strikes=1 looping=False | tab 'up — 0 players, 0 bots, up 17s'
[23:04:42Z] kill 1 probe  5: docker 'running'/1 exit=0 | strikes=1 looping=False | tab 'up — 0 players, 0 bots, up 22s'
[23:04:43Z] captured 1-tab-strike-one-of-three.png: one new restart on a watcher that was already looking: the tab says up
[23:04:43Z]    world container alive at this capture: true
[23:04:43Z]    the line on the tab   : 'up — 0 players, 0 bots, up 22s'
[23:04:43Z]    the words under it    : 'status: db up, auth up, world up'
[23:04:43Z]    'Turn on the command channel': visible=False enabled=True
[23:04:43Z] 
[23:04:43Z] --- kill 2: sudo kill -9 164896 (the database stays UP) ---
[23:04:47Z] kill 2 probe  1: docker 'running'/2 exit=0 | strikes=2 looping=False | tab 'up — 0 players, 0 bots, up 3s'
[23:04:52Z] kill 2 probe  2: docker 'running'/2 exit=0 | strikes=2 looping=False | tab 'up — 0 players, 0 bots, up 8s'
[23:04:57Z] kill 2 probe  3: docker 'running'/2 exit=0 | strikes=2 looping=False | tab 'up — 0 players, 0 bots, up 13s'
[23:05:01Z] kill 2 probe  4: docker 'running'/2 exit=0 | strikes=2 looping=False | tab 'up — 0 players, 0 bots, up 17s'
[23:05:06Z] kill 2 probe  5: docker 'running'/2 exit=0 | strikes=2 looping=False | tab 'up — 0 players, 0 bots, up 22s'
[23:05:06Z] 
[23:05:06Z] --- kill 3: sudo kill -9 165543 (the database stays UP) ---
[23:05:11Z] kill 3 probe  1: docker 'running'/3 exit=0 | strikes=3 looping=True | tab 'restart loop — 3 restarts, this run up 3s'
[23:05:15Z] kill 3 probe  2: docker 'running'/3 exit=0 | strikes=3 looping=True | tab 'restart loop — 3 restarts, this run up 8s'
[23:05:20Z] kill 3 probe  3: docker 'running'/3 exit=0 | strikes=3 looping=True | tab 'restart loop — 3 restarts, this run up 12s'
[23:05:25Z] kill 3 probe  4: docker 'running'/3 exit=0 | strikes=3 looping=True | tab 'restart loop — 3 restarts, this run up 17s'
[23:05:29Z] kill 3 probe  5: docker 'running'/3 exit=0 | strikes=3 looping=True | tab 'restart loop — 3 restarts, this run up 22s'
[23:05:30Z] captured 2-tab-strike-three-of-three.png: the third new restart: the same tab, the same running world, now a loop
[23:05:30Z]    world container alive at this capture: true
[23:05:30Z]    the line on the tab   : 'restart loop — 3 restarts, this run up 22s'
[23:05:30Z]    the words under it    : 'status: db up, auth up, world up'
[23:05:30Z]    'Turn on the command channel': visible=False enabled=False
[23:05:30Z] 
[23:05:30Z] at 1 strike(s), world running, the tab said: 'up — 0 players, 0 bots, up 22s'
[23:05:30Z] at 2 strike(s), world running, the tab said: 'up — 0 players, 0 bots, up 22s'
[23:05:30Z] at 3 strike(s), world running, the tab said: 'restart loop — 3 restarts, this run up 22s'
[23:05:30Z] the first `restart loop` on a RUNNING world came at: kill 3 probe 1, with the world RUNNING and 3 strikes
