=== T23 mutation 1: the restart window ===
taken (local): 2026-09-10T19:14:41+02:00   (UTC: 2026-09-10T17:14:41+00:00)

--- the conf, before ---
88604496cdd1165d2fae0480ef32fd05f6b1422847619adaf777e80a2ce6265e  /home/pk/wowserver/env/dist/etc/authserver.conf
88604496cdd1165d2fae0480ef32fd05f6b1422847619adaf777e80a2ce6265e  /home/pk/lane710b/authserver.conf.t23-before
432:Logger.root=4,Console Auth

--- silencing: Logger.root 4 (Info) -> 3 (Warning) ---
432:Logger.root=3,Console Auth

--- the run, with T23_PLANT_IN_GAP=1 ---
wrote /home/pk/lane710b/out-t23-mutwindow/state-before.txt
RUNNER EXIT STATUS (as seen by the invoking shell): 90
the runner exited: 90

--- putting the conf back ---
88604496cdd1165d2fae0480ef32fd05f6b1422847619adaf777e80a2ce6265e  /home/pk/wowserver/env/dist/etc/authserver.conf
88604496cdd1165d2fae0480ef32fd05f6b1422847619adaf777e80a2ce6265e  /home/pk/lane710b/authserver.conf.t23-before
authserver.conf is byte for byte what it was (cmp)
432:Logger.root=4,Console Auth
=== the same log, read through the two windows ===
taken (local): 2026-09-10T19:14:55+02:00

round 4's window  (a stamp off the clock, taken before the restart): --since '2026-09-10T17:14:43Z'
round 5's window  (the restarted container's own StartedAt)        : --since '2026-09-10T17:14:44.003189041Z'

--- what round 4's rule would have read: the LAST 'Added realm' line since 2026-09-10T17:14:43Z ---
[T23-PLANTED] Added realm "Yulon ubuntu2" at 100.99.204.5:8085.
--- what round 5's rule actually read: the LAST 'Added realm' line since 2026-09-10T17:14:44.003189041Z ---
(a blank line above means there was none, which is the verdict restore.log recorded)

--- every line the planted one sits among, for the record ---
[T23-PLANTED] Added realm "Yulon ubuntu2" at 100.99.204.5:8085.

--- and the authserver, restarted with its voice back, bounded by its own StartedAt ---
StartedAt before: 2026-09-10T17:14:44.003189041Z
ac-authserver
StartedAt after : 2026-09-10T17:14:55.969217661Z
the last 'Added realm' line since 2026-09-10T17:14:55.969217661Z:
[0m[36mAdded realm "Yulon ubuntu2" at 100.99.204.5:8085.
realm row id 1: 100.99.204.5|100.99.204.5|255.255.255.0
docker inspect: /ac-worldserver Running=true Pid=91802 /ac-authserver Running=true Pid=105276
