=== 7.10 re-run sweep started 2026-09-09T00:34:39+02:00 ===
code under test : /home/pk/lane710/checkout at 96a129dcd03866e3ac997d1be1e690553f92c535
interpreter     : /home/pk/dads-mmo-lab/pylauncher/.venv/bin/python  (Python 3.12.3)
PySide6         : 6.11.2
pydantic        : 2.13.5
yulon imported  : /home/pk/lane710/checkout/pylauncher/yulon/__init__.py
box             : yulon-ubuntu  Linux 7.0.0-31-generic
docker          : Docker version 29.1.3, build 29.1.3-0ubuntu3~24.04.2
server dir      : /home/pk/wowserver
drivers         : /home/pk/lane710/drivers (the 2026-09-05 drivers; see drivers.diff for every change)
QT_QPA_PLATFORM : offscreen
network_plan_probe exit 0
realmlist.address before the sweep: 172.30.48.189
sweep_driver.py exit 0  1s
sweep_driver2.py exit 0  6s
sweep_driver3.py exit 0  57s
wait_ready after restore exit 143
sweep_driver4.py exit 0  2s
widget_driver.py exit 134  70s
=== 7.10 re-run sweep finished 2026-09-09T00:45:19+02:00 ===
