=== sweep_driver4.py ===
started (local): 2026-09-09T00:44:06+02:00
command: /home/pk/dads-mmo-lab/pylauncher/.venv/bin/python /home/pk/lane710/drivers/sweep_driver4.py
---
2026-09-09 00:44:08 INFO [yulon.networking] networking lan for wow-wotlk: 3 done, 1 skipped (1 refused), 0 manual

==================== Networking: apply(lan) -- firewall helpers + realmlist updater, live ====================
plan: NetworkPlan(mode='lan', game_id='wow-wotlk', lan_ip='172.30.48.189', public_ip=None, ports=(3724, 8085), firewall='ufw', firewall_commands=(('ufw', 'allow', '3724/tcp'), ('ufw', 'allow', '8085/tcp')), portproxy_commands=(), realmlist_sql="UPDATE acore_auth.realmlist SET address='172.30.48.189', localAddress='172.30.48.189' WHERE id=1;", client_realmlist='172.30.48.189', manual_steps=(), warnings=("Yu'lon opened the game ports in ufw's rule list but did NOT run `ufw enable`: turning a firewall on can only take reachability away, it is no part of making a server reachable, and on a machine you reach over SSH it takes away your own way in — which is exactly what it did to the box that found this (bug-checklist §39). ufw is left as you had it. To turn it on yourself, allow your SSH port FIRST: `sudo ufw allow <your ssh port>/tcp`, then `sudo ufw enable`.",), firewall_state=None, refusals=("Yu'lon opened the game ports in ufw's rule list but did NOT run `ufw enable`: turning a firewall on can only take reachability away, it is no part of making a server reachable, and on a machine you reach over SSH it takes away your own way in — which is exactly what it did to the box that found this (bug-checklist §39). ufw is left as you had it. To turn it on yourself, allow your SSH port FIRST: `sudo ufw allow <your ssh port>/tcp`, then `sudo ufw enable`.",), ssh_ports=(), firewalld_daemon=None, firewalld_zones=None, probed_elevated=False)
firewall_commands: (('ufw', 'allow', '3724/tcp'), ('ufw', 'allow', '8085/tcp'))
realmlist_sql: UPDATE acore_auth.realmlist SET address='172.30.48.189', localAddress='172.30.48.189' WHERE id=1;
manual_steps: ()
NetworkReport.done: ('ufw allow 3724/tcp', 'ufw allow 8085/tcp', 'realmlist → 172.30.48.189')
NetworkReport.skipped: ("Yu'lon opened the game ports in ufw's rule list but did NOT run `ufw enable`: turning a firewall on can only take reachability away, it is no part of making a server reachable, and on a machine you reach over SSH it takes away your own way in — which is exactly what it did to the box that found this (bug-checklist §39). ufw is left as you had it. To turn it on yourself, allow your SSH port FIRST: `sudo ufw allow <your ssh port>/tcp`, then `sudo ufw enable`.",)
restart_required: True
[OK] network_apply(lan) -> done=('ufw allow 3724/tcp', 'ufw allow 8085/tcp', 'realmlist → 172.30.48.189') skipped=("Yu'lon opened the game ports in ufw's rule list but did NOT run `ufw enable`: turning a firewall on can only take reachability away, it is no part of making a server reachable, and on a machine you reach over SSH it takes away your own way in — which is exactly what it did to the box that found this (bug-checklist §39). ufw is left as you had it. To turn it on yourself, allow your SSH port FIRST: `sudo ufw allow <your ssh port>/tcp`, then `sudo ufw enable`.",)

==================== Networking: write_client_realmlist() (round-trips a client file) ====================
wrote: /home/pk/lane710/sweep_fake_client/Data/enUS/realmlist.wtf content: set realmlist 192.168.1.50

[OK] write_client_realmlist() wrote /home/pk/lane710/sweep_fake_client/Data/enUS/realmlist.wtf with correct address

==================== Interrupted-restore bookkeeping: interrupted_restore() / forget_interrupted() ====================
interrupted_restore(): None
[OK] interrupted_restore() -> None (None expected: our restore completed cleanly)


=== SUMMARY (phase 4) ===
OK network_apply(lan) -> done=('ufw allow 3724/tcp', 'ufw allow 8085/tcp', 'realmlist → 172.30.48.189') skipped=("Yu'lon opened the game ports in ufw's rule list but did NOT run `ufw enable`: turning a firewall on can only take reachability away, it is no part of making a server reachable, and on a machine you reach over SSH it takes away your own way in — which is exactly what it did to the box that found this (bug-checklist §39). ufw is left as you had it. To turn it on yourself, allow your SSH port FIRST: `sudo ufw allow <your ssh port>/tcp`, then `sudo ufw enable`.",)
OK write_client_realmlist() wrote /home/pk/lane710/sweep_fake_client/Data/enUS/realmlist.wtf with correct address
OK interrupted_restore() -> None (None expected: our restore completed cleanly)
--- exit code: 0   elapsed: 2s   finished: 2026-09-09T00:44:08+02:00
--- ufw after network_apply('lan') ---
Status: inactive
78538181b0c667fe107cb93bc1f296b63d5ccfcdb4e3b537a99c87eb07b4b16e  /etc/ufw/user.rules
f0cfb968c0600c3a9b088b3c053708d6586e01c03eb574b65465da3960fce2a0  /etc/ufw/user6.rules
--- diff of user.rules against the copy taken before the driver ---
4a5,15
> :ufw-before-logging-input - [0:0]
> :ufw-before-logging-output - [0:0]
> :ufw-before-logging-forward - [0:0]
> :ufw-user-logging-input - [0:0]
> :ufw-user-logging-output - [0:0]
> :ufw-user-logging-forward - [0:0]
> :ufw-after-logging-input - [0:0]
> :ufw-after-logging-output - [0:0]
> :ufw-after-logging-forward - [0:0]
> :ufw-logging-deny - [0:0]
> :ufw-logging-allow - [0:0]
7a19,36
> 
> ### tuple ### allow tcp 3724 0.0.0.0/0 any 0.0.0.0/0 in
> -A ufw-user-input -p tcp --dport 3724 -j ACCEPT
> 
> ### tuple ### allow tcp 8085 0.0.0.0/0 any 0.0.0.0/0 in
> -A ufw-user-input -p tcp --dport 8085 -j ACCEPT
> 
> ### END RULES ###
> 
> ### LOGGING ###
> -A ufw-after-logging-input -j LOG --log-prefix "[UFW BLOCK] " -m limit --limit 3/min --limit-burst 10
> -A ufw-after-logging-forward -j LOG --log-prefix "[UFW BLOCK] " -m limit --limit 3/min --limit-burst 10
> -I ufw-logging-deny -m conntrack --ctstate INVALID -j RETURN -m limit --limit 3/min --limit-burst 10
> -A ufw-logging-deny -j LOG --log-prefix "[UFW BLOCK] " -m limit --limit 3/min --limit-burst 10
> -A ufw-logging-allow -j LOG --log-prefix "[UFW ALLOW] " -m limit --limit 3/min --limit-burst 10
> ### END LOGGING ###
> 
> ### RATE LIMITING ###
10a40
> ### END RATE LIMITING ###
--- ufw restored ---
WARN: uid is 0 but '/etc/ufw/user.rules' is owned by 1000
WARN: uid is 0 but '/etc/ufw/user6.rules' is owned by 1000
Status: inactive
320f53e1ee90a7fd92f17b67f50b06b51cb20998cd52f01dbcb52e24160618bf  /etc/ufw/user.rules
f6696cd7741aada36ab2055dd1a9d098e23e0290ca3a67dafbbad2920e5fdf60  /etc/ufw/user6.rules
320f53e1ee90a7fd92f17b67f50b06b51cb20998cd52f01dbcb52e24160618bf  /home/pk/lane710/out/ufw-user.rules.before
f6696cd7741aada36ab2055dd1a9d098e23e0290ca3a67dafbbad2920e5fdf60  /home/pk/lane710/out/ufw-user6.rules.before
--- the realm row, either side of network_apply('lan') ---
before: 172.30.48.189
after : 172.30.48.189
(unchanged -- nothing to put back)
--- ownership BEFORE the fix (the runner cp -a restored the COPIES, which it had chowned to pk) ---
-rw-r----- 1 pk pk 107 Feb 10  2026 /etc/ufw/user6.rules
-rw-r----- 1 pk pk 307 Feb 10  2026 /etc/ufw/user.rules
--- AFTER ---
-rw-r----- 1 root root 107 Feb 10  2026 /etc/ufw/user6.rules
-rw-r----- 1 root root 307 Feb 10  2026 /etc/ufw/user.rules
--- sha256, unchanged by a chown ---
320f53e1ee90a7fd92f17b67f50b06b51cb20998cd52f01dbcb52e24160618bf  /etc/ufw/user.rules
f6696cd7741aada36ab2055dd1a9d098e23e0290ca3a67dafbbad2920e5fdf60  /etc/ufw/user6.rules
--- ufw no longer warns ---
Status: inactive
