=== sweep_driver.py ===
started (local): 2026-09-09T00:34:42+02:00
command: /home/pk/dads-mmo-lab/pylauncher/.venv/bin/python /home/pk/lane710/drivers/sweep_driver.py
---

==================== Loading catalog entry + building ControllerServices.for_wotlk (real GUI wiring) ====================
yulon package under test: /home/pk/lane710/checkout/pylauncher/yulon/__init__.py
entry: wow-wotlk WoW WotLK
services built OK: ControllerServices(controller=<yulon.controller.Controller object at 0x7eedbb5f44a0>, logs_source=<function _assemble.<locals>.<lambda> at 0x7eedbb5f19e0>, send_console=<function _for_wotlk.<locals>.<lambda> at 0x7eedbb5f1580>, store=<yulon.manifest_store.ManifestStore object at 0x7eedbb5f4410>, applier=<yulon.apply.Applier object at 0x7eedbb5f4320>, network_plan=<function _assemble.<locals>.<lambda> at 0x7eedbb5f1a80>, network_apply=<function _assemble.<locals>.<lambda> at 0x7eedbb5f1b20>, create_account=<function _for_wotlk.<locals>.<lambda> at 0x7eedbb5f1620>, backup=<function _for_wotlk.<locals>.<lambda> at 0x7eedbb5f1800>, backups_dir=<function _assemble.<locals>.<lambda> at 0x7eedbb5f1bc0>, plan_restore=<function _for_wotlk.<locals>.<lambda> at 0x7eedbb5f18a0>, restore=<function _for_wotlk.<locals>.<lambda> at 0x7eedbb5f1940>, interrupted_restore=<function _assemble.<locals>.<lambda> at 0x7eedbb5f1c60>, forget_interrupted=<function _assemble.<locals>.<lambda> at 0x7eedbb5f1d00>, dashboard=<bound method Dashboard.tick of <yulon.dashboard.Dashboard object at 0x7eedbb5b3320>>, log_snapshot=<yulon.logsnap.Recorder object at 0x7eedbb5b3800>, channel_setup=<yulon.channel_setup.InstallChannel object at 0x7eedbba47770>, bots=<yulon.ui.controller_view._BotBrowser object at 0x7eedbb5f4530>, console_probe=None, uninstall=<yulon.purge.Uninstaller object at 0x7eedbb5f4500>, accounts=<yulon.useraccounts.InstallAccounts object at 0x7eedbb5b3620>, play=<yulon.play.InstallPlay object at 0x7eedbb7fb1d0>, module_sql=<function _for_wotlk.<locals>.<lambda> at 0x7eedbb5f16c0>, module_updates=<function _for_wotlk.<locals>.<lambda> at 0x7eedbb5f1760>, rebuild=<function rebuild_for_app.<locals>.rebuild at 0x7eedbb5f1da0>)

==================== Controller status() ====================
status: InstallStatus(db=True, auth=True, world=True)
[OK] status() -> db=True auth=True world=True

==================== Controller import_state() ====================
import_state: ImportState(state='populated', detail='103 rows in acore_auth.account, 1001 rows in acore_characters.characters', complete=True)
[OK] import_state() -> ImportState(state='populated', detail='103 rows in acore_auth.account, 1001 rows in acore_characters.characters', complete=True)

==================== Controller port_conflicts() ====================
port_conflicts: []
[OK] port_conflicts() -> []


=== SUMMARY SO FAR ===
OK status() -> db=True auth=True world=True
OK import_state() -> ImportState(state='populated', detail='103 rows in acore_auth.account, 1001 rows in acore_characters.characters', complete=True)
OK port_conflicts() -> []
--- exit code: 0   elapsed: 1s   finished: 2026-09-09T00:34:43+02:00
