=== the four counts AFTER ===
SELECT COUNT(*) FROM tw_char.characters = 903
SELECT COUNT(*) FROM tw_logon.account = 110
SELECT COUNT(*) FROM tw_world.migrations = 173
SELECT COUNT(*) FROM tw_char.migrations = 2
=== tw_char tables, and the two that went missing last night ===
tw_char tables: 109
character_pvp_currency present
character_inventory_copy present
tw_world tables: 205
the channel account: YULON_58C6FD1C rank 4
=== this start: the updater had nothing left to do ===
[DB Auto-Updater] Found 0 possible migrations for auth.
[DB Auto-Updater] Found 2 possible migrations for character.
[DB Auto-Updater] Found 173 possible migrations for world.
World server is up and running! Loading time: 0 minutes 57 seconds
attempts this start: 0
=== the client this fork needs is not on this box ===
WoW-Client-1.12.1
WoW-Client-2.4.3
=== stopping ===
 Container tortoise-db Stopping 
 Container tortoise-db Stopped 
CONTAINER ID   IMAGE               COMMAND            CREATED      STATUS      PORTS     NAMES
0cffc5eb34bb   refute5img:latest   "sleep infinity"   4 days ago   Up 4 days             r6
