2026-09-09 10:53:11 INFO [yulon.channel_setup] no usable credential at /home/pk/.local/share/yulon/credentials/wow-tortoise-58c6fd1c.json: FileNotFoundError
from disk: state=Idle account=(none)
2026-09-09 10:53:11 INFO [yulon.controller_wow_wotlk.accounts] account YULON_58C6FD1C already exists (id 113), keeping its password
2026-09-09 10:53:11 INFO [yulon.channel_setup] the command channel for wow-tortoise was rejected; it can be repaired
after prove (world up): state=Refused account=YULON_58C6FD1C
2026-09-09 10:53:11 INFO [yulon.channel_setup] no usable credential at /home/pk/.local/share/yulon/credentials/wow-tortoise-58c6fd1c.json: FileNotFoundError
no live channel: the credential is not verified
EXIT=1
2026-09-09 10:53:41 INFO [yulon.channel_setup] no usable credential at /home/pk/.local/share/yulon/credentials/wow-tortoise-58c6fd1c.json: FileNotFoundError
from disk: state=Idle account=(none)
2026-09-09 10:53:41 INFO [yulon.controller_wow_wotlk.accounts] account YULON_58C6FD1C already exists (id 113), keeping its password
2026-09-09 10:53:41 INFO [yulon.channel_setup] the command channel for wow-tortoise was rejected; it can be repaired
after prove (world up): state=Refused account=YULON_58C6FD1C
Traceback (most recent call last):
  File "/home/pk/t4/t4_channel.py", line 112, in <module>
    sys.exit(ask())
             ^^^^^
  File "/home/pk/t4/t4_channel.py", line 93, in ask
    _say_state("after repair", setup.repair())
                               ^^^^^^^^^^^^^^
  File "/home/pk/t4-tree/pylauncher/yulon/channel_setup.py", line 926, in repair
    self._state = repair(
                  ^^^^^^^
  File "/home/pk/t4-tree/pylauncher/yulon/channel_setup.py", line 761, in repair
    reset(state.account, password)
  File "/home/pk/t4/t4_channel.py", line 50, in <lambda>
    reset=lambda name, pw: tortoise_accounts.reset_own_password(sql, name, pw),
                           ^^^^^^^^^^^^^^^^^^^^^^^^^^^^^^^^^^^^^^^^^^^^^^^^^^^
  File "/home/pk/t4-tree/pylauncher/yulon/controller_wow_tortoise/accounts.py", line 180, in reset_own_password
    _reset_own_password(sql, name, password, scheme=scheme())
  File "/home/pk/t4-tree/pylauncher/yulon/controller_wow_wotlk/accounts.py", line 446, in reset_own_password
    sql.run_statement(
  File "/home/pk/t4-tree/pylauncher/yulon/apply.py", line 584, in run_statement
    _check_sql(proc, f"inline → {self._schema(db)}")
  File "/home/pk/t4-tree/pylauncher/yulon/apply.py", line 740, in _check_sql
    raise ApplyError(f"SQL failed ({what}): {reason}")
yulon.apply.ApplyError: SQL failed (inline → tw_logon): --------------
UPDATE account SET salt = X'<salt-redacted>', verifier = X'<verifier-redacted>' WHERE username = _utf8mb4 X'59554C4F4E5F3538433646443143'
--------------

ERROR 1054 (42S22) at line 1: Unknown column 'salt' in 'SET'
EXIT=1

(The salt and verifier in the failed statement above are redacted: they are derived from a
channel password, the statement never applied, and that account was deleted before the press
that follows. Everything else is verbatim.)
