=== T4 ground 2026-09-09T07:57:39Z ===
--- docker ps (whole box) ---
r6	Up 4 days	refute5img:latest
--- the three image ids this ticket names ---
native-58c6fd1c sha256:ff4de2e9050079b46477fe264c8ec38b9612c50c06c211a49f080ce48fb7b54c 2026-09-07T00:24:36.246259052+02:00
rollback-2026-09-08 sha256:ff4de2e9050079b46477fe264c8ec38b9612c50c06c211a49f080ce48fb7b54c 2026-09-07T00:24:36.246259052+02:00
head-2404-2026-09-08 sha256:656b8e4949f87e0f86b5a1b2e8e7756e33cffd95731bb9503aa2a999125d61a7 2026-09-08T06:21:28.098119404+02:00
--- disk ---
/dev/nvme0n1p3  117G   82G   29G  75% /
--- the dumps already in hand (2026-09-08b) ---
total 227536
-rw-rw-r-- 1 pk pk        14 sep.   8 16:37 counts-before.txt
-rw-rw-r-- 1 pk pk  61511702 sep.   8 16:37 tw_char.sql
-rw-rw-r-- 1 pk pk    111844 sep.   8 16:37 tw_logon.sql
-rw-rw-r-- 1 pk pk 171360809 sep.   8 16:37 tw_world.sql
--- db alone ---
db: healthy
--- schemas ---
tw_logon tw_world tw_logs tw_char 
--- the four counts BEFORE ---
SELECT COUNT(*) FROM tw_char.characters = 903
SELECT COUNT(*) FROM tw_logon.account = 109
SELECT COUNT(*) FROM tw_world.migrations = 158
SELECT COUNT(*) FROM tw_char.migrations = 1
--- the state the rebuild would start the world against ---
tw_char.migrations rows: 20260817151028_character
idx_owner_bot_event: 3
uq_owner_bot_event: 0
tw_world.spell_template.script_name: 1
tw_char.character_inventory_copy: 1
tw_char.character_pvp_currency: 1
tw_char tables: 109
--- FRESH dumps into /home/pk/tortoise-backup-2026-09-09-T4 ---
tw_char: rc=0 bytes=62318473 err=
tw_logon: rc=0 bytes=114576 err=
tw_world: rc=0 bytes=171361088 err=
--- row-counted dumps of the four counted tables (one INSERT per row, so the rows can be counted IN the dump) ---
rows-tw_char.characters.sql: 903 INSERT rows
rows-tw_char.migrations.sql: 1 INSERT rows
rows-tw_logon.account.sql: 109 INSERT rows
rows-tw_world.migrations.sql: 158 INSERT rows
--- what the whole-database dumps hold (including the two tables last night's rollback lost) ---
tw_char.sql CREATE characters: 1
tw_char.sql CREATE character_pvp_currency: 1
tw_char.sql CREATE character_inventory_copy: 1
--- sizes + sha256 ---
total 228988
-rw-rw-r-- 1 pk pk    619191 sep.   9 09:57 rows-tw_char.characters.sql
-rw-rw-r-- 1 pk pk      1539 sep.   9 09:57 rows-tw_char.migrations.sql
-rw-rw-r-- 1 pk pk     30074 sep.   9 09:57 rows-tw_logon.account.sql
-rw-rw-r-- 1 pk pk     21948 sep.   9 09:57 rows-tw_world.migrations.sql
-rw-rw-r-- 1 pk pk         0 sep.   9 09:57 tw_char.err
-rw-rw-r-- 1 pk pk  62318473 sep.   9 09:57 tw_char.sql
-rw-rw-r-- 1 pk pk         0 sep.   9 09:57 tw_logon.err
-rw-rw-r-- 1 pk pk    114576 sep.   9 09:57 tw_logon.sql
-rw-rw-r-- 1 pk pk         0 sep.   9 09:57 tw_world.err
-rw-rw-r-- 1 pk pk 171361088 sep.   9 09:57 tw_world.sql
b0c3a71e484f6a76ec246936b22028bfa1ed5d3b2992001180a5a81eeea2838e  ~/tortoise-backup-2026-09-09-T4/rows-tw_char.characters.sql
8090377944baf282a13680fce12a98b41e85f0af14eb069fe91c5c51bfeef911  ~/tortoise-backup-2026-09-09-T4/rows-tw_char.migrations.sql
f4148214284fb3b3dfb0a023e5ca72943d67f5275cae1df114fd575b92ef2583  ~/tortoise-backup-2026-09-09-T4/rows-tw_logon.account.sql
4cd71de219f2c038fbadbe8a5bf126e1a9c882269c8908138fb6aefd26b53bb5  ~/tortoise-backup-2026-09-09-T4/rows-tw_world.migrations.sql
1c6368f64a45ebdaabb1325c32513df2934ad730e3d7afb4d26f2f9d41141532  ~/tortoise-backup-2026-09-09-T4/tw_char.sql
3f3b8b1a991c4e56cd72198476ab3b043c1bbb30a7b8fcfa4473e5f8cf6ff0cb  ~/tortoise-backup-2026-09-09-T4/tw_logon.sql
8bb4efed30403aed5b119ad46b004c970a24b1fa44f20cfc885f3af55abe0b84  ~/tortoise-backup-2026-09-09-T4/tw_world.sql
--- db down again ---
still running: r6 
=== T4 ground done 2026-09-09T07:57:53Z ===
db: healthy
character_loot=0 
tw_logs: rc=0 bytes=3177 err=
bcb7b2b8865d66c677d58d90c5a3c1e14b1b9dd6954d75e0c4858d346fe09eb0  ~/tortoise-backup-2026-09-09-T4/tw_logs.sql
still running: r6 
