=== what head does to that table (read from the image, read-only) ===
-- lock the same secondary-index ranges in opposite order and deadlock.
ALTER TABLE `ai_playerbot_random_bots`
  DROP INDEX `idx_owner_bot_event`;
ALTER TABLE `ai_playerbot_random_bots`
  ADD UNIQUE INDEX `uq_owner_bot_event` (`owner`, `bot`, `event`);

=== the two indexes, live (db started alone, read, stopped) ===
db: healthy
bot  non_unique=1  columns=bot
event  non_unique=1  columns=event
idx_owner_bot_event  non_unique=1  columns=owner,bot,event
owner  non_unique=1  columns=owner
PRIMARY  non_unique=0  columns=id
uq_owner_bot_event  non_unique=0  columns=owner,bot,event
rows in that table: 8959
=== container exit times (item 4) ===
tortoise-mangosd	Exited (0) 19 minutes ago
tortoise-realmd	Exited (0) 19 minutes ago
tortoise-db	Exited (0) Less than a second ago
r6	Up 4 days
=== box ===
r6 
