=== the press: its own lines ===
[08:00:27Z] --- install_wiring.rebuild_for_app: the Server tab's Rebuild, pressed ---
[08:00:27Z] Rebuilding WoW Tortoise in /home/pk/tortoise-server
[08:00:27Z] Kept the build you have now as a rollback (1 images tagged -rollback). If the new build does not come up it is put back automatically.
[08:00:27Z] --- build
[08:41:25Z] --- recreate
[08:41:25Z] Replacing the running containers so the new build is what starts.
[08:41:32Z] The containers were replaced.
[08:41:32Z] --- ready
[08:42:33Z] WoW Tortoise was rebuilt and is running in /home/pk/tortoise-server
[08:42:33Z] REBUILD OK. elapsed: 2525s

=== images ===
yulon.local/cmangos-tortoise-server:native-58c6fd1c 50ed3f49b637 2026-09-09 10:41:02 +0200 CEST 1.07GB
yulon.local/cmangos-tortoise-server:head-2404-2026-09-08 656b8e4949f8 2026-09-08 06:21:28 +0200 CEST 1.07GB
yulon.local/cmangos-tortoise-server:rollback-2026-09-08 ff4de2e90500 2026-09-07 00:24:36 +0200 CEST 965MB
dml/tortoise-wow:local 61e17454a705 2026-08-29 10:29:21 +0200 CEST 748MB

=== the rewrite, inside the new image ===
INSERT IGNORE INTO: 14
bare ^INSERT INTO: 0
PRETTY_NAME="Ubuntu 24.04.4 LTS"
sh: 1: strings: not found
0

=== docker ps ===
tortoise-mangosd	Up 4 minutes	yulon.local/cmangos-tortoise-server:native-58c6fd1c
tortoise-realmd	Up 4 minutes	yulon.local/cmangos-tortoise-server:native-58c6fd1c
tortoise-db	Up 4 minutes (healthy)	mariadb:10.6
r6	Up 4 days	refute5img:latest
=== updater lines from the rebuild start ===
[DB Auto-Updater] Found 2 possible migrations for character.
[DB Auto-Updater] Attempting to execute update 20260903211500_playerbot_event_atomic_upsert.
[DB Auto-Updater] Found 173 possible migrations for world.
[DB Auto-Updater] Attempting to execute update 20260903063722_world.
[DB Auto-Updater] Attempting to execute update 20260903115534_world.
[DB Auto-Updater] Attempting to execute update 20260903141940_world.
[DB Auto-Updater] Attempting to execute update 20260903183000_world.
[DB Auto-Updater] Attempting to execute update 20260903190000_world.
[DB Auto-Updater] Attempting to execute update 20260903191647_world.
[DB Auto-Updater] Attempting to execute update 20260903214500_world.
[DB Auto-Updater] Attempting to execute update 20260903233000_world.
[DB Auto-Updater] Attempting to execute update 20260904020000_world_transport_manifest.
[DB Auto-Updater] Attempting to execute update 20260905075842_world.
[DB Auto-Updater] Attempting to execute update 20260905103856_world.
[DB Auto-Updater] Attempting to execute update 20260905175321_world.
[DB Auto-Updater] Attempting to execute update 20260905183441_world.
[DB Auto-Updater] Attempting to execute update 20260906134216_world.
[DB Auto-Updater] Attempting to execute update 20260906174121_world.
[DB Auto-Updater] Attempting to execute update 20260906190000_world.
World server is up and running! Loading time: 1 minutes 0 seconds
=== attempts: 17 ===
SELECT COUNT(*) FROM tw_char.characters = 903
SELECT COUNT(*) FROM tw_logon.account = 109
SELECT COUNT(*) FROM tw_world.migrations = 174
SELECT COUNT(*) FROM tw_char.migrations = 2
=== rows recorded but not shipped as files (explains 174 vs 173) ===
[DB Auto-Updater] Migration 20260721013813_world with hash <redacted> exists in DB but not as file, old migration?
=== migration rows minus the 173 files ===
rows: 174 files: 173
in the table, not a file:
20260721013813_world
a file, not in the table:
