[08:47:36Z] =========== TORTOISE LIVE REIMPORT (m910q) ===========

Error response from daemon: No such image: yulon.local/cmangos-tortoise-server:native-58c6fd1c-rollback
announced
[08:47:38Z] --- 1. the image on the tag compose uses is the REBUILT one, and it carries the rewrite ---
yulon.local/cmangos-tortoise-server:native-58c6fd1c 50ed3f49b637
yulon.local/cmangos-tortoise-server:head-2404-2026-09-08 656b8e4949f8
yulon.local/cmangos-tortoise-server:rollback-2026-09-08 ff4de2e90500
dml/tortoise-wow:local 61e17454a705
26:FROM ubuntu:24.04 AS builder
178:FROM ubuntu:24.04
INSERT IGNORE INTO: /opt/tortoise/sql/database_updates/world/20260903063722_world.sql:0
grep: IGNORE: No such file or directory
grep: INTO": No such file or directory
grep: INTO": No such file or directory
bare INSERT INTO: /opt/tortoise/sql/database_updates/world/20260903063722_world.sql:0
[08:47:39Z] --- 2. db alone; tw_world from their base; the char index. NO migration is pre-applied ---
db: healthy
tw_world recreated
base: 191 imported, 0 failed
playerbots world: ai_playerbot_indexes.sql ok
playerbots world: ai_playerbot_rpg_races.sql ok
playerbots world: ai_playerbot_texts.sql ok
playerbots world: classic/ai_playerbot_enchants.sql ok
playerbots world: classic/ai_playerbot_named_location.sql ok
playerbots world: classic/ai_playerbot_travel_nodes.sql ok
playerbots world: classic/ai_playerbot_weightscales.sql ok
playerbots world: classic/ai_playerbot_zone_level.sql ok
no migration is pre-applied here: the updater gets all 173 in order (T4)
char index in place
203 0 903 110  (world tables, world migration rows, characters, accounts)
[08:48:14Z] --- 3. the whole stack up on the rebuilt image; watching the updater apply all 173 in order ---
VERDICT: UP
[DB Auto-Updater] Found 2 possible migrations for character.
[DB Auto-Updater] Found 173 possible migrations for world.
[43 ms] SQL:     REPLACE INTO `quest_template` (     `entry`,     `Method`,     `ZoneOrSort`,     `MinLevel`,     `MaxLevel`,     `QuestLevel`,     `Type`,     `RequiredClasses`,  
[427 ms] SQL:       REPLACE INTO `quest_template` (     `entry`,     `Method`,     `ZoneOrSort`,     `MinLevel`,     `MaxLevel`,     `QuestLevel`,     `Type`,     `RequiredClasses`
[0 ms] SQL:   UPDATE `quest_template` SET     `OfferRewardText` = 'You upheld your orders well, $C. You have proven yourself to be a valiant soldier and loyal servant to King Magni
[0 ms] SQL:   UPDATE `quest_template` SET     `OfferRewardText` = 'These Gyromechanic Gears and Restabilization Cogs are in perfect accordance with Ozzie''s schematics for the Reco
[1 ms] SQL:   UPDATE `quest_template` SET     `OfferRewardText` = 'What''s this? Ah... so my attentive pupil has applied himself to the problem of the naga in Southshore. Thank you
[0 ms] SQL:   UPDATE `quest_template` SET     `OfferRewardText` = 'Oh, you''ve done it! Wonderful! Thank you, $N.$B$BOh, my poor, A-Me. Look at all those dents. We''ll get her up a
[1 ms] SQL:   UPDATE `quest_template` SET     `OfferRewardText` = 'You brought the fireworks. Wonderful work, $N! I can''t wait to light these and tell the world that my booth is r
[0 ms] SQL:   UPDATE `quest_template` SET     `OfferRewardText` = 'Quite the odd one, right? The master''s a knowledgeable man even beyond the art of war. Even I was astonished by 
[0 ms] SQL:   UPDATE `quest_template` SET     `OfferRewardText` = 'Mission accomplished. Well done, $C. Sadly, I suspect we cannot ultimately cut off the demonic forces here with t
[0 ms] SQL:   UPDATE `quest_template` SET     `OfferRewardText` = 'Finally, I was devising a plan but all I could come up with was a flame thrower and a bomb. Big no-nos if ya know
World server is up and running! Loading time: 1 minutes 9 seconds
update statements attempted: 173
[08:49:42Z] --- 4. what is running, and the proof it is the head (the four counts among them) ---
173 2 903 110  (world migrations, char migrations, characters, accounts)
0.0.0.0:3724 0.0.0.0:8090 [::]:3724 [::]:8090 
2
PRETTY_NAME="Ubuntu 24.04.4 LTS"
tortoise-mangosd Up About a minute yulon.local/cmangos-tortoise-server:native-58c6fd1c
tortoise-realmd Up About a minute yulon.local/cmangos-tortoise-server:native-58c6fd1c
tortoise-db Up 2 minutes (healthy) mariadb:10.6
[08:49:44Z] DONE. If VERDICT was not UP, run tortoise-rollback.sh. The stack is LEFT UP for the report shots; stop it after.
