=== GROUND, read before anything is installed or compiled ===
[20:22:54Z] server_dir=/home/pk/wowserver
world: running pid=26224 restarts=0 started=2026-09-08T20:15:32.481063628Z image=sha256:703ea652143119bdc1f35f7aa8cfd1b5d5bf83c4d8c7a09b4f4c2a837d692785
docker images:
  alpine/git:<none> c0280cf95723 9 months ago
  mysql:8.4 3466ba4a4828 About an hour ago
  yulon.local/ac-wotlk-authserver:native-243c46e3 1825d670a587 16 minutes ago
  yulon.local/ac-wotlk-client-data:native-243c46e3 92252d77483e 39 minutes ago
  yulon.local/ac-wotlk-db-import:native-243c46e3 dcaadcf6692d 16 minutes ago
  yulon.local/ac-wotlk-worldserver:native-243c46e3 703ea6521431 16 minutes ago
-rollback tags present NOW (must be none): []
allowed_modules(): 'mod-playerbots'
modules/ on disk: ['.gitkeep', 'CMakeLists.txt', 'ModulesLoader.cpp.in.cmake', 'ModulesPCH.h', 'ModulesScriptLoader.h', 'create_module.sh', 'how_to_make_a_module.md', 'mod-playerbots']
modules/mod-ale cloned: False
mod_ale.conf ALE.* lines: ['(mod_ale.conf does not exist)']
bridge scripts on disk: []
the Lua engine, read out of the RUNNING server's own executable:
  engine=False  the Lua engine is not built into this server's executable. It arrives at the next rebuild; installing the module alone does not put it there.
the server asked 'dml_bridge_ping':
2026-09-08 22:22:56 INFO [yulon.channel_setup] no usable credential at /home/pk/.local/share/yulon/credentials/wow-wotlk-243c46e3.json: FileNotFoundError
2026-09-08 22:22:56 INFO [yulon.channel_setup] no usable credential at /home/pk/.local/share/yulon/credentials/wow-wotlk-243c46e3.json: FileNotFoundError
  (no saved credential: the command channel has never been proved on this install)
world at the end of the ground reading: running pid=26224 restarts=0 started=2026-09-08T20:15:32.481063628Z image=sha256:703ea652143119bdc1f35f7aa8cfd1b5d5bf83c4d8c7a09b4f4c2a837d692785
