=== COMMAND CHANNEL: this install has never had one ===
2026-09-08 22:23:41 INFO [yulon.channel_setup] no usable credential at /home/pk/.local/share/yulon/credentials/wow-wotlk-243c46e3.json: FileNotFoundError
install_id: 243c46e3
ground: setup_state = Idle()
2026-09-08 22:23:41 INFO [yulon.channel_setup] no usable credential at /home/pk/.local/share/yulon/credentials/wow-wotlk-243c46e3.json: FileNotFoundError
ground: live_channel() = False
ground: world = running pid=26224 restarts=0 started=2026-09-08T20:15:32.481063628Z image=sha256:703ea652143119bdc1f35f7aa8cfd1b5d5bf83c4d8c7a09b4f4c2a837d692785
ground: SOAP named in the override = False
[20:23:41Z] stopping the world through the app's own Stop
2026-09-08 22:23:41 INFO [yulon.logsnap] saved ac-worldserver's log to /home/pk/.local/share/yulon/logs/wow-wotlk-243c46e3-20260908T202341Z.log
2026-09-08 22:24:22 INFO [yulon.docker] stop_staged(): stopped; containers kept for a fast restart
stopped: world = exited pid=0 restarts=0 started=2026-09-08T20:15:32.481063628Z image=sha256:703ea652143119bdc1f35f7aa8cfd1b5d5bf83c4d8c7a09b4f4c2a837d692785
2026-09-08 22:24:23 INFO [yulon.channel_setup] wrote wow-wotlk's command channel into /home/pk/wowserver/docker-compose.override.yml
enable() -> path=/home/pk/wowserver/docker-compose.override.yml changed=True
after: SOAP named in the override = True
  AC_SOAP_ENABLED: "1"
  AC_SOAP_IP: "0.0.0.0"
[20:24:23Z] starting the world again
2026-09-08 22:24:23 INFO [yulon.docker] start_staged(): `compose up -d --no-deps ac-database ac-authserver ac-worldserver` in /home/pk/wowserver
started: world = running pid=33073 restarts=0 started=2026-09-08T20:24:29.539274367Z image=sha256:703ea652143119bdc1f35f7aa8cfd1b5d5bf83c4d8c7a09b4f4c2a837d692785
[20:24:29Z] settling the channel against the live server
2026-09-08 22:24:30 INFO [yulon.controller_wow_wotlk.accounts] creating account YULON_243C46E3
2026-09-08 22:24:30 INFO [yulon.controller_wow_wotlk.accounts] granting GM level 3 to account 101
2026-09-08 22:24:30 INFO [yulon.channel_setup] the command channel for wow-wotlk did not answer yet; not saving anything
settle() -> Pending(account='YULON_243C46E3', tries=1)
2026-09-08 22:24:30 INFO [yulon.channel_setup] no usable credential at /home/pk/.local/share/yulon/credentials/wow-wotlk-243c46e3.json: FileNotFoundError
live_channel(): False
credential file: /home/pk/.local/share/yulon/credentials/wow-wotlk-243c46e3.json exists=False
