=== AFTER: what the rebuild changed ===
world: running pid=50099 restarts=0 started=2026-09-08T20:39:08.193451273Z image=sha256:8d99cf823bfcda552abe0ec986ed452ae6f2bf9528267860fd195012fa291d12
-rollback tags (must be none once it settled): ['yulon.local/ac-wotlk-authserver:native-243c46e3-rollback 1825d670a587 49 minutes ago', 'yulon.local/ac-wotlk-client-data:native-243c46e3-rollback 92252d77483e About an hour ago', 'yulon.local/ac-wotlk-db-import:native-243c46e3-rollback dcaadcf6692d 49 minutes ago', 'yulon.local/ac-wotlk-worldserver:native-243c46e3-rollback 703ea6521431 49 minutes ago']
docker images:
  alpine/git:<none> c0280cf95723 9 months ago
  mysql:8.4 3466ba4a4828 2 hours ago
  yulon.local/ac-wotlk-authserver:native-243c46e3 6f652ae4dca7 18 minutes ago
  yulon.local/ac-wotlk-authserver:native-243c46e3-rollback 1825d670a587 49 minutes ago
  yulon.local/ac-wotlk-client-data:native-243c46e3 fda00d5bf5de About an hour ago
  yulon.local/ac-wotlk-client-data:native-243c46e3-rollback 92252d77483e About an hour ago
  yulon.local/ac-wotlk-db-import:native-243c46e3 7134094ae6c1 17 minutes ago
  yulon.local/ac-wotlk-db-import:native-243c46e3-rollback dcaadcf6692d 49 minutes ago
  yulon.local/ac-wotlk-worldserver:native-243c46e3 8d99cf823bfc 18 minutes ago
  yulon.local/ac-wotlk-worldserver:native-243c46e3-rollback 703ea6521431 49 minutes ago
the Lua engine, read out of the NEW binary:
  engine=True  the Lua engine is built into this server's executable.
mod_ale.conf ALE.* lines: ['ALE.Enabled = 1', 'ALE.TraceBack = false', 'ALE.ScriptPath = "/azerothcore/env/dist/etc/modules/lua_scripts"', 'ALE.PlayerAnnounceReload = false', 'ALE.RequirePaths = ""', 'ALE.RequireCPaths = ""', 'ALE.AutoReload = false', 'ALE.AutoReloadInterval = 1', 'ALE.BytecodeCache = true']
the container's view of the script directory:
total 20
-rw-rw-r-- 1 acore acore 3167 Sep  8 18:53 dml_addclass.lua
-rw-rw-r-- 1 acore acore 2379 Sep  8 18:53 dml_bridge_ping.lua
-rw-rw-r-- 1 acore acore 1276 Sep  8 18:53 dml_login.lua
-rw-rw-r-- 1 acore acore 1177 Sep  8 18:53 dml_uninvite.lua
-rw-rw-r-- 1 acore acore 1737 Sep  8 18:53 dml_whisper.lua

