=== rollback watch started 2026-09-08T20:28:13Z ===
GROUND, before the press has done anything:
  alpine/git:<none> c0280cf95723
  mysql:8.4 3466ba4a4828
  yulon.local/ac-wotlk-authserver:native-243c46e3 1825d670a587
  yulon.local/ac-wotlk-client-data:native-243c46e3 92252d77483e
  yulon.local/ac-wotlk-db-import:native-243c46e3 dcaadcf6692d
  yulon.local/ac-wotlk-worldserver:native-243c46e3 703ea6521431
  -rollback tags now: 0
--- 2026-09-08T20:28:13Z ---
  count: 0
  world: running pid=33073 restarts=0
--- 2026-09-08T20:28:29Z ---
  ROLLBACK yulon.local/ac-wotlk-authserver:native-243c46e3-rollback 1825d670a587 22 minutes ago
  ROLLBACK yulon.local/ac-wotlk-client-data:native-243c46e3-rollback 92252d77483e 45 minutes ago
  ROLLBACK yulon.local/ac-wotlk-db-import:native-243c46e3-rollback dcaadcf6692d 22 minutes ago
  ROLLBACK yulon.local/ac-wotlk-worldserver:native-243c46e3-rollback 703ea6521431 22 minutes ago
  count: 4
  world: running pid=33073 restarts=0
--- 2026-09-08T20:28:44Z ---
  ROLLBACK yulon.local/ac-wotlk-authserver:native-243c46e3-rollback 1825d670a587 22 minutes ago
  ROLLBACK yulon.local/ac-wotlk-client-data:native-243c46e3-rollback 92252d77483e 45 minutes ago
  ROLLBACK yulon.local/ac-wotlk-db-import:native-243c46e3-rollback dcaadcf6692d 22 minutes ago
  ROLLBACK yulon.local/ac-wotlk-worldserver:native-243c46e3-rollback 703ea6521431 22 minutes ago
  count: 4
  world: running pid=33073 restarts=0
--- 2026-09-08T20:29:00Z ---
  ROLLBACK yulon.local/ac-wotlk-authserver:native-243c46e3-rollback 1825d670a587 22 minutes ago
  ROLLBACK yulon.local/ac-wotlk-client-data:native-243c46e3-rollback 92252d77483e 45 minutes ago
  ROLLBACK yulon.local/ac-wotlk-db-import:native-243c46e3-rollback dcaadcf6692d 22 minutes ago
  ROLLBACK yulon.local/ac-wotlk-worldserver:native-243c46e3-rollback 703ea6521431 22 minutes ago
  count: 4
  world: running pid=33073 restarts=0
--- 2026-09-08T20:29:15Z ---
  ROLLBACK yulon.local/ac-wotlk-authserver:native-243c46e3-rollback 1825d670a587 22 minutes ago
  ROLLBACK yulon.local/ac-wotlk-client-data:native-243c46e3-rollback 92252d77483e 46 minutes ago
  ROLLBACK yulon.local/ac-wotlk-db-import:native-243c46e3-rollback dcaadcf6692d 22 minutes ago
  ROLLBACK yulon.local/ac-wotlk-worldserver:native-243c46e3-rollback 703ea6521431 22 minutes ago
  count: 4
  world: running pid=33073 restarts=0
--- 2026-09-08T20:29:31Z ---
  ROLLBACK yulon.local/ac-wotlk-authserver:native-243c46e3-rollback 1825d670a587 23 minutes ago
  ROLLBACK yulon.local/ac-wotlk-client-data:native-243c46e3-rollback 92252d77483e 46 minutes ago
  ROLLBACK yulon.local/ac-wotlk-db-import:native-243c46e3-rollback dcaadcf6692d 23 minutes ago
  ROLLBACK yulon.local/ac-wotlk-worldserver:native-243c46e3-rollback 703ea6521431 23 minutes ago
  count: 4
  world: running pid=33073 restarts=0
--- 2026-09-08T20:29:46Z ---
  ROLLBACK yulon.local/ac-wotlk-authserver:native-243c46e3-rollback 1825d670a587 23 minutes ago
  ROLLBACK yulon.local/ac-wotlk-client-data:native-243c46e3-rollback 92252d77483e 46 minutes ago
  ROLLBACK yulon.local/ac-wotlk-db-import:native-243c46e3-rollback dcaadcf6692d 23 minutes ago
  ROLLBACK yulon.local/ac-wotlk-worldserver:native-243c46e3-rollback 703ea6521431 23 minutes ago
  count: 4
  world: running pid=33073 restarts=0
--- 2026-09-08T20:30:01Z ---
  ROLLBACK yulon.local/ac-wotlk-authserver:native-243c46e3-rollback 1825d670a587 23 minutes ago
  ROLLBACK yulon.local/ac-wotlk-client-data:native-243c46e3-rollback 92252d77483e 46 minutes ago
  ROLLBACK yulon.local/ac-wotlk-db-import:native-243c46e3-rollback dcaadcf6692d 23 minutes ago
  ROLLBACK yulon.local/ac-wotlk-worldserver:native-243c46e3-rollback 703ea6521431 23 minutes ago
  count: 4
  world: running pid=33073 restarts=0
--- 2026-09-08T20:30:17Z ---
  ROLLBACK yulon.local/ac-wotlk-authserver:native-243c46e3-rollback 1825d670a587 24 minutes ago
  ROLLBACK yulon.local/ac-wotlk-client-data:native-243c46e3-rollback 92252d77483e 47 minutes ago
  ROLLBACK yulon.local/ac-wotlk-db-import:native-243c46e3-rollback dcaadcf6692d 23 minutes ago
  ROLLBACK yulon.local/ac-wotlk-worldserver:native-243c46e3-rollback 703ea6521431 24 minutes ago
  count: 4
  world: running pid=33073 restarts=0
--- 2026-09-08T20:30:32Z ---
  ROLLBACK yulon.local/ac-wotlk-authserver:native-243c46e3-rollback 1825d670a587 24 minutes ago
  ROLLBACK yulon.local/ac-wotlk-client-data:native-243c46e3-rollback 92252d77483e 47 minutes ago
  ROLLBACK yulon.local/ac-wotlk-db-import:native-243c46e3-rollback dcaadcf6692d 24 minutes ago
  ROLLBACK yulon.local/ac-wotlk-worldserver:native-243c46e3-rollback 703ea6521431 24 minutes ago
  count: 4
  world: running pid=33073 restarts=0
--- 2026-09-08T20:30:48Z ---
  ROLLBACK yulon.local/ac-wotlk-authserver:native-243c46e3-rollback 1825d670a587 24 minutes ago
  ROLLBACK yulon.local/ac-wotlk-client-data:native-243c46e3-rollback 92252d77483e 47 minutes ago
  ROLLBACK yulon.local/ac-wotlk-db-import:native-243c46e3-rollback dcaadcf6692d 24 minutes ago
  ROLLBACK yulon.local/ac-wotlk-worldserver:native-243c46e3-rollback 703ea6521431 24 minutes ago
  count: 4
  world: running pid=33073 restarts=0
--- 2026-09-08T20:31:03Z ---
  ROLLBACK yulon.local/ac-wotlk-authserver:native-243c46e3-rollback 1825d670a587 24 minutes ago
  ROLLBACK yulon.local/ac-wotlk-client-data:native-243c46e3-rollback 92252d77483e 47 minutes ago
  ROLLBACK yulon.local/ac-wotlk-db-import:native-243c46e3-rollback dcaadcf6692d 24 minutes ago
  ROLLBACK yulon.local/ac-wotlk-worldserver:native-243c46e3-rollback 703ea6521431 24 minutes ago
  count: 4
  world: running pid=33073 restarts=0
--- 2026-09-08T20:31:18Z ---
  ROLLBACK yulon.local/ac-wotlk-authserver:native-243c46e3-rollback 1825d670a587 25 minutes ago
  ROLLBACK yulon.local/ac-wotlk-client-data:native-243c46e3-rollback 92252d77483e 48 minutes ago
  ROLLBACK yulon.local/ac-wotlk-db-import:native-243c46e3-rollback dcaadcf6692d 25 minutes ago
  ROLLBACK yulon.local/ac-wotlk-worldserver:native-243c46e3-rollback 703ea6521431 25 minutes ago
  count: 4
  world: running pid=33073 restarts=0
--- 2026-09-08T20:31:34Z ---
  ROLLBACK yulon.local/ac-wotlk-authserver:native-243c46e3-rollback 1825d670a587 25 minutes ago
  ROLLBACK yulon.local/ac-wotlk-client-data:native-243c46e3-rollback 92252d77483e 48 minutes ago
  ROLLBACK yulon.local/ac-wotlk-db-import:native-243c46e3-rollback dcaadcf6692d 25 minutes ago
  ROLLBACK yulon.local/ac-wotlk-worldserver:native-243c46e3-rollback 703ea6521431 25 minutes ago
  count: 4
  world: running pid=33073 restarts=0
--- 2026-09-08T20:31:49Z ---
  ROLLBACK yulon.local/ac-wotlk-authserver:native-243c46e3-rollback 1825d670a587 25 minutes ago
  ROLLBACK yulon.local/ac-wotlk-client-data:native-243c46e3-rollback 92252d77483e 48 minutes ago
  ROLLBACK yulon.local/ac-wotlk-db-import:native-243c46e3-rollback dcaadcf6692d 25 minutes ago
  ROLLBACK yulon.local/ac-wotlk-worldserver:native-243c46e3-rollback 703ea6521431 25 minutes ago
  count: 4
  world: running pid=33073 restarts=0
--- 2026-09-08T20:32:05Z ---
  ROLLBACK yulon.local/ac-wotlk-authserver:native-243c46e3-rollback 1825d670a587 25 minutes ago
  ROLLBACK yulon.local/ac-wotlk-client-data:native-243c46e3-rollback 92252d77483e 49 minutes ago
  ROLLBACK yulon.local/ac-wotlk-db-import:native-243c46e3-rollback dcaadcf6692d 25 minutes ago
  ROLLBACK yulon.local/ac-wotlk-worldserver:native-243c46e3-rollback 703ea6521431 25 minutes ago
  count: 4
  world: running pid=33073 restarts=0
--- 2026-09-08T20:32:20Z ---
  ROLLBACK yulon.local/ac-wotlk-authserver:native-243c46e3-rollback 1825d670a587 26 minutes ago
  ROLLBACK yulon.local/ac-wotlk-client-data:native-243c46e3-rollback 92252d77483e 49 minutes ago
  ROLLBACK yulon.local/ac-wotlk-db-import:native-243c46e3-rollback dcaadcf6692d 26 minutes ago
  ROLLBACK yulon.local/ac-wotlk-worldserver:native-243c46e3-rollback 703ea6521431 26 minutes ago
  count: 4
  world: running pid=33073 restarts=0
--- 2026-09-08T20:32:36Z ---
  ROLLBACK yulon.local/ac-wotlk-authserver:native-243c46e3-rollback 1825d670a587 26 minutes ago
  ROLLBACK yulon.local/ac-wotlk-client-data:native-243c46e3-rollback 92252d77483e 49 minutes ago
  ROLLBACK yulon.local/ac-wotlk-db-import:native-243c46e3-rollback dcaadcf6692d 26 minutes ago
  ROLLBACK yulon.local/ac-wotlk-worldserver:native-243c46e3-rollback 703ea6521431 26 minutes ago
  count: 4
  world: running pid=33073 restarts=0
--- 2026-09-08T20:32:51Z ---
  ROLLBACK yulon.local/ac-wotlk-authserver:native-243c46e3-rollback 1825d670a587 26 minutes ago
  ROLLBACK yulon.local/ac-wotlk-client-data:native-243c46e3-rollback 92252d77483e 49 minutes ago
  ROLLBACK yulon.local/ac-wotlk-db-import:native-243c46e3-rollback dcaadcf6692d 26 minutes ago
  ROLLBACK yulon.local/ac-wotlk-worldserver:native-243c46e3-rollback 703ea6521431 26 minutes ago
  count: 4
  world: running pid=33073 restarts=0
--- 2026-09-08T20:33:06Z ---
  ROLLBACK yulon.local/ac-wotlk-authserver:native-243c46e3-rollback 1825d670a587 26 minutes ago
  ROLLBACK yulon.local/ac-wotlk-client-data:native-243c46e3-rollback 92252d77483e 50 minutes ago
  ROLLBACK yulon.local/ac-wotlk-db-import:native-243c46e3-rollback dcaadcf6692d 26 minutes ago
  ROLLBACK yulon.local/ac-wotlk-worldserver:native-243c46e3-rollback 703ea6521431 26 minutes ago
  count: 4
  world: running pid=33073 restarts=0
--- 2026-09-08T20:33:22Z ---
  ROLLBACK yulon.local/ac-wotlk-authserver:native-243c46e3-rollback 1825d670a587 27 minutes ago
  ROLLBACK yulon.local/ac-wotlk-client-data:native-243c46e3-rollback 92252d77483e 50 minutes ago
  ROLLBACK yulon.local/ac-wotlk-db-import:native-243c46e3-rollback dcaadcf6692d 27 minutes ago
  ROLLBACK yulon.local/ac-wotlk-worldserver:native-243c46e3-rollback 703ea6521431 27 minutes ago
  count: 4
  world: running pid=33073 restarts=0
--- 2026-09-08T20:33:37Z ---
  ROLLBACK yulon.local/ac-wotlk-authserver:native-243c46e3-rollback 1825d670a587 27 minutes ago
  ROLLBACK yulon.local/ac-wotlk-client-data:native-243c46e3-rollback 92252d77483e 50 minutes ago
  ROLLBACK yulon.local/ac-wotlk-db-import:native-243c46e3-rollback dcaadcf6692d 27 minutes ago
  ROLLBACK yulon.local/ac-wotlk-worldserver:native-243c46e3-rollback 703ea6521431 27 minutes ago
  count: 4
  world: running pid=33073 restarts=0
--- 2026-09-08T20:33:52Z ---
  ROLLBACK yulon.local/ac-wotlk-authserver:native-243c46e3-rollback 1825d670a587 27 minutes ago
  ROLLBACK yulon.local/ac-wotlk-client-data:native-243c46e3-rollback 92252d77483e 50 minutes ago
  ROLLBACK yulon.local/ac-wotlk-db-import:native-243c46e3-rollback dcaadcf6692d 27 minutes ago
  ROLLBACK yulon.local/ac-wotlk-worldserver:native-243c46e3-rollback 703ea6521431 27 minutes ago
  count: 4
  world: running pid=33073 restarts=0
--- 2026-09-08T20:34:08Z ---
  ROLLBACK yulon.local/ac-wotlk-authserver:native-243c46e3-rollback 1825d670a587 27 minutes ago
  ROLLBACK yulon.local/ac-wotlk-client-data:native-243c46e3-rollback 92252d77483e 51 minutes ago
  ROLLBACK yulon.local/ac-wotlk-db-import:native-243c46e3-rollback dcaadcf6692d 27 minutes ago
  ROLLBACK yulon.local/ac-wotlk-worldserver:native-243c46e3-rollback 703ea6521431 27 minutes ago
  count: 4
  world: running pid=33073 restarts=0
--- 2026-09-08T20:34:23Z ---
  ROLLBACK yulon.local/ac-wotlk-authserver:native-243c46e3-rollback 1825d670a587 28 minutes ago
  ROLLBACK yulon.local/ac-wotlk-client-data:native-243c46e3-rollback 92252d77483e 51 minutes ago
  ROLLBACK yulon.local/ac-wotlk-db-import:native-243c46e3-rollback dcaadcf6692d 28 minutes ago
  ROLLBACK yulon.local/ac-wotlk-worldserver:native-243c46e3-rollback 703ea6521431 28 minutes ago
  count: 4
  world: running pid=33073 restarts=0
--- 2026-09-08T20:34:38Z ---
  ROLLBACK yulon.local/ac-wotlk-authserver:native-243c46e3-rollback 1825d670a587 28 minutes ago
  ROLLBACK yulon.local/ac-wotlk-client-data:native-243c46e3-rollback 92252d77483e 51 minutes ago
  ROLLBACK yulon.local/ac-wotlk-db-import:native-243c46e3-rollback dcaadcf6692d 28 minutes ago
  ROLLBACK yulon.local/ac-wotlk-worldserver:native-243c46e3-rollback 703ea6521431 28 minutes ago
  count: 4
  world: running pid=33073 restarts=0
--- 2026-09-08T20:34:54Z ---
  ROLLBACK yulon.local/ac-wotlk-authserver:native-243c46e3-rollback 1825d670a587 28 minutes ago
  ROLLBACK yulon.local/ac-wotlk-client-data:native-243c46e3-rollback 92252d77483e 51 minutes ago
  ROLLBACK yulon.local/ac-wotlk-db-import:native-243c46e3-rollback dcaadcf6692d 28 minutes ago
  ROLLBACK yulon.local/ac-wotlk-worldserver:native-243c46e3-rollback 703ea6521431 28 minutes ago
  count: 4
  world: running pid=33073 restarts=0
--- 2026-09-08T20:35:09Z ---
  ROLLBACK yulon.local/ac-wotlk-authserver:native-243c46e3-rollback 1825d670a587 28 minutes ago
  ROLLBACK yulon.local/ac-wotlk-client-data:native-243c46e3-rollback 92252d77483e 52 minutes ago
  ROLLBACK yulon.local/ac-wotlk-db-import:native-243c46e3-rollback dcaadcf6692d 28 minutes ago
  ROLLBACK yulon.local/ac-wotlk-worldserver:native-243c46e3-rollback 703ea6521431 28 minutes ago
  count: 4
  world: running pid=33073 restarts=0
--- 2026-09-08T20:35:25Z ---
  ROLLBACK yulon.local/ac-wotlk-authserver:native-243c46e3-rollback 1825d670a587 29 minutes ago
  ROLLBACK yulon.local/ac-wotlk-client-data:native-243c46e3-rollback 92252d77483e 52 minutes ago
  ROLLBACK yulon.local/ac-wotlk-db-import:native-243c46e3-rollback dcaadcf6692d 29 minutes ago
  ROLLBACK yulon.local/ac-wotlk-worldserver:native-243c46e3-rollback 703ea6521431 29 minutes ago
  count: 4
  world: running pid=33073 restarts=0
--- 2026-09-08T20:35:40Z ---
  ROLLBACK yulon.local/ac-wotlk-authserver:native-243c46e3-rollback 1825d670a587 29 minutes ago
  ROLLBACK yulon.local/ac-wotlk-client-data:native-243c46e3-rollback 92252d77483e 52 minutes ago
  ROLLBACK yulon.local/ac-wotlk-db-import:native-243c46e3-rollback dcaadcf6692d 29 minutes ago
  ROLLBACK yulon.local/ac-wotlk-worldserver:native-243c46e3-rollback 703ea6521431 29 minutes ago
  count: 4
  world: running pid=33073 restarts=0
--- 2026-09-08T20:35:56Z ---
  ROLLBACK yulon.local/ac-wotlk-authserver:native-243c46e3-rollback 1825d670a587 29 minutes ago
  ROLLBACK yulon.local/ac-wotlk-client-data:native-243c46e3-rollback 92252d77483e 52 minutes ago
  ROLLBACK yulon.local/ac-wotlk-db-import:native-243c46e3-rollback dcaadcf6692d 29 minutes ago
  ROLLBACK yulon.local/ac-wotlk-worldserver:native-243c46e3-rollback 703ea6521431 29 minutes ago
  count: 4
  world: running pid=33073 restarts=0
--- 2026-09-08T20:36:11Z ---
  ROLLBACK yulon.local/ac-wotlk-authserver:native-243c46e3-rollback 1825d670a587 29 minutes ago
  ROLLBACK yulon.local/ac-wotlk-client-data:native-243c46e3-rollback 92252d77483e 53 minutes ago
  ROLLBACK yulon.local/ac-wotlk-db-import:native-243c46e3-rollback dcaadcf6692d 29 minutes ago
  ROLLBACK yulon.local/ac-wotlk-worldserver:native-243c46e3-rollback 703ea6521431 29 minutes ago
  count: 4
  world: running pid=33073 restarts=0
--- 2026-09-08T20:36:26Z ---
  ROLLBACK yulon.local/ac-wotlk-authserver:native-243c46e3-rollback 1825d670a587 30 minutes ago
  ROLLBACK yulon.local/ac-wotlk-client-data:native-243c46e3-rollback 92252d77483e 53 minutes ago
  ROLLBACK yulon.local/ac-wotlk-db-import:native-243c46e3-rollback dcaadcf6692d 30 minutes ago
  ROLLBACK yulon.local/ac-wotlk-worldserver:native-243c46e3-rollback 703ea6521431 30 minutes ago
  count: 4
  world: running pid=33073 restarts=0
--- 2026-09-08T20:36:42Z ---
  ROLLBACK yulon.local/ac-wotlk-authserver:native-243c46e3-rollback 1825d670a587 30 minutes ago
  ROLLBACK yulon.local/ac-wotlk-client-data:native-243c46e3-rollback 92252d77483e 53 minutes ago
  ROLLBACK yulon.local/ac-wotlk-db-import:native-243c46e3-rollback dcaadcf6692d 30 minutes ago
  ROLLBACK yulon.local/ac-wotlk-worldserver:native-243c46e3-rollback 703ea6521431 30 minutes ago
  count: 4
  world: running pid=33073 restarts=0
--- 2026-09-08T20:36:57Z ---
  ROLLBACK yulon.local/ac-wotlk-authserver:native-243c46e3-rollback 1825d670a587 30 minutes ago
  ROLLBACK yulon.local/ac-wotlk-client-data:native-243c46e3-rollback 92252d77483e 53 minutes ago
  ROLLBACK yulon.local/ac-wotlk-db-import:native-243c46e3-rollback dcaadcf6692d 30 minutes ago
  ROLLBACK yulon.local/ac-wotlk-worldserver:native-243c46e3-rollback 703ea6521431 30 minutes ago
  count: 4
  world: running pid=33073 restarts=0
--- 2026-09-08T20:37:12Z ---
  ROLLBACK yulon.local/ac-wotlk-authserver:native-243c46e3-rollback 1825d670a587 30 minutes ago
  ROLLBACK yulon.local/ac-wotlk-client-data:native-243c46e3-rollback 92252d77483e 54 minutes ago
  ROLLBACK yulon.local/ac-wotlk-db-import:native-243c46e3-rollback dcaadcf6692d 30 minutes ago
  ROLLBACK yulon.local/ac-wotlk-worldserver:native-243c46e3-rollback 703ea6521431 30 minutes ago
  count: 4
  world: running pid=33073 restarts=0
--- 2026-09-08T20:37:27Z ---
  ROLLBACK yulon.local/ac-wotlk-authserver:native-243c46e3-rollback 1825d670a587 31 minutes ago
  ROLLBACK yulon.local/ac-wotlk-client-data:native-243c46e3-rollback 92252d77483e 54 minutes ago
  ROLLBACK yulon.local/ac-wotlk-db-import:native-243c46e3-rollback dcaadcf6692d 31 minutes ago
  ROLLBACK yulon.local/ac-wotlk-worldserver:native-243c46e3-rollback 703ea6521431 31 minutes ago
  count: 4
  world: running pid=33073 restarts=0
--- 2026-09-08T20:37:43Z ---
  ROLLBACK yulon.local/ac-wotlk-authserver:native-243c46e3-rollback 1825d670a587 31 minutes ago
  ROLLBACK yulon.local/ac-wotlk-client-data:native-243c46e3-rollback 92252d77483e 54 minutes ago
  ROLLBACK yulon.local/ac-wotlk-db-import:native-243c46e3-rollback dcaadcf6692d 31 minutes ago
  ROLLBACK yulon.local/ac-wotlk-worldserver:native-243c46e3-rollback 703ea6521431 31 minutes ago
  count: 4
  world: running pid=33073 restarts=0
--- 2026-09-08T20:37:58Z ---
  ROLLBACK yulon.local/ac-wotlk-authserver:native-243c46e3-rollback 1825d670a587 31 minutes ago
  ROLLBACK yulon.local/ac-wotlk-client-data:native-243c46e3-rollback 92252d77483e 54 minutes ago
  ROLLBACK yulon.local/ac-wotlk-db-import:native-243c46e3-rollback dcaadcf6692d 31 minutes ago
  ROLLBACK yulon.local/ac-wotlk-worldserver:native-243c46e3-rollback 703ea6521431 31 minutes ago
  count: 4
  world: running pid=33073 restarts=0
--- 2026-09-08T20:38:13Z ---
  ROLLBACK yulon.local/ac-wotlk-authserver:native-243c46e3-rollback 1825d670a587 31 minutes ago
  ROLLBACK yulon.local/ac-wotlk-client-data:native-243c46e3-rollback 92252d77483e 55 minutes ago
  ROLLBACK yulon.local/ac-wotlk-db-import:native-243c46e3-rollback dcaadcf6692d 31 minutes ago
  ROLLBACK yulon.local/ac-wotlk-worldserver:native-243c46e3-rollback 703ea6521431 31 minutes ago
  count: 4
  world: running pid=33073 restarts=0
--- 2026-09-08T20:38:28Z ---
  ROLLBACK yulon.local/ac-wotlk-authserver:native-243c46e3-rollback 1825d670a587 32 minutes ago
  ROLLBACK yulon.local/ac-wotlk-client-data:native-243c46e3-rollback 92252d77483e 55 minutes ago
  ROLLBACK yulon.local/ac-wotlk-db-import:native-243c46e3-rollback dcaadcf6692d 32 minutes ago
  ROLLBACK yulon.local/ac-wotlk-worldserver:native-243c46e3-rollback 703ea6521431 32 minutes ago
  count: 4
  world: running pid=33073 restarts=0
--- 2026-09-08T20:38:44Z ---
  ROLLBACK yulon.local/ac-wotlk-authserver:native-243c46e3-rollback 1825d670a587 32 minutes ago
  ROLLBACK yulon.local/ac-wotlk-client-data:native-243c46e3-rollback 92252d77483e 55 minutes ago
  ROLLBACK yulon.local/ac-wotlk-db-import:native-243c46e3-rollback dcaadcf6692d 32 minutes ago
  ROLLBACK yulon.local/ac-wotlk-worldserver:native-243c46e3-rollback 703ea6521431 32 minutes ago
  count: 4
  world: running pid=33073 restarts=0
--- 2026-09-08T20:39:00Z ---
  ROLLBACK yulon.local/ac-wotlk-authserver:native-243c46e3-rollback 1825d670a587 32 minutes ago
  ROLLBACK yulon.local/ac-wotlk-client-data:native-243c46e3-rollback 92252d77483e 55 minutes ago
  ROLLBACK yulon.local/ac-wotlk-db-import:native-243c46e3-rollback dcaadcf6692d 32 minutes ago
  ROLLBACK yulon.local/ac-wotlk-worldserver:native-243c46e3-rollback 703ea6521431 32 minutes ago
  count: 4
  world: running pid=33073 restarts=0
--- 2026-09-08T20:39:15Z ---
  ROLLBACK yulon.local/ac-wotlk-authserver:native-243c46e3-rollback 1825d670a587 32 minutes ago
  ROLLBACK yulon.local/ac-wotlk-client-data:native-243c46e3-rollback 92252d77483e 56 minutes ago
  ROLLBACK yulon.local/ac-wotlk-db-import:native-243c46e3-rollback dcaadcf6692d 32 minutes ago
  ROLLBACK yulon.local/ac-wotlk-worldserver:native-243c46e3-rollback 703ea6521431 32 minutes ago
  count: 4
  world: running pid=50099 restarts=0
--- 2026-09-08T20:39:30Z ---
  ROLLBACK yulon.local/ac-wotlk-authserver:native-243c46e3-rollback 1825d670a587 33 minutes ago
  ROLLBACK yulon.local/ac-wotlk-client-data:native-243c46e3-rollback 92252d77483e 56 minutes ago
  ROLLBACK yulon.local/ac-wotlk-db-import:native-243c46e3-rollback dcaadcf6692d 33 minutes ago
  ROLLBACK yulon.local/ac-wotlk-worldserver:native-243c46e3-rollback 703ea6521431 33 minutes ago
  count: 4
  world: running pid=50099 restarts=0
--- 2026-09-08T20:39:46Z ---
  ROLLBACK yulon.local/ac-wotlk-authserver:native-243c46e3-rollback 1825d670a587 33 minutes ago
  ROLLBACK yulon.local/ac-wotlk-client-data:native-243c46e3-rollback 92252d77483e 56 minutes ago
  ROLLBACK yulon.local/ac-wotlk-db-import:native-243c46e3-rollback dcaadcf6692d 33 minutes ago
  ROLLBACK yulon.local/ac-wotlk-worldserver:native-243c46e3-rollback 703ea6521431 33 minutes ago
  count: 4
  world: running pid=50099 restarts=0
--- 2026-09-08T20:40:01Z ---
  ROLLBACK yulon.local/ac-wotlk-authserver:native-243c46e3-rollback 1825d670a587 33 minutes ago
  ROLLBACK yulon.local/ac-wotlk-client-data:native-243c46e3-rollback 92252d77483e 56 minutes ago
  ROLLBACK yulon.local/ac-wotlk-db-import:native-243c46e3-rollback dcaadcf6692d 33 minutes ago
  ROLLBACK yulon.local/ac-wotlk-worldserver:native-243c46e3-rollback 703ea6521431 33 minutes ago
  count: 4
  world: running pid=50099 restarts=0
--- 2026-09-08T20:40:16Z ---
  ROLLBACK yulon.local/ac-wotlk-authserver:native-243c46e3-rollback 1825d670a587 34 minutes ago
  ROLLBACK yulon.local/ac-wotlk-client-data:native-243c46e3-rollback 92252d77483e 57 minutes ago
  ROLLBACK yulon.local/ac-wotlk-db-import:native-243c46e3-rollback dcaadcf6692d 33 minutes ago
  ROLLBACK yulon.local/ac-wotlk-worldserver:native-243c46e3-rollback 703ea6521431 34 minutes ago
  count: 4
  world: running pid=50099 restarts=0
--- 2026-09-08T20:40:31Z ---
  ROLLBACK yulon.local/ac-wotlk-authserver:native-243c46e3-rollback 1825d670a587 34 minutes ago
  ROLLBACK yulon.local/ac-wotlk-client-data:native-243c46e3-rollback 92252d77483e 57 minutes ago
  ROLLBACK yulon.local/ac-wotlk-db-import:native-243c46e3-rollback dcaadcf6692d 34 minutes ago
  ROLLBACK yulon.local/ac-wotlk-worldserver:native-243c46e3-rollback 703ea6521431 34 minutes ago
  count: 4
  world: running pid=50099 restarts=0
--- 2026-09-08T20:40:47Z ---
  ROLLBACK yulon.local/ac-wotlk-authserver:native-243c46e3-rollback 1825d670a587 34 minutes ago
  ROLLBACK yulon.local/ac-wotlk-client-data:native-243c46e3-rollback 92252d77483e 57 minutes ago
  ROLLBACK yulon.local/ac-wotlk-db-import:native-243c46e3-rollback dcaadcf6692d 34 minutes ago
  ROLLBACK yulon.local/ac-wotlk-worldserver:native-243c46e3-rollback 703ea6521431 34 minutes ago
  count: 4
  world: running pid=50099 restarts=0
--- 2026-09-08T20:41:02Z ---
  ROLLBACK yulon.local/ac-wotlk-authserver:native-243c46e3-rollback 1825d670a587 34 minutes ago
  ROLLBACK yulon.local/ac-wotlk-client-data:native-243c46e3-rollback 92252d77483e 57 minutes ago
  ROLLBACK yulon.local/ac-wotlk-db-import:native-243c46e3-rollback dcaadcf6692d 34 minutes ago
  ROLLBACK yulon.local/ac-wotlk-worldserver:native-243c46e3-rollback 703ea6521431 34 minutes ago
  count: 4
  world: running pid=50099 restarts=0
--- 2026-09-08T20:41:17Z ---
  ROLLBACK yulon.local/ac-wotlk-authserver:native-243c46e3-rollback 1825d670a587 35 minutes ago
  ROLLBACK yulon.local/ac-wotlk-client-data:native-243c46e3-rollback 92252d77483e 58 minutes ago
  ROLLBACK yulon.local/ac-wotlk-db-import:native-243c46e3-rollback dcaadcf6692d 34 minutes ago
  ROLLBACK yulon.local/ac-wotlk-worldserver:native-243c46e3-rollback 703ea6521431 35 minutes ago
  count: 4
  world: running pid=50099 restarts=0
--- 2026-09-08T20:41:32Z ---
  ROLLBACK yulon.local/ac-wotlk-authserver:native-243c46e3-rollback 1825d670a587 35 minutes ago
  ROLLBACK yulon.local/ac-wotlk-client-data:native-243c46e3-rollback 92252d77483e 58 minutes ago
  ROLLBACK yulon.local/ac-wotlk-db-import:native-243c46e3-rollback dcaadcf6692d 35 minutes ago
  ROLLBACK yulon.local/ac-wotlk-worldserver:native-243c46e3-rollback 703ea6521431 35 minutes ago
  count: 4
  world: running pid=50099 restarts=0
--- 2026-09-08T20:41:48Z ---
  ROLLBACK yulon.local/ac-wotlk-authserver:native-243c46e3-rollback 1825d670a587 35 minutes ago
  ROLLBACK yulon.local/ac-wotlk-client-data:native-243c46e3-rollback 92252d77483e 58 minutes ago
  ROLLBACK yulon.local/ac-wotlk-db-import:native-243c46e3-rollback dcaadcf6692d 35 minutes ago
  ROLLBACK yulon.local/ac-wotlk-worldserver:native-243c46e3-rollback 703ea6521431 35 minutes ago
  count: 4
  world: running pid=50099 restarts=0
--- 2026-09-08T20:42:03Z ---
  ROLLBACK yulon.local/ac-wotlk-authserver:native-243c46e3-rollback 1825d670a587 35 minutes ago
  ROLLBACK yulon.local/ac-wotlk-client-data:native-243c46e3-rollback 92252d77483e 58 minutes ago
  ROLLBACK yulon.local/ac-wotlk-db-import:native-243c46e3-rollback dcaadcf6692d 35 minutes ago
  ROLLBACK yulon.local/ac-wotlk-worldserver:native-243c46e3-rollback 703ea6521431 35 minutes ago
  count: 4
  world: running pid=50099 restarts=0
--- 2026-09-08T20:42:18Z ---
  ROLLBACK yulon.local/ac-wotlk-authserver:native-243c46e3-rollback 1825d670a587 36 minutes ago
  ROLLBACK yulon.local/ac-wotlk-client-data:native-243c46e3-rollback 92252d77483e 59 minutes ago
  ROLLBACK yulon.local/ac-wotlk-db-import:native-243c46e3-rollback dcaadcf6692d 35 minutes ago
  ROLLBACK yulon.local/ac-wotlk-worldserver:native-243c46e3-rollback 703ea6521431 36 minutes ago
  count: 4
  world: running pid=50099 restarts=0
--- 2026-09-08T20:42:33Z ---
  ROLLBACK yulon.local/ac-wotlk-authserver:native-243c46e3-rollback 1825d670a587 36 minutes ago
  ROLLBACK yulon.local/ac-wotlk-client-data:native-243c46e3-rollback 92252d77483e 59 minutes ago
  ROLLBACK yulon.local/ac-wotlk-db-import:native-243c46e3-rollback dcaadcf6692d 36 minutes ago
  ROLLBACK yulon.local/ac-wotlk-worldserver:native-243c46e3-rollback 703ea6521431 36 minutes ago
  count: 4
  world: running pid=50099 restarts=0
--- 2026-09-08T20:42:49Z ---
  ROLLBACK yulon.local/ac-wotlk-authserver:native-243c46e3-rollback 1825d670a587 36 minutes ago
  ROLLBACK yulon.local/ac-wotlk-client-data:native-243c46e3-rollback 92252d77483e 59 minutes ago
  ROLLBACK yulon.local/ac-wotlk-db-import:native-243c46e3-rollback dcaadcf6692d 36 minutes ago
  ROLLBACK yulon.local/ac-wotlk-worldserver:native-243c46e3-rollback 703ea6521431 36 minutes ago
  count: 4
  world: running pid=50099 restarts=0
--- 2026-09-08T20:43:04Z ---
  ROLLBACK yulon.local/ac-wotlk-authserver:native-243c46e3-rollback 1825d670a587 36 minutes ago
  ROLLBACK yulon.local/ac-wotlk-client-data:native-243c46e3-rollback 92252d77483e About an hour ago
  ROLLBACK yulon.local/ac-wotlk-db-import:native-243c46e3-rollback dcaadcf6692d 36 minutes ago
  ROLLBACK yulon.local/ac-wotlk-worldserver:native-243c46e3-rollback 703ea6521431 36 minutes ago
  count: 4
  world: running pid=50099 restarts=0
--- 2026-09-08T20:43:19Z ---
  ROLLBACK yulon.local/ac-wotlk-authserver:native-243c46e3-rollback 1825d670a587 37 minutes ago
  ROLLBACK yulon.local/ac-wotlk-client-data:native-243c46e3-rollback 92252d77483e About an hour ago
  ROLLBACK yulon.local/ac-wotlk-db-import:native-243c46e3-rollback dcaadcf6692d 37 minutes ago
  ROLLBACK yulon.local/ac-wotlk-worldserver:native-243c46e3-rollback 703ea6521431 37 minutes ago
  count: 4
  world: running pid=50099 restarts=0
--- 2026-09-08T20:43:35Z ---
  ROLLBACK yulon.local/ac-wotlk-authserver:native-243c46e3-rollback 1825d670a587 37 minutes ago
  ROLLBACK yulon.local/ac-wotlk-client-data:native-243c46e3-rollback 92252d77483e About an hour ago
  ROLLBACK yulon.local/ac-wotlk-db-import:native-243c46e3-rollback dcaadcf6692d 37 minutes ago
  ROLLBACK yulon.local/ac-wotlk-worldserver:native-243c46e3-rollback 703ea6521431 37 minutes ago
  count: 4
  world: running pid=50099 restarts=0
--- 2026-09-08T20:43:50Z ---
  ROLLBACK yulon.local/ac-wotlk-authserver:native-243c46e3-rollback 1825d670a587 37 minutes ago
  ROLLBACK yulon.local/ac-wotlk-client-data:native-243c46e3-rollback 92252d77483e About an hour ago
  ROLLBACK yulon.local/ac-wotlk-db-import:native-243c46e3-rollback dcaadcf6692d 37 minutes ago
  ROLLBACK yulon.local/ac-wotlk-worldserver:native-243c46e3-rollback 703ea6521431 37 minutes ago
  count: 4
  world: running pid=50099 restarts=0
--- 2026-09-08T20:44:05Z ---
  ROLLBACK yulon.local/ac-wotlk-authserver:native-243c46e3-rollback 1825d670a587 37 minutes ago
  ROLLBACK yulon.local/ac-wotlk-client-data:native-243c46e3-rollback 92252d77483e About an hour ago
  ROLLBACK yulon.local/ac-wotlk-db-import:native-243c46e3-rollback dcaadcf6692d 37 minutes ago
  ROLLBACK yulon.local/ac-wotlk-worldserver:native-243c46e3-rollback 703ea6521431 37 minutes ago
  count: 4
  world: running pid=50099 restarts=0
--- 2026-09-08T20:44:20Z ---
  ROLLBACK yulon.local/ac-wotlk-authserver:native-243c46e3-rollback 1825d670a587 38 minutes ago
  ROLLBACK yulon.local/ac-wotlk-client-data:native-243c46e3-rollback 92252d77483e About an hour ago
  ROLLBACK yulon.local/ac-wotlk-db-import:native-243c46e3-rollback dcaadcf6692d 38 minutes ago
  ROLLBACK yulon.local/ac-wotlk-worldserver:native-243c46e3-rollback 703ea6521431 38 minutes ago
  count: 4
  world: running pid=50099 restarts=0
--- 2026-09-08T20:44:36Z ---
  ROLLBACK yulon.local/ac-wotlk-authserver:native-243c46e3-rollback 1825d670a587 38 minutes ago
  ROLLBACK yulon.local/ac-wotlk-client-data:native-243c46e3-rollback 92252d77483e About an hour ago
  ROLLBACK yulon.local/ac-wotlk-db-import:native-243c46e3-rollback dcaadcf6692d 38 minutes ago
  ROLLBACK yulon.local/ac-wotlk-worldserver:native-243c46e3-rollback 703ea6521431 38 minutes ago
  count: 4
  world: running pid=50099 restarts=0
--- 2026-09-08T20:44:51Z ---
  ROLLBACK yulon.local/ac-wotlk-authserver:native-243c46e3-rollback 1825d670a587 38 minutes ago
  ROLLBACK yulon.local/ac-wotlk-client-data:native-243c46e3-rollback 92252d77483e About an hour ago
  ROLLBACK yulon.local/ac-wotlk-db-import:native-243c46e3-rollback dcaadcf6692d 38 minutes ago
  ROLLBACK yulon.local/ac-wotlk-worldserver:native-243c46e3-rollback 703ea6521431 38 minutes ago
  count: 4
  world: running pid=50099 restarts=0
--- 2026-09-08T20:45:06Z ---
  ROLLBACK yulon.local/ac-wotlk-authserver:native-243c46e3-rollback 1825d670a587 38 minutes ago
  ROLLBACK yulon.local/ac-wotlk-client-data:native-243c46e3-rollback 92252d77483e About an hour ago
  ROLLBACK yulon.local/ac-wotlk-db-import:native-243c46e3-rollback dcaadcf6692d 38 minutes ago
  ROLLBACK yulon.local/ac-wotlk-worldserver:native-243c46e3-rollback 703ea6521431 38 minutes ago
  count: 4
  world: running pid=50099 restarts=0
--- 2026-09-08T20:45:21Z ---
  ROLLBACK yulon.local/ac-wotlk-authserver:native-243c46e3-rollback 1825d670a587 39 minutes ago
  ROLLBACK yulon.local/ac-wotlk-client-data:native-243c46e3-rollback 92252d77483e About an hour ago
  ROLLBACK yulon.local/ac-wotlk-db-import:native-243c46e3-rollback dcaadcf6692d 39 minutes ago
  ROLLBACK yulon.local/ac-wotlk-worldserver:native-243c46e3-rollback 703ea6521431 39 minutes ago
  count: 4
  world: running pid=50099 restarts=0
--- 2026-09-08T20:45:37Z ---
  ROLLBACK yulon.local/ac-wotlk-authserver:native-243c46e3-rollback 1825d670a587 39 minutes ago
  ROLLBACK yulon.local/ac-wotlk-client-data:native-243c46e3-rollback 92252d77483e About an hour ago
  ROLLBACK yulon.local/ac-wotlk-db-import:native-243c46e3-rollback dcaadcf6692d 39 minutes ago
  ROLLBACK yulon.local/ac-wotlk-worldserver:native-243c46e3-rollback 703ea6521431 39 minutes ago
  count: 4
  world: running pid=50099 restarts=0
--- 2026-09-08T20:45:52Z ---
  ROLLBACK yulon.local/ac-wotlk-authserver:native-243c46e3-rollback 1825d670a587 39 minutes ago
  ROLLBACK yulon.local/ac-wotlk-client-data:native-243c46e3-rollback 92252d77483e About an hour ago
  ROLLBACK yulon.local/ac-wotlk-db-import:native-243c46e3-rollback dcaadcf6692d 39 minutes ago
  ROLLBACK yulon.local/ac-wotlk-worldserver:native-243c46e3-rollback 703ea6521431 39 minutes ago
  count: 4
  world: running pid=50099 restarts=0
--- 2026-09-08T20:46:07Z ---
  ROLLBACK yulon.local/ac-wotlk-authserver:native-243c46e3-rollback 1825d670a587 39 minutes ago
  ROLLBACK yulon.local/ac-wotlk-client-data:native-243c46e3-rollback 92252d77483e About an hour ago
  ROLLBACK yulon.local/ac-wotlk-db-import:native-243c46e3-rollback dcaadcf6692d 39 minutes ago
  ROLLBACK yulon.local/ac-wotlk-worldserver:native-243c46e3-rollback 703ea6521431 39 minutes ago
  count: 4
  world: running pid=50099 restarts=0
--- 2026-09-08T20:46:23Z ---
  ROLLBACK yulon.local/ac-wotlk-authserver:native-243c46e3-rollback 1825d670a587 40 minutes ago
  ROLLBACK yulon.local/ac-wotlk-client-data:native-243c46e3-rollback 92252d77483e About an hour ago
  ROLLBACK yulon.local/ac-wotlk-db-import:native-243c46e3-rollback dcaadcf6692d 40 minutes ago
  ROLLBACK yulon.local/ac-wotlk-worldserver:native-243c46e3-rollback 703ea6521431 40 minutes ago
  count: 4
  world: running pid=50099 restarts=0
--- 2026-09-08T20:46:38Z ---
  ROLLBACK yulon.local/ac-wotlk-authserver:native-243c46e3-rollback 1825d670a587 40 minutes ago
  ROLLBACK yulon.local/ac-wotlk-client-data:native-243c46e3-rollback 92252d77483e About an hour ago
  ROLLBACK yulon.local/ac-wotlk-db-import:native-243c46e3-rollback dcaadcf6692d 40 minutes ago
  ROLLBACK yulon.local/ac-wotlk-worldserver:native-243c46e3-rollback 703ea6521431 40 minutes ago
  count: 4
  world: running pid=50099 restarts=0
--- 2026-09-08T20:46:53Z ---
  ROLLBACK yulon.local/ac-wotlk-authserver:native-243c46e3-rollback 1825d670a587 40 minutes ago
  ROLLBACK yulon.local/ac-wotlk-client-data:native-243c46e3-rollback 92252d77483e About an hour ago
  ROLLBACK yulon.local/ac-wotlk-db-import:native-243c46e3-rollback dcaadcf6692d 40 minutes ago
  ROLLBACK yulon.local/ac-wotlk-worldserver:native-243c46e3-rollback 703ea6521431 40 minutes ago
  count: 4
  world: running pid=50099 restarts=0
--- 2026-09-08T20:47:08Z ---
  ROLLBACK yulon.local/ac-wotlk-authserver:native-243c46e3-rollback 1825d670a587 40 minutes ago
  ROLLBACK yulon.local/ac-wotlk-client-data:native-243c46e3-rollback 92252d77483e About an hour ago
  ROLLBACK yulon.local/ac-wotlk-db-import:native-243c46e3-rollback dcaadcf6692d 40 minutes ago
  ROLLBACK yulon.local/ac-wotlk-worldserver:native-243c46e3-rollback 703ea6521431 40 minutes ago
  count: 4
  world: running pid=50099 restarts=0
--- 2026-09-08T20:47:24Z ---
  ROLLBACK yulon.local/ac-wotlk-authserver:native-243c46e3-rollback 1825d670a587 41 minutes ago
  ROLLBACK yulon.local/ac-wotlk-client-data:native-243c46e3-rollback 92252d77483e About an hour ago
  ROLLBACK yulon.local/ac-wotlk-db-import:native-243c46e3-rollback dcaadcf6692d 41 minutes ago
  ROLLBACK yulon.local/ac-wotlk-worldserver:native-243c46e3-rollback 703ea6521431 41 minutes ago
  count: 4
  world: running pid=50099 restarts=0
--- 2026-09-08T20:47:39Z ---
  ROLLBACK yulon.local/ac-wotlk-authserver:native-243c46e3-rollback 1825d670a587 41 minutes ago
  ROLLBACK yulon.local/ac-wotlk-client-data:native-243c46e3-rollback 92252d77483e About an hour ago
  ROLLBACK yulon.local/ac-wotlk-db-import:native-243c46e3-rollback dcaadcf6692d 41 minutes ago
  ROLLBACK yulon.local/ac-wotlk-worldserver:native-243c46e3-rollback 703ea6521431 41 minutes ago
  count: 4
  world: running pid=50099 restarts=0
--- 2026-09-08T20:47:54Z ---
  ROLLBACK yulon.local/ac-wotlk-authserver:native-243c46e3-rollback 1825d670a587 41 minutes ago
  ROLLBACK yulon.local/ac-wotlk-client-data:native-243c46e3-rollback 92252d77483e About an hour ago
  ROLLBACK yulon.local/ac-wotlk-db-import:native-243c46e3-rollback dcaadcf6692d 41 minutes ago
  ROLLBACK yulon.local/ac-wotlk-worldserver:native-243c46e3-rollback 703ea6521431 41 minutes ago
  count: 4
  world: running pid=50099 restarts=0
--- 2026-09-08T20:48:10Z ---
  ROLLBACK yulon.local/ac-wotlk-authserver:native-243c46e3-rollback 1825d670a587 41 minutes ago
  ROLLBACK yulon.local/ac-wotlk-client-data:native-243c46e3-rollback 92252d77483e About an hour ago
  ROLLBACK yulon.local/ac-wotlk-db-import:native-243c46e3-rollback dcaadcf6692d 41 minutes ago
  ROLLBACK yulon.local/ac-wotlk-worldserver:native-243c46e3-rollback 703ea6521431 41 minutes ago
  count: 4
  world: running pid=50099 restarts=0
--- 2026-09-08T20:48:25Z ---
  ROLLBACK yulon.local/ac-wotlk-authserver:native-243c46e3-rollback 1825d670a587 42 minutes ago
  ROLLBACK yulon.local/ac-wotlk-client-data:native-243c46e3-rollback 92252d77483e About an hour ago
  ROLLBACK yulon.local/ac-wotlk-db-import:native-243c46e3-rollback dcaadcf6692d 42 minutes ago
  ROLLBACK yulon.local/ac-wotlk-worldserver:native-243c46e3-rollback 703ea6521431 42 minutes ago
  count: 4
  world: running pid=50099 restarts=0
--- 2026-09-08T20:48:40Z ---
  ROLLBACK yulon.local/ac-wotlk-authserver:native-243c46e3-rollback 1825d670a587 42 minutes ago
  ROLLBACK yulon.local/ac-wotlk-client-data:native-243c46e3-rollback 92252d77483e About an hour ago
  ROLLBACK yulon.local/ac-wotlk-db-import:native-243c46e3-rollback dcaadcf6692d 42 minutes ago
  ROLLBACK yulon.local/ac-wotlk-worldserver:native-243c46e3-rollback 703ea6521431 42 minutes ago
  count: 4
  world: running pid=50099 restarts=0
--- 2026-09-08T20:48:55Z ---
  ROLLBACK yulon.local/ac-wotlk-authserver:native-243c46e3-rollback 1825d670a587 42 minutes ago
  ROLLBACK yulon.local/ac-wotlk-client-data:native-243c46e3-rollback 92252d77483e About an hour ago
  ROLLBACK yulon.local/ac-wotlk-db-import:native-243c46e3-rollback dcaadcf6692d 42 minutes ago
  ROLLBACK yulon.local/ac-wotlk-worldserver:native-243c46e3-rollback 703ea6521431 42 minutes ago
  count: 4
  world: running pid=50099 restarts=0
--- 2026-09-08T20:49:11Z ---
  ROLLBACK yulon.local/ac-wotlk-authserver:native-243c46e3-rollback 1825d670a587 42 minutes ago
  ROLLBACK yulon.local/ac-wotlk-client-data:native-243c46e3-rollback 92252d77483e About an hour ago
  ROLLBACK yulon.local/ac-wotlk-db-import:native-243c46e3-rollback dcaadcf6692d 42 minutes ago
  ROLLBACK yulon.local/ac-wotlk-worldserver:native-243c46e3-rollback 703ea6521431 42 minutes ago
  count: 4
  world: running pid=50099 restarts=0
--- 2026-09-08T20:49:26Z ---
  ROLLBACK yulon.local/ac-wotlk-authserver:native-243c46e3-rollback 1825d670a587 43 minutes ago
  ROLLBACK yulon.local/ac-wotlk-client-data:native-243c46e3-rollback 92252d77483e About an hour ago
  ROLLBACK yulon.local/ac-wotlk-db-import:native-243c46e3-rollback dcaadcf6692d 43 minutes ago
  ROLLBACK yulon.local/ac-wotlk-worldserver:native-243c46e3-rollback 703ea6521431 43 minutes ago
  count: 4
  world: running pid=50099 restarts=0
--- 2026-09-08T20:49:41Z ---
  ROLLBACK yulon.local/ac-wotlk-authserver:native-243c46e3-rollback 1825d670a587 43 minutes ago
  ROLLBACK yulon.local/ac-wotlk-client-data:native-243c46e3-rollback 92252d77483e About an hour ago
  ROLLBACK yulon.local/ac-wotlk-db-import:native-243c46e3-rollback dcaadcf6692d 43 minutes ago
  ROLLBACK yulon.local/ac-wotlk-worldserver:native-243c46e3-rollback 703ea6521431 43 minutes ago
  count: 4
  world: running pid=50099 restarts=0
--- 2026-09-08T20:49:56Z ---
  ROLLBACK yulon.local/ac-wotlk-authserver:native-243c46e3-rollback 1825d670a587 43 minutes ago
  ROLLBACK yulon.local/ac-wotlk-client-data:native-243c46e3-rollback 92252d77483e About an hour ago
  ROLLBACK yulon.local/ac-wotlk-db-import:native-243c46e3-rollback dcaadcf6692d 43 minutes ago
  ROLLBACK yulon.local/ac-wotlk-worldserver:native-243c46e3-rollback 703ea6521431 43 minutes ago
  count: 4
  world: running pid=50099 restarts=0
--- 2026-09-08T20:50:12Z ---
  ROLLBACK yulon.local/ac-wotlk-authserver:native-243c46e3-rollback 1825d670a587 43 minutes ago
  ROLLBACK yulon.local/ac-wotlk-client-data:native-243c46e3-rollback 92252d77483e About an hour ago
  ROLLBACK yulon.local/ac-wotlk-db-import:native-243c46e3-rollback dcaadcf6692d 43 minutes ago
  ROLLBACK yulon.local/ac-wotlk-worldserver:native-243c46e3-rollback 703ea6521431 43 minutes ago
  count: 4
  world: running pid=50099 restarts=0
--- 2026-09-08T20:50:27Z ---
  ROLLBACK yulon.local/ac-wotlk-authserver:native-243c46e3-rollback 1825d670a587 44 minutes ago
  ROLLBACK yulon.local/ac-wotlk-client-data:native-243c46e3-rollback 92252d77483e About an hour ago
  ROLLBACK yulon.local/ac-wotlk-db-import:native-243c46e3-rollback dcaadcf6692d 44 minutes ago
  ROLLBACK yulon.local/ac-wotlk-worldserver:native-243c46e3-rollback 703ea6521431 44 minutes ago
  count: 4
  world: running pid=50099 restarts=0
--- 2026-09-08T20:50:42Z ---
  ROLLBACK yulon.local/ac-wotlk-authserver:native-243c46e3-rollback 1825d670a587 44 minutes ago
  ROLLBACK yulon.local/ac-wotlk-client-data:native-243c46e3-rollback 92252d77483e About an hour ago
  ROLLBACK yulon.local/ac-wotlk-db-import:native-243c46e3-rollback dcaadcf6692d 44 minutes ago
  ROLLBACK yulon.local/ac-wotlk-worldserver:native-243c46e3-rollback 703ea6521431 44 minutes ago
  count: 4
  world: running pid=50099 restarts=0
--- 2026-09-08T20:50:58Z ---
  ROLLBACK yulon.local/ac-wotlk-authserver:native-243c46e3-rollback 1825d670a587 44 minutes ago
  ROLLBACK yulon.local/ac-wotlk-client-data:native-243c46e3-rollback 92252d77483e About an hour ago
  ROLLBACK yulon.local/ac-wotlk-db-import:native-243c46e3-rollback dcaadcf6692d 44 minutes ago
  ROLLBACK yulon.local/ac-wotlk-worldserver:native-243c46e3-rollback 703ea6521431 44 minutes ago
  count: 4
  world: running pid=50099 restarts=0
--- 2026-09-08T20:51:13Z ---
  ROLLBACK yulon.local/ac-wotlk-authserver:native-243c46e3-rollback 1825d670a587 44 minutes ago
  ROLLBACK yulon.local/ac-wotlk-client-data:native-243c46e3-rollback 92252d77483e About an hour ago
  ROLLBACK yulon.local/ac-wotlk-db-import:native-243c46e3-rollback dcaadcf6692d 44 minutes ago
  ROLLBACK yulon.local/ac-wotlk-worldserver:native-243c46e3-rollback 703ea6521431 44 minutes ago
  count: 4
  world: running pid=50099 restarts=0
--- 2026-09-08T20:51:28Z ---
  ROLLBACK yulon.local/ac-wotlk-authserver:native-243c46e3-rollback 1825d670a587 45 minutes ago
  ROLLBACK yulon.local/ac-wotlk-client-data:native-243c46e3-rollback 92252d77483e About an hour ago
  ROLLBACK yulon.local/ac-wotlk-db-import:native-243c46e3-rollback dcaadcf6692d 45 minutes ago
  ROLLBACK yulon.local/ac-wotlk-worldserver:native-243c46e3-rollback 703ea6521431 45 minutes ago
  count: 4
  world: running pid=50099 restarts=0
--- 2026-09-08T20:51:43Z ---
  ROLLBACK yulon.local/ac-wotlk-authserver:native-243c46e3-rollback 1825d670a587 45 minutes ago
  ROLLBACK yulon.local/ac-wotlk-client-data:native-243c46e3-rollback 92252d77483e About an hour ago
  ROLLBACK yulon.local/ac-wotlk-db-import:native-243c46e3-rollback dcaadcf6692d 45 minutes ago
  ROLLBACK yulon.local/ac-wotlk-worldserver:native-243c46e3-rollback 703ea6521431 45 minutes ago
  count: 4
  world: running pid=50099 restarts=0
--- 2026-09-08T20:51:59Z ---
  ROLLBACK yulon.local/ac-wotlk-authserver:native-243c46e3-rollback 1825d670a587 45 minutes ago
  ROLLBACK yulon.local/ac-wotlk-client-data:native-243c46e3-rollback 92252d77483e About an hour ago
  ROLLBACK yulon.local/ac-wotlk-db-import:native-243c46e3-rollback dcaadcf6692d 45 minutes ago
  ROLLBACK yulon.local/ac-wotlk-worldserver:native-243c46e3-rollback 703ea6521431 45 minutes ago
  count: 4
  world: running pid=50099 restarts=0
--- 2026-09-08T20:52:14Z ---
  ROLLBACK yulon.local/ac-wotlk-authserver:native-243c46e3-rollback 1825d670a587 45 minutes ago
  ROLLBACK yulon.local/ac-wotlk-client-data:native-243c46e3-rollback 92252d77483e About an hour ago
  ROLLBACK yulon.local/ac-wotlk-db-import:native-243c46e3-rollback dcaadcf6692d 45 minutes ago
  ROLLBACK yulon.local/ac-wotlk-worldserver:native-243c46e3-rollback 703ea6521431 45 minutes ago
  count: 4
  world: running pid=50099 restarts=0
--- 2026-09-08T20:52:29Z ---
  ROLLBACK yulon.local/ac-wotlk-authserver:native-243c46e3-rollback 1825d670a587 46 minutes ago
  ROLLBACK yulon.local/ac-wotlk-client-data:native-243c46e3-rollback 92252d77483e About an hour ago
  ROLLBACK yulon.local/ac-wotlk-db-import:native-243c46e3-rollback dcaadcf6692d 46 minutes ago
  ROLLBACK yulon.local/ac-wotlk-worldserver:native-243c46e3-rollback 703ea6521431 46 minutes ago
  count: 4
  world: running pid=50099 restarts=0
--- 2026-09-08T20:52:44Z ---
  ROLLBACK yulon.local/ac-wotlk-authserver:native-243c46e3-rollback 1825d670a587 46 minutes ago
  ROLLBACK yulon.local/ac-wotlk-client-data:native-243c46e3-rollback 92252d77483e About an hour ago
  ROLLBACK yulon.local/ac-wotlk-db-import:native-243c46e3-rollback dcaadcf6692d 46 minutes ago
  ROLLBACK yulon.local/ac-wotlk-worldserver:native-243c46e3-rollback 703ea6521431 46 minutes ago
  count: 4
  world: running pid=50099 restarts=0
--- 2026-09-08T20:53:00Z ---
  ROLLBACK yulon.local/ac-wotlk-authserver:native-243c46e3-rollback 1825d670a587 46 minutes ago
  ROLLBACK yulon.local/ac-wotlk-client-data:native-243c46e3-rollback 92252d77483e About an hour ago
  ROLLBACK yulon.local/ac-wotlk-db-import:native-243c46e3-rollback dcaadcf6692d 46 minutes ago
  ROLLBACK yulon.local/ac-wotlk-worldserver:native-243c46e3-rollback 703ea6521431 46 minutes ago
  count: 4
  world: running pid=50099 restarts=0
--- 2026-09-08T20:53:15Z ---
  ROLLBACK yulon.local/ac-wotlk-authserver:native-243c46e3-rollback 1825d670a587 46 minutes ago
  ROLLBACK yulon.local/ac-wotlk-client-data:native-243c46e3-rollback 92252d77483e About an hour ago
  ROLLBACK yulon.local/ac-wotlk-db-import:native-243c46e3-rollback dcaadcf6692d 46 minutes ago
  ROLLBACK yulon.local/ac-wotlk-worldserver:native-243c46e3-rollback 703ea6521431 46 minutes ago
  count: 4
  world: running pid=50099 restarts=0
--- 2026-09-08T20:53:30Z ---
  ROLLBACK yulon.local/ac-wotlk-authserver:native-243c46e3-rollback 1825d670a587 47 minutes ago
  ROLLBACK yulon.local/ac-wotlk-client-data:native-243c46e3-rollback 92252d77483e About an hour ago
  ROLLBACK yulon.local/ac-wotlk-db-import:native-243c46e3-rollback dcaadcf6692d 47 minutes ago
  ROLLBACK yulon.local/ac-wotlk-worldserver:native-243c46e3-rollback 703ea6521431 47 minutes ago
  count: 4
  world: running pid=50099 restarts=0
--- 2026-09-08T20:53:45Z ---
  ROLLBACK yulon.local/ac-wotlk-authserver:native-243c46e3-rollback 1825d670a587 47 minutes ago
  ROLLBACK yulon.local/ac-wotlk-client-data:native-243c46e3-rollback 92252d77483e About an hour ago
  ROLLBACK yulon.local/ac-wotlk-db-import:native-243c46e3-rollback dcaadcf6692d 47 minutes ago
  ROLLBACK yulon.local/ac-wotlk-worldserver:native-243c46e3-rollback 703ea6521431 47 minutes ago
  count: 4
  world: running pid=50099 restarts=0
--- 2026-09-08T20:54:01Z ---
  ROLLBACK yulon.local/ac-wotlk-authserver:native-243c46e3-rollback 1825d670a587 47 minutes ago
  ROLLBACK yulon.local/ac-wotlk-client-data:native-243c46e3-rollback 92252d77483e About an hour ago
  ROLLBACK yulon.local/ac-wotlk-db-import:native-243c46e3-rollback dcaadcf6692d 47 minutes ago
  ROLLBACK yulon.local/ac-wotlk-worldserver:native-243c46e3-rollback 703ea6521431 47 minutes ago
  count: 4
  world: running pid=50099 restarts=0
--- 2026-09-08T20:54:16Z ---
  ROLLBACK yulon.local/ac-wotlk-authserver:native-243c46e3-rollback 1825d670a587 48 minutes ago
  ROLLBACK yulon.local/ac-wotlk-client-data:native-243c46e3-rollback 92252d77483e About an hour ago
  ROLLBACK yulon.local/ac-wotlk-db-import:native-243c46e3-rollback dcaadcf6692d 47 minutes ago
  ROLLBACK yulon.local/ac-wotlk-worldserver:native-243c46e3-rollback 703ea6521431 48 minutes ago
  count: 4
  world: running pid=50099 restarts=0
--- 2026-09-08T20:54:31Z ---
  ROLLBACK yulon.local/ac-wotlk-authserver:native-243c46e3-rollback 1825d670a587 48 minutes ago
  ROLLBACK yulon.local/ac-wotlk-client-data:native-243c46e3-rollback 92252d77483e About an hour ago
  ROLLBACK yulon.local/ac-wotlk-db-import:native-243c46e3-rollback dcaadcf6692d 48 minutes ago
  ROLLBACK yulon.local/ac-wotlk-worldserver:native-243c46e3-rollback 703ea6521431 48 minutes ago
  count: 4
  world: running pid=50099 restarts=0
--- 2026-09-08T20:54:47Z ---
  ROLLBACK yulon.local/ac-wotlk-authserver:native-243c46e3-rollback 1825d670a587 48 minutes ago
  ROLLBACK yulon.local/ac-wotlk-client-data:native-243c46e3-rollback 92252d77483e About an hour ago
  ROLLBACK yulon.local/ac-wotlk-db-import:native-243c46e3-rollback dcaadcf6692d 48 minutes ago
  ROLLBACK yulon.local/ac-wotlk-worldserver:native-243c46e3-rollback 703ea6521431 48 minutes ago
  count: 4
  world: running pid=50099 restarts=0
--- 2026-09-08T20:55:02Z ---
  ROLLBACK yulon.local/ac-wotlk-authserver:native-243c46e3-rollback 1825d670a587 48 minutes ago
  ROLLBACK yulon.local/ac-wotlk-client-data:native-243c46e3-rollback 92252d77483e About an hour ago
  ROLLBACK yulon.local/ac-wotlk-db-import:native-243c46e3-rollback dcaadcf6692d 48 minutes ago
  ROLLBACK yulon.local/ac-wotlk-worldserver:native-243c46e3-rollback 703ea6521431 48 minutes ago
  count: 4
  world: running pid=50099 restarts=0
--- 2026-09-08T20:55:17Z ---
  ROLLBACK yulon.local/ac-wotlk-authserver:native-243c46e3-rollback 1825d670a587 49 minutes ago
  ROLLBACK yulon.local/ac-wotlk-client-data:native-243c46e3-rollback 92252d77483e About an hour ago
  ROLLBACK yulon.local/ac-wotlk-db-import:native-243c46e3-rollback dcaadcf6692d 48 minutes ago
  ROLLBACK yulon.local/ac-wotlk-worldserver:native-243c46e3-rollback 703ea6521431 49 minutes ago
  count: 4
  world: running pid=50099 restarts=0
--- 2026-09-08T20:55:32Z ---
  ROLLBACK yulon.local/ac-wotlk-authserver:native-243c46e3-rollback 1825d670a587 49 minutes ago
  ROLLBACK yulon.local/ac-wotlk-client-data:native-243c46e3-rollback 92252d77483e About an hour ago
  ROLLBACK yulon.local/ac-wotlk-db-import:native-243c46e3-rollback dcaadcf6692d 49 minutes ago
  ROLLBACK yulon.local/ac-wotlk-worldserver:native-243c46e3-rollback 703ea6521431 49 minutes ago
  count: 4
  world: running pid=50099 restarts=0
--- 2026-09-08T20:55:48Z ---
  ROLLBACK yulon.local/ac-wotlk-authserver:native-243c46e3-rollback 1825d670a587 49 minutes ago
  ROLLBACK yulon.local/ac-wotlk-client-data:native-243c46e3-rollback 92252d77483e About an hour ago
  ROLLBACK yulon.local/ac-wotlk-db-import:native-243c46e3-rollback dcaadcf6692d 49 minutes ago
  ROLLBACK yulon.local/ac-wotlk-worldserver:native-243c46e3-rollback 703ea6521431 49 minutes ago
  count: 4
  world: running pid=50099 restarts=0
--- 2026-09-08T20:56:03Z ---
  ROLLBACK yulon.local/ac-wotlk-authserver:native-243c46e3-rollback 1825d670a587 49 minutes ago
  ROLLBACK yulon.local/ac-wotlk-client-data:native-243c46e3-rollback 92252d77483e About an hour ago
  ROLLBACK yulon.local/ac-wotlk-db-import:native-243c46e3-rollback dcaadcf6692d 49 minutes ago
  ROLLBACK yulon.local/ac-wotlk-worldserver:native-243c46e3-rollback 703ea6521431 49 minutes ago
  count: 4
  world: running pid=50099 restarts=0
--- 2026-09-08T20:56:18Z ---
  ROLLBACK yulon.local/ac-wotlk-authserver:native-243c46e3-rollback 1825d670a587 50 minutes ago
  ROLLBACK yulon.local/ac-wotlk-client-data:native-243c46e3-rollback 92252d77483e About an hour ago
  ROLLBACK yulon.local/ac-wotlk-db-import:native-243c46e3-rollback dcaadcf6692d 49 minutes ago
  ROLLBACK yulon.local/ac-wotlk-worldserver:native-243c46e3-rollback 703ea6521431 50 minutes ago
  count: 4
  world: running pid=50099 restarts=0
--- 2026-09-08T20:56:33Z ---
  ROLLBACK yulon.local/ac-wotlk-authserver:native-243c46e3-rollback 1825d670a587 50 minutes ago
  ROLLBACK yulon.local/ac-wotlk-client-data:native-243c46e3-rollback 92252d77483e About an hour ago
  ROLLBACK yulon.local/ac-wotlk-db-import:native-243c46e3-rollback dcaadcf6692d 50 minutes ago
  ROLLBACK yulon.local/ac-wotlk-worldserver:native-243c46e3-rollback 703ea6521431 50 minutes ago
  count: 4
  world: running pid=50099 restarts=0
--- 2026-09-08T20:56:49Z ---
  ROLLBACK yulon.local/ac-wotlk-authserver:native-243c46e3-rollback 1825d670a587 50 minutes ago
  ROLLBACK yulon.local/ac-wotlk-client-data:native-243c46e3-rollback 92252d77483e About an hour ago
  ROLLBACK yulon.local/ac-wotlk-db-import:native-243c46e3-rollback dcaadcf6692d 50 minutes ago
  ROLLBACK yulon.local/ac-wotlk-worldserver:native-243c46e3-rollback 703ea6521431 50 minutes ago
  count: 4
  world: running pid=50099 restarts=0
--- 2026-09-08T20:57:04Z ---
  ROLLBACK yulon.local/ac-wotlk-authserver:native-243c46e3-rollback 1825d670a587 50 minutes ago
  ROLLBACK yulon.local/ac-wotlk-client-data:native-243c46e3-rollback 92252d77483e About an hour ago
  ROLLBACK yulon.local/ac-wotlk-db-import:native-243c46e3-rollback dcaadcf6692d 50 minutes ago
  ROLLBACK yulon.local/ac-wotlk-worldserver:native-243c46e3-rollback 703ea6521431 50 minutes ago
  count: 4
  world: running pid=50099 restarts=0
--- 2026-09-08T20:57:19Z ---
  ROLLBACK yulon.local/ac-wotlk-authserver:native-243c46e3-rollback 1825d670a587 51 minutes ago
  ROLLBACK yulon.local/ac-wotlk-client-data:native-243c46e3-rollback 92252d77483e About an hour ago
  ROLLBACK yulon.local/ac-wotlk-db-import:native-243c46e3-rollback dcaadcf6692d 51 minutes ago
  ROLLBACK yulon.local/ac-wotlk-worldserver:native-243c46e3-rollback 703ea6521431 51 minutes ago
  count: 4
  world: running pid=50099 restarts=0
--- 2026-09-08T20:57:35Z ---
  ROLLBACK yulon.local/ac-wotlk-authserver:native-243c46e3-rollback 1825d670a587 51 minutes ago
  ROLLBACK yulon.local/ac-wotlk-client-data:native-243c46e3-rollback 92252d77483e About an hour ago
  ROLLBACK yulon.local/ac-wotlk-db-import:native-243c46e3-rollback dcaadcf6692d 51 minutes ago
  ROLLBACK yulon.local/ac-wotlk-worldserver:native-243c46e3-rollback 703ea6521431 51 minutes ago
  count: 4
  world: running pid=50099 restarts=0
