=== REBUILD, through rebuild_for_app(entry, server_dir)(cancel) ===
ground: world = running pid=95889 restarts=0 started=2026-09-08T21:14:13.684241148Z image=sha256:008648f92bf57ac017c91854a1050601ebac04322b463ad2aecba6038d3b46ba
ground: -rollback tags = []
ground: docker images:
  alpine/git:<none> c0280cf95723 9 months ago
  mysql:8.4 3466ba4a4828 2 hours ago
  yulon.local/ac-wotlk-authserver:native-243c46e3 561439121157 37 minutes ago
  yulon.local/ac-wotlk-client-data:native-243c46e3 fec4ff78db07 2 hours ago
  yulon.local/ac-wotlk-db-import:native-243c46e3 4308fe3e4121 37 minutes ago
  yulon.local/ac-wotlk-worldserver:native-243c46e3 008648f92bf5 37 minutes ago
ground: the engine in the running binary = engine=True  the Lua engine is built into this server's executable.
--- the press ---
[21:15:02Z] Rebuilding WoW WotLK in /home/pk/wowserver
[21:15:02Z] You can stop this at any time; stopping before the containers are replaced leaves the server you have now exactly as it is. This does three things and nothing else: it compiles the server again from the source and modules in the folder below, it replaces the running containers so the new build is what starts, and it waits for the server to come back up. It does not fetch anything, does not rewrite your settings, and does not touch your database — your characters, accounts and the module SQL already applied are not read or written by this. The server is DOWN from the moment the containers are replaced until it reports ready.
2026-09-08 23:15:02 INFO [yulon.docker] tagged yulon.local/ac-wotlk-worldserver:native-243c46e3 as yulon.local/ac-wotlk-worldserver:native-243c46e3-rollback
2026-09-08 23:15:02 INFO [yulon.docker] tagged yulon.local/ac-wotlk-authserver:native-243c46e3 as yulon.local/ac-wotlk-authserver:native-243c46e3-rollback
2026-09-08 23:15:02 INFO [yulon.docker] tagged yulon.local/ac-wotlk-db-import:native-243c46e3 as yulon.local/ac-wotlk-db-import:native-243c46e3-rollback
2026-09-08 23:15:02 INFO [yulon.docker] tagged yulon.local/ac-wotlk-client-data:native-243c46e3 as yulon.local/ac-wotlk-client-data:native-243c46e3-rollback
[21:15:02Z] Kept the build you have now as a rollback (4 images tagged -rollback). If the new build does not come up it is put back automatically.
2026-09-08 23:15:02 INFO [yulon.platform] holding this machine awake for the build: systemd-inhibit --what=idle:sleep --who=Yu'lon --why=installing a server sleep infinity
[21:15:02Z] Step 1 of 3 (33%): build
[21:15:02Z] --- build
[21:15:02Z] Stopping now leaves Docker finishing the build step it is already on, in the background. That is deliberate: the work it has done is kept, and starting this install again picks up from there instead of compiling it all a second time.
[21:15:02Z] This server is already built; a rebuild was asked for, so the compile runs anyway. That is the whole point of the button — a module added after the last build is only in the worldserver once it has been compiled in.
[21:15:02Z] Building the server. The output below is live. This is the same compile an install does, and it takes as long.
2026-09-08 23:15:02 INFO [yulon.docker] build_staged(): `docker compose -f docker-compose.yml -f docker-compose.override.yml -f docker-compose.build.yml build --progress plain` in /home/pk/wowserver
[21:15:02Z] --progress is a global compose flag, better use `docker compose --progress xx build ...
[21:15:02Z] #1 [internal] load local bake definitions
[21:15:03Z] #1 reading from stdin 2.17kB done
[21:15:03Z] #1 DONE 0.0s
[21:15:03Z] 
[21:15:03Z] #2 [ac-authserver internal] load build definition from Dockerfile
[21:15:03Z] #2 DONE 0.0s
[21:15:03Z] 
[21:15:03Z] #2 [ac-db-import internal] load build definition from Dockerfile
[21:15:03Z] #2 transferring dockerfile: 9.07kB done
[21:15:03Z] #2 DONE 0.0s
[21:15:03Z] 
[21:15:03Z] #3 [ac-client-data-init internal] load metadata for docker.io/library/ubuntu:24.04
[21:15:03Z] #3 DONE 0.6s
[21:15:03Z] 
[21:15:03Z] #4 [ac-db-import internal] load .dockerignore
[21:15:03Z] #4 transferring context: 261B done
[21:15:03Z] #4 DONE 0.0s
[21:15:03Z] 
[21:15:03Z] #5 [ac-db-import internal] load build context
[21:15:03Z] #5 DONE 0.0s
[21:15:03Z] 
[21:15:03Z] #6 [ac-authserver internal] load build context
[21:15:03Z] #6 DONE 0.0s
[21:15:03Z] 
[21:15:03Z] #7 [ac-authserver skeleton 1/4] FROM docker.io/library/ubuntu:24.04@sha256:33ceb71981b602c1a7443a53469e4dba065f7503eab3078a2d7a57a2ab987517
[21:15:03Z] #7 resolve docker.io/library/ubuntu:24.04@sha256:33ceb71981b602c1a7443a53469e4dba065f7503eab3078a2d7a57a2ab987517
[21:15:03Z] #7 resolve docker.io/library/ubuntu:24.04@sha256:33ceb71981b602c1a7443a53469e4dba065f7503eab3078a2d7a57a2ab987517 0.1s done
[21:15:03Z] #7 DONE 0.1s
[21:15:03Z] 
[21:15:03Z] #8 [ac-client-data-init internal] load build context
[21:15:03Z] #8 transferring context: 6.69kB 0.0s done
[21:15:03Z] #8 DONE 0.1s
[21:15:03Z] 
[21:15:03Z] #9 [ac-client-data-init skeleton 2/4] RUN mkdir -pv         /azerothcore/bin                           /azerothcore/data                          /azerothcore/deps                          /azerothcore/env/dist/bin                  /azerothcore/env/dist/data/Cameras         /azerothcore/env/dist/data/dbc             /azerothcore/env/dist/data/maps            /azerothcore/env/dist/data/mmaps           /azerothcore/env/dist/data/vmaps           /azerothcore/env/dist/logs                 /azerothcore/env/dist/temp                 /azerothcore/env/dist/etc                  /azerothcore/modules                       /azerothcore/src                           /azerothcore/build
[21:15:03Z] #9 CACHED
[21:15:03Z] 
[21:15:03Z] #10 [ac-client-data-init client-data 2/3] RUN userdel --remove ubuntu   && addgroup --gid "1000" "acore"   && adduser --disabled-password --gecos '' --uid "1000" --gid "1000" "acore"   && passwd -d "acore"   && chown -R "acore:acore" /azerothcore
[21:15:03Z] #10 CACHED
[21:15:03Z] 
[21:15:03Z] #11 [ac-client-data-init skeleton 3/4] RUN apt-get update                                                           && apt-get install -y --no-install-recommends tzdata ca-certificates     && ln -snf "/usr/share/zoneinfo/Etc/UTC" /etc/localtime                      && echo "Etc/UTC" > /etc/timezone                                              && dpkg-reconfigure --frontend noninteractive tzdata                     && rm -rf /var/lib/apt/lists/*
[21:15:03Z] #11 CACHED
[21:15:03Z] 
[21:15:03Z] #12 [ac-client-data-init skeleton 4/4] WORKDIR /azerothcore
[21:15:03Z] #12 CACHED
[21:15:03Z] 
[21:15:03Z] #13 [ac-client-data-init client-data 1/3] RUN apt-get update &&     apt-get install -y curl unzip adduser &&     rm -rf /var/lib/apt/lists/*
[21:15:03Z] #13 CACHED
[21:15:03Z] 
[21:15:03Z] #14 [ac-client-data-init client-data 3/3] COPY --chown=acore:acore apps apps
[21:15:03Z] #14 CACHED
[21:15:03Z] 
[21:15:03Z] #15 [ac-client-data-init] exporting to image
[21:15:03Z] #15 exporting layers done
[21:15:03Z] #15 exporting manifest sha256:0a7d1346df0c1a6a7e487784e5d8370a08c8f6fa9adeda9674ee86b92e40b97e 0.0s done
[21:15:03Z] #15 exporting config sha256:ef8ff95179a4cddb398c9b1fd0f2ee1a3f67b3a22d9901d59e654a01c6172daf
[21:15:04Z] #15 exporting config sha256:ef8ff95179a4cddb398c9b1fd0f2ee1a3f67b3a22d9901d59e654a01c6172daf 0.0s done
[21:15:04Z] #15 exporting attestation manifest sha256:53630c8860220882681fc31e3e69684f5f25f9f422498aaebf86418df6b59490
[21:15:04Z] #15 ...
[21:15:04Z] 
[21:15:04Z] #6 [ac-authserver internal] load build context
[21:15:04Z] #6 transferring context: 332.45kB 0.5s done
[21:15:04Z] #6 DONE 0.6s
[21:15:04Z] 
[21:15:04Z] #15 [ac-client-data-init] exporting to image
[21:15:04Z] #15 exporting attestation manifest sha256:53630c8860220882681fc31e3e69684f5f25f9f422498aaebf86418df6b59490 0.3s done
[21:15:04Z] #15 exporting manifest list sha256:ffa9094ed5ba9de593cbe047aef7cebe1ca0e90f7aeed164abd6fa3efb1e074f
[21:15:04Z] #15 ...
[21:15:04Z] 
[21:15:04Z] #16 [ac-worldserver worldserver 1/1] COPY --chown=acore:acore      --from=build      /azerothcore/env/dist/bin/worldserver /azerothcore/env/dist/bin/worldserver
[21:15:04Z] #16 CACHED
[21:15:04Z] 
[21:15:04Z] #17 [ac-worldserver build 3/8] COPY conf /azerothcore/conf
[21:15:04Z] #17 CACHED
[21:15:04Z] 
[21:15:04Z] #18 [ac-worldserver build 8/8] RUN --mount=type=cache,target=/ccache,sharing=locked     --mount=type=bind,target=/azerothcore/.git,source=.git     git config --global --add safe.directory /azerothcore     && cmake /azerothcore        -G Ninja        -DCMAKE_INSTALL_PREFIX="/azerothcore/env/dist"         -DAPPS_BUILD="all"                                     -DTOOLS_BUILD="all"                          -DSCRIPTS="static"                                  -DMODULES="static"                                  -DWITH_WARNINGS="ON"                      -DCMAKE_BUILD_TYPE="RelWithDebInfo"                            -DCMAKE_CXX_COMPILER="clang++"                         -DCMAKE_C_COMPILER="clang"                             -DCMAKE_CXX_COMPILER_LAUNCHER="ccache"                 -DCMAKE_C_COMPILER_LAUNCHER="ccache"                   -DBoost_USE_STATIC_LIBS="ON"                        && cmake --build . --config "RelWithDebInfo" -j $(($(nproc) + 1))     && cmake --install . --config "RelWithDebInfo"
[21:15:04Z] #18 CACHED
[21:15:04Z] 
[21:15:04Z] #19 [ac-worldserver build 5/8] COPY src /azerothcore/src
[21:15:04Z] #19 CACHED
[21:15:04Z] 
[21:15:04Z] #20 [ac-worldserver runtime 1/4] RUN apt-get update     && apt-get install -y --no-install-recommends       libmysqlclient21 libreadline8 libicu74 libncurses5-dev       gettext-base default-mysql-client       adduser     && rm -rf /var/lib/apt/lists/*
[21:15:04Z] #20 CACHED
[21:15:04Z] 
[21:15:04Z] #21 [ac-worldserver build 7/8] WORKDIR /azerothcore/build
[21:15:04Z] #21 CACHED
[21:15:04Z] 
[21:15:04Z] #22 [ac-worldserver runtime 4/4] COPY --chown=1000:1000      --chmod=755      apps/docker/entrypoint.sh /azerothcore/entrypoint.sh
[21:15:04Z] #22 CACHED
[21:15:04Z] 
[21:15:04Z] #23 [ac-worldserver build 4/8] COPY deps /azerothcore/deps
[21:15:04Z] #23 CACHED
[21:15:04Z] 
[21:15:04Z] #24 [ac-worldserver build 2/8] COPY CMakeLists.txt /azerothcore/CMakeLists.txt
[21:15:04Z] #24 CACHED
[21:15:04Z] 
[21:15:04Z] #25 [ac-worldserver runtime 3/4] RUN userdel --remove ubuntu   && addgroup --gid "1000" "acore"   && adduser --disabled-password --gecos '' --uid "1000" --gid "1000" "acore"   && passwd -d "acore"   && chown -R "acore:acore" /azerothcore
[21:15:04Z] #25 CACHED
[21:15:04Z] 
[21:15:04Z] #9 [ac-worldserver skeleton 2/4] RUN mkdir -pv         /azerothcore/bin                           /azerothcore/data                          /azerothcore/deps                          /azerothcore/env/dist/bin                  /azerothcore/env/dist/data/Cameras         /azerothcore/env/dist/data/dbc             /azerothcore/env/dist/data/maps            /azerothcore/env/dist/data/mmaps           /azerothcore/env/dist/data/vmaps           /azerothcore/env/dist/logs                 /azerothcore/env/dist/temp                 /azerothcore/env/dist/etc                  /azerothcore/modules                       /azerothcore/src                           /azerothcore/build
[21:15:04Z] #9 CACHED
[21:15:04Z] 
[21:15:04Z] #26 [ac-worldserver runtime 2/4] COPY --from=build /azerothcore/env/dist/etc/ /azerothcore/env/ref/etc
[21:15:04Z] #26 CACHED
[21:15:04Z] 
[21:15:04Z] #11 [ac-worldserver skeleton 3/4] RUN apt-get update                                                           && apt-get install -y --no-install-recommends tzdata ca-certificates     && ln -snf "/usr/share/zoneinfo/Etc/UTC" /etc/localtime                      && echo "Etc/UTC" > /etc/timezone                                              && dpkg-reconfigure --frontend noninteractive tzdata                     && rm -rf /var/lib/apt/lists/*
[21:15:04Z] #11 CACHED
[21:15:04Z] 
[21:15:04Z] #27 [ac-worldserver build 1/8] RUN apt-get update                                                         && apt-get install -y --no-install-recommends                                 build-essential ccache libtool cmake-data ninja-build cmake clang            git lsb-base curl unzip default-mysql-client openssl                          default-libmysqlclient-dev libboost-all-dev libssl-dev libmysql++-dev         libreadline-dev zlib1g-dev libbz2-dev libncurses5-dev liblzma-dev      && rm -rf /var/lib/apt/lists/*
[21:15:04Z] #27 CACHED
[21:15:04Z] 
[21:15:04Z] #12 [ac-worldserver skeleton 4/4] WORKDIR /azerothcore
[21:15:04Z] #12 CACHED
[21:15:04Z] 
[21:15:04Z] #28 [ac-worldserver build 6/8] COPY modules /azerothcore/modules
[21:15:04Z] #28 CACHED
[21:15:04Z] 
[21:15:04Z] #29 [ac-authserver authserver 1/1] COPY --chown=acore:acore      --from=build      /azerothcore/env/dist/bin/authserver /azerothcore/env/dist/bin/authserver
[21:15:04Z] #29 CACHED
[21:15:04Z] 
[21:15:04Z] #30 [ac-worldserver] exporting to image
[21:15:04Z] #30 exporting layers done
[21:15:04Z] #30 exporting manifest sha256:c40d7fc793d3f78d900d589a723f8cf31254a2c62f2dd23edb0768301ade4807 0.0s done
[21:15:04Z] #30 exporting config sha256:0337bb4721fb83eea5e9819077226a569b290f091f8c99fe40b4cefec2030e63 0.0s done
[21:15:05Z] #30 ...
[21:15:05Z] 
[21:15:05Z] #15 [ac-client-data-init] exporting to image
[21:15:05Z] #15 exporting manifest list sha256:ffa9094ed5ba9de593cbe047aef7cebe1ca0e90f7aeed164abd6fa3efb1e074f 0.3s done
[21:15:05Z] #15 naming to yulon.local/ac-wotlk-client-data:native-243c46e3 0.0s done
[21:15:05Z] #15 unpacking to yulon.local/ac-wotlk-client-data:native-243c46e3 0.1s done
[21:15:05Z] #15 DONE 1.0s
[21:15:05Z] 
[21:15:05Z] #30 [ac-worldserver] exporting to image
[21:15:05Z] #30 exporting attestation manifest sha256:ccdd1c7ae7c45829755687da37f6c784a9d6eba940c2b34f4418eeb6bb0f10e8
[21:15:05Z] #30 exporting attestation manifest sha256:ccdd1c7ae7c45829755687da37f6c784a9d6eba940c2b34f4418eeb6bb0f10e8 0.2s done
[21:15:05Z] #30 exporting manifest list sha256:cad2566406d2bee5b12455b6a0ddb3dc8b2a04e4d6df7bf1c067ad2f870d1522
[21:15:05Z] #30 exporting manifest list sha256:cad2566406d2bee5b12455b6a0ddb3dc8b2a04e4d6df7bf1c067ad2f870d1522 0.0s done
[21:15:05Z] #30 naming to yulon.local/ac-wotlk-worldserver:native-243c46e3 0.0s done
[21:15:05Z] #30 unpacking to yulon.local/ac-wotlk-worldserver:native-243c46e3 0.0s done
[21:15:05Z] #30 DONE 0.5s
[21:15:05Z] 
[21:15:05Z] #31 [ac-authserver] exporting to image
[21:15:05Z] #31 exporting layers done
[21:15:05Z] #31 exporting manifest sha256:2ac5e03d1ed0e915591a6ea144df72e764487c33f872b2585531f4643ce3da86 0.0s done
[21:15:05Z] #31 exporting config sha256:e098d6da9e962ec3b17f27eef6967dd084f76e093cfbd20343a1df93971da499 0.0s done
[21:15:05Z] #31 exporting attestation manifest sha256:5faf83f1a9848bd90d867d254097bae62a2f3f146b1efb84b879d66272b92284 0.2s done
[21:15:05Z] #31 exporting manifest list sha256:1024b0a2fb43761bcf195f252bff85bf21e9362c40709b3d3170e1f5bc8d13f7 0.1s done
[21:15:05Z] #31 naming to yulon.local/ac-wotlk-authserver:native-243c46e3 0.0s done
[21:15:05Z] #31 unpacking to yulon.local/ac-wotlk-authserver:native-243c46e3 0.0s done
[21:15:05Z] #31 DONE 0.5s
[21:15:05Z] 
[21:15:05Z] #5 [ac-db-import internal] load build context
[21:15:05Z] #5 ...
[21:15:05Z] 
[21:15:05Z] #32 [ac-client-data-init] resolving provenance for metadata file
[21:15:05Z] #32 DONE 0.0s
[21:15:05Z] 
[21:15:05Z] #5 [ac-db-import internal] load build context
[21:15:05Z] #5 ...
[21:15:05Z] 
[21:15:05Z] #33 [ac-authserver] resolving provenance for metadata file
[21:15:05Z] #33 DONE 0.1s
[21:15:05Z] 
[21:15:05Z] #34 [ac-worldserver] resolving provenance for metadata file
[21:15:05Z] #34 DONE 0.0s
[21:15:05Z] 
[21:15:05Z] #5 [ac-db-import internal] load build context
[21:15:09Z] #5 transferring context: 571.41MB 5.5s
[21:15:11Z] #5 transferring context: 848.57MB 8.0s done
[21:15:11Z] #5 DONE 8.0s
[21:15:11Z] 
[21:15:11Z] #35 [ac-db-import build 3/8] COPY conf /azerothcore/conf
[21:15:11Z] #35 CACHED
[21:15:11Z] 
[21:15:11Z] #36 [ac-db-import build 2/8] COPY CMakeLists.txt /azerothcore/CMakeLists.txt
[21:15:11Z] #36 CACHED
[21:15:11Z] 
[21:15:11Z] #37 [ac-db-import build 6/8] COPY modules /azerothcore/modules
[21:15:11Z] #37 CACHED
[21:15:11Z] 
[21:15:11Z] #38 [ac-db-import build 7/8] WORKDIR /azerothcore/build
[21:15:11Z] #38 CACHED
[21:15:11Z] 
[21:15:11Z] #39 [ac-db-import build 8/8] RUN --mount=type=cache,target=/ccache,sharing=locked     --mount=type=bind,target=/azerothcore/.git,source=.git     git config --global --add safe.directory /azerothcore     && cmake /azerothcore        -G Ninja        -DCMAKE_INSTALL_PREFIX="/azerothcore/env/dist"         -DAPPS_BUILD="all"                                     -DTOOLS_BUILD="all"                          -DSCRIPTS="static"                                  -DMODULES="static"                                  -DWITH_WARNINGS="ON"                      -DCMAKE_BUILD_TYPE="RelWithDebInfo"                            -DCMAKE_CXX_COMPILER="clang++"                         -DCMAKE_C_COMPILER="clang"                             -DCMAKE_CXX_COMPILER_LAUNCHER="ccache"                 -DCMAKE_C_COMPILER_LAUNCHER="ccache"                   -DBoost_USE_STATIC_LIBS="ON"                        && cmake --build . --config "RelWithDebInfo" -j $(($(nproc) + 1))     && cmake --install . --config "RelWithDebInfo"
[21:15:11Z] #39 CACHED
[21:15:11Z] 
[21:15:11Z] #9 [ac-db-import skeleton 2/4] RUN mkdir -pv         /azerothcore/bin                           /azerothcore/data                          /azerothcore/deps                          /azerothcore/env/dist/bin                  /azerothcore/env/dist/data/Cameras         /azerothcore/env/dist/data/dbc             /azerothcore/env/dist/data/maps            /azerothcore/env/dist/data/mmaps           /azerothcore/env/dist/data/vmaps           /azerothcore/env/dist/logs                 /azerothcore/env/dist/temp                 /azerothcore/env/dist/etc                  /azerothcore/modules                       /azerothcore/src                           /azerothcore/build
[21:15:11Z] #9 CACHED
[21:15:11Z] 
[21:15:11Z] #40 [ac-db-import build 4/8] COPY deps /azerothcore/deps
[21:15:11Z] #40 CACHED
[21:15:11Z] 
[21:15:11Z] #11 [ac-db-import skeleton 3/4] RUN apt-get update                                                           && apt-get install -y --no-install-recommends tzdata ca-certificates     && ln -snf "/usr/share/zoneinfo/Etc/UTC" /etc/localtime                      && echo "Etc/UTC" > /etc/timezone                                              && dpkg-reconfigure --frontend noninteractive tzdata                     && rm -rf /var/lib/apt/lists/*
[21:15:11Z] #11 CACHED
[21:15:11Z] 
[21:15:11Z] #41 [ac-db-import runtime 3/4] RUN userdel --remove ubuntu   && addgroup --gid "1000" "acore"   && adduser --disabled-password --gecos '' --uid "1000" --gid "1000" "acore"   && passwd -d "acore"   && chown -R "acore:acore" /azerothcore
[21:15:11Z] #41 CACHED
[21:15:11Z] 
[21:15:11Z] #42 [ac-db-import runtime 2/4] COPY --from=build /azerothcore/env/dist/etc/ /azerothcore/env/ref/etc
[21:15:11Z] #42 CACHED
[21:15:11Z] 
[21:15:11Z] #43 [ac-db-import runtime 4/4] COPY --chown=1000:1000      --chmod=755      apps/docker/entrypoint.sh /azerothcore/entrypoint.sh
[21:15:11Z] #43 CACHED
[21:15:11Z] 
[21:15:11Z] #44 [ac-db-import db-import 1/3] COPY --chown=acore:acore     data data
[21:15:11Z] #44 CACHED
[21:15:11Z] 
[21:15:11Z] #12 [ac-db-import skeleton 4/4] WORKDIR /azerothcore
[21:15:11Z] #12 CACHED
[21:15:11Z] 
[21:15:11Z] #20 [ac-db-import runtime 1/4] RUN apt-get update     && apt-get install -y --no-install-recommends       libmysqlclient21 libreadline8 libicu74 libncurses5-dev       gettext-base default-mysql-client       adduser     && rm -rf /var/lib/apt/lists/*
[21:15:11Z] #20 CACHED
[21:15:11Z] 
[21:15:11Z] #27 [ac-db-import build 1/8] RUN apt-get update                                                         && apt-get install -y --no-install-recommends                                 build-essential ccache libtool cmake-data ninja-build cmake clang            git lsb-base curl unzip default-mysql-client openssl                          default-libmysqlclient-dev libboost-all-dev libssl-dev libmysql++-dev         libreadline-dev zlib1g-dev libbz2-dev libncurses5-dev liblzma-dev      && rm -rf /var/lib/apt/lists/*
[21:15:11Z] #27 CACHED
[21:15:11Z] 
[21:15:11Z] #45 [ac-db-import build 5/8] COPY src /azerothcore/src
[21:15:11Z] #45 CACHED
[21:15:11Z] 
[21:15:11Z] #46 [ac-db-import db-import 2/3] COPY --chown=acore:acore     modules modules
[21:15:11Z] #46 CACHED
[21:15:11Z] 
[21:15:11Z] #47 [ac-db-import db-import 3/3] COPY --chown=acore:acore     --from=build      /azerothcore/env/dist/bin/dbimport /azerothcore/env/dist/bin/dbimport
[21:15:11Z] #47 CACHED
[21:15:12Z] 
[21:15:12Z] #48 [ac-db-import] exporting to image
[21:15:12Z] #48 exporting layers done
[21:15:12Z] #48 exporting manifest sha256:8472635dbedc480f0da287d1b3739d78e4c41c272ee679780d13849f13962776 done
[21:15:12Z] #48 exporting config sha256:700ccff354ef30eb84bc81d6612f8c39bea50b05ea901f38c63d99734b36cbee done
[21:15:12Z] #48 exporting attestation manifest sha256:bc43d59f575713d2e0d0ee516b561fa3fce5d5ef79bdb44341e80df01182e287 0.1s done
[21:15:12Z] #48 exporting manifest list sha256:a55f34201a7a0d6f4d890bb29d27bc94ec8b8400fa3040aa2a0101fcda6c44f2
[21:15:12Z] #48 exporting manifest list sha256:a55f34201a7a0d6f4d890bb29d27bc94ec8b8400fa3040aa2a0101fcda6c44f2 0.0s done
[21:15:12Z] #48 naming to yulon.local/ac-wotlk-db-import:native-243c46e3 done
[21:15:12Z] #48 unpacking to yulon.local/ac-wotlk-db-import:native-243c46e3 0.0s done
[21:15:12Z] #48 DONE 0.2s
[21:15:12Z] 
[21:15:12Z] #49 [ac-db-import] resolving provenance for metadata file
[21:15:12Z] #49 DONE 0.0s
[21:15:12Z]  yulon.local/ac-wotlk-authserver:native-243c46e3  Built
[21:15:12Z]  yulon.local/ac-wotlk-client-data:native-243c46e3  Built
[21:15:12Z]  yulon.local/ac-wotlk-db-import:native-243c46e3  Built
[21:15:12Z]  yulon.local/ac-wotlk-worldserver:native-243c46e3  Built
[21:15:12Z] The build finished.
[21:15:12Z] Step 2 of 3 (66%): recreate
[21:15:12Z] --- recreate
[21:15:12Z] Replacing the running containers so the new build is what starts.
2026-09-08 23:15:12 INFO [yulon.docker] start_staged(): `compose up -d --force-recreate --no-deps ac-database ac-authserver ac-worldserver` in /home/pk/wowserver
[21:15:35Z] The containers were replaced.
[21:15:35Z] Step 3 of 3 (100%): ready
[21:15:35Z] --- ready
[21:15:35Z] Waiting for the database.
[21:15:35Z] Waiting for the world server. A first boot loads the whole world and can take many minutes; this waits as long as the server keeps printing, and calls it stuck after 30 minutes with nothing new.
[21:16:05Z] The server is up.
2026-09-08 23:16:05 INFO [yulon.docker] removed image yulon.local/ac-wotlk-worldserver:native-243c46e3-rollback
2026-09-08 23:16:05 INFO [yulon.docker] removed image yulon.local/ac-wotlk-authserver:native-243c46e3-rollback
2026-09-08 23:16:05 INFO [yulon.docker] removed image yulon.local/ac-wotlk-db-import:native-243c46e3-rollback
2026-09-08 23:16:05 INFO [yulon.docker] removed image yulon.local/ac-wotlk-client-data:native-243c46e3-rollback
2026-09-08 23:16:05 INFO [yulon.catalog.native] rebuild of wow-wotlk finished
[21:16:05Z] The server is running the build that was just made, with every module in this folder compiled into it. This rebuild ran no SQL: if a module you added still does not seem to be there in-game, check the worldserver log for its own startup line and for database updates it applied — that part is the server's own doing, not this button's.
[21:16:05Z] WoW WotLK was rebuilt and is running in /home/pk/wowserver
[21:16:05Z] REBUILD RETURNED CLEANLY in 63.4s
after: world = running pid=98208 restarts=0 started=2026-09-08T21:15:35.150296167Z image=sha256:cad2566406d2bee5b12455b6a0ddb3dc8b2a04e4d6df7bf1c067ad2f870d1522
after: -rollback tags (must be none) = []
after: docker images:
  alpine/git:<none> c0280cf95723 9 months ago
  mysql:8.4 3466ba4a4828 2 hours ago
  yulon.local/ac-wotlk-authserver:native-243c46e3 1024b0a2fb43 38 minutes ago
  yulon.local/ac-wotlk-client-data:native-243c46e3 ffa9094ed5ba 2 hours ago
  yulon.local/ac-wotlk-db-import:native-243c46e3 a55f34201a7a 38 minutes ago
  yulon.local/ac-wotlk-worldserver:native-243c46e3 cad2566406d2 38 minutes ago
