=== rollback watch started 2026-09-08T21:08:05Z ===
GROUND, before the press has done anything:
  alpine/git:<none> c0280cf95723
  mysql:8.4 3466ba4a4828
  yulon.local/ac-wotlk-authserver:native-243c46e3 6f652ae4dca7
  yulon.local/ac-wotlk-client-data:native-243c46e3 fda00d5bf5de
  yulon.local/ac-wotlk-client-data:native-243c46e3-rollback 92252d77483e
  yulon.local/ac-wotlk-db-import:native-243c46e3 7134094ae6c1
  yulon.local/ac-wotlk-db-import:native-243c46e3-rollback dcaadcf6692d
  yulon.local/ac-wotlk-worldserver:native-243c46e3 8d99cf823bfc
  -rollback tags now: 2
--- 2026-09-08T21:08:05Z ---
  ROLLBACK yulon.local/ac-wotlk-client-data:native-243c46e3-rollback 92252d77483e About an hour ago
  ROLLBACK yulon.local/ac-wotlk-db-import:native-243c46e3-rollback dcaadcf6692d About an hour ago
  count: 2
  world: running pid=89367 restarts=0
--- 2026-09-08T21:08:20Z ---
  ROLLBACK yulon.local/ac-wotlk-client-data:native-243c46e3-rollback 92252d77483e About an hour ago
  ROLLBACK yulon.local/ac-wotlk-db-import:native-243c46e3-rollback dcaadcf6692d About an hour ago
  count: 2
  world: running pid=91317 restarts=0
--- 2026-09-08T21:08:35Z ---
  ROLLBACK yulon.local/ac-wotlk-client-data:native-243c46e3-rollback 92252d77483e About an hour ago
  ROLLBACK yulon.local/ac-wotlk-db-import:native-243c46e3-rollback dcaadcf6692d About an hour ago
  count: 2
  world: running pid=91317 restarts=0
--- 2026-09-08T21:08:51Z ---
  ROLLBACK yulon.local/ac-wotlk-client-data:native-243c46e3-rollback 92252d77483e About an hour ago
  ROLLBACK yulon.local/ac-wotlk-db-import:native-243c46e3-rollback dcaadcf6692d About an hour ago
  count: 2
  world: running pid=91317 restarts=0
--- 2026-09-08T21:09:06Z ---
  ROLLBACK yulon.local/ac-wotlk-client-data:native-243c46e3-rollback 92252d77483e About an hour ago
  ROLLBACK yulon.local/ac-wotlk-db-import:native-243c46e3-rollback dcaadcf6692d About an hour ago
  count: 2
  world: running pid=91317 restarts=0
--- 2026-09-08T21:09:21Z ---
  ROLLBACK yulon.local/ac-wotlk-client-data:native-243c46e3-rollback 92252d77483e About an hour ago
  ROLLBACK yulon.local/ac-wotlk-db-import:native-243c46e3-rollback dcaadcf6692d About an hour ago
  count: 2
  world: running pid=91317 restarts=0
--- 2026-09-08T21:09:36Z ---
  ROLLBACK yulon.local/ac-wotlk-client-data:native-243c46e3-rollback 92252d77483e About an hour ago
  ROLLBACK yulon.local/ac-wotlk-db-import:native-243c46e3-rollback dcaadcf6692d About an hour ago
  count: 2
  world: running pid=91317 restarts=0
--- 2026-09-08T21:09:52Z ---
  ROLLBACK yulon.local/ac-wotlk-client-data:native-243c46e3-rollback 92252d77483e About an hour ago
  ROLLBACK yulon.local/ac-wotlk-db-import:native-243c46e3-rollback dcaadcf6692d About an hour ago
  count: 2
  world: running pid=91317 restarts=0
--- 2026-09-08T21:10:07Z ---
  ROLLBACK yulon.local/ac-wotlk-client-data:native-243c46e3-rollback 92252d77483e About an hour ago
  ROLLBACK yulon.local/ac-wotlk-db-import:native-243c46e3-rollback dcaadcf6692d About an hour ago
  count: 2
  world: running pid=92328 restarts=0
--- 2026-09-08T21:10:22Z ---
  ROLLBACK yulon.local/ac-wotlk-client-data:native-243c46e3-rollback 92252d77483e About an hour ago
  ROLLBACK yulon.local/ac-wotlk-db-import:native-243c46e3-rollback dcaadcf6692d About an hour ago
  count: 2
  world: running pid=92328 restarts=0
--- 2026-09-08T21:10:37Z ---
  ROLLBACK yulon.local/ac-wotlk-client-data:native-243c46e3-rollback 92252d77483e About an hour ago
  ROLLBACK yulon.local/ac-wotlk-db-import:native-243c46e3-rollback dcaadcf6692d About an hour ago
  count: 2
  world: running pid=92328 restarts=0
--- 2026-09-08T21:10:53Z ---
  ROLLBACK yulon.local/ac-wotlk-client-data:native-243c46e3-rollback 92252d77483e About an hour ago
  ROLLBACK yulon.local/ac-wotlk-db-import:native-243c46e3-rollback dcaadcf6692d About an hour ago
  count: 2
  world: running pid=92328 restarts=0
--- 2026-09-08T21:11:08Z ---
  ROLLBACK yulon.local/ac-wotlk-client-data:native-243c46e3-rollback 92252d77483e About an hour ago
  ROLLBACK yulon.local/ac-wotlk-db-import:native-243c46e3-rollback dcaadcf6692d About an hour ago
  count: 2
  world: running pid=92328 restarts=0
--- 2026-09-08T21:11:23Z ---
  ROLLBACK yulon.local/ac-wotlk-client-data:native-243c46e3-rollback 92252d77483e About an hour ago
  ROLLBACK yulon.local/ac-wotlk-db-import:native-243c46e3-rollback dcaadcf6692d About an hour ago
  count: 2
  world: running pid=92328 restarts=0
--- 2026-09-08T21:11:39Z ---
  ROLLBACK yulon.local/ac-wotlk-client-data:native-243c46e3-rollback 92252d77483e About an hour ago
  ROLLBACK yulon.local/ac-wotlk-db-import:native-243c46e3-rollback dcaadcf6692d About an hour ago
  count: 2
  world: running pid=92328 restarts=0
--- 2026-09-08T21:11:54Z ---
  ROLLBACK yulon.local/ac-wotlk-client-data:native-243c46e3-rollback 92252d77483e About an hour ago
  ROLLBACK yulon.local/ac-wotlk-db-import:native-243c46e3-rollback dcaadcf6692d About an hour ago
  count: 2
  world: running pid=93483 restarts=0
--- 2026-09-08T21:12:09Z ---
  ROLLBACK yulon.local/ac-wotlk-client-data:native-243c46e3-rollback 92252d77483e About an hour ago
  ROLLBACK yulon.local/ac-wotlk-db-import:native-243c46e3-rollback dcaadcf6692d About an hour ago
  count: 2
  world: running pid=93483 restarts=0
--- 2026-09-08T21:12:24Z ---
  ROLLBACK yulon.local/ac-wotlk-client-data:native-243c46e3-rollback 92252d77483e About an hour ago
  ROLLBACK yulon.local/ac-wotlk-db-import:native-243c46e3-rollback dcaadcf6692d About an hour ago
  count: 2
  world: running pid=93483 restarts=0
--- 2026-09-08T21:12:40Z ---
  ROLLBACK yulon.local/ac-wotlk-client-data:native-243c46e3-rollback 92252d77483e About an hour ago
  ROLLBACK yulon.local/ac-wotlk-db-import:native-243c46e3-rollback dcaadcf6692d About an hour ago
  count: 2
  world: running pid=93483 restarts=0
--- 2026-09-08T21:12:55Z ---
  ROLLBACK yulon.local/ac-wotlk-client-data:native-243c46e3-rollback 92252d77483e About an hour ago
  ROLLBACK yulon.local/ac-wotlk-db-import:native-243c46e3-rollback dcaadcf6692d About an hour ago
  count: 2
  world: running pid=93483 restarts=0
--- 2026-09-08T21:13:10Z ---
  ROLLBACK yulon.local/ac-wotlk-client-data:native-243c46e3-rollback 92252d77483e 2 hours ago
  ROLLBACK yulon.local/ac-wotlk-db-import:native-243c46e3-rollback dcaadcf6692d About an hour ago
  count: 2
  world: running pid=93483 restarts=0
--- 2026-09-08T21:13:25Z ---
  ROLLBACK yulon.local/ac-wotlk-client-data:native-243c46e3-rollback 92252d77483e 2 hours ago
  ROLLBACK yulon.local/ac-wotlk-db-import:native-243c46e3-rollback dcaadcf6692d About an hour ago
  count: 2
  world: running pid=93483 restarts=0
--- 2026-09-08T21:13:41Z ---
  ROLLBACK yulon.local/ac-wotlk-authserver:native-243c46e3-rollback 6f652ae4dca7 36 minutes ago
  ROLLBACK yulon.local/ac-wotlk-client-data:native-243c46e3-rollback fda00d5bf5de 2 hours ago
  ROLLBACK yulon.local/ac-wotlk-db-import:native-243c46e3-rollback 7134094ae6c1 35 minutes ago
  ROLLBACK yulon.local/ac-wotlk-worldserver:native-243c46e3-rollback 8d99cf823bfc 36 minutes ago
  count: 4
  world: running pid=93483 restarts=0
--- 2026-09-08T21:13:56Z ---
  ROLLBACK yulon.local/ac-wotlk-authserver:native-243c46e3-rollback 6f652ae4dca7 36 minutes ago
  ROLLBACK yulon.local/ac-wotlk-client-data:native-243c46e3-rollback fda00d5bf5de 2 hours ago
  ROLLBACK yulon.local/ac-wotlk-db-import:native-243c46e3-rollback 7134094ae6c1 36 minutes ago
  ROLLBACK yulon.local/ac-wotlk-worldserver:native-243c46e3-rollback 8d99cf823bfc 36 minutes ago
  count: 4
  world: running pid=93483 restarts=0
--- 2026-09-08T21:14:11Z ---
  ROLLBACK yulon.local/ac-wotlk-authserver:native-243c46e3-rollback 6f652ae4dca7 36 minutes ago
  ROLLBACK yulon.local/ac-wotlk-client-data:native-243c46e3-rollback fda00d5bf5de 2 hours ago
  ROLLBACK yulon.local/ac-wotlk-db-import:native-243c46e3-rollback 7134094ae6c1 36 minutes ago
  ROLLBACK yulon.local/ac-wotlk-worldserver:native-243c46e3-rollback 8d99cf823bfc 36 minutes ago
  count: 4
  world: created pid=0 restarts=0
--- 2026-09-08T21:14:26Z ---
  ROLLBACK yulon.local/ac-wotlk-authserver:native-243c46e3-rollback 6f652ae4dca7 37 minutes ago
  ROLLBACK yulon.local/ac-wotlk-client-data:native-243c46e3-rollback fda00d5bf5de 2 hours ago
  ROLLBACK yulon.local/ac-wotlk-db-import:native-243c46e3-rollback 7134094ae6c1 36 minutes ago
  ROLLBACK yulon.local/ac-wotlk-worldserver:native-243c46e3-rollback 8d99cf823bfc 36 minutes ago
  count: 4
  world: running pid=95889 restarts=0
--- 2026-09-08T21:14:42Z ---
  ROLLBACK yulon.local/ac-wotlk-authserver:native-243c46e3-rollback 6f652ae4dca7 37 minutes ago
  ROLLBACK yulon.local/ac-wotlk-client-data:native-243c46e3-rollback fda00d5bf5de 2 hours ago
  ROLLBACK yulon.local/ac-wotlk-db-import:native-243c46e3-rollback 7134094ae6c1 36 minutes ago
  ROLLBACK yulon.local/ac-wotlk-worldserver:native-243c46e3-rollback 8d99cf823bfc 37 minutes ago
  count: 4
  world: running pid=95889 restarts=0
--- 2026-09-08T21:14:57Z ---
  count: 0
  world: running pid=95889 restarts=0
=== the press has finished; one last reading ===
2026-09-08T21:14:57Z
  alpine/git:<none> c0280cf95723
  mysql:8.4 3466ba4a4828
  yulon.local/ac-wotlk-authserver:native-243c46e3 561439121157
  yulon.local/ac-wotlk-client-data:native-243c46e3 fec4ff78db07
  yulon.local/ac-wotlk-db-import:native-243c46e3 4308fe3e4121
  yulon.local/ac-wotlk-worldserver:native-243c46e3 008648f92bf5
  -rollback tags now: 0
