# 7.3 primitives gate - yulon-ubuntu
# date:   2026-09-02T10:54:26+02:00
# host:   yulon-ubuntu, Linux 7.0.0-30-generic
# docker: Docker version 29.1.3, build 29.1.3-0ubuntu3~24.04.2
# commit: 5a1098d9a48566ef8689bc7331aac7566c0ee0f5
# python: Python 3.12.3

## docker state before
containers: 5  volumes: 2

============================= test session starts ==============================
platform linux -- Python 3.12.3, pytest-9.1.1, pluggy-1.6.0 -- /home/pk/yulon-runs/dml-phase7/pylauncher/.venv/bin/python
rootdir: /home/pk/yulon-runs/dml-phase7/pylauncher
configfile: pyproject.toml
plugins: xdist-3.8.0
collecting ... collected 23 items

tests/integration/test_accounts_live.py::test_a_created_account_lands_in_the_auth_database_as_a_thirty_two_byte_row PASSED [  4%]
tests/integration/test_accounts_live.py::test_creating_the_same_account_twice_reports_it_and_leaves_the_first_one_alone PASSED [  8%]
tests/integration/test_accounts_live.py::test_an_explicit_gm_level_is_written_and_read_back PASSED [ 13%]
tests/integration/test_accounts_live.py::test_our_verifier_is_byte_identical_to_one_the_worldserver_wrote_itself PASSED [ 17%]
tests/integration/test_docker_live.py::test_docker_lifecycle_end_to_end PASSED [ 21%]
tests/integration/test_docker_live.py::test_wait_db_healthy_times_out_on_missing_container PASSED [ 26%]
tests/integration/test_docker_live.py::test_compose_up_reruns_the_one_shot_import PASSED [ 30%]
tests/integration/test_docker_live.py::test_launcher_restart_never_reruns_the_one_shot_import PASSED [ 34%]
tests/integration/test_docker_live.py::test_a_changed_compose_file_is_applied_without_re_running_the_import PASSED [ 39%]
tests/integration/test_docker_live.py::test_a_missing_container_is_recreated_without_re_running_the_import PASSED [ 43%]
tests/integration/test_docker_live.py::test_start_staged_waits_for_the_database_before_starting_the_servers PASSED [ 47%]
tests/integration/test_docker_live.py::test_start_staged_fails_closed_when_the_database_never_becomes_healthy PASSED [ 52%]
tests/integration/test_docker_live.py::test_stop_staged_reports_whether_there_was_anything_to_stop PASSED [ 56%]
tests/integration/test_docker_live.py::test_a_stop_never_writes_an_identity_the_folder_could_carry_away PASSED [ 60%]
tests/integration/test_docker_live.py::test_the_bind_mount_probe_actually_works_against_a_real_daemon PASSED [ 65%]
tests/integration/test_docker_live.py::test_run_container_reads_the_client_read_only_and_writes_out_as_this_user PASSED [ 69%]
tests/integration/test_docker_live.py::test_a_read_only_client_mount_refuses_a_write PASSED [ 73%]
tests/integration/test_docker_live.py::test_copy_from_image_leaves_no_container_behind_either_way PASSED [ 78%]
tests/integration/test_docker_live.py::test_exec_stdin_streams_a_gzipped_dump_and_sql_query_reads_it_back PASSED [ 82%]
tests/integration/test_docker_live.py::test_wait_ready_gives_up_on_a_crash_loop_long_before_its_timeout PASSED [ 86%]
tests/integration/test_sqlplan_live.py::test_apply_imports_real_files_in_order_and_reports_what_the_client_said PASSED [ 91%]
tests/integration/test_sqlplan_live.py::test_a_truncated_dump_leaves_a_half_written_database_and_is_still_refused PASSED [ 95%]
tests/integration/test_wotlk_live.py::test_wotlk_controller_start_ready_stop SKIPPED [100%]

=========================== short test summary info ============================
SKIPPED [1] tests/integration/test_wotlk_live.py:49: YULON_WOTLK_SERVER_DIR not set; skipping the AzerothCore fixture run
================== 22 passed, 1 skipped in 149.33s (0:02:29) ===================

## docker state after
containers: 5  volumes: 2
