[07:51:31Z] containers alive: ac-database
[07:51:31Z] before the second press:
    acore_world.updates                    = 2973
    acore_characters.updates               = 30
    acore_world.module_string              = 53
    acore_world.creature_template#190010   = 1
    acore_characters tables                = 114
    acore_world tables                     = 315
2026-09-08 09:51:32 WARNING [yulon.docker] apply_module_sql(): running ac-db-import for modules: mod-playerbots,mod-transmog
[07:51:34Z] Apply module SQL (second press): finished after 2.5s
--- what the Modules tab shows ---
Running the importer over the modules installed here. What it prints:
Starting dbimport...
[36mAzerothCore rev. 413bea61a85e+ 2026-09-04 09:03:49 -0700 (Playerbot branch) (Unix, RelWithDebInfo, Static) (dbimport)
[0m[36m<Ctrl-C> to stop.
[0m[36m   █████╗ ███████╗███████╗██████╗  ██████╗ ████████╗██╗  ██╗
[0m[36m  ██╔══██╗╚══███╔╝██╔════╝██╔══██╗██╔═══██╗╚══██╔══╝██║  ██║
[0m[36m  ███████║  ███╔╝ █████╗  ██████╔╝██║   ██║   ██║   ███████║
[0m[36m  ██╔══██║ ███╔╝  ██╔══╝  ██╔══██╗██║   ██║   ██║   ██╔══██║
[0m[36m  ██║  ██║███████╗███████╗██║  ██║╚██████╔╝   ██║   ██║  ██║
[0m[36m  ╚═╝  ╚═╝╚══════╝╚══════╝╚═╝  ╚═╝ ╚═════╝    ╚═╝   ╚═╝  ╚═╝
[0m[36m                                 ██████╗ ██████╗ ██████╗ ███████╗
[0m[36m                                ██╔════╝██╔═══██╗██╔══██╗██╔════╝
[0m[36m                                ██║     ██║   ██║██████╔╝█████╗
[0m[36m                                ██║     ██║   ██║██╔══██╗██╔══╝
[0m[36m                                ╚██████╗╚██████╔╝██║  ██║███████╗
[0m[36m                                 ╚═════╝ ╚═════╝ ╚═╝  ╚═╝╚══════╝
[0m[36m     AzerothCore 3.3.5a  -  www.azerothcore.org
[0m[36m> Using configuration file:       /azerothcore/env/dist/etc/dbimport.conf
[0m[36m> Using SSL version:              OpenSSL 3.0.13 30 Jan 2024 (library: OpenSSL 3.0.13 30 Jan 2024)
[0m[36m> Using Boost version:            1.83.0
[0m[36m
[0m[36mConfiguration field WorldDatabaseInfo was overridden with environment variable.
[0m[36mConfiguration field CharacterDatabaseInfo was overridden with environment variable.
[0m[36mConfiguration field LoginDatabaseInfo was overridden with environment variable.
[0m[36mConfiguration field Updates.AllowedModules was overridden with environment variable.
[0m[36mConfiguration field LogsDir was overridden with environment variable.
[0m[36mLoading modules: mod-playerbots,mod-transmog
[0m[36mOpening DatabasePool 'acore_auth'. Asynchronous connections: 1, synchronous connections: 1.
[0m[36mMySQL client library: 8.0.46
[0m[36mMySQL server ver: 8.4.11
[0m[36mConnected to MySQL database at ac-database
[0m[36mMySQL client library: 8.0.46
[0m[36mMySQL server ver: 8.4.11
[0m[36mConnected to MySQL database at ac-database
[0m[36mDatabasePool 'acore_auth' opened successfully. 2 total connections running.
[0m[36m
[0m[36mOpening DatabasePool 'acore_characters'. Asynchronous connections: 1, synchronous connections: 1.
[0m[36mMySQL client library: 8.0.46
[0m[36mMySQL server ver: 8.4.11
[0m[36mConnected to MySQL database at ac-database
[0m[36mMySQL client library: 8.0.46
[0m[36mMySQL server ver: 8.4.11
[0m[36mConnected to MySQL database at ac-database
[0m[36mDatabasePool 'acore_characters' opened successfully. 2 total connections running.
[0m[36m
[0m[36mOpening DatabasePool 'acore_world'. Asynchronous connections: 1, synchronous connections: 1.
[0m[36mMySQL client library: 8.0.46
[0m[36mMySQL server ver: 8.4.11
[0m[36mConnected to MySQL database at ac-database
[0m[36mMySQL client library: 8.0.46
[0m[36mMySQL server ver: 8.4.11
[0m[36mConnected to MySQL database at ac-database
[0m[36mDatabasePool 'acore_world' opened successfully. 2 total connections running.
[0m[36m
[0m[36mUpdating Auth database...
[0m[36m>> Auth database is up-to-date! Containing 13 new and 10 archived updates.
[0m[36m
[0m[36mUpdating Character database...
[0m[36m>> Character database is up-to-date! Containing 10 new and 20 archived updates.
[0m[36m
[0m[36mUpdating World database...
[0m[36m>> World database is up-to-date! Containing 771 new and 2202 archived updates.
[0m[36m
[0m[36mStarted database connection pool.
[0m[36mHalting process...
[0m[36mClosing down DatabasePool 'acore_characters'. Waiting for 0 queries to finish...
[0m[36mAsynchronous connections on DatabasePool 'acore_characters' terminated. Proceeding with synchronous connections.
[0m[36mAll connections on DatabasePool 'acore_characters' closed.
[0m[36mClosing down DatabasePool 'acore_world'. Waiting for 0 queries to finish...
[0m[36mAsynchronous connections on DatabasePool 'acore_world' terminated. Proceeding with synchronous connections.
[0m[36mAll connections on DatabasePool 'acore_world' closed.
[0m[36mClosing down DatabasePool 'acore_auth'. Waiting for 0 queries to finish...
[0m[36mAsynchronous connections on DatabasePool 'acore_auth' terminated. Proceeding with synchronous connections.
[0m[36mAll connections on DatabasePool 'acore_auth' closed.
[0m
cp: warning: behavior of -n is non-portable and may change in future; use --update=none instead
cp: warning: behavior of -n is non-portable and may change in future; use --update=none instead
The importer finished. Any '>> Applying update <file>.sql' line above is a file that was applied just now; a module already recorded in the database's `updates` table correctly gets nothing. Modules with C++ code still need a rebuild — that is a separate job.
--- end ---
[07:51:34Z] scrolled the report to 'Updates.AllowedModules': True
This plugin does not support propagateSizeHints()
[07:51:34Z] shot /home/pk/gate87a-shots/6-config-from-the-running-importer.png (168867 bytes), view alive: True
[07:51:34Z] after the second press:
    acore_world.updates                    = 2973
    acore_characters.updates               = 30
    acore_world.module_string              = 53
    acore_world.creature_template#190010   = 1
    acore_characters tables                = 114
    acore_world tables                     = 315
[07:51:34Z] the importer's own words about its configuration: ['\x1b[0m\x1b[36mConfiguration field Updates.AllowedModules was overridden with environment variable.']
[07:51:34Z] and the list it used: ['\x1b[0m\x1b[36mLoading modules: mod-playerbots,mod-transmog']
[07:51:34Z] rows unchanged by the second press: True
[07:51:34Z] VERDICT again: PASS
