[15:45:23] ### 8.9a WINDOWS gate driver, stage readonly, 2026-09-08T15:45:23.382112+02:00 ###
[15:45:23] ### box: yulon-win11, Windows-10-10.0.26200-SP0, tree: C:\gate ###
[15:45:23] ANNOUNCE: 8.9a Windows clause: the read-only bit on git objects
[15:45:24] ===== GROUND: does this install's .git really hold read-only files? =====
[15:45:24] D:\wow-server\.git exists: True
[15:45:24]   pack-524b3bd3df05d1487b181fdbd71c18df33af00b1.idx  6305524 bytes   attrib: A    R               D:\wow-server\.git\objects\pack\pack-524b3bd3df05d1487b181fdbd71c18df33af00b1.idx
[15:45:24]   pack-524b3bd3df05d1487b181fdbd71c18df33af00b1.pack  1341514887 bytes   attrib: A    R               D:\wow-server\.git\objects\pack\pack-524b3bd3df05d1487b181fdbd71c18df33af00b1.pack
[15:45:24]   pack-524b3bd3df05d1487b181fdbd71c18df33af00b1.rev  900688 bytes   attrib: A    R               D:\wow-server\.git\objects\pack\pack-524b3bd3df05d1487b181fdbd71c18df33af00b1.rev
[15:45:24]   files under .git: 28, of them read-only: 3
[15:45:24]     read-only sample: D:\wow-server\.git\objects\pack\pack-524b3bd3df05d1487b181fdbd71c18df33af00b1.idx   attrib: A    R               D:\wow-server\.git\objects\pack\pack-524b3bd3df05d1487b181fdbd71c18df33af00b1.idx
[15:45:24]     read-only sample: D:\wow-server\.git\objects\pack\pack-524b3bd3df05d1487b181fdbd71c18df33af00b1.pack   attrib: A    R               D:\wow-server\.git\objects\pack\pack-524b3bd3df05d1487b181fdbd71c18df33af00b1.pack
[15:45:24]     read-only sample: D:\wow-server\.git\objects\pack\pack-524b3bd3df05d1487b181fdbd71c18df33af00b1.rev   attrib: A    R               D:\wow-server\.git\objects\pack\pack-524b3bd3df05d1487b181fdbd71c18df33af00b1.rev
[15:45:24] ===== end ground =====

[15:45:24] control files (this install's own read-only git objects): ['pack-524b3bd3df05d1487b181fdbd71c18df33af00b1.idx', 'pack-524b3bd3df05d1487b181fdbd71c18df33af00b1.rev']
[15:45:24] -- CONTROL: a plain shutil.rmtree over the same read-only objects
[15:45:24]    copy carries: A    R               C:\gate89a\control-plain\.git\objects\pack\pack-524b3bd3df05d1487b181fdbd71c18df33af00b1.idx
[15:45:24]    copy carries: A    R               C:\gate89a\control-plain\.git\objects\pack\pack-524b3bd3df05d1487b181fdbd71c18df33af00b1.rev
[15:45:24]    shutil.rmtree raised PermissionError: [WinError 5] Access is denied: 'C:\\gate89a\\control-plain\\.git\\objects\\pack\\pack-524b3bd3df05d1487b181fdbd71c18df33af00b1.idx'
[15:45:24]    C:\gate89a\control-plain still there: True

[15:45:24] -- THE FIX: purge.remove_tree over an identical tree
[15:45:24]    copy carries: A    R               C:\gate89a\control-remove-tree\.git\objects\pack\pack-524b3bd3df05d1487b181fdbd71c18df33af00b1.idx
[15:45:24]    copy carries: A    R               C:\gate89a\control-remove-tree\.git\objects\pack\pack-524b3bd3df05d1487b181fdbd71c18df33af00b1.rev
python.exe : 2026-09-08 15:45:24 INFO [yulon.purge] C:\gate89a\control-remove-tree would not 
delete; clearing read-only flags and retrying
At C:\gate\run1.ps1:4 char:5
+     & $py $drv $stage 2>&1 | Out-File -Encoding utf8 "C:/gate/log-$st ...
+     ~~~~~~~~~~~~~~~~~~~~~~
    + CategoryInfo          : NotSpecified: (2026-09-08 15:4...gs and retrying:String) [], Remote 
   Exception
    + FullyQualifiedErrorId : NativeCommandError
 
[15:45:24]    remove_tree returned; no exception
[15:45:24]    C:\gate89a\control-remove-tree still there: False

[15:45:24] -- THE FAILURE PATH: a file held open, which Windows will not let go
2026-09-08 15:45:24 INFO [yulon.purge] C:\gate89a\control-locked would not delete; clearing 
read-only flags and retrying
[15:45:24]    remove_tree raised PurgeError:
C:\gate89a\control-locked could not be deleted ([WinError 32] The process cannot access the file because it is being used by another process: 'C:\\gate89a\\control-locked\\src\\held-open.txt'). On Windows this is usually a read-only file inside .git, or a program holding a file open in that folder. EVERYTHING ELSE IN THE PLAN HAS ALREADY BEEN REMOVED ù the containers, the volumes it named, and the images. Only the folder is left, and it may be partly deleted. This install is still recorded, so the uninstall can be run again once the folder can be removed; it will not put back what is gone.
[15:45:24]    C:\gate89a\control-locked still there: True
[15:45:24]    the held-open file still there: True
[15:45:24]    the message names the folder: True
[15:45:24]    SILENT SUCCESS WITH FILES STILL ON DISK (the failure): False

[15:45:24] summary: plain rmtree deleted the read-only tree: False
[15:45:24] summary: purge.remove_tree deleted the read-only tree: True
