[15:45:12] ### 8.9a WINDOWS gate driver, stage seed, 2026-09-08T15:45:12.776554+02:00 ###
[15:45:12] ### box: yulon-win11, Windows-10-10.0.26200-SP0, tree: C:\gate ###
[15:45:23] state.json BEFORE: [('wow-wotlk', 'C:\\Users\\pk\\wow-server-playerbots'), ('wow-wotlk', 'C:\\Users\\pk\\wow test install\\wow-server-playerbots')]
[15:45:23] seeded C:\Users\pk\AppData\Roaming\yulon\state.json: {
  "schema_version": 1,
  "installs": [
    {
      "game": "wow-wotlk",
      "server_dir": "C:\\Users\\pk\\wow-server-playerbots",
      "client_dir": null,
      "wsl_distro": null
    },
    {
      "game": "wow-wotlk",
      "server_dir": "C:\\Users\\pk\\wow test install\\wow-server-playerbots",
      "client_dir": null,
      "wsl_distro": null
    },
    {
      "game": "wow-wotlk",
      "server_dir": "D:\\wow-server",
      "client_dir": null,
      "wsl_distro": null
    }
  ]
}

