[15:45:42] ### 8.9a WINDOWS gate driver, stage stage4, 2026-09-08T15:45:42.619849+02:00 ###
[15:45:42] ### box: yulon-win11, Windows-10-10.0.26200-SP0, tree: C:\gate ###
[15:45:42] ANNOUNCE: 8.9a clause 4 on Windows: ownership that cannot be proved
[15:45:43] ===== GROUND: clause 4, BEFORE the press =====
[15:45:43] unknown: C:\gate89a\decoy-unknown contents ['.yulon-install.json', 'MY-PRECIOUS-SAVES.txt', 'docker-compose.yml']
[15:45:43] unknown: ownership answer = UNKNOWN
[15:45:43] unclaimed: C:\gate89a\decoy-unclaimed contents ['MY-PRECIOUS-SAVES.txt', 'docker-compose.yml']
[15:45:43] unclaimed: ownership answer = UNCLAIMED
[15:45:43] ===== GROUND: clause 4, the REAL install before the decoy presses =====
[15:45:43] docker ps -a:
tbc-mangosd	Up 37 minutes
tbc-realmd	Up 37 minutes
tbc-db	Up 37 minutes (healthy)
[15:45:43] docker volume ls:
yulon-wow-tbc-5f51e177_db-data
yulon-wow-wotlk-643123e5_client-data
yulon-wow-wotlk-643123e5_db-data
[15:45:44] docker images:
yulon.local/cmangos-tbc-server:native-5f51e177
yulon.local/ac-wotlk-db-import:native-643123e5
yulon.local/ac-wotlk-authserver:native-643123e5
yulon.local/ac-wotlk-worldserver:native-643123e5
yulon.local/ac-wotlk-client-data:native-643123e5
mariadb:11
mysql:8.4
alpine/git:<none>
[15:45:44] D:\wow-server exists: True
[15:45:44]   .yulon-install.json present: True
[15:45:44]   .git present: True
[15:45:44] ownership answer for D:\wow-server: OWNED
[15:45:44] C:\Users\pk\AppData\Roaming\yulon\state.json exists: True
[15:45:44] state.json installs: [('wow-wotlk', 'C:\\Users\\pk\\wow-server-playerbots'), ('wow-wotlk', 'C:\\Users\\pk\\wow test install\\wow-server-playerbots'), ('wow-wotlk', 'D:\\wow-server')]
[15:45:44] ===== end ground =====

[15:45:44] -- decoy unknown (C:\gate89a\decoy-unknown) --
[15:45:44] plan().refusal:
There is an install record in C:\gate89a\decoy-unknown that Yu'lon cannot read, so it cannot prove this install is its own. Nothing was removed.
[15:45:44] plan() resolved anything else? project='' containers=() volumes=()
[15:45:44] run() refused:
There is an install record in C:\gate89a\decoy-unknown that Yu'lon cannot read, so it cannot prove this install is its own. Nothing was removed.
[15:45:44] C:\gate89a\decoy-unknown still there: True contents ['.yulon-install.json', 'MY-PRECIOUS-SAVES.txt', 'docker-compose.yml']

[15:45:44] -- decoy unclaimed (C:\gate89a\decoy-unclaimed) --
[15:45:44] plan().refusal:
Nothing here says Yu'lon installed it: there is no install record in C:\gate89a\decoy-unclaimed, so this folder is not Yu'lon's to delete. Nothing was removed.
[15:45:44] plan() resolved anything else? project='' containers=() volumes=()
[15:45:44] run() refused:
Nothing here says Yu'lon installed it: there is no install record in C:\gate89a\decoy-unclaimed, so this folder is not Yu'lon's to delete. Nothing was removed.
[15:45:44] C:\gate89a\decoy-unclaimed still there: True contents ['MY-PRECIOUS-SAVES.txt', 'docker-compose.yml']

[15:45:44] the two refusals read the same: False
[15:45:44] forget() was called for: nothing
[15:45:44] ===== GROUND: clause 4, the REAL install after the decoy presses =====
[15:45:44] docker ps -a:
tbc-mangosd	Up 37 minutes
tbc-realmd	Up 37 minutes
tbc-db	Up 37 minutes (healthy)
[15:45:44] docker volume ls:
yulon-wow-tbc-5f51e177_db-data
yulon-wow-wotlk-643123e5_client-data
yulon-wow-wotlk-643123e5_db-data
[15:45:45] docker images:
yulon.local/cmangos-tbc-server:native-5f51e177
yulon.local/ac-wotlk-db-import:native-643123e5
yulon.local/ac-wotlk-worldserver:native-643123e5
yulon.local/ac-wotlk-authserver:native-643123e5
yulon.local/ac-wotlk-client-data:native-643123e5
mariadb:11
mysql:8.4
alpine/git:<none>
[15:45:45] D:\wow-server exists: True
[15:45:45]   .yulon-install.json present: True
[15:45:45]   .git present: True
[15:45:45] ownership answer for D:\wow-server: OWNED
[15:45:45] C:\Users\pk\AppData\Roaming\yulon\state.json exists: True
[15:45:45] state.json installs: [('wow-wotlk', 'C:\\Users\\pk\\wow-server-playerbots'), ('wow-wotlk', 'C:\\Users\\pk\\wow test install\\wow-server-playerbots'), ('wow-wotlk', 'D:\\wow-server')]
[15:45:45] ===== end ground =====

[15:45:45] the real install in another folder was untouched: True
