[15:49:29] ### 8.9a WINDOWS gate driver, stage stage3, 2026-09-08T15:49:29.323984+02:00 ###
[15:49:29] ### box: yulon-win11, Windows-10-10.0.26200-SP0, tree: C:\gate ###
[15:49:29] ANNOUNCE: 8.9a clause 3 on Windows: pressing Uninstall while the server is running
[15:49:30] ===== GROUND: clause 3, BEFORE the press -- the server should be RUNNING =====
[15:49:30] docker ps -a:
ac-worldserver	Up 5 seconds
ac-authserver	Up 5 seconds
ac-database	Up 16 seconds (healthy)
tbc-mangosd	Exited (139) 31 seconds ago
tbc-realmd	Exited (0) 2 minutes ago
tbc-db	Exited (0) 2 minutes ago
[15:49:30] docker volume ls:
yulon-wow-tbc-5f51e177_db-data
yulon-wow-wotlk-643123e5_client-data
yulon-wow-wotlk-643123e5_db-data
[15:49:30] docker images:
yulon.local/cmangos-tbc-server:native-5f51e177
yulon.local/ac-wotlk-db-import:native-643123e5
yulon.local/ac-wotlk-authserver:native-643123e5
yulon.local/ac-wotlk-worldserver:native-643123e5
yulon.local/ac-wotlk-client-data:native-643123e5
mariadb:11
mysql:8.4
alpine/git:<none>
[15:49:30] D:\wow-server exists: True
[15:49:30]   .yulon-install.json present: True
[15:49:30]   .git present: True
[15:49:30] ownership answer for D:\wow-server: OWNED
[15:49:30] C:\Users\pk\AppData\Roaming\yulon\state.json exists: True
[15:49:30] state.json installs: [('wow-wotlk', 'C:\\Users\\pk\\wow-server-playerbots'), ('wow-wotlk', 'C:\\Users\\pk\\wow test install\\wow-server-playerbots'), ('wow-wotlk', 'D:\\wow-server')]
[15:49:31] ===== end ground =====

python.exe : 2026-09-08 15:49:32 INFO [yulon.channel_setup] no usable credential at 
C:\Users\pk\AppData\Roaming\yulon\credentials\wow-wotlk-6d51a632.json: FileNotFoundError
At C:\gate\run2.ps1:4 char:5
+     & $py $drv $stage 2>&1 | Out-File -Encoding utf8 "C:/gate/log-$st ...
+     ~~~~~~~~~~~~~~~~~~~~~~
    + CategoryInfo          : NotSpecified: (2026-09-08 15:4...leNotFoundError:String) [], Remote 
   Exception
    + FullyQualifiedErrorId : NativeCommandError
 
2026-09-08 15:49:32 INFO [yulon.channel_setup] no usable credential at 
C:\Users\pk\AppData\Roaming\yulon\credentials\wow-wotlk-5a15f8fd.json: FileNotFoundError
2026-09-08 15:49:32 INFO [yulon.channel_setup] no usable credential at 
C:\Users\pk\AppData\Roaming\yulon\credentials\wow-wotlk-643123e5.json: FileNotFoundError
This plugin does not support propagateSizeHints()
[15:49:32] window built: 3 controller tab(s), catalog view: True
[15:49:32] tile[wow-wotlk] text='Installed' enabled=False tooltip='Already installed in D:\\wow-server ù its own tab manages it.'
[15:49:32] tab for: D:\wow-server
[15:49:32] -- press 1: Uninstall... (this calls plan(), which must READ ONLY)
2026-09-08 15:49:32 INFO [yulon.update] update check: current=0.6.59 latest=v0.6.59Public 
newer=False
[15:49:33]   plan came back: after 1.0s
[15:49:33] --- what the tab shows ---
ac-worldserver, ac-authserver, ac-database: still running. Stop the server first, then uninstall. Nothing was removed.
[15:49:33] --- end ---
[15:49:33] confirm button visible (would a press be offered?): False
[15:49:33]   screenshot: 01-running-server-refusal-tab.png
[15:49:33] -- press 2: the destructive call itself, run(keep_characters=False)
[15:49:34] --- run() refused with ---
ac-worldserver, ac-authserver, ac-database: still running. Stop the server first, then uninstall. Nothing was removed.
[15:49:34] --- end ---
[15:49:34] ===== GROUND: clause 3, AFTER both presses =====
[15:49:34] docker ps -a:
ac-worldserver	Up 9 seconds
ac-authserver	Up 9 seconds
ac-database	Up 20 seconds (healthy)
tbc-mangosd	Exited (139) 35 seconds ago
tbc-realmd	Exited (0) 2 minutes ago
tbc-db	Exited (0) 2 minutes ago
[15:49:34] docker volume ls:
yulon-wow-tbc-5f51e177_db-data
yulon-wow-wotlk-643123e5_client-data
yulon-wow-wotlk-643123e5_db-data
[15:49:35] docker images:
yulon.local/cmangos-tbc-server:native-5f51e177
yulon.local/ac-wotlk-db-import:native-643123e5
yulon.local/ac-wotlk-worldserver:native-643123e5
yulon.local/ac-wotlk-authserver:native-643123e5
yulon.local/ac-wotlk-client-data:native-643123e5
mariadb:11
mysql:8.4
alpine/git:<none>
[15:49:35] D:\wow-server exists: True
[15:49:35]   .yulon-install.json present: True
[15:49:35]   .git present: True
[15:49:35] ownership answer for D:\wow-server: OWNED
[15:49:35] C:\Users\pk\AppData\Roaming\yulon\state.json exists: True
[15:49:35] state.json installs: [('wow-wotlk', 'C:\\Users\\pk\\wow-server-playerbots'), ('wow-wotlk', 'C:\\Users\\pk\\wow test install\\wow-server-playerbots'), ('wow-wotlk', 'D:\\wow-server')]
[15:49:35] ===== end ground =====

[15:49:35] plan() reads only + clause 3 left nothing changed: True
