
[09:56:04Z] client=C:\clients\TurtleWoW realmlist=100.78.24.50 account=TORTGATE label=t84d-r2 exe=WoW.exe
[09:56:04Z] MEASURED defaults: ClickFields=True WhoSeconds=35 (30 s server cooldown)
[09:56:04Z] wrote realmlist into C:\clients\TurtleWoW\realmlist.wtf
[09:56:04Z] wrote realmlist into C:\clients\TurtleWoW\WTF\Config.wtf
[09:56:04Z] asked for a 1024x768 window with no intro movie
[09:56:06Z] started C:\clients\TurtleWoW\WoW.exe as pid 21188
[09:56:15Z] window handle: 2623262 (MainWindowHandle was 2623262)
[09:56:15Z] no message box was up
[09:56:28Z] foreground window: 2623262 (the client's is 2623262)
[09:56:40Z] photographed C:\Users\PK\client-login\t84d-r2-1-login-screen.png -- the client is alive (pid 21188, 1 process(es) named WoW)
[09:56:41Z] foreground window: 2623262 (the client's is 2623262)
[09:56:42Z] clicked 538,426 for the account box
[09:56:44Z] clicked 538,510 for the password box
[09:56:45Z] photographed C:\Users\PK\client-login\t84d-r2-2-typed.png -- the client is alive (pid 21188, 1 process(es) named WoW)
[09:56:45Z] sent the login
[09:57:16Z] foreground window: 2623262 (the client's is 2623262)
[09:57:16Z] photographed C:\Users\PK\client-login\t84d-r2-3-after-login.png -- the client is alive (pid 21188, 1 process(es) named WoW)
[09:57:17Z] foreground window: 2623262 (the client's is 2623262)
[09:57:18Z] photographed C:\Users\PK\client-login\t84d-r2-3a-realms.png -- the client is alive (pid 21188, 1 process(es) named WoW)
[09:57:18Z] clicked 639,636 for Okay on the realm dialog (ASSUMED on this client)
[09:57:39Z] foreground window: 2623262 (the client's is 2623262)
[09:57:39Z] photographed C:\Users\PK\client-login\t84d-r2-3b-characters.png -- the client is alive (pid 21188, 1 process(es) named WoW)
[09:57:39Z] pressed Enter World
[09:57:49Z] foreground window: 2623262 (the client's is 2623262)
[09:57:49Z] photographed C:\Users\PK\client-login\t84d-r2-3b4-enter-world.png -- the client is alive (pid 21188, 1 process(es) named WoW)
[09:57:50Z] answered a rename prompt with Dortagate
[09:57:59Z] foreground window: 2623262 (the client's is 2623262)
[09:57:59Z] photographed C:\Users\PK\client-login\t84d-r2-3b5-renamed.png -- the client is alive (pid 21188, 1 process(es) named WoW)
[09:57:59Z] pressed Enter World again, after the rename
[09:58:10Z] foreground window: 2623262 (the client's is 2623262)
[09:58:10Z] photographed C:\Users\PK\client-login\t84d-r2-3c-entering.png -- the client is alive (pid 21188, 1 process(es) named WoW)
[09:58:10Z] asked to enter the world
[09:58:26Z] foreground window: 2623262 (the client's is 2623262)
[09:58:27Z] photographed C:\Users\PK\client-login\t84d-r2-w01.png -- the client is alive (pid 21188, 1 process(es) named WoW)
[09:58:43Z] foreground window: 2623262 (the client's is 2623262)
[09:58:43Z] photographed C:\Users\PK\client-login\t84d-r2-w02.png -- the client is alive (pid 21188, 1 process(es) named WoW)
[09:58:44Z] foreground window: 2623262 (the client's is 2623262)
[09:58:45Z] foreground window: 2623262 (the client's is 2623262)
[09:58:47Z] left channel World
[09:58:56Z] foreground window: 2623262 (the client's is 2623262)
[09:58:56Z] photographed C:\Users\PK\client-login\t84d-r2-3d-channels-left.png -- the client is alive (pid 21188, 1 process(es) named WoW)
[09:58:56Z] who-list names: Sietta | Caterinny | Gwenora (>= 35 s apart, server cooldown is 30 s)
[09:58:57Z] foreground window: 2623262 (the client's is 2623262)
[09:58:59Z] photographed C:\Users\PK\client-login\t84d-r2-who01-Sietta-typed.png -- the client is alive (pid 21188, 1 process(es) named WoW)
[09:58:59Z] asked /who Sietta
[09:59:05Z] foreground window: 2623262 (the client's is 2623262)
[09:59:05Z] photographed C:\Users\PK\client-login\t84d-r2-who01-Sietta.png -- the client is alive (pid 21188, 1 process(es) named WoW)
[09:59:14Z] foreground window: 2623262 (the client's is 2623262)
[09:59:14Z] photographed C:\Users\PK\client-login\t84d-r2-who01-Sietta-late.png -- the client is alive (pid 21188, 1 process(es) named WoW)
[09:59:14Z] waiting 35 s for the /who cooldown before asking about Caterinny
[09:59:50Z] foreground window: 2623262 (the client's is 2623262)
[09:59:53Z] photographed C:\Users\PK\client-login\t84d-r2-who02-Caterinny-typed.png -- the client is alive (pid 21188, 1 process(es) named WoW)
[09:59:53Z] asked /who Caterinny
[09:59:58Z] foreground window: 2623262 (the client's is 2623262)
[09:59:58Z] photographed C:\Users\PK\client-login\t84d-r2-who02-Caterinny.png -- the client is alive (pid 21188, 1 process(es) named WoW)
[10:00:07Z] foreground window: 2623262 (the client's is 2623262)
[10:00:07Z] photographed C:\Users\PK\client-login\t84d-r2-who02-Caterinny-late.png -- the client is alive (pid 21188, 1 process(es) named WoW)
[10:00:07Z] waiting 35 s for the /who cooldown before asking about Gwenora
[10:00:43Z] foreground window: 2623262 (the client's is 2623262)
[10:00:46Z] photographed C:\Users\PK\client-login\t84d-r2-who03-Gwenora-typed.png -- the client is alive (pid 21188, 1 process(es) named WoW)
[10:00:46Z] asked /who Gwenora
[10:00:51Z] foreground window: 2623262 (the client's is 2623262)
[10:00:51Z] photographed C:\Users\PK\client-login\t84d-r2-who03-Gwenora.png -- the client is alive (pid 21188, 1 process(es) named WoW)
[10:01:00Z] foreground window: 2623262 (the client's is 2623262)
[10:01:00Z] photographed C:\Users\PK\client-login\t84d-r2-who03-Gwenora-late.png -- the client is alive (pid 21188, 1 process(es) named WoW)
[10:01:00Z] photographed C:\Users\PK\client-login\t84d-r2-4-answer.png -- the client is alive (pid 21188, 1 process(es) named WoW)
[10:01:00Z] the client is alive (pid 21188, 1 process(es) named WoW) at the end of the run
[10:01:00Z] closed the client
