
[09:47:14Z] client=C:\clients\TurtleWoW realmlist=100.78.24.50 account=TORTGATE label=t84d-who exe=WoW.exe
[09:47:14Z] MEASURED defaults: ClickFields=True WhoSeconds=35 (30 s server cooldown)
[09:47:14Z] wrote realmlist into C:\clients\TurtleWoW\realmlist.wtf
[09:47:14Z] wrote realmlist into C:\clients\TurtleWoW\WTF\Config.wtf
[09:47:14Z] asked for a 1024x768 window with no intro movie
[09:47:15Z] started C:\clients\TurtleWoW\WoW.exe as pid 18924
[09:47:25Z] window handle: 6489528 (MainWindowHandle was 6489528)
[09:47:25Z] no message box was up
[09:47:38Z] foreground window: 6489528 (the client's is 6489528)
[09:47:50Z] photographed C:\Users\PK\client-login\t84d-who-1-login-screen.png -- the client is alive (pid 18924, 1 process(es) named WoW)
[09:47:51Z] foreground window: 6489528 (the client's is 6489528)
[09:47:52Z] clicked 538,426 for the account box
[09:47:54Z] clicked 538,510 for the password box
[09:47:55Z] photographed C:\Users\PK\client-login\t84d-who-2-typed.png -- the client is alive (pid 18924, 1 process(es) named WoW)
[09:47:55Z] sent the login
[09:48:26Z] foreground window: 6489528 (the client's is 6489528)
[09:48:26Z] photographed C:\Users\PK\client-login\t84d-who-3-after-login.png -- the client is alive (pid 18924, 1 process(es) named WoW)
[09:48:27Z] foreground window: 6489528 (the client's is 6489528)
[09:48:28Z] photographed C:\Users\PK\client-login\t84d-who-3a-realms.png -- the client is alive (pid 18924, 1 process(es) named WoW)
[09:48:28Z] clicked 639,636 for Okay on the realm dialog (ASSUMED on this client)
[09:48:49Z] foreground window: 6489528 (the client's is 6489528)
[09:48:49Z] photographed C:\Users\PK\client-login\t84d-who-3b-characters.png -- the client is alive (pid 18924, 1 process(es) named WoW)
[09:48:49Z] pressed Enter World
[09:49:12Z] foreground window: 6489528 (the client's is 6489528)
[09:49:12Z] photographed C:\Users\PK\client-login\t84d-who-3b4-enter-world.png -- the client is alive (pid 18924, 1 process(es) named WoW)
[09:49:23Z] foreground window: 6489528 (the client's is 6489528)
[09:49:23Z] photographed C:\Users\PK\client-login\t84d-who-3c-entering.png -- the client is alive (pid 18924, 1 process(es) named WoW)
[09:49:23Z] asked to enter the world
[09:49:39Z] foreground window: 6489528 (the client's is 6489528)
[09:49:39Z] photographed C:\Users\PK\client-login\t84d-who-w01.png -- the client is alive (pid 18924, 1 process(es) named WoW)
[09:49:55Z] foreground window: 6489528 (the client's is 6489528)
[09:49:56Z] photographed C:\Users\PK\client-login\t84d-who-w02.png -- the client is alive (pid 18924, 1 process(es) named WoW)
[09:49:57Z] foreground window: 6489528 (the client's is 6489528)
[09:49:57Z] who-list names: Sietta | Caterinny | Gwenora (>= 35 s apart, server cooldown is 30 s)
[09:49:58Z] foreground window: 6489528 (the client's is 6489528)
[09:50:01Z] photographed C:\Users\PK\client-login\t84d-who-who01-Sietta-typed.png -- the client is alive (pid 18924, 1 process(es) named WoW)
[09:50:01Z] asked /who Sietta
[09:50:14Z] foreground window: 6489528 (the client's is 6489528)
[09:50:14Z] photographed C:\Users\PK\client-login\t84d-who-who01-Sietta.png -- the client is alive (pid 18924, 1 process(es) named WoW)
[09:50:14Z] waiting 35 s for the /who cooldown before asking about Caterinny
[09:50:50Z] foreground window: 6489528 (the client's is 6489528)
[09:50:52Z] photographed C:\Users\PK\client-login\t84d-who-who02-Caterinny-typed.png -- the client is alive (pid 18924, 1 process(es) named WoW)
[09:50:52Z] asked /who Caterinny
[09:51:05Z] foreground window: 6489528 (the client's is 6489528)
[09:51:06Z] photographed C:\Users\PK\client-login\t84d-who-who02-Caterinny.png -- the client is alive (pid 18924, 1 process(es) named WoW)
[09:51:06Z] waiting 35 s for the /who cooldown before asking about Gwenora
[09:51:42Z] foreground window: 6489528 (the client's is 6489528)
[09:51:44Z] photographed C:\Users\PK\client-login\t84d-who-who03-Gwenora-typed.png -- the client is alive (pid 18924, 1 process(es) named WoW)
[09:51:44Z] asked /who Gwenora
[09:51:57Z] foreground window: 6489528 (the client's is 6489528)
[09:51:57Z] photographed C:\Users\PK\client-login\t84d-who-who03-Gwenora.png -- the client is alive (pid 18924, 1 process(es) named WoW)
[09:51:58Z] photographed C:\Users\PK\client-login\t84d-who-4-answer.png -- the client is alive (pid 18924, 1 process(es) named WoW)
[09:51:58Z] the client is alive (pid 18924, 1 process(es) named WoW) at the end of the run
[09:51:58Z] closed the client
