Installing WoW Tortoise into /home/pk/tortoise-server
You can stop this at any time. What an install writes outside the folder below is named here rather than denied: the images this build produces and the volumes holding the database and the server data, which live in Docker's own storage — that is why the checks below look at the space on Docker's disk too; Docker itself, when no daemon answers yet (on Linux: system packages, a service, and the group you are asked about first); and this app's own settings and log, in its config folder. Starting the install again continues from where it stopped: source this app has finished cloning is never fetched, reset or moved, and the build is not run a second time once Docker confirms its images are there. Everything cheap runs again on every attempt — the compose files this app writes are put back the way the catalog says, the server-data download resumes and re-checks itself, and the database and server are started and waited for.
Checking Docker.
[pass] Docker: the daemon answered
[pass] memory: Docker's VM has 10.7 GB
[pass] compiler jobs vs memory: 2 parallel jobs against about 5 the memory affords
[warn] free space on Docker's disk and the server folder: 41 GB free; 60 GB is the comfortable figure (the server folder and Docker's disk share one drive, so both needs add up)
[pass] the server folder: /home/pk/tortoise-server looks usable
[pass] sharing the folder with Docker: a container can read /home/pk/tortoise-server
[pass] SELinux: not enforcing
[pass] the server's ports: nothing else is using them
[pass] the client folder: /home/pk/clients/TurtleWoW has a Data directory
[pass] the client's archives: 21 MPQ archives in /home/pk/clients/TurtleWoW/Data, up to 2 folders deep
[warn] the client's origin: realmlist.wtf sits at the root of /home/pk/clients/TurtleWoW and there is no locale folder, which is how a repack looks Use a clean client of this expansion if extraction comes up short — repacks have rearranged archives and often extract incompletely.
[pass] free space next to the client: 41 GB free on the drive holding the client
[pass] sharing the client with Docker: a container can read the client folder
Using /home/pk/tortoise-server (resuming)
Already finished: clone-sources, write-dockerfile, generate-compose, build, extract, mmaps
2026-09-03 11:33:52 INFO [yulon.platform] holding this machine awake for the build: systemd-inhibit --what=idle:sleep --who=Yu'lon --why=installing a server sleep infinity
--- clone-sources
2026-09-03 11:33:52 INFO [yulon.git] containerized git: `run --rm --network none --cap-drop ALL --security-opt no-new-privileges --read-only -v /home/pk/tortoise-server/src/tortoise-wow:/git:ro -w /git --user 1000:1000 alpine/git@sha256:c0280cf9572316299b08544065d3bf35db65043d5e3963982ec50647d2746e26 --no-optional-locks --attr-source=4b825dc642cb6eb9a060e54bf8d69288fbee4904 -c core.attributesFile=/dev/null -c core.fsmonitor=false -c core.hooksPath=/dev/null -c core.autocrlf=false -c core.eol=lf -c http.version=HTTP/1.1 remote get-url origin` into /home/pk/tortoise-server/src/tortoise-wow
Shyalya/tortoise-wow is already in src/tortoise-wow; leaving it exactly as it is.
2026-09-03 11:33:53 INFO [yulon.git] containerized git: `run --rm --network none --cap-drop ALL --security-opt no-new-privileges --read-only -v /home/pk/tortoise-server/src/tortoise-wow/src/modules/Eluna:/git:ro -w /git --user 1000:1000 alpine/git@sha256:c0280cf9572316299b08544065d3bf35db65043d5e3963982ec50647d2746e26 --no-optional-locks --attr-source=4b825dc642cb6eb9a060e54bf8d69288fbee4904 -c core.attributesFile=/dev/null -c core.fsmonitor=false -c core.hooksPath=/dev/null -c core.autocrlf=false -c core.eol=lf -c http.version=HTTP/1.1 remote get-url origin` into /home/pk/tortoise-server/src/tortoise-wow/src/modules/Eluna
ElunaLuaEngine/Eluna is already in src/tortoise-wow/src/modules/Eluna; leaving it exactly as it is.
Sources are in place.
--- db-password
The database password is already in .db_password; keeping it.
--- write-dockerfile
Dockerfile is already exactly what this install needs.
.dockerignore is already exactly what this install needs.
--- generate-compose
Wrote .env
--- build
Stopping now leaves Docker finishing the build step it is already on, in the background. That is deliberate: the work it has done is kept, and starting this install again picks up from there instead of compiling it all a second time.
The server is already built; skipping the compile.
--- extract
Finished tools are kept; only the tool that was interrupted runs again.
Extracting server data from /home/pk/clients/TurtleWoW into /home/pk/tortoise-server/data (the client is read-only).
maps and dbc: already extracted (dbc: 159 files, maps: 2805 files)
vmap extract: already extracted (Buildings: 5367 files)
vmap assemble: already extracted (vmaps: 6921 files)
Extraction finished.
--- mmaps
Map generation restarts from the beginning; the extracted maps it reads are kept.
Generating movement maps (this can take an hour or more).
mmaps: already generated (mmaps: 2133 files)
Map generation finished.
--- conf
2026-09-03 11:33:54 INFO [yulon.catalog.families.conf] materialised /home/pk/tortoise-server/etc/aiplayerbot.conf from yulon.local/cmangos-tortoise-server:native-58c6fd1c
2026-09-03 11:33:54 INFO [yulon.catalog.families.conf] materialised /home/pk/tortoise-server/etc/mangosd.conf from yulon.local/cmangos-tortoise-server:native-58c6fd1c
2026-09-03 11:33:54 INFO [yulon.catalog.families.conf] materialised /home/pk/tortoise-server/etc/realmd.conf from yulon.local/cmangos-tortoise-server:native-58c6fd1c
Copied aiplayerbot.conf out of the server image.
Copied mangosd.conf out of the server image.
Copied realmd.conf out of the server image.
2026-09-03 11:33:54 INFO [yulon.catalog.families.conf] patched /home/pk/tortoise-server/etc/aiplayerbot.conf
2026-09-03 11:33:54 INFO [yulon.catalog.families.conf] patched /home/pk/tortoise-server/etc/mangosd.conf
2026-09-03 11:33:54 INFO [yulon.catalog.families.conf] patched /home/pk/tortoise-server/etc/realmd.conf
Patched aiplayerbot.conf.
Patched mangosd.conf.
Patched realmd.conf.
--- start-db
Starting the database, which the import writes into.
The database is up.
--- import
Databases left half-written are detected and cleared before the import is run again, so nothing here has to be undone by hand.
The databases read as absent: none of tw_world, tw_logon, tw_char exists on this server yet
Importing 212 SQL steps over 6 phases. This takes a while.
schemas: src/tortoise-wow/sql/create_databases.sql (no schema)
app user and grants: statement 1 (no schema)
app user and grants: statement 2 (no schema)
app user and grants: statement 3 (no schema)
app user and grants: statement 4 (no schema)
app user and grants: statement 5 (no schema)
app user and grants: statement 6 (no schema)
world base: src/tortoise-wow/sql/base/tw_world_area_template.sql -> tw_world
world base: src/tortoise-wow/sql/base/tw_world_areatrigger_bg_entrance.sql -> tw_world
world base: src/tortoise-wow/sql/base/tw_world_areatrigger_involvedrelation.sql -> tw_world
world base: src/tortoise-wow/sql/base/tw_world_areatrigger_tavern.sql -> tw_world
world base: src/tortoise-wow/sql/base/tw_world_areatrigger_teleport.sql -> tw_world
world base: src/tortoise-wow/sql/base/tw_world_areatrigger_template.sql -> tw_world
world base: src/tortoise-wow/sql/base/tw_world_auctionhousebot.sql -> tw_world
world base: src/tortoise-wow/sql/base/tw_world_autobroadcast.sql -> tw_world
world base: src/tortoise-wow/sql/base/tw_world_battleground_events.sql -> tw_world
world base: src/tortoise-wow/sql/base/tw_world_battleground_template.sql -> tw_world
world base: src/tortoise-wow/sql/base/tw_world_battlemaster_entry.sql -> tw_world
world base: src/tortoise-wow/sql/base/tw_world_broadcast_text.sql -> tw_world
world base: src/tortoise-wow/sql/base/tw_world_cartographer.sql -> tw_world
world base: src/tortoise-wow/sql/base/tw_world_chat_channels.sql -> tw_world
world base: src/tortoise-wow/sql/base/tw_world_cinematic_waypoints.sql -> tw_world
world base: src/tortoise-wow/sql/base/tw_world_collection_mount.sql -> tw_world
world base: src/tortoise-wow/sql/base/tw_world_collection_pet.sql -> tw_world
world base: src/tortoise-wow/sql/base/tw_world_collection_toy.sql -> tw_world
world base: src/tortoise-wow/sql/base/tw_world_conditions.sql -> tw_world
world base: src/tortoise-wow/sql/base/tw_world_creature.sql -> tw_world
world base: src/tortoise-wow/sql/base/tw_world_creature_addon.sql -> tw_world
world base: src/tortoise-wow/sql/base/tw_world_creature_ai_events.sql -> tw_world
world base: src/tortoise-wow/sql/base/tw_world_creature_ai_scripts.sql -> tw_world
world base: src/tortoise-wow/sql/base/tw_world_creature_battleground.sql -> tw_world
world base: src/tortoise-wow/sql/base/tw_world_creature_display_info_addon.sql -> tw_world
world base: src/tortoise-wow/sql/base/tw_world_creature_equip_template.sql -> tw_world
world base: src/tortoise-wow/sql/base/tw_world_creature_groups.sql -> tw_world
world base: src/tortoise-wow/sql/base/tw_world_creature_involvedrelation.sql -> tw_world
world base: src/tortoise-wow/sql/base/tw_world_creature_linking.sql -> tw_world
world base: src/tortoise-wow/sql/base/tw_world_creature_linking_template.sql -> tw_world
world base: src/tortoise-wow/sql/base/tw_world_creature_loot_template.sql -> tw_world
world base: src/tortoise-wow/sql/base/tw_world_creature_movement.sql -> tw_world
world base: src/tortoise-wow/sql/base/tw_world_creature_movement_scripts.sql -> tw_world
world base: src/tortoise-wow/sql/base/tw_world_creature_movement_special.sql -> tw_world
world base: src/tortoise-wow/sql/base/tw_world_creature_movement_template.sql -> tw_world
world base: src/tortoise-wow/sql/base/tw_world_creature_onkill_reputation.sql -> tw_world
world base: src/tortoise-wow/sql/base/tw_world_creature_questrelation.sql -> tw_world
world base: src/tortoise-wow/sql/base/tw_world_creature_spells.sql -> tw_world
world base: src/tortoise-wow/sql/base/tw_world_creature_spells_scripts.sql -> tw_world
world base: src/tortoise-wow/sql/base/tw_world_creature_template.sql -> tw_world
world base: src/tortoise-wow/sql/base/tw_world_custom_character_skins.sql -> tw_world
world base: src/tortoise-wow/sql/base/tw_world_custom_graveyards.sql -> tw_world
world base: src/tortoise-wow/sql/base/tw_world_custom_merchant.sql -> tw_world
world base: src/tortoise-wow/sql/base/tw_world_daily_quest_timer.sql -> tw_world
world base: src/tortoise-wow/sql/base/tw_world_disenchant_loot_template.sql -> tw_world
world base: src/tortoise-wow/sql/base/tw_world_dynamic_visibility_template.sql -> tw_world
world base: src/tortoise-wow/sql/base/tw_world_event_scripts.sql -> tw_world
world base: src/tortoise-wow/sql/base/tw_world_exploration_basexp.sql -> tw_world
world base: src/tortoise-wow/sql/base/tw_world_faction.sql -> tw_world
world base: src/tortoise-wow/sql/base/tw_world_faction_template.sql -> tw_world
world base: src/tortoise-wow/sql/base/tw_world_fishing_loot_template.sql -> tw_world
world base: src/tortoise-wow/sql/base/tw_world_game_event.sql -> tw_world
world base: src/tortoise-wow/sql/base/tw_world_game_event_creature.sql -> tw_world
world base: src/tortoise-wow/sql/base/tw_world_game_event_creature_data.sql -> tw_world
world base: src/tortoise-wow/sql/base/tw_world_game_event_gameobject.sql -> tw_world
world base: src/tortoise-wow/sql/base/tw_world_game_event_mail.sql -> tw_world
world base: src/tortoise-wow/sql/base/tw_world_game_event_quest.sql -> tw_world
world base: src/tortoise-wow/sql/base/tw_world_game_graveyard_zone.sql -> tw_world
world base: src/tortoise-wow/sql/base/tw_world_game_tele.sql -> tw_world
world base: src/tortoise-wow/sql/base/tw_world_game_weather.sql -> tw_world
world base: src/tortoise-wow/sql/base/tw_world_gameobject.sql -> tw_world
world base: src/tortoise-wow/sql/base/tw_world_gameobject_battleground.sql -> tw_world
world base: src/tortoise-wow/sql/base/tw_world_gameobject_display_info_addon.sql -> tw_world
world base: src/tortoise-wow/sql/base/tw_world_gameobject_involvedrelation.sql -> tw_world
world base: src/tortoise-wow/sql/base/tw_world_gameobject_loot_template.sql -> tw_world
world base: src/tortoise-wow/sql/base/tw_world_gameobject_questrelation.sql -> tw_world
world base: src/tortoise-wow/sql/base/tw_world_gameobject_requirement.sql -> tw_world
world base: src/tortoise-wow/sql/base/tw_world_gameobject_scripts.sql -> tw_world
world base: src/tortoise-wow/sql/base/tw_world_gameobject_template.sql -> tw_world
world base: src/tortoise-wow/sql/base/tw_world_generic_scripts.sql -> tw_world
world base: src/tortoise-wow/sql/base/tw_world_gm_subsurveys.sql -> tw_world
world base: src/tortoise-wow/sql/base/tw_world_gm_surveys.sql -> tw_world
world base: src/tortoise-wow/sql/base/tw_world_gm_ticket_template.sql -> tw_world
world base: src/tortoise-wow/sql/base/tw_world_gm_tickets.sql -> tw_world
world base: src/tortoise-wow/sql/base/tw_world_gossip_menu.sql -> tw_world
world base: src/tortoise-wow/sql/base/tw_world_gossip_menu_option.sql -> tw_world
world base: src/tortoise-wow/sql/base/tw_world_gossip_scripts.sql -> tw_world
world base: src/tortoise-wow/sql/base/tw_world_instance_buff_removal.sql -> tw_world
world base: src/tortoise-wow/sql/base/tw_world_item_display_info.sql -> tw_world
world base: src/tortoise-wow/sql/base/tw_world_item_enchantment_template.sql -> tw_world
world base: src/tortoise-wow/sql/base/tw_world_item_loot_template.sql -> tw_world
world base: src/tortoise-wow/sql/base/tw_world_item_required_target.sql -> tw_world
world base: src/tortoise-wow/sql/base/tw_world_item_template.sql -> tw_world
world base: src/tortoise-wow/sql/base/tw_world_item_transmogrify_template.sql -> tw_world
world base: src/tortoise-wow/sql/base/tw_world_itemextendedcost.sql -> tw_world
world base: src/tortoise-wow/sql/base/tw_world_locales_area.sql -> tw_world
world base: src/tortoise-wow/sql/base/tw_world_locales_broadcast_text.sql -> tw_world
world base: src/tortoise-wow/sql/base/tw_world_locales_creature.sql -> tw_world
world base: src/tortoise-wow/sql/base/tw_world_locales_faction.sql -> tw_world
world base: src/tortoise-wow/sql/base/tw_world_locales_gameobject.sql -> tw_world
world base: src/tortoise-wow/sql/base/tw_world_locales_gossip_menu_option.sql -> tw_world
world base: src/tortoise-wow/sql/base/tw_world_locales_item.sql -> tw_world
world base: src/tortoise-wow/sql/base/tw_world_locales_page_text.sql -> tw_world
world base: src/tortoise-wow/sql/base/tw_world_locales_points_of_interest.sql -> tw_world
world base: src/tortoise-wow/sql/base/tw_world_locales_quest.sql -> tw_world
world base: src/tortoise-wow/sql/base/tw_world_locales_spell.sql -> tw_world
world base: src/tortoise-wow/sql/base/tw_world_locales_taxi_node.sql -> tw_world
world base: src/tortoise-wow/sql/base/tw_world_mail_loot_template.sql -> tw_world
world base: src/tortoise-wow/sql/base/tw_world_mail_text_template.sql -> tw_world
world base: src/tortoise-wow/sql/base/tw_world_mangos_string.sql -> tw_world
world base: src/tortoise-wow/sql/base/tw_world_map_loot_disabled.sql -> tw_world
world base: src/tortoise-wow/sql/base/tw_world_map_template.sql -> tw_world
world base: src/tortoise-wow/sql/base/tw_world_migrations.sql -> tw_world
world base: src/tortoise-wow/sql/base/tw_world_miraclerace_checkpoint.sql -> tw_world
world base: src/tortoise-wow/sql/base/tw_world_miraclerace_creaturespool.sql -> tw_world
world base: src/tortoise-wow/sql/base/tw_world_miraclerace_gameobject.sql -> tw_world
world base: src/tortoise-wow/sql/base/tw_world_module_string.sql -> tw_world
world base: src/tortoise-wow/sql/base/tw_world_module_string_locale.sql -> tw_world
world base: src/tortoise-wow/sql/base/tw_world_npc_gossip.sql -> tw_world
world base: src/tortoise-wow/sql/base/tw_world_npc_text.sql -> tw_world
world base: src/tortoise-wow/sql/base/tw_world_npc_trainer.sql -> tw_world
world base: src/tortoise-wow/sql/base/tw_world_npc_trainer_greeting.sql -> tw_world
world base: src/tortoise-wow/sql/base/tw_world_npc_trainer_template.sql -> tw_world
world base: src/tortoise-wow/sql/base/tw_world_npc_vendor.sql -> tw_world
world base: src/tortoise-wow/sql/base/tw_world_npc_vendor_template.sql -> tw_world
world base: src/tortoise-wow/sql/base/tw_world_object_scaling.sql -> tw_world
world base: src/tortoise-wow/sql/base/tw_world_page_text.sql -> tw_world
world base: src/tortoise-wow/sql/base/tw_world_pet_levelstats.sql -> tw_world
world base: src/tortoise-wow/sql/base/tw_world_pet_name_generation.sql -> tw_world
world base: src/tortoise-wow/sql/base/tw_world_pet_spell_data.sql -> tw_world
world base: src/tortoise-wow/sql/base/tw_world_petcreateinfo_spell.sql -> tw_world
world base: src/tortoise-wow/sql/base/tw_world_pickpocketing_loot_template.sql -> tw_world
world base: src/tortoise-wow/sql/base/tw_world_player_census.sql -> tw_world
world base: src/tortoise-wow/sql/base/tw_world_player_classlevelstats.sql -> tw_world
world base: src/tortoise-wow/sql/base/tw_world_player_factionchange_items.sql -> tw_world
world base: src/tortoise-wow/sql/base/tw_world_player_factionchange_mounts.sql -> tw_world
world base: src/tortoise-wow/sql/base/tw_world_player_factionchange_quests.sql -> tw_world
world base: src/tortoise-wow/sql/base/tw_world_player_factionchange_reputations.sql -> tw_world
world base: src/tortoise-wow/sql/base/tw_world_player_factionchange_spells.sql -> tw_world
world base: src/tortoise-wow/sql/base/tw_world_player_levelstats.sql -> tw_world
world base: src/tortoise-wow/sql/base/tw_world_player_xp_for_level.sql -> tw_world
world base: src/tortoise-wow/sql/base/tw_world_playerbot.sql -> tw_world
world base: src/tortoise-wow/sql/base/tw_world_playercreateinfo.sql -> tw_world
world base: src/tortoise-wow/sql/base/tw_world_playercreateinfo_action.sql -> tw_world
world base: src/tortoise-wow/sql/base/tw_world_playercreateinfo_item.sql -> tw_world
world base: src/tortoise-wow/sql/base/tw_world_playercreateinfo_spell.sql -> tw_world
world base: src/tortoise-wow/sql/base/tw_world_points_of_interest.sql -> tw_world
world base: src/tortoise-wow/sql/base/tw_world_pool_creature.sql -> tw_world
world base: src/tortoise-wow/sql/base/tw_world_pool_creature_template.sql -> tw_world
world base: src/tortoise-wow/sql/base/tw_world_pool_gameobject.sql -> tw_world
world base: src/tortoise-wow/sql/base/tw_world_pool_gameobject_template.sql -> tw_world
world base: src/tortoise-wow/sql/base/tw_world_pool_pool.sql -> tw_world
world base: src/tortoise-wow/sql/base/tw_world_pool_template.sql -> tw_world
world base: src/tortoise-wow/sql/base/tw_world_quest_cast_objective.sql -> tw_world
world base: src/tortoise-wow/sql/base/tw_world_quest_end_scripts.sql -> tw_world
world base: src/tortoise-wow/sql/base/tw_world_quest_greeting.sql -> tw_world
world base: src/tortoise-wow/sql/base/tw_world_quest_start_scripts.sql -> tw_world
world base: src/tortoise-wow/sql/base/tw_world_quest_template.sql -> tw_world
world base: src/tortoise-wow/sql/base/tw_world_reference_loot_template.sql -> tw_world
world base: src/tortoise-wow/sql/base/tw_world_reputation_reward_rate.sql -> tw_world
world base: src/tortoise-wow/sql/base/tw_world_reputation_spillover_template.sql -> tw_world
world base: src/tortoise-wow/sql/base/tw_world_reserved_name.sql -> tw_world
world base: src/tortoise-wow/sql/base/tw_world_script_escort_data.sql -> tw_world
world base: src/tortoise-wow/sql/base/tw_world_script_texts.sql -> tw_world
world base: src/tortoise-wow/sql/base/tw_world_script_waypoint.sql -> tw_world
world base: src/tortoise-wow/sql/base/tw_world_scripted_areatrigger.sql -> tw_world
world base: src/tortoise-wow/sql/base/tw_world_scripted_event_id.sql -> tw_world
world base: src/tortoise-wow/sql/base/tw_world_shop_categories.sql -> tw_world
world base: src/tortoise-wow/sql/base/tw_world_shop_items.sql -> tw_world
world base: src/tortoise-wow/sql/base/tw_world_skill_fishing_base_level.sql -> tw_world
world base: src/tortoise-wow/sql/base/tw_world_skill_line_ability.sql -> tw_world
world base: src/tortoise-wow/sql/base/tw_world_skinning_loot_template.sql -> tw_world
world base: src/tortoise-wow/sql/base/tw_world_sound_entries.sql -> tw_world
world base: src/tortoise-wow/sql/base/tw_world_spell_affect.sql -> tw_world
world base: src/tortoise-wow/sql/base/tw_world_spell_area.sql -> tw_world
world base: src/tortoise-wow/sql/base/tw_world_spell_chain.sql -> tw_world
world base: src/tortoise-wow/sql/base/tw_world_spell_check.sql -> tw_world
world base: src/tortoise-wow/sql/base/tw_world_spell_disabled.sql -> tw_world
world base: src/tortoise-wow/sql/base/tw_world_spell_effect_mod.sql -> tw_world
world base: src/tortoise-wow/sql/base/tw_world_spell_elixir.sql -> tw_world
world base: src/tortoise-wow/sql/base/tw_world_spell_enchant_charges.sql -> tw_world
world base: src/tortoise-wow/sql/base/tw_world_spell_group.sql -> tw_world
world base: src/tortoise-wow/sql/base/tw_world_spell_group_stack_rules.sql -> tw_world
world base: src/tortoise-wow/sql/base/tw_world_spell_learn_spell.sql -> tw_world
world base: src/tortoise-wow/sql/base/tw_world_spell_mod.sql -> tw_world
world base: src/tortoise-wow/sql/base/tw_world_spell_pet_auras.sql -> tw_world
world base: src/tortoise-wow/sql/base/tw_world_spell_proc_event.sql -> tw_world
world base: src/tortoise-wow/sql/base/tw_world_spell_proc_item_enchant.sql -> tw_world
world base: src/tortoise-wow/sql/base/tw_world_spell_script_target.sql -> tw_world
world base: src/tortoise-wow/sql/base/tw_world_spell_scripts.sql -> tw_world
world base: src/tortoise-wow/sql/base/tw_world_spell_target_position.sql -> tw_world
world base: src/tortoise-wow/sql/base/tw_world_spell_template.sql -> tw_world
world base: src/tortoise-wow/sql/base/tw_world_spell_threat.sql -> tw_world
world base: src/tortoise-wow/sql/base/tw_world_taxi_nodes.sql -> tw_world
world base: src/tortoise-wow/sql/base/tw_world_taxi_path_transitions.sql -> tw_world
world base: src/tortoise-wow/sql/base/tw_world_transports.sql -> tw_world
world base: src/tortoise-wow/sql/base/tw_world_variables.sql -> tw_world
world base: src/tortoise-wow/sql/base/tw_world_warden_checks.sql -> tw_world
world base: src/tortoise-wow/sql/base/tw_world_warden_scans.sql -> tw_world
world base: src/tortoise-wow/sql/base/tw_world_world_safe_locs_facing.sql -> tw_world
playerbots characters: src/tortoise-wow/modules/mod-playerbots/sql/characters/ai_playerbot_ahbot.sql -> tw_char
playerbots characters: src/tortoise-wow/modules/mod-playerbots/sql/characters/ai_playerbot_cache.sql -> tw_char
playerbots characters: src/tortoise-wow/modules/mod-playerbots/sql/characters/ai_playerbot_custom_strategy.sql -> tw_char
playerbots characters: src/tortoise-wow/modules/mod-playerbots/sql/characters/ai_playerbot_db_store.sql -> tw_char
playerbots characters: src/tortoise-wow/modules/mod-playerbots/sql/characters/ai_playerbot_names.sql -> tw_char
playerbots characters: src/tortoise-wow/modules/mod-playerbots/sql/characters/ai_playerbot_random_bots.sql -> tw_char
playerbots world: src/tortoise-wow/modules/mod-playerbots/sql/world/ai_playerbot_indexes.sql -> tw_world
playerbots world: src/tortoise-wow/modules/mod-playerbots/sql/world/ai_playerbot_rpg_races.sql -> tw_world
playerbots world: src/tortoise-wow/modules/mod-playerbots/sql/world/ai_playerbot_texts.sql -> tw_world
playerbots world: src/tortoise-wow/modules/mod-playerbots/sql/world/classic/ai_playerbot_enchants.sql -> tw_world
playerbots world: src/tortoise-wow/modules/mod-playerbots/sql/world/classic/ai_playerbot_named_location.sql -> tw_world
playerbots world: src/tortoise-wow/modules/mod-playerbots/sql/world/classic/ai_playerbot_travel_nodes.sql -> tw_world
playerbots world: src/tortoise-wow/modules/mod-playerbots/sql/world/classic/ai_playerbot_weightscales.sql -> tw_world
playerbots world: src/tortoise-wow/modules/mod-playerbots/sql/world/classic/ai_playerbot_zone_level.sql -> tw_world
realm row: statement 1 -> tw_logon
2026-09-03 11:35:19 INFO [yulon.catalog.families.sqlplan] verified tw_world: SELECT COUNT(*) FROM information_schema.tables WHERE table_schema='tw_world' = 296 (>= 150)
2026-09-03 11:35:19 INFO [yulon.catalog.families.sqlplan] verified tw_logon: SELECT COUNT(*) FROM realmlist = 1 (>= 1)
2026-09-03 11:35:19 INFO [yulon.catalog.families.sqlplan] verified tw_world: SELECT COUNT(*) FROM information_schema.tables WHERE table_schema='tw_world' AND table_name LIKE 'ai_playerbot%' = 12 (>= 10)
Checked 3 database rule(s); every one holds.
The databases are imported and marked complete.
--- up
Starting the server.
2026-09-03 11:35:19 INFO [yulon.docker] start_staged(): `compose up -d --no-deps tortoise-db tortoise-realmd tortoise-mangosd` in /home/pk/tortoise-server
--- ready
Waiting for the database.
Waiting for the world server to finish loading (this can take many minutes).
2026-09-03 12:01:48 WARNING [yulon.docker] tortoise-mangosd printed a line that means it will never be ready: 'Could not open' (matched 'Correct \\*.map files not found|Could not open|Database .* not found'); giving up
2026-09-03 12:01:48 ERROR [__main__] install failed: The server started but never reported ready. `docker compose logs tortoise-mangosd` in /home/pk/tortoise-server has what it printed, and `docker compose ps` says whether it is restarting over and over — a server that keeps crashing on boot never reaches the line this waits for.
install failed: The server started but never reported ready. `docker compose logs tortoise-mangosd` in /home/pk/tortoise-server has what it printed, and `docker compose ps` says whether it is restarting over and over — a server that keeps crashing on boot never reaches the line this waits for.
