2026-09-06T01:30:55+02:00 === b39 client login run starts. session id: 1
2026-09-06T01:30:55+02:00 realmlist.wtf: set realmlist 172.30.55.119
2026-09-06T01:30:55+02:00 Config.wtf realmList: SET realmList "172.30.55.119"
2026-09-06T01:30:55+02:00 shot -> C:\clients\b39-shots\00-desktop-before-launch.png (378235 bytes)
2026-09-06T01:30:55+02:00 launching C:\clients\WoW-WotLK-3.3.5a-min\wow.exe
2026-09-06T01:30:55+02:00 started pid 10932
2026-09-06T01:30:57+02:00 window handle 12125884, MainWindowHandle 12125884, title 'World of Warcraft'
2026-09-06T01:31:18+02:00 focus: True
2026-09-06T01:31:18+02:00 shot -> C:\clients\b39-shots\01-login-screen.png (2176138 bytes)
2026-09-06T01:31:19+02:00 focus before typing: True
2026-09-06T01:31:21+02:00 shot -> C:\clients\b39-shots\03-account-typed.png (2171700 bytes)
2026-09-06T01:31:23+02:00 shot -> C:\clients\b39-shots\04-password-typed.png (2161794 bytes)
2026-09-06T01:31:23+02:00 sent Return
2026-09-06T01:31:33+02:00 shot -> C:\clients\b39-shots\05-after-return.png (1326535 bytes)
2026-09-06T01:31:44+02:00 shot -> C:\clients\b39-shots\06-realm-or-characters.png (1334526 bytes)
2026-09-06T01:31:56+02:00 shot -> C:\clients\b39-shots\07-after-second-return.png (1338502 bytes)
2026-09-06T01:32:04+02:00 shot -> C:\clients\b39-shots\08-final.png (818669 bytes)
2026-09-06T01:32:04+02:00 --- connection.log (997 bytes)
2026-09-06T01:32:04+02:00   9/6 01:31:23.746  GRUNT: state: LOGIN_STATE_CONNECTING result: LOGIN_OK 
2026-09-06T01:32:04+02:00   9/6 01:31:23.751  GRUNT: state: RESPONSE_CONNECTED result: LOGIN_OK 172.30.55.119:3724
2026-09-06T01:32:04+02:00   9/6 01:31:23.845  GRUNT: state: LOGIN_STATE_AUTHENTICATING result: LOGIN_OK 
2026-09-06T01:32:04+02:00   9/6 01:31:23.845  GRUNT: state: LOGIN_STATE_CHECKINGVERSIONS result: LOGIN_OK 
2026-09-06T01:32:04+02:00   9/6 01:31:23.924  GRUNT: state: LOGIN_STATE_HANDSHAKING result: LOGIN_OK 
2026-09-06T01:32:04+02:00   9/6 01:31:23.951  GRUNT: state: LOGIN_STATE_AUTHENTICATED result: LOGIN_OK 
2026-09-06T01:32:04+02:00   9/6 01:31:23.956  ClientConnection Initiating: COP_CONNECT code=CSTATUS_CONNECTING 
2026-09-06T01:32:04+02:00   9/6 01:31:24.009  ClientConnection Completed: COP_CONNECT code=RESPONSE_CONNECTED result=TRUE
2026-09-06T01:32:04+02:00   9/6 01:31:24.009  ClientConnection Initiating: COP_AUTHENTICATE code=CSTATUS_AUTHENTICATING 
2026-09-06T01:32:04+02:00   9/6 01:31:24.195  ClientConnection Completed: COP_AUTHENTICATE code=AUTH_OK result=TRUE
2026-09-06T01:32:04+02:00   9/6 01:31:24.696  ClientConnection Initiating: COP_GET_CHARACTERS code=43 
2026-09-06T01:32:04+02:00   9/6 01:31:24.770  ClientConnection Completed: COP_GET_CHARACTERS code=44 result=TRUE
2026-09-06T01:32:04+02:00 === run ends. wow.exe still running: True
