2026-09-06T01:27:53+02:00 === b39 client login run starts. session id: 1
2026-09-06T01:27:54+02:00 realmlist.wtf: set realmlist 172.30.55.119
2026-09-06T01:27:54+02:00 Config.wtf realmList: SET realmList "172.30.55.119"
2026-09-06T01:27:54+02:00 shot -> C:\clients\b39-shots\00-desktop-before-launch.png (1494984 bytes)
2026-09-06T01:27:54+02:00 launching C:\clients\WoW-WotLK-3.3.5a-min\wow.exe
2026-09-06T01:27:54+02:00 started pid 15124
2026-09-06T01:28:04+02:00 window handle 4196040, MainWindowHandle 4196040, title 'World of Warcraft'
2026-09-06T01:28:25+02:00 focus: True
2026-09-06T01:28:25+02:00 shot -> C:\clients\b39-shots\01-login-screen.png (2952090 bytes)
2026-09-06T01:28:26+02:00 shot -> C:\clients\b39-shots\02-after-escape.png (1498205 bytes)
2026-09-06T01:28:26+02:00 focus before typing: False
2026-09-06T01:28:29+02:00 shot -> C:\clients\b39-shots\03-account-typed.png (1498205 bytes)
2026-09-06T01:28:30+02:00 shot -> C:\clients\b39-shots\04-password-typed.png (1498242 bytes)
2026-09-06T01:28:31+02:00 sent Return
2026-09-06T01:28:41+02:00 shot -> C:\clients\b39-shots\05-after-return.png (1498206 bytes)
2026-09-06T01:28:51+02:00 shot -> C:\clients\b39-shots\06-realm-or-characters.png (1498212 bytes)
2026-09-06T01:29:03+02:00 shot -> C:\clients\b39-shots\07-after-second-return.png (1498195 bytes)
2026-09-06T01:29:11+02:00 shot -> C:\clients\b39-shots\08-final.png (1498175 bytes)
2026-09-06T01:29:11+02:00 no connection.log at C:\clients\WoW-WotLK-3.3.5a-min\Logs\connection.log
2026-09-06T01:29:11+02:00   Logs\cpu.log 434
2026-09-06T01:29:11+02:00   Logs\gx.log 1137
2026-09-06T01:29:11+02:00   Logs\SESound.log 2462
2026-09-06T01:29:11+02:00 === run ends. wow.exe still running: False
