2026-09-06T01:15:20+02:00 === b39 client login run starts. session id: 1
2026-09-06T01:15:28+02:00 realmlist.wtf: set realmlist 172.30.55.119
2026-09-06T01:15:28+02:00 Config.wtf realmList: SET realmList "172.30.55.119"
2026-09-06T01:15:29+02:00 shot -> C:\clients\b39-shots\00-desktop-before-launch.png (373390 bytes)
2026-09-06T01:15:29+02:00 launching C:\clients\WoW-WotLK-3.3.5a-min\wow.exe
2026-09-06T01:15:30+02:00 started pid 11044
2026-09-06T01:17:00+02:00 window handle 0, title ''
2026-09-06T01:17:13+02:00 focus: False
2026-09-06T01:17:13+02:00 shot -> C:\clients\b39-shots\01-login-screen.png (369637 bytes)
2026-09-06T01:17:14+02:00 shot -> C:\clients\b39-shots\02-after-escape.png (374750 bytes)
2026-09-06T01:17:14+02:00 focus before typing: False
2026-09-06T01:17:17+02:00 shot -> C:\clients\b39-shots\03-account-typed.png (374750 bytes)
2026-09-06T01:17:18+02:00 shot -> C:\clients\b39-shots\04-password-typed.png (374764 bytes)
2026-09-06T01:17:18+02:00 sent Return
2026-09-06T01:17:29+02:00 shot -> C:\clients\b39-shots\05-after-return.png (374798 bytes)
2026-09-06T01:17:39+02:00 shot -> C:\clients\b39-shots\06-realm-or-characters.png (374761 bytes)
2026-09-06T01:17:51+02:00 shot -> C:\clients\b39-shots\07-after-second-return.png (374752 bytes)
2026-09-06T01:17:59+02:00 shot -> C:\clients\b39-shots\08-final.png (374762 bytes)
2026-09-06T01:17:59+02:00 no connection.log at C:\clients\WoW-WotLK-3.3.5a-min\Logs\connection.log
2026-09-06T01:17:59+02:00 === run ends. wow.exe still running: False
