=== T3 clause-35 run started 2026-09-10T19:17:06+02:00 ===
code under test : /home/pk/lane710b/checkout at 528f219e8c883bebdf2ee6c225f3d5468989442a
interpreter     : /home/pk/dads-mmo-lab/pylauncher/.venv/bin/python  (Python 3.12.3)
PySide6         : 6.11.2
pydantic        : 2.13.5
yulon imported  : /home/pk/lane710b/checkout/pylauncher/yulon/__init__.py
box             : yulon-ubuntu  Linux 7.0.0-31-generic   (hostname is the rebuild's; the machine is yulon-ubuntu2)
docker          : Docker version 29.1.3, build 29.1.3-0ubuntu3~24.04.2
server dir      : /home/pk/wowserver
drivers         : /home/pk/lane710b/drivers-failclosed
account         : WIDGET0909T3 (new tonight)
shots           : /home/pk/lane710b/out-t23-failclosed/shots
QT_QPA_PLATFORM : offscreen
world pid       : 91802 (must be the same one when this script exits)
T3_ALLOW_FAILURE: 1
T3_REALM_ROW_ID : 1 (the row the restore's UPDATE targets; the check reads id 1)
T23_PLANT_IN_GAP: 0 (1 plants one matching 'Added realm' line in the gap the boundary rule closes)
T23_DROP_BACKUP_AFTER_APPLY_PHASE: 0 (1 deletes both firewall copies once Apply could have been pressed)
ac-authserver   : true StartedAt=2026-09-10T17:16:40.300095261Z
ac-worldserver  : true Pid=91802 StartedAt=2026-09-10T16:48:48.793295165Z
realm row id 1  : 100.99.204.5|100.99.204.5|255.255.255.0
backed up       : /etc/ufw/user.rules -> /home/pk/lane710b/out-t23-failclosed/ufw-user.rules.before, cmp byte for byte OK, 307 bytes
backed up       : /etc/ufw/user6.rules -> /home/pk/lane710b/out-t23-failclosed/ufw-user6.rules.before, cmp byte for byte OK, 107 bytes
apply-capable   : entered, both firewall backups verified
clause35_falsify.py exit 1  0s
STOPPED: clause35_falsify.py exited 1, so the falsification did not hold (status 1)
(T3_ALLOW_FAILURE=1: a non-zero exit is what this invocation was for)
=== T3 run FAILED, status 1, box restored and verified 2026-09-10T19:17:20+02:00 ===
RUNNER EXIT STATUS (as seen by the invoking shell): 1
