
[09:43:18Z] client=C:\clients\TurtleWoW realmlist=100.78.24.50 account=TORTGATE label=t84d-dry exe=WoW.exe
[09:43:18Z] MEASURED defaults: ClickFields=True WhoSeconds=35 (30 s server cooldown)
[09:43:19Z] wrote realmlist into C:\clients\TurtleWoW\realmlist.wtf
[09:43:19Z] wrote realmlist into C:\clients\TurtleWoW\WTF\Config.wtf
[09:43:19Z] asked for a 1024x768 window with no intro movie
[09:43:25Z] started C:\clients\TurtleWoW\WoW.exe as pid 4928
[09:43:51Z] window handle: 6489800 (MainWindowHandle was 6489800)
[09:43:51Z] no message box was up
[09:44:09Z] foreground window: 6489800 (the client's is 6489800)
[09:44:22Z] photographed C:\Users\PK\client-login\t84d-dry-1-login-screen.png -- the client is alive (pid 4928, 1 process(es) named WoW)
[09:44:23Z] foreground window: 6489800 (the client's is 6489800)
[09:44:24Z] clicked 538,426 for the account box
[09:44:28Z] clicked 538,510 for the password box
[09:44:30Z] photographed C:\Users\PK\client-login\t84d-dry-2-typed.png -- the client is alive (pid 4928, 1 process(es) named WoW)
[09:44:30Z] sent the login
[09:45:01Z] foreground window: 6489800 (the client's is 6489800)
[09:45:01Z] photographed C:\Users\PK\client-login\t84d-dry-3-after-login.png -- the client is alive (pid 4928, 1 process(es) named WoW)
[09:45:17Z] foreground window: 6489800 (the client's is 6489800)
[09:45:18Z] photographed C:\Users\PK\client-login\t84d-dry-realm01.png -- the client is alive (pid 4928, 1 process(es) named WoW)
[09:45:34Z] foreground window: 6489800 (the client's is 6489800)
[09:45:34Z] photographed C:\Users\PK\client-login\t84d-dry-realm02.png -- the client is alive (pid 4928, 1 process(es) named WoW)
[09:45:50Z] foreground window: 6489800 (the client's is 6489800)
[09:45:50Z] photographed C:\Users\PK\client-login\t84d-dry-realm03.png -- the client is alive (pid 4928, 1 process(es) named WoW)
[09:46:06Z] foreground window: 6489800 (the client's is 6489800)
[09:46:06Z] photographed C:\Users\PK\client-login\t84d-dry-realm04.png -- the client is alive (pid 4928, 1 process(es) named WoW)
[09:46:06Z] DryRealm: stopping before touching anything on the realm screen
[09:46:06Z] closed the client
