=== gate-79-controller-surface.py wow-tbc /home/pk/tbc-7.4c ===
code under test : /home/pk/lane79b/checkout at c2fcf0eaeff012a80078d15c784645b4b974c1a1
harness         : /home/pk/lane79b/checkout/pyplan/gates/gate-79-controller-surface.py
ready-wait table: /home/pk/lane79b/checkout/pyplan/gates/ready_wait.py
interpreter     : /home/pk/gate81b-venv/bin/python (Python 3.11.15)
PySide6         : 6.11.2
started (local) : 2026-09-09T05:47:23+02:00
---
game=wow-tbc server_dir=/home/pk/tbc-7.4c
containers: world=tbc-mangosd auth=tbc-realmd db=tbc-db auth_port=3724

====================== baseline ======================
status: db=False auth=False world=False
running: {'tbc-mangosd': False, 'tbc-realmd': False, 'tbc-db': False}
not all up; starting first so the console and backup have a server
2026-09-09 05:47:23 INFO [yulon.docker] start_staged(): `compose up -d --no-deps tbc-db tbc-realmd tbc-mangosd` in /home/pk/tbc-7.4c
running now: {'tbc-mangosd': True, 'tbc-realmd': True, 'tbc-db': True}
[OK] the server reached this game's ready marker before the console step (63.0s waited, started_by_this_run=True)

====================== console.send_command() -- and what the attach did to the server ======================
tbc-mangosd before: {'pid': 2590686, 'restarts': 0, 'started_at': '2026-09-09T03:47:29.607603969Z'}
2026-09-09 05:48:32 INFO [yulon.controller_wow_wotlk.console] console → tbc-mangosd: ['server', 'info']
reply.command : 'server info'
reply.prompted: True
  | AbstractPathMovementGenerator::Initialize Path empty for unit name Shylalath entry 0 dbguid 80.
  | CMaNGOS/0.18 (0000-00-00T00:00:00+00:00 - Git repository not found) for Linux_x64 (little-endian)
  | Using World DB: TBC-DB 1.11.0 'Vengeance One: A Cmangos Story' for CMaNGOS-TBC
  | Using creature EventAI: ACID 2.4.3 (The Burning Crusades) for CMaNGOS-TBC (2.4.3 Client)
  | Online players: 0 (max: 0)
  | Server uptime: 59 Second(s).
tbc-mangosd after:  {'pid': 2590686, 'restarts': 0, 'started_at': '2026-09-09T03:47:29.607603969Z'}
[OK] send_command('server info') answered in 3.60s and left pid/RestartCount/StartedAt unchanged (pid 2590686, RestartCount 0)
[OK] the reply carries 6 line(s) cut on this core's own prompt

====================== backup() -- live, with the server running ======================
2026-09-09 05:48:41 INFO [yulon.controller_wow_wotlk.maintenance] backed up 4 database(s) into /home/pk/tbc-7.4c/sql_scripts/backups: characters (84155302 bytes), logs (4648 bytes), mangos (158550486 bytes), realmd (48433 bytes)
  dump: characters /home/pk/tbc-7.4c/sql_scripts/backups/20260909_054836_characters.sql 84155302 bytes
  dump: logs /home/pk/tbc-7.4c/sql_scripts/backups/20260909_054836_logs.sql 4648 bytes
  dump: mangos /home/pk/tbc-7.4c/sql_scripts/backups/20260909_054836_mangos.sql 158550486 bytes
  dump: realmd /home/pk/tbc-7.4c/sql_scripts/backups/20260909_054836_realmd.sql 48433 bytes
  missing_core: ()
[OK] backup() -> 4 dump(s) (characters, logs, mangos, realmd) in /home/pk/tbc-7.4c/sql_scripts/backups in 5.1s, server_was_running=True

====================== verify_dump() on every dump ======================
  verify_dump(20260909_054836_characters.sql) -> 84155302 bytes
  verify_dump(20260909_054836_logs.sql) -> 4648 bytes
  verify_dump(20260909_054836_mangos.sql) -> 158550486 bytes
  verify_dump(20260909_054836_realmd.sql) -> 48433 bytes
[OK] verify_dump() passed for all 4 dump(s)

====================== plan_restore() while the server is up -- it must REFUSE ======================
running when asked: {'tbc-mangosd': True, 'tbc-realmd': True, 'tbc-db': True}
2026-09-09 05:48:44 INFO [yulon.controller_wow_wotlk.maintenance] restore of 20260909_054836_characters.sql refused: tbc-mangosd, tbc-realmd are running. A restore has to happen with the game servers stopped: the worldserver keeps characters in memory and saves them back, so it would overwrite the restored data within minutes. Stop the server and try again.
refusals: ('tbc-mangosd, tbc-realmd are running. A restore has to happen with the game servers stopped: the worldserver keeps characters in memory and saves them back, so it would overwrite the restored data within minutes. Stop the server and try again.',)
[OK] plan_restore() refused while running: ['tbc-mangosd, tbc-realmd are running. A restore has to happen with the game servers stopped: the worldserver keeps characters in memory and saves them back, so it would overwrite the restored data within minutes. Stop the server and try again.']

====================== Controller.stop() -- the Stop button, which calls stop_staged() ======================
2026-09-09 05:48:44 INFO [yulon.logsnap] saved tbc-mangosd's log to /home/pk/.local/share/yulon/logs/wow-tbc-37f13213-20260909T034844Z.log
2026-09-09 05:48:46 INFO [yulon.docker] stop_staged(): stopped; containers kept for a fast restart
running after stop: {'tbc-mangosd': False, 'tbc-realmd': False, 'tbc-db': False}
[OK] stop_staged() took 2.1s and returned True; db, auth and world all down

====================== Controller.start() -- the Start button, which calls start_staged() ======================
2026-09-09 05:48:46 INFO [yulon.docker] start_staged(): `compose up -d --no-deps tbc-db tbc-realmd tbc-mangosd` in /home/pk/tbc-7.4c
running after start: {'tbc-mangosd': True, 'tbc-realmd': True, 'tbc-db': True}
[OK] start_staged() returned in 6.1s; all three up

====================== time from start_staged() to this game's own ready marker ======================
[OK] reached ready 63.1s after start_staged() returned

====================== restore round trip: db up, world+auth down -- EVERY dump, not just the first ======================
tbc-mangosd
tbc-realmd

-- characters (84155302 bytes)
   refusals: ()
   databases: ('characters',)  size_bytes: 84155302
   interrupted: None
2026-09-09 05:50:06 INFO [yulon.controller_wow_wotlk.maintenance] backed up 1 database(s) into /home/pk/tbc-7.4c/sql_scripts/backups: characters (84226081 bytes)
2026-09-09 05:50:06 WARNING [yulon.controller_wow_wotlk.maintenance] restoring characters from /home/pk/tbc-7.4c/sql_scripts/backups/20260909_054836_characters.sql
2026-09-09 05:50:19 INFO [yulon.controller_wow_wotlk.maintenance] restored characters from /home/pk/tbc-7.4c/sql_scripts/backups/20260909_054836_characters.sql
   restored ('characters',) in 17.6s (safety: ['20260909_055004_pre-restore_characters.sql'])

-- logs (4648 bytes)
   refusals: ()
   databases: ('logs',)  size_bytes: 4648
   interrupted: None
2026-09-09 05:50:20 INFO [yulon.controller_wow_wotlk.maintenance] backed up 1 database(s) into /home/pk/tbc-7.4c/sql_scripts/backups: logs (4648 bytes)
2026-09-09 05:50:20 WARNING [yulon.controller_wow_wotlk.maintenance] restoring logs from /home/pk/tbc-7.4c/sql_scripts/backups/20260909_054836_logs.sql
2026-09-09 05:50:20 INFO [yulon.controller_wow_wotlk.maintenance] restored logs from /home/pk/tbc-7.4c/sql_scripts/backups/20260909_054836_logs.sql
   restored ('logs',) in 0.5s (safety: ['20260909_055020_pre-restore_logs.sql'])

-- mangos (158550486 bytes)
   refusals: ()
   databases: ('mangos',)  size_bytes: 158550486
   interrupted: None
2026-09-09 05:50:32 INFO [yulon.controller_wow_wotlk.maintenance] backed up 1 database(s) into /home/pk/tbc-7.4c/sql_scripts/backups: mangos (158550486 bytes)
2026-09-09 05:50:32 WARNING [yulon.controller_wow_wotlk.maintenance] restoring mangos from /home/pk/tbc-7.4c/sql_scripts/backups/20260909_054836_mangos.sql
2026-09-09 05:50:56 INFO [yulon.controller_wow_wotlk.maintenance] restored mangos from /home/pk/tbc-7.4c/sql_scripts/backups/20260909_054836_mangos.sql
   restored ('mangos',) in 31.1s (safety: ['20260909_055029_pre-restore_mangos.sql'])

-- realmd (48433 bytes)
   refusals: ()
   databases: ('realmd',)  size_bytes: 48433
   interrupted: None
2026-09-09 05:50:56 INFO [yulon.controller_wow_wotlk.maintenance] backed up 1 database(s) into /home/pk/tbc-7.4c/sql_scripts/backups: realmd (48475 bytes)
2026-09-09 05:50:56 WARNING [yulon.controller_wow_wotlk.maintenance] restoring realmd from /home/pk/tbc-7.4c/sql_scripts/backups/20260909_054836_realmd.sql
2026-09-09 05:50:56 INFO [yulon.controller_wow_wotlk.maintenance] restored realmd from /home/pk/tbc-7.4c/sql_scripts/backups/20260909_054836_realmd.sql
   restored ('realmd',) in 0.7s (safety: ['20260909_055056_pre-restore_realmd.sql'])
[OK] restore() put back all 4 databases (characters, logs, mangos, realmd) in 49.9s total

====================== start again, and confirm the restored server comes back ready ======================
2026-09-09 05:50:56 INFO [yulon.docker] start_staged(): `compose up -d --no-deps tbc-db tbc-realmd tbc-mangosd` in /home/pk/tbc-7.4c
running: {'tbc-mangosd': True, 'tbc-realmd': True, 'tbc-db': True}
[OK] the restored server reached ready again in 65.4s

====================== SUMMARY ======================
OK the server reached this game's ready marker before the console step (63.0s waited, started_by_this_run=True)
OK send_command('server info') answered in 3.60s and left pid/RestartCount/StartedAt unchanged (pid 2590686, RestartCount 0)
OK the reply carries 6 line(s) cut on this core's own prompt
OK backup() -> 4 dump(s) (characters, logs, mangos, realmd) in /home/pk/tbc-7.4c/sql_scripts/backups in 5.1s, server_was_running=True
OK verify_dump() passed for all 4 dump(s)
OK plan_restore() refused while running: ['tbc-mangosd, tbc-realmd are running. A restore has to happen with the game servers stopped: the worldserver keeps characters in memory and saves them back, so it would overwrite the restored data within minutes. Stop the server and try again.']
OK stop_staged() took 2.1s and returned True; db, auth and world all down
OK start_staged() returned in 6.1s; all three up
OK reached ready 63.1s after start_staged() returned
OK restore() put back all 4 databases (characters, logs, mangos, realmd) in 49.9s total
OK the restored server reached ready again in 65.4s

TIMES {"baseline_start_staged_seconds": 6.109284293139353, "baseline_ready_seconds": 62.95427532703616, "console_seconds": 3.602858131052926, "backup_seconds": 5.084762930870056, "stop_staged_seconds": 2.0759458509273827, "start_staged_seconds": 6.077357167145237, "ready_seconds": 63.107881899923086, "restore_seconds": 49.913196572102606, "ready_after_restore_seconds": 65.42253713798709}

11 passed, 0 failed
--- exit code: 0   elapsed: 280s   finished: 2026-09-09T05:52:03+02:00
