=== shots79.py wow-tbc /home/pk/tbc-7.4c ===
drivers from   : /home/pk/lane79b/checkout/pyplan/gates/7.9-rerun-m910q-2026-09-08 (committed paths, NOT copies -- starter.py imports ready_wait)
started (local): 2026-09-09T06:01:22+02:00
--- docker ps BEFORE the start (the ground this pass begins from) ---
r6	Up 4 days
---
status before start: db=False auth=False world=False
2026-09-09 06:01:23 INFO [yulon.docker] start_staged(): `compose up -d --no-deps tbc-db tbc-realmd tbc-mangosd` in /home/pk/tbc-7.4c
start() returned in 6.2s
status after start : db=True auth=True world=True
ready=True after 65.5s
=== wow-tbc at /home/pk/tbc-7.4c ===
containers: ['tbc-db', 'tbc-realmd', 'tbc-mangosd']
up before anything: ['tbc-db', 'tbc-realmd', 'tbc-mangosd']
This plugin does not support propagateSizeHints()
tabs: ['Server', 'Console', 'Accounts', 'Characters', 'Bots', 'Maintenance', 'Modules', 'Networking']
[OK]   the 5 s status poll is OFF, so only a click can fill status_label -- before any click: 'status: unknown'
       [shot] 2026-09-09T06:02:35+0200  wow-tbc-server-tab-before-refresh.png  containers alive at capture: ['tbc-db', 'tbc-realmd', 'tbc-mangosd']
       status_label -> 'status: db up, auth up, world up'
[OK]   the click filled the Server tab's status label from the live daemon -- status: db up, auth up, world up
[OK]   what the widget says agrees with `docker ps` read separately -- docker ps -> ['tbc-db', 'tbc-realmd', 'tbc-mangosd']
       [shot] 2026-09-09T06:02:35+0200  wow-tbc-server-tab-after-refresh.png  containers alive at capture: ['tbc-db', 'tbc-realmd', 'tbc-mangosd']
[OK]   the console panel is empty before the Send click -- 0 chars
       [shot] 2026-09-09T06:02:35+0200  wow-tbc-console-tab-before-send.png  containers alive at capture: ['tbc-db', 'tbc-realmd', 'tbc-mangosd']
[OK]   the typed command reached the QLineEdit -- 'server info'
2026-09-09 06:02:35 INFO [yulon.controller_wow_wotlk.console] console → tbc-mangosd: ['server', 'info']
       console reply, as the widget holds it:
         [06:02:35] > server info
         [06:02:39] CMaNGOS/0.18 (0000-00-00T00:00:00+00:00 - Git repository not found) for Linux_x64 (little-endian)
         [06:02:39] Using World DB: TBC-DB 1.11.0 'Vengeance One: A Cmangos Story' for CMaNGOS-TBC
         [06:02:39] Using creature EventAI: ACID 2.4.3 (The Burning Crusades) for CMaNGOS-TBC (2.4.3 Client)
         [06:02:39] Online players: 0 (max: 0)
         [06:02:39] Server uptime: 1 Minute(s) 3 Second(s).
[OK]   the console round-trip came back through the widget and is not empty -- 412 chars
       [shot] 2026-09-09T06:02:39+0200  wow-tbc-console-tab-after-send.png  containers alive at capture: ['tbc-db', 'tbc-realmd', 'tbc-mangosd']
up after everything: ['tbc-db', 'tbc-realmd', 'tbc-mangosd']
RESULT: 6 OK, 0 FAIL
--- shots79 exit code: 0   finished: 2026-09-09T06:02:39+02:00
