=== shots79.py wow-vanilla /home/pk/vanilla-75b ===
drivers from   : /home/pk/lane79b/checkout/pyplan/gates/7.9-rerun-m910q-2026-09-08 (committed paths, NOT copies -- starter.py imports ready_wait)
started (local): 2026-09-09T06:02:42+02:00
--- docker ps BEFORE the start (the ground this pass begins from) ---
r6	Up 4 days
---
status before start: db=False auth=False world=False
2026-09-09 06:02:42 INFO [yulon.docker] start_staged(): `compose up -d --no-deps vanilla-db vanilla-realmd vanilla-mangosd` in /home/pk/vanilla-75b
start() returned in 6.1s
status after start : db=True auth=True world=True
ready=True after 31.4s
=== wow-vanilla at /home/pk/vanilla-75b ===
containers: ['vanilla-db', 'vanilla-realmd', 'vanilla-mangosd']
up before anything: ['vanilla-db', 'vanilla-realmd', 'vanilla-mangosd']
This plugin does not support propagateSizeHints()
tabs: ['Server', 'Console', 'Accounts', 'Characters', 'Bots', 'Maintenance', 'Modules', 'Networking']
[OK]   the 5 s status poll is OFF, so only a click can fill status_label -- before any click: 'status: unknown'
       [shot] 2026-09-09T06:03:20+0200  wow-vanilla-server-tab-before-refresh.png  containers alive at capture: ['vanilla-db', 'vanilla-realmd', 'vanilla-mangosd']
       status_label -> 'status: db up, auth up, world up'
[OK]   the click filled the Server tab's status label from the live daemon -- status: db up, auth up, world up
[OK]   what the widget says agrees with `docker ps` read separately -- docker ps -> ['vanilla-db', 'vanilla-realmd', 'vanilla-mangosd']
       [shot] 2026-09-09T06:03:21+0200  wow-vanilla-server-tab-after-refresh.png  containers alive at capture: ['vanilla-db', 'vanilla-realmd', 'vanilla-mangosd']
[OK]   the console panel is empty before the Send click -- 0 chars
       [shot] 2026-09-09T06:03:21+0200  wow-vanilla-console-tab-before-send.png  containers alive at capture: ['vanilla-db', 'vanilla-realmd', 'vanilla-mangosd']
[OK]   the typed command reached the QLineEdit -- 'server info'
2026-09-09 06:03:21 INFO [yulon.controller_wow_wotlk.console] console → vanilla-mangosd: ['server', 'info']
       console reply, as the widget holds it:
         [06:03:21] > server info
         [06:03:24] CMaNGOS/0.18 (0000-00-00T00:00:00+00:00 - Git repository not found) for Linux_x64 (little-endian)
         [06:03:24] Using World DB: Classic DB version 1.12.1 "Melting Pot v2". For Classic core z2815.
         [06:03:24] Using creature EventAI: ACID 1.12.x (Classic) for CMaNGOS-CLASSIC (1.12.X Client)
         [06:03:24] Online players: 0 (max: 0) Queued players: 0 (max: 0)
         [06:03:24] Server uptime: 30 Second(s).
[OK]   the console round-trip came back through the widget and is not empty -- 426 chars
       [shot] 2026-09-09T06:03:24+0200  wow-vanilla-console-tab-after-send.png  containers alive at capture: ['vanilla-db', 'vanilla-realmd', 'vanilla-mangosd']
up after everything: ['vanilla-db', 'vanilla-realmd', 'vanilla-mangosd']
RESULT: 6 OK, 0 FAIL
--- shots79 exit code: 0   finished: 2026-09-09T06:03:24+02:00
