=== shots79.py wow-tortoise /home/pk/tortoise-server ===
drivers from   : /home/pk/lane79b/checkout/pyplan/gates/7.9-rerun-m910q-2026-09-08 (committed paths, NOT copies -- starter.py imports ready_wait)
started (local): 2026-09-09T06:03:48+02:00
--- docker ps BEFORE the start (the ground this pass begins from) ---
r6	Up 4 days
---
2026-09-09 06:03:48 INFO [yulon.channel_setup] no usable credential at /home/pk/.local/share/yulon/credentials/wow-tortoise-58c6fd1c.json: FileNotFoundError
status before start: db=False auth=False world=False
2026-09-09 06:03:48 INFO [yulon.docker] start_staged(): `compose up -d --no-deps tortoise-db tortoise-realmd tortoise-mangosd` in /home/pk/tortoise-server
start() returned in 6.1s
status after start : db=True auth=True world=True
2026-09-09 06:04:21 WARNING [yulon.docker] tortoise-mangosd restarted 4 times while being waited on; that is a crash loop, not a slow start
ready=False after 26.9s
2026-09-09 06:04:22 INFO [yulon.channel_setup] no usable credential at /home/pk/.local/share/yulon/credentials/wow-tortoise-58c6fd1c.json: FileNotFoundError
=== wow-tortoise at /home/pk/tortoise-server ===
containers: ['tortoise-db', 'tortoise-realmd', 'tortoise-mangosd']
up before anything: ['tortoise-db', 'tortoise-realmd', 'tortoise-mangosd']
This plugin does not support propagateSizeHints()
tabs: ['Server', 'Console', 'Accounts', 'Characters', 'Bots', 'Maintenance', 'Modules', 'Networking']
[OK]   the 5 s status poll is OFF, so only a click can fill status_label -- before any click: 'status: unknown'
       [shot] 2026-09-09T06:04:22+0200  wow-tortoise-server-tab-before-refresh.png  containers alive at capture: ['tortoise-db', 'tortoise-realmd', 'tortoise-mangosd']
       status_label -> 'status: db up, auth up, world up'
[OK]   the click filled the Server tab's status label from the live daemon -- status: db up, auth up, world up
[OK]   what the widget says agrees with `docker ps` read separately -- docker ps -> ['tortoise-db', 'tortoise-realmd', 'tortoise-mangosd']
       [shot] 2026-09-09T06:04:22+0200  wow-tortoise-server-tab-after-refresh.png  containers alive at capture: ['tortoise-db', 'tortoise-realmd', 'tortoise-mangosd']
[OK]   the console panel is empty before the Send click -- 0 chars
       [shot] 2026-09-09T06:04:22+0200  wow-tortoise-console-tab-before-send.png  containers alive at capture: ['tortoise-db', 'tortoise-realmd', 'tortoise-mangosd']
[OK]   the typed command reached the QLineEdit -- 'server info'
2026-09-09 06:04:22 INFO [yulon.controller_wow_wotlk.console] console → tortoise-mangosd: ['server', 'info']
       console reply, as the widget holds it:
         [06:04:26] Table 'reference_loot_template' entry 30559 (reference id) not exist but used as loot id in DB.
         [06:04:26] Table 'reference_loot_template' entry 150112 (reference id) not exist but used as loot id in DB.
         [06:04:26] Table 'reference_loot_template' entry 30171 (reference id) not exist but used as loot id in DB.
         [06:04:26] Initiating zone scripts...
         [06:04:26] Loading transport on continents...
         [06:04:26] [0 ms] SQL: SELECT guid, entry FROM transports
         [06:04:26] Map 1 has parallel object updates configured; disabling them because its Lua state is single-threaded
         [06:04:26] [Eluna]: Executed 3 Lua scripts in 0 ms for map: 1, instance: 0
[OK]   the console round-trip came back through the widget and is not empty -- 265227 chars
       [shot] 2026-09-09T06:04:26+0200  wow-tortoise-console-tab-after-send.png  containers alive at capture: ['tortoise-db', 'tortoise-realmd', 'tortoise-mangosd']
up after everything: ['tortoise-db', 'tortoise-realmd', 'tortoise-mangosd']
RESULT: 6 OK, 0 FAIL
--- shots79 exit code: 0   finished: 2026-09-09T06:04:26+02:00
