=== T23 mutation 2: the firewall backup ===
taken (local): 2026-09-10T19:13:27+02:00   (UTC: 2026-09-10T17:13:27+00:00)

--- /etc/ufw before, so the run can be seen not to have moved it ---
Status: inactive
320f53e1ee90a7fd92f17b67f50b06b51cb20998cd52f01dbcb52e24160618bf  /etc/ufw/user.rules
f6696cd7741aada36ab2055dd1a9d098e23e0290ca3a67dafbbad2920e5fdf60  /etc/ufw/user6.rules
-rw-r----- 1 root root 107 Feb 10  2026 /etc/ufw/user6.rules
-rw-r----- 1 root root 307 Feb 10  2026 /etc/ufw/user.rules

--- the two copy targets made immutable ---
chattr +i /home/pk/lane710b/out-t23-mutbackup/ufw-user.rules.before
----i---------e------- /home/pk/lane710b/out-t23-mutbackup/ufw-user.rules.before
chattr +i /home/pk/lane710b/out-t23-mutbackup/ufw-user6.rules.before
----i---------e------- /home/pk/lane710b/out-t23-mutbackup/ufw-user6.rules.before

--- the run ---
wrote /home/pk/lane710b/out-t23-mutbackup/state-before.txt
cp: cannot create regular file '/home/pk/lane710b/out-t23-mutbackup/ufw-user.rules.before': Operation not permitted
RUNNER EXIT STATUS (as seen by the invoking shell): 70
the runner exited: 70

--- did any driver run? there is a log only if run_driver was called ---
/home/pk/lane710b/out-t23-mutbackup/clause35-falsify.log does not exist -- that driver was never invoked
/home/pk/lane710b/out-t23-mutbackup/widget-run.log does not exist -- that driver was never invoked
shots the falsify driver would have written: 0

--- the immutable flag off again, and the live rules read back ---
chattr -i /home/pk/lane710b/out-t23-mutbackup/ufw-user.rules.before
chattr -i /home/pk/lane710b/out-t23-mutbackup/ufw-user6.rules.before
Status: inactive
320f53e1ee90a7fd92f17b67f50b06b51cb20998cd52f01dbcb52e24160618bf  /etc/ufw/user.rules
f6696cd7741aada36ab2055dd1a9d098e23e0290ca3a67dafbbad2920e5fdf60  /etc/ufw/user6.rules
-rw-r----- 1 root root 107 Feb 10  2026 /etc/ufw/user6.rules
-rw-r----- 1 root root 307 Feb 10  2026 /etc/ufw/user.rules
docker inspect: /ac-worldserver Running=true Pid=91802 /ac-authserver Running=true Pid=101641
